[2023-05-18T23:38:28.690+0000][119][info][gc,init] CardTable entry size: 512
[2023-05-18T23:38:28.694+0000][119][info][gc     ] Using G1
[2023-05-18T23:38:28.748+0000][119][info][gc,init] Version: 20.0.1+9-29 (release)
[2023-05-18T23:38:28.748+0000][119][info][gc,init] CPUs: 8 total, 8 available
[2023-05-18T23:38:28.748+0000][119][info][gc,init] Memory: 12344M
[2023-05-18T23:38:28.749+0000][119][info][gc,init] Large Page Support: Disabled
[2023-05-18T23:38:28.749+0000][119][info][gc,init] NUMA Support: Disabled
[2023-05-18T23:38:28.749+0000][119][info][gc,init] Compressed Oops: Enabled (32-bit)
[2023-05-18T23:38:28.749+0000][119][info][gc,init] Heap Region Size: 4M
[2023-05-18T23:38:28.750+0000][119][info][gc,init] Heap Min Capacity: 256M
[2023-05-18T23:38:28.750+0000][119][info][gc,init] Heap Initial Capacity: 256M
[2023-05-18T23:38:28.750+0000][119][info][gc,init] Heap Max Capacity: 256M
[2023-05-18T23:38:28.750+0000][119][info][gc,init] Pre-touch: Enabled
[2023-05-18T23:38:28.751+0000][119][info][gc,init] Parallel Workers: 8
[2023-05-18T23:38:28.751+0000][119][info][gc,init] Concurrent Workers: 2
[2023-05-18T23:38:28.751+0000][119][info][gc,init] Concurrent Refinement Workers: 8
[2023-05-18T23:38:28.751+0000][119][info][gc,init] Periodic GC: Disabled
[2023-05-18T23:38:28.752+0000][119][info][gc,metaspace] CDS archive(s) mapped at: [0x0000000800000000-0x0000000800c73000-0x0000000800c73000), size 13053952, SharedBaseAddress: 0x0000000800000000, ArchiveRelocationMode: 0.
[2023-05-18T23:38:28.752+0000][119][info][gc,metaspace] Compressed class space mapped at: 0x0000000801000000-0x0000000841000000, reserved size: 1073741824
[2023-05-18T23:38:28.752+0000][119][info][gc,metaspace] Narrow klass base: 0x0000000800000000, Narrow klass shift: 0, Narrow klass range: 0x100000000
[2023-05-18T23:38:29.023+0000][119][info][safepoint   ] Safepoint "ICBufferFull", Time since last: 263544200 ns, Reaching safepoint: 5000 ns, Cleanup: 148200 ns, At safepoint: 25500 ns, Total: 178700 ns
[2023-05-18T23:38:29.029+0000][119][info][gc,start    ] GC(0) Pause Young (Normal) (G1 Evacuation Pause)
[2023-05-18T23:38:29.030+0000][119][info][gc,task     ] GC(0) Using 6 workers of 8 for evacuation
[2023-05-18T23:38:29.030+0000][119][debug][gc,age      ] GC(0) Desired survivor size 2097152 bytes, new threshold 15 (max threshold 15)
[2023-05-18T23:38:29.032+0000][119][info ][gc,phases   ] GC(0)   Pre Evacuate Collection Set: 0.1ms
[2023-05-18T23:38:29.032+0000][119][info ][gc,phases   ] GC(0)   Merge Heap Roots: 0.1ms
[2023-05-18T23:38:29.032+0000][119][info ][gc,phases   ] GC(0)   Evacuate Collection Set: 0.9ms
[2023-05-18T23:38:29.032+0000][119][info ][gc,phases   ] GC(0)   Post Evacuate Collection Set: 0.4ms
[2023-05-18T23:38:29.032+0000][119][info ][gc,phases   ] GC(0)   Other: 0.5ms
[2023-05-18T23:38:29.032+0000][119][trace][gc,age      ] GC(0) Age table with threshold 15 (max threshold 15)
[2023-05-18T23:38:29.033+0000][119][trace][gc,age      ] GC(0) - age   1:     715128 bytes,     715128 total
[2023-05-18T23:38:29.033+0000][119][info ][gc,heap     ] GC(0) Eden regions: 5->0(23)
[2023-05-18T23:38:29.033+0000][119][info ][gc,heap     ] GC(0) Survivor regions: 0->1(1)
[2023-05-18T23:38:29.033+0000][119][info ][gc,heap     ] GC(0) Old regions: 0->0
[2023-05-18T23:38:29.033+0000][119][info ][gc,heap     ] GC(0) Archive regions: 2->2
[2023-05-18T23:38:29.033+0000][119][info ][gc,heap     ] GC(0) Humongous regions: 0->0
[2023-05-18T23:38:29.034+0000][119][info ][gc,metaspace] GC(0) Metaspace: 803K(960K)->803K(960K) NonClass: 747K(832K)->747K(832K) Class: 55K(128K)->55K(128K)
[2023-05-18T23:38:29.034+0000][119][info ][gc          ] GC(0) Pause Young (Normal) (G1 Evacuation Pause) 23M->4M(256M) 4.628ms
[2023-05-18T23:38:29.034+0000][119][info ][gc,cpu      ] GC(0) User=0.02s Sys=0.00s Real=0.01s
[2023-05-18T23:38:29.034+0000][119][info ][safepoint   ] Safepoint "G1CollectForAllocation", Time since last: 5572400 ns, Reaching safepoint: 4400 ns, Cleanup: 87900 ns, At safepoint: 5026400 ns, Total: 5118700 ns
[2023-05-18T23:38:29.516+0000][119][info ][safepoint   ] Safepoint "ICBufferFull", Time since last: 481801500 ns, Reaching safepoint: 5000 ns, Cleanup: 226300 ns, At safepoint: 67000 ns, Total: 298300 ns
[2023-05-18T23:38:29.947+0000][119][info ][safepoint   ] Safepoint "ICBufferFull", Time since last: 430395000 ns, Reaching safepoint: 4100 ns, Cleanup: 152900 ns, At safepoint: 4400 ns, Total: 161400 ns
[2023-05-18T23:38:30.373+0000][119][info ][safepoint   ] Safepoint "ICBufferFull", Time since last: 426128700 ns, Reaching safepoint: 6300 ns, Cleanup: 175900 ns, At safepoint: 45200 ns, Total: 227400 ns
[2023-05-18T23:38:31.252+0000][119][info ][safepoint   ] Safepoint "ICBufferFull", Time since last: 879028300 ns, Reaching safepoint: 6300 ns, Cleanup: 277600 ns, At safepoint: 8800 ns, Total: 292700 ns
[2023-05-18T23:38:31.433+0000][119][info ][gc,start    ] GC(1) Pause Young (Normal) (G1 Evacuation Pause)
[2023-05-18T23:38:31.433+0000][119][info ][gc,task     ] GC(1) Using 6 workers of 8 for evacuation
[2023-05-18T23:38:31.434+0000][119][debug][gc,age      ] GC(1) Desired survivor size 6291456 bytes, new threshold 15 (max threshold 15)
[2023-05-18T23:38:31.450+0000][119][info ][gc,phases   ] GC(1)   Pre Evacuate Collection Set: 0.1ms
[2023-05-18T23:38:31.450+0000][119][info ][gc,phases   ] GC(1)   Merge Heap Roots: 0.1ms
[2023-05-18T23:38:31.450+0000][119][info ][gc,phases   ] GC(1)   Evacuate Collection Set: 12.5ms
[2023-05-18T23:38:31.451+0000][119][info ][gc,phases   ] GC(1)   Post Evacuate Collection Set: 3.4ms
[2023-05-18T23:38:31.451+0000][119][info ][gc,phases   ] GC(1)   Other: 0.6ms
[2023-05-18T23:38:31.451+0000][119][trace][gc,age      ] GC(1) Age table with threshold 15 (max threshold 15)
[2023-05-18T23:38:31.451+0000][119][trace][gc,age      ] GC(1) - age   1:    7774664 bytes,    7774664 total
[2023-05-18T23:38:31.452+0000][119][trace][gc,age      ] GC(1) - age   2:     696608 bytes,    8471272 total
[2023-05-18T23:38:31.452+0000][119][info ][gc,heap     ] GC(1) Eden regions: 23->0(24)
[2023-05-18T23:38:31.452+0000][119][info ][gc,heap     ] GC(1) Survivor regions: 1->3(3)
[2023-05-18T23:38:31.452+0000][119][info ][gc,heap     ] GC(1) Old regions: 0->0
[2023-05-18T23:38:31.453+0000][119][info ][gc,heap     ] GC(1) Archive regions: 2->2
[2023-05-18T23:38:31.453+0000][119][info ][gc,heap     ] GC(1) Humongous regions: 0->0
[2023-05-18T23:38:31.453+0000][119][info ][gc,metaspace] GC(1) Metaspace: 15484K(16000K)->15484K(16000K) NonClass: 13705K(13952K)->13705K(13952K) Class: 1778K(2048K)->1778K(2048K)
[2023-05-18T23:38:31.454+0000][119][info ][gc          ] GC(1) Pause Young (Normal) (G1 Evacuation Pause) 96M->12M(256M) 20.682ms
[2023-05-18T23:38:31.454+0000][119][info ][gc,cpu      ] GC(1) User=0.07s Sys=0.01s Real=0.02s
[2023-05-18T23:38:31.455+0000][119][info ][safepoint   ] Safepoint "G1CollectForAllocation", Time since last: 180316800 ns, Reaching safepoint: 6700 ns, Cleanup: 125600 ns, At safepoint: 21737900 ns, Total: 21870200 ns
[2023-05-18T23:38:31.937+0000][119][info ][safepoint   ] Safepoint "ICBufferFull", Time since last: 481703900 ns, Reaching safepoint: 6200 ns, Cleanup: 164500 ns, At safepoint: 5500 ns, Total: 176200 ns
[2023-05-18T23:38:32.049+0000][119][info ][gc,start    ] GC(2) Pause Young (Normal) (G1 Evacuation Pause)
[2023-05-18T23:38:32.050+0000][119][info ][gc,task     ] GC(2) Using 6 workers of 8 for evacuation
[2023-05-18T23:38:32.050+0000][119][debug][gc,age      ] GC(2) Desired survivor size 8388608 bytes, new threshold 2 (max threshold 15)
[2023-05-18T23:38:32.058+0000][119][info ][gc,phases   ] GC(2)   Pre Evacuate Collection Set: 0.2ms
[2023-05-18T23:38:32.058+0000][119][info ][gc,phases   ] GC(2)   Merge Heap Roots: 0.1ms
[2023-05-18T23:38:32.058+0000][119][info ][gc,phases   ] GC(2)   Evacuate Collection Set: 6.4ms
[2023-05-18T23:38:32.059+0000][119][info ][gc,phases   ] GC(2)   Post Evacuate Collection Set: 1.3ms
[2023-05-18T23:38:32.059+0000][119][info ][gc,phases   ] GC(2)   Other: 0.4ms
[2023-05-18T23:38:32.059+0000][119][trace][gc,age      ] GC(2) Age table with threshold 2 (max threshold 15)
[2023-05-18T23:38:32.059+0000][119][trace][gc,age      ] GC(2) - age   1:    2332360 bytes,    2332360 total
[2023-05-18T23:38:32.059+0000][119][trace][gc,age      ] GC(2) - age   2:    6918616 bytes,    9250976 total
[2023-05-18T23:38:32.059+0000][119][info ][gc,heap     ] GC(2) Eden regions: 24->0(35)
[2023-05-18T23:38:32.060+0000][119][info ][gc,heap     ] GC(2) Survivor regions: 3->3(4)
[2023-05-18T23:38:32.060+0000][119][info ][gc,heap     ] GC(2) Old regions: 0->1
[2023-05-18T23:38:32.060+0000][119][info ][gc,heap     ] GC(2) Archive regions: 2->2
[2023-05-18T23:38:32.060+0000][119][info ][gc,heap     ] GC(2) Humongous regions: 0->0
[2023-05-18T23:38:32.060+0000][119][info ][gc,metaspace] GC(2) Metaspace: 17712K(18240K)->17712K(18240K) NonClass: 15688K(16000K)->15688K(16000K) Class: 2023K(2240K)->2023K(2240K)
[2023-05-18T23:38:32.060+0000][119][info ][gc          ] GC(2) Pause Young (Normal) (G1 Evacuation Pause) 108M->14M(256M) 11.069ms
[2023-05-18T23:38:32.061+0000][119][info ][gc,cpu      ] GC(2) User=0.06s Sys=0.00s Real=0.01s
[2023-05-18T23:38:32.061+0000][119][info ][safepoint   ] Safepoint "G1CollectForAllocation", Time since last: 112674900 ns, Reaching safepoint: 5600 ns, Cleanup: 159300 ns, At safepoint: 11488000 ns, Total: 11652900 ns
[2023-05-18T23:38:32.264+0000][119][info ][gc,start    ] GC(3) Pause Young (Concurrent Start) (Metadata GC Threshold)
[2023-05-18T23:38:32.264+0000][119][info ][gc,task     ] GC(3) Using 6 workers of 8 for evacuation
[2023-05-18T23:38:32.265+0000][119][debug][gc,age      ] GC(3) Desired survivor size 10485760 bytes, new threshold 15 (max threshold 15)
[2023-05-18T23:38:32.270+0000][119][info ][gc,phases   ] GC(3)   Pre Evacuate Collection Set: 0.2ms
[2023-05-18T23:38:32.270+0000][119][info ][gc,phases   ] GC(3)   Merge Heap Roots: 0.1ms
[2023-05-18T23:38:32.270+0000][119][info ][gc,phases   ] GC(3)   Evacuate Collection Set: 3.7ms
[2023-05-18T23:38:32.271+0000][119][info ][gc,phases   ] GC(3)   Post Evacuate Collection Set: 1.3ms
[2023-05-18T23:38:32.271+0000][119][info ][gc,phases   ] GC(3)   Other: 0.4ms
[2023-05-18T23:38:32.271+0000][119][trace][gc,age      ] GC(3) Age table with threshold 15 (max threshold 15)
[2023-05-18T23:38:32.271+0000][119][trace][gc,age      ] GC(3) - age   1:    1088408 bytes,    1088408 total
[2023-05-18T23:38:32.272+0000][119][trace][gc,age      ] GC(3) - age   2:    2067056 bytes,    3155464 total
[2023-05-18T23:38:32.272+0000][119][trace][gc,age      ] GC(3) - age   3:    6917464 bytes,   10072928 total
[2023-05-18T23:38:32.272+0000][119][info ][gc,heap     ] GC(3) Eden regions: 9->0(35)
[2023-05-18T23:38:32.272+0000][119][info ][gc,heap     ] GC(3) Survivor regions: 3->3(5)
[2023-05-18T23:38:32.273+0000][119][info ][gc,heap     ] GC(3) Old regions: 1->1
[2023-05-18T23:38:32.273+0000][119][info ][gc,heap     ] GC(3) Archive regions: 2->2
[2023-05-18T23:38:32.273+0000][119][info ][gc,heap     ] GC(3) Humongous regions: 0->0
[2023-05-18T23:38:32.273+0000][119][info ][gc,metaspace] GC(3) Metaspace: 21069K(21504K)->21069K(21504K) NonClass: 18707K(18944K)->18707K(18944K) Class: 2361K(2560K)->2361K(2560K)
[2023-05-18T23:38:32.274+0000][119][info ][gc          ] GC(3) Pause Young (Concurrent Start) (Metadata GC Threshold) 49M->15M(256M) 9.563ms
[2023-05-18T23:38:32.274+0000][119][info ][gc,cpu      ] GC(3) User=0.04s Sys=0.00s Real=0.01s
[2023-05-18T23:38:32.274+0000][119][info ][gc          ] GC(4) Concurrent Mark Cycle
[2023-05-18T23:38:32.275+0000][119][info ][gc,marking  ] GC(4) Concurrent Scan Root Regions
[2023-05-18T23:38:32.275+0000][119][info ][safepoint   ] Safepoint "CollectForMetadataAllocation", Time since last: 203091200 ns, Reaching safepoint: 5000 ns, Cleanup: 144100 ns, At safepoint: 10424500 ns, Total: 10573600 ns
[2023-05-18T23:38:32.279+0000][119][info ][gc,marking  ] GC(4) Concurrent Scan Root Regions 4.199ms
[2023-05-18T23:38:32.279+0000][119][info ][gc,marking  ] GC(4) Concurrent Mark
[2023-05-18T23:38:32.280+0000][119][info ][gc,marking  ] GC(4) Concurrent Mark From Roots
[2023-05-18T23:38:32.280+0000][119][info ][gc,task     ] GC(4) Using 2 workers of 2 for marking
[2023-05-18T23:38:32.283+0000][119][info ][gc,marking  ] GC(4) Concurrent Mark From Roots 2.936ms
[2023-05-18T23:38:32.284+0000][119][info ][gc,marking  ] GC(4) Concurrent Preclean
[2023-05-18T23:38:32.285+0000][119][info ][gc,marking  ] GC(4) Concurrent Preclean 0.403ms
[2023-05-18T23:38:32.285+0000][119][info ][gc,start    ] GC(4) Pause Remark
[2023-05-18T23:38:32.292+0000][119][info ][gc          ] GC(4) Pause Remark 17M->17M(256M) 7.073ms
[2023-05-18T23:38:32.294+0000][119][info ][gc,cpu      ] GC(4) User=0.02s Sys=0.01s Real=0.01s
[2023-05-18T23:38:32.295+0000][119][info ][safepoint   ] Safepoint "G1PauseRemark", Time since last: 10469500 ns, Reaching safepoint: 117100 ns, Cleanup: 158300 ns, At safepoint: 9494000 ns, Total: 9769400 ns
[2023-05-18T23:38:32.295+0000][119][info ][gc,marking  ] GC(4) Concurrent Mark 15.652ms
[2023-05-18T23:38:32.295+0000][119][info ][gc,marking  ] GC(4) Concurrent Rebuild Remembered Sets and Scrub Regions
[2023-05-18T23:38:32.297+0000][119][info ][gc,marking  ] GC(4) Concurrent Rebuild Remembered Sets and Scrub Regions 1.556ms
[2023-05-18T23:38:32.298+0000][119][info ][gc,start    ] GC(4) Pause Cleanup
[2023-05-18T23:38:32.298+0000][119][info ][gc          ] GC(4) Pause Cleanup 17M->17M(256M) 0.442ms
[2023-05-18T23:38:32.299+0000][119][info ][gc,cpu      ] GC(4) User=0.00s Sys=0.00s Real=0.00s
[2023-05-18T23:38:32.299+0000][119][info ][safepoint   ] Safepoint "G1PauseCleanup", Time since last: 2564000 ns, Reaching safepoint: 378400 ns, Cleanup: 148500 ns, At safepoint: 911700 ns, Total: 1438600 ns
[2023-05-18T23:38:32.299+0000][119][info ][gc,marking  ] GC(4) Concurrent Clear Claimed Marks
[2023-05-18T23:38:32.299+0000][119][info ][gc,marking  ] GC(4) Concurrent Clear Claimed Marks 0.357ms
[2023-05-18T23:38:32.300+0000][119][info ][gc,marking  ] GC(4) Concurrent Cleanup for Next Mark
[2023-05-18T23:38:32.300+0000][119][info ][gc,marking  ] GC(4) Concurrent Cleanup for Next Mark 0.521ms
[2023-05-18T23:38:32.301+0000][119][info ][gc          ] GC(4) Concurrent Mark Cycle 26.387ms
[2023-05-18T23:38:33.081+0000][119][info ][safepoint   ] Safepoint "ICBufferFull", Time since last: 782148900 ns, Reaching safepoint: 6600 ns, Cleanup: 271700 ns, At safepoint: 8800 ns, Total: 287100 ns
[2023-05-18T23:38:33.276+0000][119][info ][gc,start    ] GC(5) Pause Young (Normal) (G1 Evacuation Pause)
[2023-05-18T23:38:33.276+0000][119][info ][gc,task     ] GC(5) Using 6 workers of 8 for evacuation
[2023-05-18T23:38:33.277+0000][119][debug][gc,age      ] GC(5) Desired survivor size 10485760 bytes, new threshold 15 (max threshold 15)
[2023-05-18T23:38:33.291+0000][119][info ][gc,phases   ] GC(5)   Pre Evacuate Collection Set: 0.1ms
[2023-05-18T23:38:33.292+0000][119][info ][gc,phases   ] GC(5)   Merge Heap Roots: 0.1ms
[2023-05-18T23:38:33.292+0000][119][info ][gc,phases   ] GC(5)   Evacuate Collection Set: 12.9ms
[2023-05-18T23:38:33.292+0000][119][info ][gc,phases   ] GC(5)   Post Evacuate Collection Set: 1.1ms
[2023-05-18T23:38:33.292+0000][119][info ][gc,phases   ] GC(5)   Other: 0.7ms
[2023-05-18T23:38:33.293+0000][119][trace][gc,age      ] GC(5) Age table with threshold 15 (max threshold 15)
[2023-05-18T23:38:33.294+0000][119][trace][gc,age      ] GC(5) - age   1:    6636416 bytes,    6636416 total
[2023-05-18T23:38:33.295+0000][119][trace][gc,age      ] GC(5) - age   2:    1055120 bytes,    7691536 total
[2023-05-18T23:38:33.295+0000][119][trace][gc,age      ] GC(5) - age   3:    2063992 bytes,    9755528 total
[2023-05-18T23:38:33.296+0000][119][trace][gc,age      ] GC(5) - age   4:    6913048 bytes,   16668576 total
[2023-05-18T23:38:33.296+0000][119][info ][gc,heap     ] GC(5) Eden regions: 35->0(33)
[2023-05-18T23:38:33.296+0000][119][info ][gc,heap     ] GC(5) Survivor regions: 3->5(5)
[2023-05-18T23:38:33.296+0000][119][info ][gc,heap     ] GC(5) Old regions: 1->1
[2023-05-18T23:38:33.296+0000][119][info ][gc,heap     ] GC(5) Archive regions: 2->2
[2023-05-18T23:38:33.297+0000][119][info ][gc,heap     ] GC(5) Humongous regions: 0->0
[2023-05-18T23:38:33.297+0000][119][info ][gc,metaspace] GC(5) Metaspace: 25121K(25728K)->25121K(25728K) NonClass: 22195K(22528K)->22195K(22528K) Class: 2926K(3200K)->2926K(3200K)
[2023-05-18T23:38:33.297+0000][119][info ][gc          ] GC(5) Pause Young (Normal) (G1 Evacuation Pause) 155M->22M(256M) 21.535ms
[2023-05-18T23:38:33.298+0000][119][info ][gc,cpu      ] GC(5) User=0.08s Sys=0.00s Real=0.02s
[2023-05-18T23:38:33.298+0000][119][info ][safepoint   ] Safepoint "G1CollectForAllocation", Time since last: 194511000 ns, Reaching safepoint: 6200 ns, Cleanup: 181200 ns, At safepoint: 22159600 ns, Total: 22347000 ns
[2023-05-18T23:38:33.772+0000][119][info ][gc,start    ] GC(6) Pause Young (Normal) (G1 Evacuation Pause)
[2023-05-18T23:38:33.773+0000][119][info ][gc,task     ] GC(6) Using 6 workers of 8 for evacuation
[2023-05-18T23:38:33.773+0000][119][debug][gc,age      ] GC(6) Desired survivor size 10485760 bytes, new threshold 4 (max threshold 15)
[2023-05-18T23:38:33.781+0000][119][info ][gc,phases   ] GC(6)   Pre Evacuate Collection Set: 0.1ms
[2023-05-18T23:38:33.782+0000][119][info ][gc,phases   ] GC(6)   Merge Heap Roots: 0.1ms
[2023-05-18T23:38:33.782+0000][119][info ][gc,phases   ] GC(6)   Evacuate Collection Set: 6.2ms
[2023-05-18T23:38:33.782+0000][119][info ][gc,phases   ] GC(6)   Post Evacuate Collection Set: 2.1ms
[2023-05-18T23:38:33.782+0000][119][info ][gc,phases   ] GC(6)   Other: 0.5ms
[2023-05-18T23:38:33.783+0000][119][trace][gc,age      ] GC(6) Age table with threshold 4 (max threshold 15)
[2023-05-18T23:38:33.783+0000][119][trace][gc,age      ] GC(6) - age   1:    2663304 bytes,    2663304 total
[2023-05-18T23:38:33.783+0000][119][trace][gc,age      ] GC(6) - age   2:    4519600 bytes,    7182904 total
[2023-05-18T23:38:33.783+0000][119][trace][gc,age      ] GC(6) - age   3:    1055088 bytes,    8237992 total
[2023-05-18T23:38:33.783+0000][119][trace][gc,age      ] GC(6) - age   4:    2063624 bytes,   10301616 total
[2023-05-18T23:38:33.784+0000][119][info ][gc,heap     ] GC(6) Eden regions: 33->0(35)
[2023-05-18T23:38:33.784+0000][119][info ][gc,heap     ] GC(6) Survivor regions: 5->3(5)
[2023-05-18T23:38:33.784+0000][119][info ][gc,heap     ] GC(6) Old regions: 1->2
[2023-05-18T23:38:33.784+0000][119][info ][gc,heap     ] GC(6) Archive regions: 2->2
[2023-05-18T23:38:33.784+0000][119][info ][gc,heap     ] GC(6) Humongous regions: 0->0
[2023-05-18T23:38:33.784+0000][119][info ][gc,metaspace] GC(6) Metaspace: 25546K(26176K)->25546K(26176K) NonClass: 22582K(22912K)->22582K(22912K) Class: 2964K(3264K)->2964K(3264K)
[2023-05-18T23:38:33.785+0000][119][info ][gc          ] GC(6) Pause Young (Normal) (G1 Evacuation Pause) 154M->23M(256M) 12.345ms
[2023-05-18T23:38:33.785+0000][119][info ][gc,cpu      ] GC(6) User=0.04s Sys=0.00s Real=0.02s
[2023-05-18T23:38:33.785+0000][119][info ][safepoint   ] Safepoint "G1CollectForAllocation", Time since last: 473968200 ns, Reaching safepoint: 5400 ns, Cleanup: 129300 ns, At safepoint: 12730100 ns, Total: 12864800 ns
[2023-05-18T23:38:34.079+0000][119][info ][gc,start    ] GC(7) Pause Young (Normal) (G1 Evacuation Pause)
[2023-05-18T23:38:34.079+0000][119][info ][gc,task     ] GC(7) Using 6 workers of 8 for evacuation
[2023-05-18T23:38:34.079+0000][119][debug][gc,age      ] GC(7) Desired survivor size 10485760 bytes, new threshold 15 (max threshold 15)
[2023-05-18T23:38:34.087+0000][119][info ][gc,phases   ] GC(7)   Pre Evacuate Collection Set: 0.2ms
[2023-05-18T23:38:34.087+0000][119][info ][gc,phases   ] GC(7)   Merge Heap Roots: 0.1ms
[2023-05-18T23:38:34.087+0000][119][info ][gc,phases   ] GC(7)   Evacuate Collection Set: 5.5ms
[2023-05-18T23:38:34.087+0000][119][info ][gc,phases   ] GC(7)   Post Evacuate Collection Set: 1.1ms
[2023-05-18T23:38:34.087+0000][119][info ][gc,phases   ] GC(7)   Other: 0.5ms
[2023-05-18T23:38:34.088+0000][119][trace][gc,age      ] GC(7) Age table with threshold 15 (max threshold 15)
[2023-05-18T23:38:34.088+0000][119][trace][gc,age      ] GC(7) - age   1:    2334328 bytes,    2334328 total
[2023-05-18T23:38:34.088+0000][119][trace][gc,age      ] GC(7) - age   2:    2453360 bytes,    4787688 total
[2023-05-18T23:38:34.089+0000][119][trace][gc,age      ] GC(7) - age   3:    4516368 bytes,    9304056 total
[2023-05-18T23:38:34.089+0000][119][trace][gc,age      ] GC(7) - age   4:    1054992 bytes,   10359048 total
[2023-05-18T23:38:34.089+0000][119][trace][gc,age      ] GC(7) - age   5:    2062696 bytes,   12421744 total
[2023-05-18T23:38:34.089+0000][119][info ][gc,heap     ] GC(7) Eden regions: 35->0(34)
[2023-05-18T23:38:34.089+0000][119][info ][gc,heap     ] GC(7) Survivor regions: 3->4(5)
[2023-05-18T23:38:34.090+0000][119][info ][gc,heap     ] GC(7) Old regions: 2->2
[2023-05-18T23:38:34.090+0000][119][info ][gc,heap     ] GC(7) Archive regions: 2->2
[2023-05-18T23:38:34.090+0000][119][info ][gc,heap     ] GC(7) Humongous regions: 0->0
[2023-05-18T23:38:34.090+0000][119][info ][gc,metaspace] GC(7) Metaspace: 26064K(26752K)->26064K(26752K) NonClass: 23029K(23424K)->23029K(23424K) Class: 3035K(3328K)->3035K(3328K)
[2023-05-18T23:38:34.090+0000][119][info ][gc          ] GC(7) Pause Young (Normal) (G1 Evacuation Pause) 163M->24M(256M) 11.710ms
[2023-05-18T23:38:34.091+0000][119][info ][gc,cpu      ] GC(7) User=0.06s Sys=0.00s Real=0.01s
[2023-05-18T23:38:34.091+0000][119][info ][safepoint   ] Safepoint "G1CollectForAllocation", Time since last: 293413900 ns, Reaching safepoint: 7400 ns, Cleanup: 312300 ns, At safepoint: 12240000 ns, Total: 12559700 ns
[2023-05-18T23:38:34.758+0000][119][info ][gc,start    ] GC(8) Pause Young (Normal) (G1 Evacuation Pause)
[2023-05-18T23:38:34.758+0000][119][info ][gc,task     ] GC(8) Using 6 workers of 8 for evacuation
[2023-05-18T23:38:34.758+0000][119][debug][gc,age      ] GC(8) Desired survivor size 10485760 bytes, new threshold 5 (max threshold 15)
[2023-05-18T23:38:34.765+0000][119][info ][gc,phases   ] GC(8)   Pre Evacuate Collection Set: 0.1ms
[2023-05-18T23:38:34.766+0000][119][info ][gc,phases   ] GC(8)   Merge Heap Roots: 0.1ms
[2023-05-18T23:38:34.766+0000][119][info ][gc,phases   ] GC(8)   Evacuate Collection Set: 5.8ms
[2023-05-18T23:38:34.766+0000][119][info ][gc,phases   ] GC(8)   Post Evacuate Collection Set: 0.8ms
[2023-05-18T23:38:34.766+0000][119][info ][gc,phases   ] GC(8)   Other: 0.4ms
[2023-05-18T23:38:34.766+0000][119][trace][gc,age      ] GC(8) Age table with threshold 5 (max threshold 15)
[2023-05-18T23:38:34.767+0000][119][trace][gc,age      ] GC(8) - age   1:    4919352 bytes,    4919352 total
[2023-05-18T23:38:34.767+0000][119][trace][gc,age      ] GC(8) - age   2:     370848 bytes,    5290200 total
[2023-05-18T23:38:34.767+0000][119][trace][gc,age      ] GC(8) - age   3:    2453360 bytes,    7743560 total
[2023-05-18T23:38:34.767+0000][119][trace][gc,age      ] GC(8) - age   4:    4514288 bytes,   12257848 total
[2023-05-18T23:38:34.767+0000][119][trace][gc,age      ] GC(8) - age   5:    1054848 bytes,   13312696 total
[2023-05-18T23:38:34.767+0000][119][info ][gc,heap     ] GC(8) Eden regions: 34->0(34)
[2023-05-18T23:38:34.767+0000][119][info ][gc,heap     ] GC(8) Survivor regions: 4->4(5)
[2023-05-18T23:38:34.768+0000][119][info ][gc,heap     ] GC(8) Old regions: 2->3
[2023-05-18T23:38:34.768+0000][119][info ][gc,heap     ] GC(8) Archive regions: 2->2
[2023-05-18T23:38:34.768+0000][119][info ][gc,heap     ] GC(8) Humongous regions: 0->0
[2023-05-18T23:38:34.768+0000][119][info ][gc,metaspace] GC(8) Metaspace: 31421K(32192K)->31421K(32192K) NonClass: 27797K(28224K)->27797K(28224K) Class: 3624K(3968K)->3624K(3968K)
[2023-05-18T23:38:34.768+0000][119][info ][gc          ] GC(8) Pause Young (Normal) (G1 Evacuation Pause) 160M->28M(256M) 10.237ms
[2023-05-18T23:38:34.768+0000][119][info ][gc,cpu      ] GC(8) User=0.05s Sys=0.00s Real=0.01s
[2023-05-18T23:38:34.768+0000][119][info ][safepoint   ] Safepoint "G1CollectForAllocation", Time since last: 666836500 ns, Reaching safepoint: 5600 ns, Cleanup: 160400 ns, At safepoint: 10600600 ns, Total: 10766600 ns
[2023-05-18T23:38:35.513+0000][119][info ][gc,start    ] GC(9) Pause Young (Normal) (G1 Evacuation Pause)
[2023-05-18T23:38:35.513+0000][119][info ][gc,task     ] GC(9) Using 6 workers of 8 for evacuation
[2023-05-18T23:38:35.514+0000][119][debug][gc,age      ] GC(9) Desired survivor size 10485760 bytes, new threshold 4 (max threshold 15)
[2023-05-18T23:38:35.525+0000][119][info ][gc,phases   ] GC(9)   Pre Evacuate Collection Set: 0.1ms
[2023-05-18T23:38:35.525+0000][119][info ][gc,phases   ] GC(9)   Merge Heap Roots: 0.1ms
[2023-05-18T23:38:35.525+0000][119][info ][gc,phases   ] GC(9)   Evacuate Collection Set: 9.5ms
[2023-05-18T23:38:35.526+0000][119][info ][gc,phases   ] GC(9)   Post Evacuate Collection Set: 1.1ms
[2023-05-18T23:38:35.526+0000][119][info ][gc,phases   ] GC(9)   Other: 0.6ms
[2023-05-18T23:38:35.526+0000][119][trace][gc,age      ] GC(9) Age table with threshold 4 (max threshold 15)
[2023-05-18T23:38:35.527+0000][119][trace][gc,age      ] GC(9) - age   1:    3003232 bytes,    3003232 total
[2023-05-18T23:38:35.527+0000][119][trace][gc,age      ] GC(9) - age   2:    4290544 bytes,    7293776 total
[2023-05-18T23:38:35.527+0000][119][trace][gc,age      ] GC(9) - age   3:     370648 bytes,    7664424 total
[2023-05-18T23:38:35.527+0000][119][trace][gc,age      ] GC(9) - age   4:    2453264 bytes,   10117688 total
[2023-05-18T23:38:35.527+0000][119][info ][gc,heap     ] GC(9) Eden regions: 34->0(35)
[2023-05-18T23:38:35.528+0000][119][info ][gc,heap     ] GC(9) Survivor regions: 4->3(5)
[2023-05-18T23:38:35.528+0000][119][info ][gc,heap     ] GC(9) Old regions: 3->4
[2023-05-18T23:38:35.528+0000][119][info ][gc,heap     ] GC(9) Archive regions: 2->2
[2023-05-18T23:38:35.528+0000][119][info ][gc,heap     ] GC(9) Humongous regions: 0->0
[2023-05-18T23:38:35.529+0000][119][info ][gc,metaspace] GC(9) Metaspace: 32593K(33344K)->32593K(33344K) NonClass: 28814K(29248K)->28814K(29248K) Class: 3779K(4096K)->3779K(4096K)
[2023-05-18T23:38:35.529+0000][119][info ][gc          ] GC(9) Pause Young (Normal) (G1 Evacuation Pause) 164M->29M(256M) 16.041ms
[2023-05-18T23:38:35.529+0000][119][info ][gc,cpu      ] GC(9) User=0.05s Sys=0.00s Real=0.01s
[2023-05-18T23:38:35.530+0000][119][info ][safepoint   ] Safepoint "G1CollectForAllocation", Time since last: 744259200 ns, Reaching safepoint: 7100 ns, Cleanup: 145300 ns, At safepoint: 16700400 ns, Total: 16852800 ns
[2023-05-18T23:38:35.853+0000][119][info ][gc,start    ] GC(10) Pause Young (Normal) (G1 Evacuation Pause)
[2023-05-18T23:38:35.853+0000][119][info ][gc,task     ] GC(10) Using 6 workers of 8 for evacuation
[2023-05-18T23:38:35.854+0000][119][debug][gc,age      ] GC(10) Desired survivor size 10485760 bytes, new threshold 15 (max threshold 15)
[2023-05-18T23:38:35.860+0000][119][info ][gc,phases   ] GC(10)   Pre Evacuate Collection Set: 0.3ms
[2023-05-18T23:38:35.860+0000][119][info ][gc,phases   ] GC(10)   Merge Heap Roots: 0.1ms
[2023-05-18T23:38:35.860+0000][119][info ][gc,phases   ] GC(10)   Evacuate Collection Set: 4.3ms
[2023-05-18T23:38:35.860+0000][119][info ][gc,phases   ] GC(10)   Post Evacuate Collection Set: 0.8ms
[2023-05-18T23:38:35.861+0000][119][info ][gc,phases   ] GC(10)   Other: 0.6ms
[2023-05-18T23:38:35.861+0000][119][trace][gc,age      ] GC(10) Age table with threshold 15 (max threshold 15)
[2023-05-18T23:38:35.861+0000][119][trace][gc,age      ] GC(10) - age   1:    1188832 bytes,    1188832 total
[2023-05-18T23:38:35.861+0000][119][trace][gc,age      ] GC(10) - age   2:    2949232 bytes,    4138064 total
[2023-05-18T23:38:35.861+0000][119][trace][gc,age      ] GC(10) - age   3:    4290512 bytes,    8428576 total
[2023-05-18T23:38:35.862+0000][119][trace][gc,age      ] GC(10) - age   4:     370104 bytes,    8798680 total
[2023-05-18T23:38:35.862+0000][119][trace][gc,age      ] GC(10) - age   5:    2452656 bytes,   11251336 total
[2023-05-18T23:38:35.862+0000][119][info ][gc,heap     ] GC(10) Eden regions: 35->0(35)
[2023-05-18T23:38:35.862+0000][119][info ][gc,heap     ] GC(10) Survivor regions: 3->3(5)
[2023-05-18T23:38:35.863+0000][119][info ][gc,heap     ] GC(10) Old regions: 4->4
[2023-05-18T23:38:35.863+0000][119][info ][gc,heap     ] GC(10) Archive regions: 2->2
[2023-05-18T23:38:35.863+0000][119][info ][gc,heap     ] GC(10) Humongous regions: 0->0
[2023-05-18T23:38:35.863+0000][119][info ][gc,metaspace] GC(10) Metaspace: 33279K(34112K)->33279K(34112K) NonClass: 29405K(29888K)->29405K(29888K) Class: 3874K(4224K)->3874K(4224K)
[2023-05-18T23:38:35.864+0000][119][info ][gc          ] GC(10) Pause Young (Normal) (G1 Evacuation Pause) 169M->30M(256M) 10.560ms
[2023-05-18T23:38:35.864+0000][119][info ][gc,cpu      ] GC(10) User=0.02s Sys=0.00s Real=0.01s
[2023-05-18T23:38:35.864+0000][119][info ][safepoint   ] Safepoint "G1CollectForAllocation", Time since last: 323053300 ns, Reaching safepoint: 7400 ns, Cleanup: 367500 ns, At safepoint: 11112100 ns, Total: 11487000 ns
[2023-05-18T23:38:36.170+0000][119][info ][gc,start    ] GC(11) Pause Young (Normal) (G1 Evacuation Pause)
[2023-05-18T23:38:36.170+0000][119][info ][gc,task     ] GC(11) Using 6 workers of 8 for evacuation
[2023-05-18T23:38:36.170+0000][119][debug][gc,age      ] GC(11) Desired survivor size 10485760 bytes, new threshold 5 (max threshold 15)
[2023-05-18T23:38:36.176+0000][119][info ][gc,phases   ] GC(11)   Pre Evacuate Collection Set: 0.2ms
[2023-05-18T23:38:36.176+0000][119][info ][gc,phases   ] GC(11)   Merge Heap Roots: 0.1ms
[2023-05-18T23:38:36.176+0000][119][info ][gc,phases   ] GC(11)   Evacuate Collection Set: 4.3ms
[2023-05-18T23:38:36.176+0000][119][info ][gc,phases   ] GC(11)   Post Evacuate Collection Set: 0.8ms
[2023-05-18T23:38:36.177+0000][119][info ][gc,phases   ] GC(11)   Other: 0.6ms
[2023-05-18T23:38:36.177+0000][119][trace][gc,age      ] GC(11) Age table with threshold 5 (max threshold 15)
[2023-05-18T23:38:36.177+0000][119][trace][gc,age      ] GC(11) - age   1:    2934112 bytes,    2934112 total
[2023-05-18T23:38:36.177+0000][119][trace][gc,age      ] GC(11) - age   2:     811440 bytes,    3745552 total
[2023-05-18T23:38:36.178+0000][119][trace][gc,age      ] GC(11) - age   3:    2949200 bytes,    6694752 total
[2023-05-18T23:38:36.178+0000][119][trace][gc,age      ] GC(11) - age   4:    4290512 bytes,   10985264 total
[2023-05-18T23:38:36.178+0000][119][trace][gc,age      ] GC(11) - age   5:     370104 bytes,   11355368 total
[2023-05-18T23:38:36.178+0000][119][info ][gc,heap     ] GC(11) Eden regions: 35->0(35)
[2023-05-18T23:38:36.178+0000][119][info ][gc,heap     ] GC(11) Survivor regions: 3->3(5)
[2023-05-18T23:38:36.179+0000][119][info ][gc,heap     ] GC(11) Old regions: 4->5
[2023-05-18T23:38:36.179+0000][119][info ][gc,heap     ] GC(11) Archive regions: 2->2
[2023-05-18T23:38:36.179+0000][119][info ][gc,heap     ] GC(11) Humongous regions: 0->0
[2023-05-18T23:38:36.179+0000][119][info ][gc,metaspace] GC(11) Metaspace: 33361K(34240K)->33361K(34240K) NonClass: 29473K(29952K)->29473K(29952K) Class: 3887K(4288K)->3887K(4288K)
[2023-05-18T23:38:36.179+0000][119][info ][gc          ] GC(11) Pause Young (Normal) (G1 Evacuation Pause) 170M->33M(256M) 9.830ms
[2023-05-18T23:38:36.180+0000][119][info ][gc,cpu      ] GC(11) User=0.04s Sys=0.00s Real=0.01s
[2023-05-18T23:38:36.180+0000][119][info ][safepoint   ] Safepoint "G1CollectForAllocation", Time since last: 305254500 ns, Reaching safepoint: 5700 ns, Cleanup: 94800 ns, At safepoint: 10300800 ns, Total: 10401300 ns
[2023-05-18T23:38:36.512+0000][119][info ][gc,start    ] GC(12) Pause Young (Concurrent Start) (Metadata GC Threshold)
[2023-05-18T23:38:36.513+0000][119][info ][gc,task     ] GC(12) Using 6 workers of 8 for evacuation
[2023-05-18T23:38:36.513+0000][119][debug][gc,age      ] GC(12) Desired survivor size 10485760 bytes, new threshold 4 (max threshold 15)
[2023-05-18T23:38:36.518+0000][119][info ][gc,phases   ] GC(12)   Pre Evacuate Collection Set: 0.2ms
[2023-05-18T23:38:36.519+0000][119][info ][gc,phases   ] GC(12)   Merge Heap Roots: 0.1ms
[2023-05-18T23:38:36.519+0000][119][info ][gc,phases   ] GC(12)   Evacuate Collection Set: 4.0ms
[2023-05-18T23:38:36.519+0000][119][info ][gc,phases   ] GC(12)   Post Evacuate Collection Set: 0.6ms
[2023-05-18T23:38:36.519+0000][119][info ][gc,phases   ] GC(12)   Other: 0.5ms
[2023-05-18T23:38:36.519+0000][119][trace][gc,age      ] GC(12) Age table with threshold 4 (max threshold 15)
[2023-05-18T23:38:36.519+0000][119][trace][gc,age      ] GC(12) - age   1:    1368744 bytes,    1368744 total
[2023-05-18T23:38:36.520+0000][119][trace][gc,age      ] GC(12) - age   2:    2432432 bytes,    3801176 total
[2023-05-18T23:38:36.520+0000][119][trace][gc,age      ] GC(12) - age   3:     811200 bytes,    4612376 total
[2023-05-18T23:38:36.520+0000][119][trace][gc,age      ] GC(12) - age   4:    2948784 bytes,    7561160 total
[2023-05-18T23:38:36.520+0000][119][info ][gc,heap     ] GC(12) Eden regions: 28->0(35)
[2023-05-18T23:38:36.520+0000][119][info ][gc,heap     ] GC(12) Survivor regions: 3->3(5)
[2023-05-18T23:38:36.520+0000][119][info ][gc,heap     ] GC(12) Old regions: 5->6
[2023-05-18T23:38:36.520+0000][119][info ][gc,heap     ] GC(12) Archive regions: 2->2
[2023-05-18T23:38:36.521+0000][119][info ][gc,heap     ] GC(12) Humongous regions: 0->0
[2023-05-18T23:38:36.521+0000][119][info ][gc,metaspace] GC(12) Metaspace: 35202K(36096K)->35202K(36096K) NonClass: 31077K(31616K)->31077K(31616K) Class: 4125K(4480K)->4125K(4480K)
[2023-05-18T23:38:36.521+0000][119][info ][gc          ] GC(12) Pause Young (Concurrent Start) (Metadata GC Threshold) 142M->34M(256M) 8.420ms
[2023-05-18T23:38:36.521+0000][119][info ][gc,cpu      ] GC(12) User=0.03s Sys=0.00s Real=0.01s
[2023-05-18T23:38:36.521+0000][119][info ][gc          ] GC(13) Concurrent Mark Cycle
[2023-05-18T23:38:36.521+0000][119][info ][gc,marking  ] GC(13) Concurrent Scan Root Regions
[2023-05-18T23:38:36.521+0000][119][info ][safepoint   ] Safepoint "CollectForMetadataAllocation", Time since last: 332471300 ns, Reaching safepoint: 5000 ns, Cleanup: 145500 ns, At safepoint: 8888900 ns, Total: 9039400 ns
[2023-05-18T23:38:36.524+0000][119][info ][gc,marking  ] GC(13) Concurrent Scan Root Regions 2.702ms
[2023-05-18T23:38:36.524+0000][119][info ][gc,marking  ] GC(13) Concurrent Mark
[2023-05-18T23:38:36.524+0000][119][info ][gc,marking  ] GC(13) Concurrent Mark From Roots
[2023-05-18T23:38:36.525+0000][119][info ][gc,task     ] GC(13) Using 2 workers of 2 for marking
[2023-05-18T23:38:36.538+0000][119][info ][gc,marking  ] GC(13) Concurrent Mark From Roots 13.036ms
[2023-05-18T23:38:36.538+0000][119][info ][gc,marking  ] GC(13) Concurrent Preclean
[2023-05-18T23:38:36.538+0000][119][info ][gc,marking  ] GC(13) Concurrent Preclean 0.328ms
[2023-05-18T23:38:36.539+0000][119][info ][gc,start    ] GC(13) Pause Remark
[2023-05-18T23:38:36.546+0000][119][info ][gc          ] GC(13) Pause Remark 36M->36M(256M) 7.382ms
[2023-05-18T23:38:36.547+0000][119][info ][gc,cpu      ] GC(13) User=0.04s Sys=0.00s Real=0.01s
[2023-05-18T23:38:36.547+0000][119][info ][safepoint   ] Safepoint "G1PauseRemark", Time since last: 17309900 ns, Reaching safepoint: 92700 ns, Cleanup: 132200 ns, At safepoint: 8009300 ns, Total: 8234200 ns
[2023-05-18T23:38:36.547+0000][119][info ][gc,marking  ] GC(13) Concurrent Mark 22.789ms
[2023-05-18T23:38:36.547+0000][119][info ][gc,marking  ] GC(13) Concurrent Rebuild Remembered Sets and Scrub Regions
[2023-05-18T23:38:36.555+0000][119][info ][gc,marking  ] GC(13) Concurrent Rebuild Remembered Sets and Scrub Regions 7.261ms
[2023-05-18T23:38:36.556+0000][119][info ][gc,start    ] GC(13) Pause Cleanup
[2023-05-18T23:38:36.556+0000][119][info ][gc          ] GC(13) Pause Cleanup 36M->36M(256M) 0.329ms
[2023-05-18T23:38:36.556+0000][119][info ][gc,cpu      ] GC(13) User=0.00s Sys=0.00s Real=0.00s
[2023-05-18T23:38:36.556+0000][119][info ][safepoint   ] Safepoint "G1PauseCleanup", Time since last: 8278300 ns, Reaching safepoint: 411200 ns, Cleanup: 82000 ns, At safepoint: 758900 ns, Total: 1252100 ns
[2023-05-18T23:38:36.557+0000][119][info ][gc,marking  ] GC(13) Concurrent Clear Claimed Marks
[2023-05-18T23:38:36.557+0000][119][info ][gc,marking  ] GC(13) Concurrent Clear Claimed Marks 0.241ms
[2023-05-18T23:38:36.557+0000][119][info ][gc,marking  ] GC(13) Concurrent Cleanup for Next Mark
[2023-05-18T23:38:36.557+0000][119][info ][gc,marking  ] GC(13) Concurrent Cleanup for Next Mark 0.436ms
[2023-05-18T23:38:36.558+0000][119][info ][gc          ] GC(13) Concurrent Mark Cycle 36.621ms
[2023-05-18T23:38:37.598+0000][119][info ][safepoint   ] Safepoint "ICBufferFull", Time since last: 1041663900 ns, Reaching safepoint: 7900 ns, Cleanup: 209000 ns, At safepoint: 47000 ns, Total: 263900 ns
[2023-05-18T23:38:38.216+0000][119][info ][safepoint   ] Safepoint "ICBufferFull", Time since last: 617716000 ns, Reaching safepoint: 97700 ns, Cleanup: 152400 ns, At safepoint: 6100 ns, Total: 256200 ns
[2023-05-18T23:38:38.579+0000][119][info ][gc,start    ] GC(14) Pause Young (Normal) (G1 Evacuation Pause)
[2023-05-18T23:38:38.580+0000][119][info ][gc,task     ] GC(14) Using 6 workers of 8 for evacuation
[2023-05-18T23:38:38.580+0000][119][debug][gc,age      ] GC(14) Desired survivor size 10485760 bytes, new threshold 15 (max threshold 15)
[2023-05-18T23:38:38.590+0000][119][info ][gc,phases   ] GC(14)   Pre Evacuate Collection Set: 0.2ms
[2023-05-18T23:38:38.590+0000][119][info ][gc,phases   ] GC(14)   Merge Heap Roots: 0.1ms
[2023-05-18T23:38:38.590+0000][119][info ][gc,phases   ] GC(14)   Evacuate Collection Set: 8.0ms
[2023-05-18T23:38:38.591+0000][119][info ][gc,phases   ] GC(14)   Post Evacuate Collection Set: 1.3ms
[2023-05-18T23:38:38.591+0000][119][info ][gc,phases   ] GC(14)   Other: 0.6ms
[2023-05-18T23:38:38.591+0000][119][trace][gc,age      ] GC(14) Age table with threshold 15 (max threshold 15)
[2023-05-18T23:38:38.591+0000][119][trace][gc,age      ] GC(14) - age   1:   10568152 bytes,   10568152 total
[2023-05-18T23:38:38.591+0000][119][trace][gc,age      ] GC(14) - age   2:    1326672 bytes,   11894824 total
[2023-05-18T23:38:38.591+0000][119][trace][gc,age      ] GC(14) - age   3:    2425336 bytes,   14320160 total
[2023-05-18T23:38:38.592+0000][119][trace][gc,age      ] GC(14) - age   4:     800440 bytes,   15120600 total
[2023-05-18T23:38:38.592+0000][119][trace][gc,age      ] GC(14) - age   5:    2932624 bytes,   18053224 total
[2023-05-18T23:38:38.592+0000][119][info ][gc,heap     ] GC(14) Eden regions: 35->0(33)
[2023-05-18T23:38:38.592+0000][119][info ][gc,heap     ] GC(14) Survivor regions: 3->5(5)
[2023-05-18T23:38:38.592+0000][119][info ][gc,heap     ] GC(14) Old regions: 6->6
[2023-05-18T23:38:38.593+0000][119][info ][gc,heap     ] GC(14) Archive regions: 2->2
[2023-05-18T23:38:38.593+0000][119][info ][gc,heap     ] GC(14) Humongous regions: 0->0
[2023-05-18T23:38:38.593+0000][119][info ][gc,metaspace] GC(14) Metaspace: 43589K(44928K)->43589K(44928K) NonClass: 38332K(39104K)->38332K(39104K) Class: 5257K(5824K)->5257K(5824K)
[2023-05-18T23:38:38.593+0000][119][info ][gc          ] GC(14) Pause Young (Normal) (G1 Evacuation Pause) 174M->44M(256M) 13.803ms
[2023-05-18T23:38:38.593+0000][119][info ][gc,cpu      ] GC(14) User=0.06s Sys=0.00s Real=0.02s
[2023-05-18T23:38:38.594+0000][119][info ][safepoint   ] Safepoint "G1CollectForAllocation", Time since last: 362968800 ns, Reaching safepoint: 7300 ns, Cleanup: 131600 ns, At safepoint: 14348200 ns, Total: 14487100 ns
[2023-05-18T23:38:39.534+0000][119][info ][gc,start    ] GC(15) Pause Young (Normal) (G1 Evacuation Pause)
[2023-05-18T23:38:39.535+0000][119][info ][gc,task     ] GC(15) Using 6 workers of 8 for evacuation
[2023-05-18T23:38:39.535+0000][119][debug][gc,age      ] GC(15) Desired survivor size 10485760 bytes, new threshold 1 (max threshold 15)
[2023-05-18T23:38:39.549+0000][119][info ][gc,phases   ] GC(15)   Pre Evacuate Collection Set: 0.1ms
[2023-05-18T23:38:39.549+0000][119][info ][gc,phases   ] GC(15)   Merge Heap Roots: 0.1ms
[2023-05-18T23:38:39.549+0000][119][info ][gc,phases   ] GC(15)   Evacuate Collection Set: 12.5ms
[2023-05-18T23:38:39.549+0000][119][info ][gc,phases   ] GC(15)   Post Evacuate Collection Set: 0.9ms
[2023-05-18T23:38:39.550+0000][119][info ][gc,phases   ] GC(15)   Other: 0.5ms
[2023-05-18T23:38:39.550+0000][119][trace][gc,age      ] GC(15) Age table with threshold 1 (max threshold 15)
[2023-05-18T23:38:39.550+0000][119][trace][gc,age      ] GC(15) - age   1:    7739744 bytes,    7739744 total
[2023-05-18T23:38:39.550+0000][119][info ][gc,heap     ] GC(15) Eden regions: 33->0(36)
[2023-05-18T23:38:39.550+0000][119][info ][gc,heap     ] GC(15) Survivor regions: 5->2(5)
[2023-05-18T23:38:39.551+0000][119][info ][gc,heap     ] GC(15) Old regions: 6->10
[2023-05-18T23:38:39.551+0000][119][info ][gc,heap     ] GC(15) Archive regions: 2->2
[2023-05-18T23:38:39.551+0000][119][info ][gc,heap     ] GC(15) Humongous regions: 0->0
[2023-05-18T23:38:39.551+0000][119][info ][gc,metaspace] GC(15) Metaspace: 43634K(44992K)->43634K(44992K) NonClass: 38371K(39168K)->38371K(39168K) Class: 5263K(5824K)->5263K(5824K)
[2023-05-18T23:38:39.551+0000][119][info ][gc          ] GC(15) Pause Young (Normal) (G1 Evacuation Pause) 176M->51M(256M) 17.044ms
[2023-05-18T23:38:39.551+0000][119][info ][gc,cpu      ] GC(15) User=0.07s Sys=0.00s Real=0.01s
[2023-05-18T23:38:39.552+0000][119][info ][safepoint   ] Safepoint "G1CollectForAllocation", Time since last: 940392200 ns, Reaching safepoint: 9300 ns, Cleanup: 70300 ns, At safepoint: 17519200 ns, Total: 17598800 ns
[2023-05-18T23:38:40.394+0000][119][info ][safepoint   ] Safepoint "ICBufferFull", Time since last: 841882700 ns, Reaching safepoint: 7500 ns, Cleanup: 290700 ns, At safepoint: 8300 ns, Total: 306500 ns
[2023-05-18T23:38:40.776+0000][119][info ][gc,start    ] GC(16) Pause Young (Normal) (G1 Evacuation Pause)
[2023-05-18T23:38:40.777+0000][119][info ][gc,task     ] GC(16) Using 6 workers of 8 for evacuation
[2023-05-18T23:38:40.778+0000][119][debug][gc,age      ] GC(16) Desired survivor size 10485760 bytes, new threshold 15 (max threshold 15)
[2023-05-18T23:38:40.793+0000][119][info ][gc,phases   ] GC(16)   Pre Evacuate Collection Set: 0.3ms
[2023-05-18T23:38:40.794+0000][119][info ][gc,phases   ] GC(16)   Merge Heap Roots: 0.1ms
[2023-05-18T23:38:40.794+0000][119][info ][gc,phases   ] GC(16)   Evacuate Collection Set: 12.5ms
[2023-05-18T23:38:40.795+0000][119][info ][gc,phases   ] GC(16)   Post Evacuate Collection Set: 1.8ms
[2023-05-18T23:38:40.795+0000][119][info ][gc,phases   ] GC(16)   Other: 1.5ms
[2023-05-18T23:38:40.795+0000][119][trace][gc,age      ] GC(16) Age table with threshold 15 (max threshold 15)
[2023-05-18T23:38:40.796+0000][119][trace][gc,age      ] GC(16) - age   1:    5159440 bytes,    5159440 total
[2023-05-18T23:38:40.796+0000][119][trace][gc,age      ] GC(16) - age   2:    7451336 bytes,   12610776 total
[2023-05-18T23:38:40.796+0000][119][info ][gc,heap     ] GC(16) Eden regions: 36->0(34)
[2023-05-18T23:38:40.796+0000][119][info ][gc,heap     ] GC(16) Survivor regions: 2->4(5)
[2023-05-18T23:38:40.797+0000][119][info ][gc,heap     ] GC(16) Old regions: 10->10
[2023-05-18T23:38:40.797+0000][119][info ][gc,heap     ] GC(16) Archive regions: 2->2
[2023-05-18T23:38:40.797+0000][119][info ][gc,heap     ] GC(16) Humongous regions: 0->0
[2023-05-18T23:38:40.797+0000][119][info ][gc,metaspace] GC(16) Metaspace: 51793K(53184K)->51793K(53184K) NonClass: 45442K(46272K)->45442K(46272K) Class: 6350K(6912K)->6350K(6912K)
[2023-05-18T23:38:40.798+0000][119][info ][gc          ] GC(16) Pause Young (Normal) (G1 Evacuation Pause) 195M->57M(256M) 21.420ms
[2023-05-18T23:38:40.798+0000][119][info ][gc,cpu      ] GC(16) User=0.09s Sys=0.02s Real=0.02s
[2023-05-18T23:38:40.798+0000][119][info ][safepoint   ] Safepoint "G1CollectForAllocation", Time since last: 382282100 ns, Reaching safepoint: 6900 ns, Cleanup: 184600 ns, At safepoint: 22029200 ns, Total: 22220700 ns
[2023-05-18T23:38:41.469+0000][119][info ][gc,start    ] GC(17) Pause Young (Concurrent Start) (Metadata GC Threshold)
[2023-05-18T23:38:41.469+0000][119][info ][gc,task     ] GC(17) Using 6 workers of 8 for evacuation
[2023-05-18T23:38:41.469+0000][119][debug][gc,age      ] GC(17) Desired survivor size 10485760 bytes, new threshold 2 (max threshold 15)
[2023-05-18T23:38:41.478+0000][119][info ][gc,phases   ] GC(17)   Pre Evacuate Collection Set: 0.1ms
[2023-05-18T23:38:41.478+0000][119][info ][gc,phases   ] GC(17)   Merge Heap Roots: 0.1ms
[2023-05-18T23:38:41.479+0000][119][info ][gc,phases   ] GC(17)   Evacuate Collection Set: 7.2ms
[2023-05-18T23:38:41.479+0000][119][info ][gc,phases   ] GC(17)   Post Evacuate Collection Set: 1.2ms
[2023-05-18T23:38:41.479+0000][119][info ][gc,phases   ] GC(17)   Other: 0.5ms
[2023-05-18T23:38:41.479+0000][119][trace][gc,age      ] GC(17) Age table with threshold 2 (max threshold 15)
[2023-05-18T23:38:41.479+0000][119][trace][gc,age      ] GC(17) - age   1:    2714256 bytes,    2714256 total
[2023-05-18T23:38:41.480+0000][119][trace][gc,age      ] GC(17) - age   2:    4896504 bytes,    7610760 total
[2023-05-18T23:38:41.480+0000][119][info ][gc,heap     ] GC(17) Eden regions: 11->0(36)
[2023-05-18T23:38:41.480+0000][119][info ][gc,heap     ] GC(17) Survivor regions: 4->2(5)
[2023-05-18T23:38:41.480+0000][119][info ][gc,heap     ] GC(17) Old regions: 10->12
[2023-05-18T23:38:41.480+0000][119][info ][gc,heap     ] GC(17) Archive regions: 2->2
[2023-05-18T23:38:41.480+0000][119][info ][gc,heap     ] GC(17) Humongous regions: 0->0
[2023-05-18T23:38:41.481+0000][119][info ][gc,metaspace] GC(17) Metaspace: 59042K(60416K)->59042K(60416K) NonClass: 51606K(52416K)->51606K(52416K) Class: 7436K(8000K)->7436K(8000K)
[2023-05-18T23:38:41.481+0000][119][info ][gc          ] GC(17) Pause Young (Concurrent Start) (Metadata GC Threshold) 99M->59M(256M) 11.992ms
[2023-05-18T23:38:41.481+0000][119][info ][gc,cpu      ] GC(17) User=0.04s Sys=0.00s Real=0.01s
[2023-05-18T23:38:41.481+0000][119][info ][gc          ] GC(18) Concurrent Mark Cycle
[2023-05-18T23:38:41.481+0000][119][info ][safepoint   ] Safepoint "CollectForMetadataAllocation", Time since last: 670152200 ns, Reaching safepoint: 5000 ns, Cleanup: 114900 ns, At safepoint: 12533100 ns, Total: 12653000 ns
[2023-05-18T23:38:41.481+0000][119][info ][gc,marking  ] GC(18) Concurrent Scan Root Regions
[2023-05-18T23:38:41.495+0000][119][info ][gc,marking  ] GC(18) Concurrent Scan Root Regions 13.582ms
[2023-05-18T23:38:41.495+0000][119][info ][gc,marking  ] GC(18) Concurrent Mark
[2023-05-18T23:38:41.495+0000][119][info ][gc,marking  ] GC(18) Concurrent Mark From Roots
[2023-05-18T23:38:41.496+0000][119][info ][gc,task     ] GC(18) Using 2 workers of 2 for marking
[2023-05-18T23:38:41.517+0000][119][info ][safepoint   ] Safepoint "CollectForMetadataAllocation", Time since last: 35661400 ns, Reaching safepoint: 67300 ns, Cleanup: 132500 ns, At safepoint: 94900 ns, Total: 294700 ns
[2023-05-18T23:38:41.531+0000][119][info ][gc,marking  ] GC(18) Concurrent Mark From Roots 35.279ms
[2023-05-18T23:38:41.531+0000][119][info ][gc,marking  ] GC(18) Concurrent Preclean
[2023-05-18T23:38:41.531+0000][119][info ][gc,marking  ] GC(18) Concurrent Preclean 0.431ms
[2023-05-18T23:38:41.532+0000][119][info ][gc,start    ] GC(18) Pause Remark
[2023-05-18T23:38:41.537+0000][119][info ][gc          ] GC(18) Pause Remark 63M->63M(256M) 5.158ms
[2023-05-18T23:38:41.537+0000][119][info ][gc,cpu      ] GC(18) User=0.01s Sys=0.01s Real=0.01s
[2023-05-18T23:38:41.538+0000][119][info ][safepoint   ] Safepoint "G1PauseRemark", Time since last: 14444900 ns, Reaching safepoint: 6700 ns, Cleanup: 152300 ns, At safepoint: 5734700 ns, Total: 5893700 ns
[2023-05-18T23:38:41.538+0000][119][info ][gc,marking  ] GC(18) Concurrent Mark 42.720ms
[2023-05-18T23:38:41.538+0000][119][info ][gc,marking  ] GC(18) Concurrent Rebuild Remembered Sets and Scrub Regions
[2023-05-18T23:38:41.557+0000][119][info ][gc,marking  ] GC(18) Concurrent Rebuild Remembered Sets and Scrub Regions 19.242ms
[2023-05-18T23:38:41.558+0000][119][info ][gc,start    ] GC(18) Pause Cleanup
[2023-05-18T23:38:41.558+0000][119][info ][gc          ] GC(18) Pause Cleanup 65M->65M(256M) 0.475ms
[2023-05-18T23:38:41.559+0000][119][info ][gc,cpu      ] GC(18) User=0.01s Sys=0.00s Real=0.00s
[2023-05-18T23:38:41.559+0000][119][info ][safepoint   ] Safepoint "G1PauseCleanup", Time since last: 20176500 ns, Reaching safepoint: 137400 ns, Cleanup: 135300 ns, At safepoint: 1147300 ns, Total: 1420000 ns
[2023-05-18T23:38:41.560+0000][119][info ][gc,marking  ] GC(18) Concurrent Clear Claimed Marks
[2023-05-18T23:38:41.560+0000][119][info ][gc,marking  ] GC(18) Concurrent Clear Claimed Marks 0.401ms
[2023-05-18T23:38:41.560+0000][119][info ][gc,marking  ] GC(18) Concurrent Cleanup for Next Mark
[2023-05-18T23:38:41.561+0000][119][info ][gc,marking  ] GC(18) Concurrent Cleanup for Next Mark 0.624ms
[2023-05-18T23:38:41.561+0000][119][info ][gc          ] GC(18) Concurrent Mark Cycle 80.110ms
[2023-05-18T23:38:42.560+0000][119][info ][safepoint   ] Safepoint "Cleanup", Time since last: 1000512600 ns, Reaching safepoint: 111000 ns, Cleanup: 178200 ns, At safepoint: 51100 ns, Total: 340300 ns
[2023-05-18T23:38:42.776+0000][119][info ][gc,start    ] GC(19) Pause Young (Normal) (G1 Evacuation Pause)
[2023-05-18T23:38:42.777+0000][119][info ][gc,task     ] GC(19) Using 6 workers of 8 for evacuation
[2023-05-18T23:38:42.777+0000][119][debug][gc,age      ] GC(19) Desired survivor size 10485760 bytes, new threshold 15 (max threshold 15)
[2023-05-18T23:38:42.789+0000][119][info ][gc,phases   ] GC(19)   Pre Evacuate Collection Set: 0.1ms
[2023-05-18T23:38:42.789+0000][119][info ][gc,phases   ] GC(19)   Merge Heap Roots: 0.2ms
[2023-05-18T23:38:42.789+0000][119][info ][gc,phases   ] GC(19)   Evacuate Collection Set: 9.1ms
[2023-05-18T23:38:42.790+0000][119][info ][gc,phases   ] GC(19)   Post Evacuate Collection Set: 1.8ms
[2023-05-18T23:38:42.790+0000][119][info ][gc,phases   ] GC(19)   Other: 0.6ms
[2023-05-18T23:38:42.790+0000][119][trace][gc,age      ] GC(19) Age table with threshold 15 (max threshold 15)
[2023-05-18T23:38:42.790+0000][119][trace][gc,age      ] GC(19) - age   1:    2020904 bytes,    2020904 total
[2023-05-18T23:38:42.791+0000][119][trace][gc,age      ] GC(19) - age   2:    2569368 bytes,    4590272 total
[2023-05-18T23:38:42.791+0000][119][trace][gc,age      ] GC(19) - age   3:    4873640 bytes,    9463912 total
[2023-05-18T23:38:42.791+0000][119][info ][gc,heap     ] GC(19) Eden regions: 36->0(35)
[2023-05-18T23:38:42.792+0000][119][info ][gc,heap     ] GC(19) Survivor regions: 2->3(5)
[2023-05-18T23:38:42.792+0000][119][info ][gc,heap     ] GC(19) Old regions: 12->12
[2023-05-18T23:38:42.792+0000][119][info ][gc,heap     ] GC(19) Archive regions: 2->2
[2023-05-18T23:38:42.792+0000][119][info ][gc,heap     ] GC(19) Humongous regions: 0->0
[2023-05-18T23:38:42.793+0000][119][info ][gc,metaspace] GC(19) Metaspace: 65410K(66816K)->65410K(66816K) NonClass: 56940K(57792K)->56940K(57792K) Class: 8470K(9024K)->8470K(9024K)
[2023-05-18T23:38:42.793+0000][119][info ][gc          ] GC(19) Pause Young (Normal) (G1 Evacuation Pause) 203M->61M(256M) 16.793ms
[2023-05-18T23:38:42.793+0000][119][info ][gc,cpu      ] GC(19) User=0.10s Sys=0.00s Real=0.02s
[2023-05-18T23:38:42.794+0000][119][info ][safepoint   ] Safepoint "G1CollectForAllocation", Time since last: 216088700 ns, Reaching safepoint: 34100 ns, Cleanup: 72400 ns, At safepoint: 17581200 ns, Total: 17687700 ns
[2023-05-18T23:38:43.795+0000][119][info ][safepoint   ] Safepoint "Cleanup", Time since last: 1000597200 ns, Reaching safepoint: 140600 ns, Cleanup: 104300 ns, At safepoint: 30200 ns, Total: 275100 ns
[2023-05-18T23:38:44.071+0000][119][info ][gc,start    ] GC(20) Pause Young (Normal) (G1 Evacuation Pause)
[2023-05-18T23:38:44.072+0000][119][info ][gc,task     ] GC(20) Using 6 workers of 8 for evacuation
[2023-05-18T23:38:44.072+0000][119][debug][gc,age      ] GC(20) Desired survivor size 10485760 bytes, new threshold 15 (max threshold 15)
[2023-05-18T23:38:44.082+0000][119][info ][gc,phases   ] GC(20)   Pre Evacuate Collection Set: 0.1ms
[2023-05-18T23:38:44.082+0000][119][info ][gc,phases   ] GC(20)   Merge Heap Roots: 0.1ms
[2023-05-18T23:38:44.082+0000][119][info ][gc,phases   ] GC(20)   Evacuate Collection Set: 7.5ms
[2023-05-18T23:38:44.082+0000][119][info ][gc,phases   ] GC(20)   Post Evacuate Collection Set: 1.6ms
[2023-05-18T23:38:44.083+0000][119][info ][gc,phases   ] GC(20)   Other: 0.6ms
[2023-05-18T23:38:44.083+0000][119][trace][gc,age      ] GC(20) Age table with threshold 15 (max threshold 15)
[2023-05-18T23:38:44.083+0000][119][trace][gc,age      ] GC(20) - age   1:    2965728 bytes,    2965728 total
[2023-05-18T23:38:44.083+0000][119][trace][gc,age      ] GC(20) - age   2:    1868256 bytes,    4833984 total
[2023-05-18T23:38:44.084+0000][119][trace][gc,age      ] GC(20) - age   3:    2568400 bytes,    7402384 total
[2023-05-18T23:38:44.084+0000][119][trace][gc,age      ] GC(20) - age   4:    4873296 bytes,   12275680 total
[2023-05-18T23:38:44.084+0000][119][info ][gc,heap     ] GC(20) Eden regions: 35->0(34)
[2023-05-18T23:38:44.084+0000][119][info ][gc,heap     ] GC(20) Survivor regions: 3->4(5)
[2023-05-18T23:38:44.085+0000][119][info ][gc,heap     ] GC(20) Old regions: 12->12
[2023-05-18T23:38:44.085+0000][119][info ][gc,heap     ] GC(20) Archive regions: 2->2
[2023-05-18T23:38:44.085+0000][119][info ][gc,heap     ] GC(20) Humongous regions: 0->0
[2023-05-18T23:38:44.086+0000][119][info ][gc,metaspace] GC(20) Metaspace: 70462K(72000K)->70462K(72000K) NonClass: 61339K(62208K)->61339K(62208K) Class: 9122K(9792K)->9122K(9792K)
[2023-05-18T23:38:44.086+0000][119][info ][gc          ] GC(20) Pause Young (Normal) (G1 Evacuation Pause) 201M->64M(256M) 14.380ms
[2023-05-18T23:38:44.086+0000][119][info ][gc,cpu      ] GC(20) User=0.04s Sys=0.01s Real=0.02s
[2023-05-18T23:38:44.086+0000][119][info ][safepoint   ] Safepoint "G1CollectForAllocation", Time since last: 276560200 ns, Reaching safepoint: 6100 ns, Cleanup: 210400 ns, At safepoint: 14989400 ns, Total: 15205900 ns
[2023-05-18T23:38:45.380+0000][119][info ][safepoint   ] Safepoint "Cleanup", Time since last: 1292882900 ns, Reaching safepoint: 97900 ns, Cleanup: 179800 ns, At safepoint: 62600 ns, Total: 340300 ns
[2023-05-18T23:38:45.412+0000][119][info ][gc,start    ] GC(21) Pause Young (Normal) (G1 Evacuation Pause)
[2023-05-18T23:38:45.413+0000][119][info ][gc,task     ] GC(21) Using 6 workers of 8 for evacuation
[2023-05-18T23:38:45.413+0000][119][debug][gc,age      ] GC(21) Desired survivor size 10485760 bytes, new threshold 4 (max threshold 15)
[2023-05-18T23:38:45.426+0000][119][info ][gc,phases   ] GC(21)   Pre Evacuate Collection Set: 0.1ms
[2023-05-18T23:38:45.426+0000][119][info ][gc,phases   ] GC(21)   Merge Heap Roots: 0.1ms
[2023-05-18T23:38:45.427+0000][119][info ][gc,phases   ] GC(21)   Evacuate Collection Set: 11.8ms
[2023-05-18T23:38:45.427+0000][119][info ][gc,phases   ] GC(21)   Post Evacuate Collection Set: 1.1ms
[2023-05-18T23:38:45.427+0000][119][info ][gc,phases   ] GC(21)   Other: 0.5ms
[2023-05-18T23:38:45.427+0000][119][trace][gc,age      ] GC(21) Age table with threshold 4 (max threshold 15)
[2023-05-18T23:38:45.427+0000][119][trace][gc,age      ] GC(21) - age   1:    3155776 bytes,    3155776 total
[2023-05-18T23:38:45.428+0000][119][trace][gc,age      ] GC(21) - age   2:    2911352 bytes,    6067128 total
[2023-05-18T23:38:45.428+0000][119][trace][gc,age      ] GC(21) - age   3:    1863272 bytes,    7930400 total
[2023-05-18T23:38:45.428+0000][119][trace][gc,age      ] GC(21) - age   4:    2565408 bytes,   10495808 total
[2023-05-18T23:38:45.428+0000][119][info ][gc,heap     ] GC(21) Eden regions: 34->0(35)
[2023-05-18T23:38:45.429+0000][119][info ][gc,heap     ] GC(21) Survivor regions: 4->3(5)
[2023-05-18T23:38:45.429+0000][119][info ][gc,heap     ] GC(21) Old regions: 12->14
[2023-05-18T23:38:45.429+0000][119][info ][gc,heap     ] GC(21) Archive regions: 2->2
[2023-05-18T23:38:45.429+0000][119][info ][gc,heap     ] GC(21) Humongous regions: 0->0
[2023-05-18T23:38:45.429+0000][119][info ][gc,metaspace] GC(21) Metaspace: 76466K(78016K)->76466K(78016K) NonClass: 66623K(67520K)->66623K(67520K) Class: 9842K(10496K)->9842K(10496K)
[2023-05-18T23:38:45.430+0000][119][info ][gc          ] GC(21) Pause Young (Normal) (G1 Evacuation Pause) 200M->67M(256M) 17.320ms
[2023-05-18T23:38:45.430+0000][119][info ][gc,cpu      ] GC(21) User=0.07s Sys=0.00s Real=0.02s
[2023-05-18T23:38:45.430+0000][119][info ][safepoint   ] Safepoint "G1CollectForAllocation", Time since last: 32556200 ns, Reaching safepoint: 8200 ns, Cleanup: 109300 ns, At safepoint: 17955800 ns, Total: 18073300 ns
[2023-05-18T23:38:46.561+0000][119][info ][safepoint   ] Safepoint "Cleanup", Time since last: 1130720500 ns, Reaching safepoint: 114700 ns, Cleanup: 148800 ns, At safepoint: 33600 ns, Total: 297100 ns
[2023-05-18T23:38:47.606+0000][119][info ][safepoint   ] Safepoint "ICBufferFull", Time since last: 1044819900 ns, Reaching safepoint: 6200 ns, Cleanup: 197100 ns, At safepoint: 6900 ns, Total: 210200 ns
[2023-05-18T23:38:47.749+0000][119][info ][gc,start    ] GC(22) Pause Young (Concurrent Start) (Metadata GC Threshold)
[2023-05-18T23:38:47.749+0000][119][info ][gc,task     ] GC(22) Using 6 workers of 8 for evacuation
[2023-05-18T23:38:47.750+0000][119][debug][gc,age      ] GC(22) Desired survivor size 10485760 bytes, new threshold 4 (max threshold 15)
[2023-05-18T23:38:47.764+0000][119][info ][gc,phases   ] GC(22)   Pre Evacuate Collection Set: 0.2ms
[2023-05-18T23:38:47.764+0000][119][info ][gc,phases   ] GC(22)   Merge Heap Roots: 0.1ms
[2023-05-18T23:38:47.765+0000][119][info ][gc,phases   ] GC(22)   Evacuate Collection Set: 12.1ms
[2023-05-18T23:38:47.765+0000][119][info ][gc,phases   ] GC(22)   Post Evacuate Collection Set: 1.9ms
[2023-05-18T23:38:47.765+0000][119][info ][gc,phases   ] GC(22)   Other: 0.5ms
[2023-05-18T23:38:47.765+0000][119][trace][gc,age      ] GC(22) Age table with threshold 4 (max threshold 15)
[2023-05-18T23:38:47.765+0000][119][trace][gc,age      ] GC(22) - age   1:    8885304 bytes,    8885304 total
[2023-05-18T23:38:47.765+0000][119][trace][gc,age      ] GC(22) - age   2:    3044024 bytes,   11929328 total
[2023-05-18T23:38:47.766+0000][119][trace][gc,age      ] GC(22) - age   3:    2895984 bytes,   14825312 total
[2023-05-18T23:38:47.766+0000][119][trace][gc,age      ] GC(22) - age   4:    1852072 bytes,   16677384 total
[2023-05-18T23:38:47.766+0000][119][info ][gc,heap     ] GC(22) Eden regions: 34->0(31)
[2023-05-18T23:38:47.766+0000][119][info ][gc,heap     ] GC(22) Survivor regions: 3->5(5)
[2023-05-18T23:38:47.766+0000][119][info ][gc,heap     ] GC(22) Old regions: 14->14
[2023-05-18T23:38:47.767+0000][119][info ][gc,heap     ] GC(22) Archive regions: 2->2
[2023-05-18T23:38:47.767+0000][119][info ][gc,heap     ] GC(22) Humongous regions: 0->0
[2023-05-18T23:38:47.767+0000][119][info ][gc,metaspace] GC(22) Metaspace: 99331K(101440K)->99331K(101440K) NonClass: 86274K(87424K)->86274K(87424K) Class: 13057K(14016K)->13057K(14016K)
[2023-05-18T23:38:47.767+0000][119][info ][gc          ] GC(22) Pause Young (Concurrent Start) (Metadata GC Threshold) 203M->76M(256M) 18.040ms
[2023-05-18T23:38:47.767+0000][119][info ][gc          ] GC(23) Concurrent Mark Cycle
[2023-05-18T23:38:47.767+0000][119][info ][gc,cpu      ] GC(22) User=0.07s Sys=0.01s Real=0.02s
[2023-05-18T23:38:47.768+0000][119][info ][gc,marking  ] GC(23) Concurrent Scan Root Regions
[2023-05-18T23:38:47.768+0000][119][info ][safepoint   ] Safepoint "CollectForMetadataAllocation", Time since last: 142704600 ns, Reaching safepoint: 7200 ns, Cleanup: 150500 ns, At safepoint: 18728000 ns, Total: 18885700 ns
[2023-05-18T23:38:47.780+0000][119][info ][gc,marking  ] GC(23) Concurrent Scan Root Regions 11.936ms
[2023-05-18T23:38:47.780+0000][119][info ][gc,marking  ] GC(23) Concurrent Mark
[2023-05-18T23:38:47.780+0000][119][info ][gc,marking  ] GC(23) Concurrent Mark From Roots
[2023-05-18T23:38:47.780+0000][119][info ][gc,task     ] GC(23) Using 2 workers of 2 for marking
[2023-05-18T23:38:47.814+0000][119][info ][safepoint   ] Safepoint "CollectForMetadataAllocation", Time since last: 45698500 ns, Reaching safepoint: 84900 ns, Cleanup: 149200 ns, At safepoint: 115000 ns, Total: 349100 ns
[2023-05-18T23:38:47.835+0000][119][info ][gc,marking  ] GC(23) Concurrent Mark From Roots 55.506ms
[2023-05-18T23:38:47.836+0000][119][info ][gc,marking  ] GC(23) Concurrent Preclean
[2023-05-18T23:38:47.836+0000][119][info ][gc,marking  ] GC(23) Concurrent Preclean 0.669ms
[2023-05-18T23:38:47.837+0000][119][info ][gc,start    ] GC(23) Pause Remark
[2023-05-18T23:38:47.843+0000][119][info ][gc          ] GC(23) Pause Remark 80M->80M(256M) 5.992ms
[2023-05-18T23:38:47.843+0000][119][info ][gc,cpu      ] GC(23) User=0.03s Sys=0.00s Real=0.01s
[2023-05-18T23:38:47.843+0000][119][info ][safepoint   ] Safepoint "G1PauseRemark", Time since last: 22868000 ns, Reaching safepoint: 7800 ns, Cleanup: 103400 ns, At safepoint: 6542800 ns, Total: 6654000 ns
[2023-05-18T23:38:47.844+0000][119][info ][gc,marking  ] GC(23) Concurrent Mark 63.939ms
[2023-05-18T23:38:47.844+0000][119][info ][gc,marking  ] GC(23) Concurrent Rebuild Remembered Sets and Scrub Regions
[2023-05-18T23:38:47.867+0000][119][info ][gc,marking  ] GC(23) Concurrent Rebuild Remembered Sets and Scrub Regions 23.595ms
[2023-05-18T23:38:47.868+0000][119][info ][gc,start    ] GC(23) Pause Cleanup
[2023-05-18T23:38:47.868+0000][119][info ][gc          ] GC(23) Pause Cleanup 82M->82M(256M) 0.444ms
[2023-05-18T23:38:47.869+0000][119][info ][gc,cpu      ] GC(23) User=0.00s Sys=0.00s Real=0.00s
[2023-05-18T23:38:47.869+0000][119][info ][safepoint   ] Safepoint "G1PauseCleanup", Time since last: 24343300 ns, Reaching safepoint: 100200 ns, Cleanup: 135900 ns, At safepoint: 931400 ns, Total: 1167500 ns
[2023-05-18T23:38:47.869+0000][119][info ][gc,marking  ] GC(23) Concurrent Clear Claimed Marks
[2023-05-18T23:38:47.870+0000][119][info ][gc,marking  ] GC(23) Concurrent Clear Claimed Marks 0.329ms
[2023-05-18T23:38:47.870+0000][119][info ][gc,marking  ] GC(23) Concurrent Cleanup for Next Mark
[2023-05-18T23:38:47.870+0000][119][info ][gc,marking  ] GC(23) Concurrent Cleanup for Next Mark 0.554ms
[2023-05-18T23:38:47.871+0000][119][info ][gc          ] GC(23) Concurrent Mark Cycle 103.185ms
[2023-05-18T23:38:49.055+0000][119][info ][safepoint   ] Safepoint "Cleanup", Time since last: 1185854500 ns, Reaching safepoint: 3700 ns, Cleanup: 132000 ns, At safepoint: 18800 ns, Total: 154500 ns
[2023-05-18T23:38:49.919+0000][119][info ][safepoint   ] Safepoint "ICBufferFull", Time since last: 863931000 ns, Reaching safepoint: 90700 ns, Cleanup: 181200 ns, At safepoint: 35400 ns, Total: 307300 ns
[2023-05-18T23:38:50.444+0000][119][info ][gc,start    ] GC(24) Pause Young (Normal) (G1 Evacuation Pause)
[2023-05-18T23:38:50.444+0000][119][info ][gc,task     ] GC(24) Using 8 workers of 8 for evacuation
[2023-05-18T23:38:50.444+0000][119][debug][gc,age      ] GC(24) Desired survivor size 10485760 bytes, new threshold 2 (max threshold 15)
[2023-05-18T23:38:50.473+0000][119][info ][gc,phases   ] GC(24)   Pre Evacuate Collection Set: 0.2ms
[2023-05-18T23:38:50.473+0000][119][info ][gc,phases   ] GC(24)   Merge Heap Roots: 0.2ms
[2023-05-18T23:38:50.474+0000][119][info ][gc,phases   ] GC(24)   Evacuate Collection Set: 23.1ms
[2023-05-18T23:38:50.474+0000][119][info ][gc,phases   ] GC(24)   Post Evacuate Collection Set: 4.9ms
[2023-05-18T23:38:50.474+0000][119][info ][gc,phases   ] GC(24)   Other: 0.6ms
[2023-05-18T23:38:50.474+0000][119][trace][gc,age      ] GC(24) Age table with threshold 2 (max threshold 15)
[2023-05-18T23:38:50.474+0000][119][trace][gc,age      ] GC(24) - age   1:    8499952 bytes,    8499952 total
[2023-05-18T23:38:50.475+0000][119][trace][gc,age      ] GC(24) - age   2:    8192744 bytes,   16692696 total
[2023-05-18T23:38:50.475+0000][119][info ][gc,heap     ] GC(24) Eden regions: 31->0(29)
[2023-05-18T23:38:50.475+0000][119][info ][gc,heap     ] GC(24) Survivor regions: 5->5(5)
[2023-05-18T23:38:50.475+0000][119][info ][gc,heap     ] GC(24) Old regions: 14->16
[2023-05-18T23:38:50.475+0000][119][info ][gc,heap     ] GC(24) Archive regions: 2->2
[2023-05-18T23:38:50.476+0000][119][info ][gc,heap     ] GC(24) Humongous regions: 0->0
[2023-05-18T23:38:50.476+0000][119][info ][gc,metaspace] GC(24) Metaspace: 115337K(118592K)->115337K(118592K) NonClass: 99532K(101248K)->99532K(101248K) Class: 15804K(17344K)->15804K(17344K)
[2023-05-18T23:38:50.476+0000][119][info ][gc          ] GC(24) Pause Young (Normal) (G1 Evacuation Pause) 200M->85M(256M) 32.149ms
[2023-05-18T23:38:50.476+0000][119][info ][gc,cpu      ] GC(24) User=0.17s Sys=0.00s Real=0.03s
[2023-05-18T23:38:50.477+0000][119][info ][safepoint   ] Safepoint "G1CollectForAllocation", Time since last: 524413400 ns, Reaching safepoint: 93600 ns, Cleanup: 155200 ns, At safepoint: 32766400 ns, Total: 33015200 ns
[2023-05-18T23:38:51.477+0000][119][info ][safepoint   ] Safepoint "Cleanup", Time since last: 1000414300 ns, Reaching safepoint: 10100 ns, Cleanup: 138800 ns, At safepoint: 5400 ns, Total: 154300 ns
[2023-05-18T23:38:52.574+0000][119][info ][safepoint   ] Safepoint "Cleanup", Time since last: 1096966700 ns, Reaching safepoint: 12500 ns, Cleanup: 163600 ns, At safepoint: 23300 ns, Total: 199400 ns
[2023-05-18T23:38:53.575+0000][119][info ][safepoint   ] Safepoint "Cleanup", Time since last: 1000292700 ns, Reaching safepoint: 28000 ns, Cleanup: 146700 ns, At safepoint: 6100 ns, Total: 180800 ns
[2023-05-18T23:38:54.575+0000][119][info ][safepoint   ] Safepoint "Cleanup", Time since last: 1000310600 ns, Reaching safepoint: 15900 ns, Cleanup: 155600 ns, At safepoint: 6300 ns, Total: 177800 ns
[2023-05-18T23:38:55.576+0000][119][info ][safepoint   ] Safepoint "Cleanup", Time since last: 1000319300 ns, Reaching safepoint: 18100 ns, Cleanup: 216700 ns, At safepoint: 24300 ns, Total: 259100 ns
[2023-05-18T23:38:56.577+0000][119][info ][safepoint   ] Safepoint "Cleanup", Time since last: 1000393600 ns, Reaching safepoint: 103000 ns, Cleanup: 151800 ns, At safepoint: 29000 ns, Total: 283800 ns
[2023-05-18T23:38:57.577+0000][119][info ][safepoint   ] Safepoint "Cleanup", Time since last: 1000391200 ns, Reaching safepoint: 17700 ns, Cleanup: 267400 ns, At safepoint: 8400 ns, Total: 293500 ns
[2023-05-18T23:38:58.578+0000][119][info ][safepoint   ] Safepoint "Cleanup", Time since last: 1000719200 ns, Reaching safepoint: 14300 ns, Cleanup: 139300 ns, At safepoint: 6100 ns, Total: 159700 ns
[2023-05-18T23:38:59.579+0000][119][info ][safepoint   ] Safepoint "Cleanup", Time since last: 1000367000 ns, Reaching safepoint: 14500 ns, Cleanup: 244400 ns, At safepoint: 17000 ns, Total: 275900 ns
[2023-05-18T23:39:00.579+0000][119][info ][safepoint   ] Safepoint "Cleanup", Time since last: 1000436900 ns, Reaching safepoint: 16200 ns, Cleanup: 139700 ns, At safepoint: 4900 ns, Total: 160800 ns
[2023-05-18T23:39:01.580+0000][119][info ][safepoint   ] Safepoint "Cleanup", Time since last: 1000328500 ns, Reaching safepoint: 11300 ns, Cleanup: 205500 ns, At safepoint: 5600 ns, Total: 222400 ns
[2023-05-18T23:39:02.581+0000][119][info ][safepoint   ] Safepoint "Cleanup", Time since last: 1000485400 ns, Reaching safepoint: 15000 ns, Cleanup: 155400 ns, At safepoint: 7100 ns, Total: 177500 ns
[2023-05-18T23:39:03.581+0000][119][info ][safepoint   ] Safepoint "Cleanup", Time since last: 1000308700 ns, Reaching safepoint: 14800 ns, Cleanup: 146100 ns, At safepoint: 7000 ns, Total: 167900 ns
[2023-05-18T23:39:04.582+0000][119][info ][safepoint   ] Safepoint "Cleanup", Time since last: 1000314400 ns, Reaching safepoint: 15800 ns, Cleanup: 196700 ns, At safepoint: 7800 ns, Total: 220300 ns
[2023-05-18T23:39:05.582+0000][119][info ][safepoint   ] Safepoint "Cleanup", Time since last: 1000357900 ns, Reaching safepoint: 19700 ns, Cleanup: 145700 ns, At safepoint: 6500 ns, Total: 171900 ns
[2023-05-18T23:39:06.583+0000][119][info ][safepoint   ] Safepoint "Cleanup", Time since last: 1000374100 ns, Reaching safepoint: 137300 ns, Cleanup: 275600 ns, At safepoint: 40000 ns, Total: 452900 ns
[2023-05-18T23:39:08.584+0000][119][info ][safepoint   ] Safepoint "Cleanup", Time since last: 2000604800 ns, Reaching safepoint: 35200 ns, Cleanup: 201200 ns, At safepoint: 10300 ns, Total: 246700 ns
[2023-05-18T23:39:09.585+0000][119][info ][safepoint   ] Safepoint "Cleanup", Time since last: 1000667900 ns, Reaching safepoint: 14700 ns, Cleanup: 150000 ns, At safepoint: 7500 ns, Total: 172200 ns
[2023-05-18T23:39:10.585+0000][119][info ][safepoint   ] Safepoint "Cleanup", Time since last: 1000343100 ns, Reaching safepoint: 14600 ns, Cleanup: 193200 ns, At safepoint: 7200 ns, Total: 215000 ns
[2023-05-18T23:39:11.586+0000][119][info ][safepoint   ] Safepoint "Cleanup", Time since last: 1000457900 ns, Reaching safepoint: 14600 ns, Cleanup: 205300 ns, At safepoint: 8900 ns, Total: 228800 ns
[2023-05-18T23:39:12.587+0000][119][info ][safepoint   ] Safepoint "Cleanup", Time since last: 1000472700 ns, Reaching safepoint: 13100 ns, Cleanup: 189300 ns, At safepoint: 6400 ns, Total: 208800 ns
[2023-05-18T23:39:13.587+0000][119][info ][safepoint   ] Safepoint "Cleanup", Time since last: 1000430800 ns, Reaching safepoint: 14700 ns, Cleanup: 148400 ns, At safepoint: 7600 ns, Total: 170700 ns
[2023-05-18T23:39:15.588+0000][119][info ][safepoint   ] Safepoint "Cleanup", Time since last: 2000404700 ns, Reaching safepoint: 15600 ns, Cleanup: 143500 ns, At safepoint: 6400 ns, Total: 165500 ns
[2023-05-18T23:39:16.588+0000][119][info ][safepoint   ] Safepoint "Cleanup", Time since last: 1000312000 ns, Reaching safepoint: 15200 ns, Cleanup: 176900 ns, At safepoint: 22900 ns, Total: 215000 ns
[2023-05-18T23:39:18.589+0000][119][info ][safepoint   ] Safepoint "Cleanup", Time since last: 2000524700 ns, Reaching safepoint: 15200 ns, Cleanup: 239200 ns, At safepoint: 7500 ns, Total: 261900 ns
[2023-05-18T23:39:20.590+0000][119][info ][safepoint   ] Safepoint "Cleanup", Time since last: 2000833100 ns, Reaching safepoint: 16900 ns, Cleanup: 164900 ns, At safepoint: 8700 ns, Total: 190500 ns
[2023-05-18T23:39:21.591+0000][119][info ][safepoint   ] Safepoint "Cleanup", Time since last: 1000511500 ns, Reaching safepoint: 119500 ns, Cleanup: 144000 ns, At safepoint: 27700 ns, Total: 291200 ns
[2023-05-18T23:39:23.592+0000][119][info ][safepoint   ] Safepoint "Cleanup", Time since last: 2000515400 ns, Reaching safepoint: 38100 ns, Cleanup: 239300 ns, At safepoint: 17800 ns, Total: 295200 ns
[2023-05-18T23:39:25.592+0000][119][info ][safepoint   ] Safepoint "Cleanup", Time since last: 2000551900 ns, Reaching safepoint: 14800 ns, Cleanup: 188100 ns, At safepoint: 16100 ns, Total: 219000 ns
[2023-05-18T23:39:26.593+0000][119][info ][safepoint   ] Safepoint "Cleanup", Time since last: 1000361100 ns, Reaching safepoint: 15600 ns, Cleanup: 149000 ns, At safepoint: 11800 ns, Total: 176400 ns
[2023-05-18T23:39:27.594+0000][119][info ][safepoint   ] Safepoint "Cleanup", Time since last: 1000354500 ns, Reaching safepoint: 14800 ns, Cleanup: 156100 ns, At safepoint: 6900 ns, Total: 177800 ns
[2023-05-18T23:39:29.594+0000][119][info ][safepoint   ] Safepoint "Cleanup", Time since last: 2000409000 ns, Reaching safepoint: 14900 ns, Cleanup: 181600 ns, At safepoint: 17900 ns, Total: 214400 ns
[2023-05-18T23:39:30.595+0000][119][info ][safepoint   ] Safepoint "Cleanup", Time since last: 1000375500 ns, Reaching safepoint: 15300 ns, Cleanup: 217600 ns, At safepoint: 17900 ns, Total: 250800 ns
[2023-05-18T23:39:31.596+0000][119][info ][safepoint   ] Safepoint "Cleanup", Time since last: 1000636500 ns, Reaching safepoint: 15500 ns, Cleanup: 141100 ns, At safepoint: 6100 ns, Total: 162700 ns
[2023-05-18T23:39:33.596+0000][119][info ][safepoint   ] Safepoint "Cleanup", Time since last: 2000426100 ns, Reaching safepoint: 15600 ns, Cleanup: 140900 ns, At safepoint: 7000 ns, Total: 163500 ns
[2023-05-18T23:39:35.597+0000][119][info ][safepoint   ] Safepoint "Cleanup", Time since last: 2000411100 ns, Reaching safepoint: 15200 ns, Cleanup: 129300 ns, At safepoint: 6700 ns, Total: 151200 ns
[2023-05-18T23:39:36.597+0000][119][info ][safepoint   ] Safepoint "Cleanup", Time since last: 1000370400 ns, Reaching safepoint: 11500 ns, Cleanup: 210800 ns, At safepoint: 6700 ns, Total: 229000 ns
[2023-05-18T23:39:37.598+0000][119][info ][safepoint   ] Safepoint "Cleanup", Time since last: 1000456200 ns, Reaching safepoint: 134800 ns, Cleanup: 191000 ns, At safepoint: 30600 ns, Total: 356400 ns
[2023-05-18T23:39:39.599+0000][119][info ][safepoint   ] Safepoint "Cleanup", Time since last: 2000543800 ns, Reaching safepoint: 25900 ns, Cleanup: 262700 ns, At safepoint: 17000 ns, Total: 305600 ns
[2023-05-18T23:39:40.600+0000][119][info ][safepoint   ] Safepoint "Cleanup", Time since last: 1000512200 ns, Reaching safepoint: 13900 ns, Cleanup: 137200 ns, At safepoint: 6000 ns, Total: 157100 ns
[2023-05-18T23:39:41.600+0000][119][info ][safepoint   ] Safepoint "Cleanup", Time since last: 1000340700 ns, Reaching safepoint: 13800 ns, Cleanup: 156600 ns, At safepoint: 5300 ns, Total: 175700 ns
[2023-05-18T23:39:42.601+0000][119][info ][safepoint   ] Safepoint "Cleanup", Time since last: 1000482400 ns, Reaching safepoint: 14400 ns, Cleanup: 221600 ns, At safepoint: 6300 ns, Total: 242300 ns
[2023-05-18T23:39:44.602+0000][119][info ][safepoint   ] Safepoint "Cleanup", Time since last: 2000615600 ns, Reaching safepoint: 16700 ns, Cleanup: 266200 ns, At safepoint: 26500 ns, Total: 309400 ns
[2023-05-18T23:39:50.603+0000][119][info ][safepoint   ] Safepoint "Cleanup", Time since last: 6001073800 ns, Reaching safepoint: 14300 ns, Cleanup: 150100 ns, At safepoint: 9200 ns, Total: 173600 ns
[2023-05-18T23:39:52.604+0000][119][info ][safepoint   ] Safepoint "Cleanup", Time since last: 2000434100 ns, Reaching safepoint: 14900 ns, Cleanup: 191900 ns, At safepoint: 12900 ns, Total: 219700 ns
[2023-05-18T23:39:54.604+0000][119][info ][safepoint   ] Safepoint "Cleanup", Time since last: 2000405500 ns, Reaching safepoint: 14100 ns, Cleanup: 150100 ns, At safepoint: 6800 ns, Total: 171000 ns
[2023-05-18T23:40:27.608+0000][119][info ][safepoint   ] Safepoint "Cleanup", Time since last: 33003485800 ns, Reaching safepoint: 65300 ns, Cleanup: 172000 ns, At safepoint: 9400 ns, Total: 246700 ns
[2023-05-18T23:40:28.609+0000][119][info ][safepoint   ] Safepoint "Cleanup", Time since last: 1000481300 ns, Reaching safepoint: 13600 ns, Cleanup: 150200 ns, At safepoint: 4600 ns, Total: 168400 ns
[2023-05-18T23:40:33.610+0000][119][info ][safepoint   ] Safepoint "Cleanup", Time since last: 5000825500 ns, Reaching safepoint: 31300 ns, Cleanup: 185900 ns, At safepoint: 4800 ns, Total: 222000 ns
[2023-05-18T23:40:36.043+0000][119][info ][gc,start    ] GC(25) Pause Young (Normal) (G1 Evacuation Pause)
[2023-05-18T23:40:36.044+0000][119][info ][gc,task     ] GC(25) Using 8 workers of 8 for evacuation
[2023-05-18T23:40:36.045+0000][119][debug][gc,age      ] GC(25) Desired survivor size 10485760 bytes, new threshold 2 (max threshold 15)
[2023-05-18T23:40:36.070+0000][119][info ][gc,phases   ] GC(25)   Pre Evacuate Collection Set: 0.2ms
[2023-05-18T23:40:36.070+0000][119][info ][gc,phases   ] GC(25)   Merge Heap Roots: 0.3ms
[2023-05-18T23:40:36.071+0000][119][info ][gc,phases   ] GC(25)   Evacuate Collection Set: 22.1ms
[2023-05-18T23:40:36.071+0000][119][info ][gc,phases   ] GC(25)   Post Evacuate Collection Set: 2.5ms
[2023-05-18T23:40:36.071+0000][119][info ][gc,phases   ] GC(25)   Other: 0.6ms
[2023-05-18T23:40:36.071+0000][119][trace][gc,age      ] GC(25) Age table with threshold 2 (max threshold 15)
[2023-05-18T23:40:36.072+0000][119][trace][gc,age      ] GC(25) - age   1:    5583216 bytes,    5583216 total
[2023-05-18T23:40:36.072+0000][119][trace][gc,age      ] GC(25) - age   2:    8072568 bytes,   13655784 total
[2023-05-18T23:40:36.072+0000][119][info ][gc,heap     ] GC(25) Eden regions: 29->0(27)
[2023-05-18T23:40:36.072+0000][119][info ][gc,heap     ] GC(25) Survivor regions: 5->4(5)
[2023-05-18T23:40:36.072+0000][119][info ][gc,heap     ] GC(25) Old regions: 16->18
[2023-05-18T23:40:36.073+0000][119][info ][gc,heap     ] GC(25) Archive regions: 2->2
[2023-05-18T23:40:36.073+0000][119][info ][gc,heap     ] GC(25) Humongous regions: 2->2
[2023-05-18T23:40:36.073+0000][119][info ][gc,metaspace] GC(25) Metaspace: 120834K(124160K)->120834K(124160K) NonClass: 104279K(106048K)->104279K(106048K) Class: 16555K(18112K)->16555K(18112K)
[2023-05-18T23:40:36.074+0000][119][info ][gc          ] GC(25) Pause Young (Normal) (G1 Evacuation Pause) 209M->99M(256M) 30.083ms
[2023-05-18T23:40:36.074+0000][119][info ][gc,cpu      ] GC(25) User=0.15s Sys=0.00s Real=0.03s
[2023-05-18T23:40:36.074+0000][119][info ][safepoint   ] Safepoint "G1CollectForAllocation", Time since last: 2433322400 ns, Reaching safepoint: 109300 ns, Cleanup: 230200 ns, At safepoint: 30672800 ns, Total: 31012300 ns
[2023-05-18T23:40:37.075+0000][119][info ][safepoint   ] Safepoint "Cleanup", Time since last: 1000360300 ns, Reaching safepoint: 14700 ns, Cleanup: 169400 ns, At safepoint: 8800 ns, Total: 192900 ns
[2023-05-18T23:40:38.147+0000][119][info ][safepoint   ] Safepoint "Cleanup", Time since last: 1072489300 ns, Reaching safepoint: 88200 ns, Cleanup: 180700 ns, At safepoint: 29000 ns, Total: 297900 ns
[2023-05-18T23:40:39.665+0000][119][info ][safepoint   ] Safepoint "Cleanup", Time since last: 1517579800 ns, Reaching safepoint: 15400 ns, Cleanup: 210100 ns, At safepoint: 16000 ns, Total: 241500 ns
[2023-05-18T23:40:40.776+0000][119][info ][safepoint   ] Safepoint "Cleanup", Time since last: 1110625400 ns, Reaching safepoint: 108100 ns, Cleanup: 160600 ns, At safepoint: 45100 ns, Total: 313800 ns
[2023-05-18T23:40:41.777+0000][119][info ][safepoint   ] Safepoint "Cleanup", Time since last: 1000374600 ns, Reaching safepoint: 18300 ns, Cleanup: 186300 ns, At safepoint: 10000 ns, Total: 214600 ns
[2023-05-18T23:40:42.834+0000][119][info ][safepoint   ] Safepoint "Cleanup", Time since last: 1024298000 ns, Reaching safepoint: 32288000 ns, Cleanup: 178500 ns, At safepoint: 88000 ns, Total: 32554500 ns
[2023-05-18T23:40:43.834+0000][119][info ][safepoint   ] Safepoint "Cleanup", Time since last: 1000590100 ns, Reaching safepoint: 18600 ns, Cleanup: 130700 ns, At safepoint: 12000 ns, Total: 161300 ns
[2023-05-18T23:40:44.296+0000][119][info ][gc,start    ] GC(26) Pause Young (Concurrent Start) (G1 Evacuation Pause)
[2023-05-18T23:40:44.296+0000][119][info ][gc,task     ] GC(26) Using 8 workers of 8 for evacuation
[2023-05-18T23:40:44.297+0000][119][debug][gc,age      ] GC(26) Desired survivor size 8388608 bytes, new threshold 2 (max threshold 15)
[2023-05-18T23:40:44.311+0000][119][info ][gc,phases   ] GC(26)   Pre Evacuate Collection Set: 0.2ms
[2023-05-18T23:40:44.311+0000][119][info ][gc,phases   ] GC(26)   Merge Heap Roots: 0.1ms
[2023-05-18T23:40:44.311+0000][119][info ][gc,phases   ] GC(26)   Evacuate Collection Set: 12.6ms
[2023-05-18T23:40:44.312+0000][119][info ][gc,phases   ] GC(26)   Post Evacuate Collection Set: 1.2ms
[2023-05-18T23:40:44.312+0000][119][info ][gc,phases   ] GC(26)   Other: 0.5ms
[2023-05-18T23:40:44.312+0000][119][trace][gc,age      ] GC(26) Age table with threshold 2 (max threshold 15)
[2023-05-18T23:40:44.312+0000][119][trace][gc,age      ] GC(26) - age   1:    4693648 bytes,    4693648 total
[2023-05-18T23:40:44.312+0000][119][trace][gc,age      ] GC(26) - age   2:    5344616 bytes,   10038264 total
[2023-05-18T23:40:44.313+0000][119][info ][gc,heap     ] GC(26) Eden regions: 27->0(26)
[2023-05-18T23:40:44.313+0000][119][info ][gc,heap     ] GC(26) Survivor regions: 4->3(4)
[2023-05-18T23:40:44.313+0000][119][info ][gc,heap     ] GC(26) Old regions: 18->21
[2023-05-18T23:40:44.313+0000][119][info ][gc,heap     ] GC(26) Archive regions: 2->2
[2023-05-18T23:40:44.313+0000][119][info ][gc,heap     ] GC(26) Humongous regions: 2->2
[2023-05-18T23:40:44.314+0000][119][info ][gc,metaspace] GC(26) Metaspace: 123554K(126912K)->123554K(126912K) NonClass: 106634K(108416K)->106634K(108416K) Class: 16919K(18496K)->16919K(18496K)
[2023-05-18T23:40:44.314+0000][119][info ][gc          ] GC(26) Pause Young (Concurrent Start) (G1 Evacuation Pause) 207M->102M(256M) 17.567ms
[2023-05-18T23:40:44.314+0000][119][info ][gc          ] GC(27) Concurrent Mark Cycle
[2023-05-18T23:40:44.314+0000][119][info ][gc,marking  ] GC(27) Concurrent Scan Root Regions
[2023-05-18T23:40:44.314+0000][119][info ][gc,cpu      ] GC(26) User=0.07s Sys=0.01s Real=0.02s
[2023-05-18T23:40:44.315+0000][119][info ][safepoint   ] Safepoint "G1CollectForAllocation", Time since last: 461467500 ns, Reaching safepoint: 133900 ns, Cleanup: 182300 ns, At safepoint: 18671800 ns, Total: 18988000 ns
[2023-05-18T23:40:44.331+0000][119][info ][gc,marking  ] GC(27) Concurrent Scan Root Regions 17.218ms
[2023-05-18T23:40:44.334+0000][119][info ][gc,marking  ] GC(27) Concurrent Mark
[2023-05-18T23:40:44.334+0000][119][info ][gc,marking  ] GC(27) Concurrent Mark From Roots
[2023-05-18T23:40:44.335+0000][119][info ][gc,task     ] GC(27) Using 2 workers of 2 for marking
[2023-05-18T23:40:44.444+0000][119][info ][gc,marking  ] GC(27) Concurrent Mark From Roots 109.720ms
[2023-05-18T23:40:44.444+0000][119][info ][gc,marking  ] GC(27) Concurrent Preclean
[2023-05-18T23:40:44.445+0000][119][info ][gc,marking  ] GC(27) Concurrent Preclean 1.211ms
[2023-05-18T23:40:44.446+0000][119][info ][gc,start    ] GC(27) Pause Remark
[2023-05-18T23:40:44.454+0000][119][info ][gc          ] GC(27) Pause Remark 119M->119M(256M) 8.186ms
[2023-05-18T23:40:44.454+0000][119][info ][gc,cpu      ] GC(27) User=0.04s Sys=0.00s Real=0.01s
[2023-05-18T23:40:44.455+0000][119][info ][safepoint   ] Safepoint "G1PauseRemark", Time since last: 130853200 ns, Reaching safepoint: 152700 ns, Cleanup: 173900 ns, At safepoint: 8716500 ns, Total: 9043100 ns
[2023-05-18T23:40:44.455+0000][119][info ][gc,marking  ] GC(27) Concurrent Mark 121.165ms
[2023-05-18T23:40:44.455+0000][119][info ][gc,marking  ] GC(27) Concurrent Rebuild Remembered Sets and Scrub Regions
[2023-05-18T23:40:44.514+0000][119][info ][gc,marking  ] GC(27) Concurrent Rebuild Remembered Sets and Scrub Regions 58.330ms
[2023-05-18T23:40:44.515+0000][119][info ][gc,start    ] GC(27) Pause Cleanup
[2023-05-18T23:40:44.515+0000][119][info ][gc          ] GC(27) Pause Cleanup 124M->124M(256M) 0.421ms
[2023-05-18T23:40:44.515+0000][119][info ][gc,cpu      ] GC(27) User=0.00s Sys=0.00s Real=0.00s
[2023-05-18T23:40:44.516+0000][119][info ][safepoint   ] Safepoint "G1PauseCleanup", Time since last: 59116800 ns, Reaching safepoint: 728400 ns, Cleanup: 178200 ns, At safepoint: 1046300 ns, Total: 1952900 ns
[2023-05-18T23:40:44.516+0000][119][info ][gc,marking  ] GC(27) Concurrent Clear Claimed Marks
[2023-05-18T23:40:44.517+0000][119][info ][gc,marking  ] GC(27) Concurrent Clear Claimed Marks 0.756ms
[2023-05-18T23:40:44.517+0000][119][info ][gc,marking  ] GC(27) Concurrent Cleanup for Next Mark
[2023-05-18T23:40:44.530+0000][119][info ][gc,marking  ] GC(27) Concurrent Cleanup for Next Mark 12.541ms
[2023-05-18T23:40:44.530+0000][119][info ][gc          ] GC(27) Concurrent Mark Cycle 216.091ms
[2023-05-18T23:40:44.865+0000][119][info ][safepoint   ] Safepoint "ICBufferFull", Time since last: 348859700 ns, Reaching safepoint: 27800 ns, Cleanup: 469100 ns, At safepoint: 141400 ns, Total: 638300 ns
[2023-05-18T23:40:44.868+0000][119][info ][safepoint   ] Safepoint "ICBufferFull", Time since last: 1913800 ns, Reaching safepoint: 113400 ns, Cleanup: 169300 ns, At safepoint: 162100 ns, Total: 444800 ns
[2023-05-18T23:40:44.870+0000][119][info ][safepoint   ] Safepoint "ICBufferFull", Time since last: 1777400 ns, Reaching safepoint: 119100 ns, Cleanup: 163200 ns, At safepoint: 106400 ns, Total: 388700 ns
[2023-05-18T23:40:45.238+0000][119][info ][safepoint   ] Safepoint "ICBufferFull", Time since last: 367682300 ns, Reaching safepoint: 110600 ns, Cleanup: 190200 ns, At safepoint: 127300 ns, Total: 428100 ns
[2023-05-18T23:40:45.803+0000][119][info ][safepoint   ] Safepoint "ICBufferFull", Time since last: 564457800 ns, Reaching safepoint: 24600 ns, Cleanup: 259900 ns, At safepoint: 35000 ns, Total: 319500 ns
[2023-05-18T23:40:46.385+0000][119][info ][gc,start    ] GC(28) Pause Young (Prepare Mixed) (G1 Evacuation Pause)
[2023-05-18T23:40:46.386+0000][119][info ][gc,task     ] GC(28) Using 8 workers of 8 for evacuation
[2023-05-18T23:40:46.386+0000][119][debug][gc,age      ] GC(28) Desired survivor size 8388608 bytes, new threshold 2 (max threshold 15)
[2023-05-18T23:40:46.403+0000][119][info ][gc,phases   ] GC(28)   Pre Evacuate Collection Set: 0.2ms
[2023-05-18T23:40:46.403+0000][119][info ][gc,phases   ] GC(28)   Merge Heap Roots: 0.1ms
[2023-05-18T23:40:46.403+0000][119][info ][gc,phases   ] GC(28)   Evacuate Collection Set: 14.0ms
[2023-05-18T23:40:46.403+0000][119][info ][gc,phases   ] GC(28)   Post Evacuate Collection Set: 1.8ms
[2023-05-18T23:40:46.403+0000][119][info ][gc,phases   ] GC(28)   Other: 0.7ms
[2023-05-18T23:40:46.404+0000][119][trace][gc,age      ] GC(28) Age table with threshold 2 (max threshold 15)
[2023-05-18T23:40:46.404+0000][119][trace][gc,age      ] GC(28) - age   1:   12752288 bytes,   12752288 total
[2023-05-18T23:40:46.404+0000][119][trace][gc,age      ] GC(28) - age   2:    2737752 bytes,   15490040 total
[2023-05-18T23:40:46.404+0000][119][info ][gc,heap     ] GC(28) Eden regions: 26->0(22)
[2023-05-18T23:40:46.404+0000][119][info ][gc,heap     ] GC(28) Survivor regions: 3->4(4)
[2023-05-18T23:40:46.405+0000][119][info ][gc,heap     ] GC(28) Old regions: 21->23
[2023-05-18T23:40:46.405+0000][119][info ][gc,heap     ] GC(28) Archive regions: 2->2
[2023-05-18T23:40:46.405+0000][119][info ][gc,heap     ] GC(28) Humongous regions: 2->2
[2023-05-18T23:40:46.405+0000][119][info ][gc,metaspace] GC(28) Metaspace: 127067K(130432K)->127067K(130432K) NonClass: 109657K(111488K)->109657K(111488K) Class: 17410K(18944K)->17410K(18944K)
[2023-05-18T23:40:46.405+0000][119][info ][gc          ] GC(28) Pause Young (Prepare Mixed) (G1 Evacuation Pause) 206M->116M(256M) 20.215ms
[2023-05-18T23:40:46.406+0000][119][info ][gc,cpu      ] GC(28) User=0.11s Sys=0.01s Real=0.02s
[2023-05-18T23:40:46.406+0000][119][info ][safepoint   ] Safepoint "G1CollectForAllocation", Time since last: 582230800 ns, Reaching safepoint: 57900 ns, Cleanup: 198200 ns, At safepoint: 20807900 ns, Total: 21064000 ns
[2023-05-18T23:40:47.409+0000][119][info ][safepoint   ] Safepoint "Cleanup", Time since last: 1002874400 ns, Reaching safepoint: 113900 ns, Cleanup: 161400 ns, At safepoint: 28000 ns, Total: 303300 ns
[2023-05-18T23:40:48.410+0000][119][info ][safepoint   ] Safepoint "Cleanup", Time since last: 1000393100 ns, Reaching safepoint: 23200 ns, Cleanup: 296200 ns, At safepoint: 34300 ns, Total: 353700 ns
[2023-05-18T23:40:49.270+0000][119][info ][safepoint   ] Safepoint "ICBufferFull", Time since last: 860159300 ns, Reaching safepoint: 22900 ns, Cleanup: 185300 ns, At safepoint: 47200 ns, Total: 255400 ns
[2023-05-18T23:40:50.011+0000][119][info ][safepoint   ] Safepoint "ICBufferFull", Time since last: 740176500 ns, Reaching safepoint: 23000 ns, Cleanup: 193600 ns, At safepoint: 44300 ns, Total: 260900 ns
[2023-05-18T23:40:50.736+0000][119][info ][gc,start    ] GC(29) Pause Young (Mixed) (G1 Evacuation Pause)
[2023-05-18T23:40:50.736+0000][119][info ][gc,task     ] GC(29) Using 8 workers of 8 for evacuation
[2023-05-18T23:40:50.736+0000][119][debug][gc,age      ] GC(29) Desired survivor size 8388608 bytes, new threshold 1 (max threshold 15)
[2023-05-18T23:40:50.745+0000][119][info ][gc,phases   ] GC(29)   Pre Evacuate Collection Set: 0.2ms
[2023-05-18T23:40:50.746+0000][119][info ][gc,phases   ] GC(29)   Merge Heap Roots: 0.1ms
[2023-05-18T23:40:50.746+0000][119][info ][gc,phases   ] GC(29)   Evacuate Collection Set: 6.8ms
[2023-05-18T23:40:50.747+0000][119][info ][gc,phases   ] GC(29)   Post Evacuate Collection Set: 1.3ms
[2023-05-18T23:40:50.747+0000][119][info ][gc,phases   ] GC(29)   Other: 0.5ms
[2023-05-18T23:40:50.747+0000][119][trace][gc,age      ] GC(29) Age table with threshold 1 (max threshold 15)
[2023-05-18T23:40:50.747+0000][119][trace][gc,age      ] GC(29) - age   1:    2438600 bytes,    2438600 total
[2023-05-18T23:40:50.748+0000][119][info ][gc,heap     ] GC(29) Eden regions: 22->0(25)
[2023-05-18T23:40:50.748+0000][119][info ][gc,heap     ] GC(29) Survivor regions: 4->1(4)
[2023-05-18T23:40:50.749+0000][119][info ][gc,heap     ] GC(29) Old regions: 23->26
[2023-05-18T23:40:50.749+0000][119][info ][gc,heap     ] GC(29) Archive regions: 2->2
[2023-05-18T23:40:50.749+0000][119][info ][gc,heap     ] GC(29) Humongous regions: 2->2
[2023-05-18T23:40:50.750+0000][119][info ][gc,metaspace] GC(29) Metaspace: 130647K(134016K)->130647K(134016K) NonClass: 112726K(114560K)->112726K(114560K) Class: 17921K(19456K)->17921K(19456K)
[2023-05-18T23:40:50.750+0000][119][info ][gc          ] GC(29) Pause Young (Mixed) (G1 Evacuation Pause) 204M->117M(256M) 13.931ms
[2023-05-18T23:40:50.750+0000][119][info ][gc,cpu      ] GC(29) User=0.05s Sys=0.00s Real=0.01s
[2023-05-18T23:40:50.750+0000][119][info ][safepoint   ] Safepoint "G1CollectForAllocation", Time since last: 725040400 ns, Reaching safepoint: 15700 ns, Cleanup: 141100 ns, At safepoint: 14522200 ns, Total: 14679000 ns
[2023-05-18T23:40:51.752+0000][119][info ][safepoint   ] Safepoint "Cleanup", Time since last: 1000636800 ns, Reaching safepoint: 79100 ns, Cleanup: 298600 ns, At safepoint: 21100 ns, Total: 398800 ns
[2023-05-18T23:40:52.752+0000][119][info ][safepoint   ] Safepoint "Cleanup", Time since last: 1000487300 ns, Reaching safepoint: 22600 ns, Cleanup: 234400 ns, At safepoint: 17200 ns, Total: 274200 ns
[2023-05-18T23:40:53.753+0000][119][info ][safepoint   ] Safepoint "Cleanup", Time since last: 1000310800 ns, Reaching safepoint: 91300 ns, Cleanup: 283200 ns, At safepoint: 97600 ns, Total: 472100 ns
[2023-05-18T23:40:54.754+0000][119][info ][safepoint   ] Safepoint "Cleanup", Time since last: 1000361200 ns, Reaching safepoint: 198900 ns, Cleanup: 192100 ns, At safepoint: 88900 ns, Total: 479900 ns
[2023-05-18T23:40:55.683+0000][119][info ][gc,start    ] GC(30) Pause Young (Concurrent Start) (G1 Evacuation Pause)
[2023-05-18T23:40:55.683+0000][119][info ][gc,task     ] GC(30) Using 8 workers of 8 for evacuation
[2023-05-18T23:40:55.683+0000][119][debug][gc,age      ] GC(30) Desired survivor size 8388608 bytes, new threshold 15 (max threshold 15)
[2023-05-18T23:40:55.689+0000][119][info ][gc,phases   ] GC(30)   Pre Evacuate Collection Set: 0.2ms
[2023-05-18T23:40:55.689+0000][119][info ][gc,phases   ] GC(30)   Merge Heap Roots: 0.1ms
[2023-05-18T23:40:55.689+0000][119][info ][gc,phases   ] GC(30)   Evacuate Collection Set: 4.2ms
[2023-05-18T23:40:55.689+0000][119][info ][gc,phases   ] GC(30)   Post Evacuate Collection Set: 0.8ms
[2023-05-18T23:40:55.689+0000][119][info ][gc,phases   ] GC(30)   Other: 0.5ms
[2023-05-18T23:40:55.690+0000][119][trace][gc,age      ] GC(30) Age table with threshold 15 (max threshold 15)
[2023-05-18T23:40:55.690+0000][119][trace][gc,age      ] GC(30) - age   1:    4257968 bytes,    4257968 total
[2023-05-18T23:40:55.690+0000][119][trace][gc,age      ] GC(30) - age   2:    1541736 bytes,    5799704 total
[2023-05-18T23:40:55.690+0000][119][info ][gc,heap     ] GC(30) Eden regions: 25->0(23)
[2023-05-18T23:40:55.690+0000][119][info ][gc,heap     ] GC(30) Survivor regions: 1->2(4)
[2023-05-18T23:40:55.691+0000][119][info ][gc,heap     ] GC(30) Old regions: 26->26
[2023-05-18T23:40:55.691+0000][119][info ][gc,heap     ] GC(30) Archive regions: 2->2
[2023-05-18T23:40:55.691+0000][119][info ][gc,heap     ] GC(30) Humongous regions: 2->2
[2023-05-18T23:40:55.691+0000][119][info ][gc,metaspace] GC(30) Metaspace: 131190K(134592K)->131190K(134592K) NonClass: 113253K(115072K)->113253K(115072K) Class: 17936K(19520K)->17936K(19520K)
[2023-05-18T23:40:55.691+0000][119][info ][gc          ] GC(30) Pause Young (Concurrent Start) (G1 Evacuation Pause) 217M->119M(256M) 8.789ms
[2023-05-18T23:40:55.692+0000][119][info ][gc          ] GC(31) Concurrent Mark Cycle
[2023-05-18T23:40:55.692+0000][119][info ][gc,marking  ] GC(31) Concurrent Scan Root Regions
[2023-05-18T23:40:55.692+0000][119][info ][gc,cpu      ] GC(30) User=0.03s Sys=0.00s Real=0.01s
[2023-05-18T23:40:55.692+0000][119][info ][safepoint   ] Safepoint "G1CollectForAllocation", Time since last: 928430800 ns, Reaching safepoint: 19900 ns, Cleanup: 171000 ns, At safepoint: 9702600 ns, Total: 9893500 ns
[2023-05-18T23:40:55.698+0000][119][info ][gc,marking  ] GC(31) Concurrent Scan Root Regions 5.910ms
[2023-05-18T23:40:55.698+0000][119][info ][gc,marking  ] GC(31) Concurrent Mark
[2023-05-18T23:40:55.699+0000][119][info ][gc,marking  ] GC(31) Concurrent Mark From Roots
[2023-05-18T23:40:55.699+0000][119][info ][gc,task     ] GC(31) Using 2 workers of 2 for marking
[2023-05-18T23:40:55.807+0000][119][info ][gc,marking  ] GC(31) Concurrent Mark From Roots 108.614ms
[2023-05-18T23:40:55.808+0000][119][info ][gc,marking  ] GC(31) Concurrent Preclean
[2023-05-18T23:40:55.808+0000][119][info ][gc,marking  ] GC(31) Concurrent Preclean 0.739ms
[2023-05-18T23:40:55.809+0000][119][info ][gc,start    ] GC(31) Pause Remark
[2023-05-18T23:40:55.828+0000][119][info ][gc          ] GC(31) Pause Remark 128M->128M(256M) 18.695ms
[2023-05-18T23:40:55.828+0000][119][info ][gc,cpu      ] GC(31) User=0.09s Sys=0.01s Real=0.02s
[2023-05-18T23:40:55.829+0000][119][info ][safepoint   ] Safepoint "G1PauseRemark", Time since last: 116773300 ns, Reaching safepoint: 24400 ns, Cleanup: 116800 ns, At safepoint: 19427800 ns, Total: 19569000 ns
[2023-05-18T23:40:55.829+0000][119][info ][gc,marking  ] GC(31) Concurrent Mark 130.833ms
[2023-05-18T23:40:55.829+0000][119][info ][gc,marking  ] GC(31) Concurrent Rebuild Remembered Sets and Scrub Regions
[2023-05-18T23:40:55.889+0000][119][info ][gc,marking  ] GC(31) Concurrent Rebuild Remembered Sets and Scrub Regions 60.060ms
[2023-05-18T23:40:55.890+0000][119][info ][gc,start    ] GC(31) Pause Cleanup
[2023-05-18T23:40:55.891+0000][119][info ][gc          ] GC(31) Pause Cleanup 129M->129M(256M) 0.547ms
[2023-05-18T23:40:55.891+0000][119][info ][gc,cpu      ] GC(31) User=0.00s Sys=0.00s Real=0.00s
[2023-05-18T23:40:55.891+0000][119][info ][safepoint   ] Safepoint "G1PauseCleanup", Time since last: 61118000 ns, Reaching safepoint: 293300 ns, Cleanup: 207900 ns, At safepoint: 1094200 ns, Total: 1595400 ns
[2023-05-18T23:40:55.892+0000][119][info ][gc,marking  ] GC(31) Concurrent Clear Claimed Marks
[2023-05-18T23:40:55.893+0000][119][info ][gc,marking  ] GC(31) Concurrent Clear Claimed Marks 0.852ms
[2023-05-18T23:40:55.893+0000][119][info ][gc,marking  ] GC(31) Concurrent Cleanup for Next Mark
[2023-05-18T23:40:55.894+0000][119][info ][gc,marking  ] GC(31) Concurrent Cleanup for Next Mark 0.911ms
[2023-05-18T23:40:55.895+0000][119][info ][gc          ] GC(31) Concurrent Mark Cycle 203.059ms
[2023-05-18T23:40:56.892+0000][119][info ][safepoint   ] Safepoint "Cleanup", Time since last: 1000508400 ns, Reaching safepoint: 16700 ns, Cleanup: 152300 ns, At safepoint: 7500 ns, Total: 176500 ns
[2023-05-18T23:40:58.084+0000][119][info ][safepoint   ] Safepoint "ICBufferFull", Time since last: 1192012200 ns, Reaching safepoint: 23100 ns, Cleanup: 223000 ns, At safepoint: 61400 ns, Total: 307500 ns
[2023-05-18T23:40:58.138+0000][119][info ][gc,start    ] GC(32) Pause Young (Prepare Mixed) (G1 Evacuation Pause)
[2023-05-18T23:40:58.138+0000][119][info ][gc,task     ] GC(32) Using 8 workers of 8 for evacuation
[2023-05-18T23:40:58.139+0000][119][debug][gc,age      ] GC(32) Desired survivor size 8388608 bytes, new threshold 15 (max threshold 15)
[2023-05-18T23:40:58.147+0000][119][info ][gc,phases   ] GC(32)   Pre Evacuate Collection Set: 0.2ms
[2023-05-18T23:40:58.147+0000][119][info ][gc,phases   ] GC(32)   Merge Heap Roots: 0.2ms
[2023-05-18T23:40:58.147+0000][119][info ][gc,phases   ] GC(32)   Evacuate Collection Set: 6.3ms
[2023-05-18T23:40:58.147+0000][119][info ][gc,phases   ] GC(32)   Post Evacuate Collection Set: 1.1ms
[2023-05-18T23:40:58.148+0000][119][info ][gc,phases   ] GC(32)   Other: 0.7ms
[2023-05-18T23:40:58.148+0000][119][trace][gc,age      ] GC(32) Age table with threshold 15 (max threshold 15)
[2023-05-18T23:40:58.148+0000][119][trace][gc,age      ] GC(32) - age   1:    8842144 bytes,    8842144 total
[2023-05-18T23:40:58.148+0000][119][trace][gc,age      ] GC(32) - age   2:    1117696 bytes,    9959840 total
[2023-05-18T23:40:58.148+0000][119][trace][gc,age      ] GC(32) - age   3:    1421216 bytes,   11381056 total
[2023-05-18T23:40:58.148+0000][119][info ][gc,heap     ] GC(32) Eden regions: 23->0(21)
[2023-05-18T23:40:58.149+0000][119][info ][gc,heap     ] GC(32) Survivor regions: 2->3(4)
[2023-05-18T23:40:58.149+0000][119][info ][gc,heap     ] GC(32) Old regions: 26->26
[2023-05-18T23:40:58.149+0000][119][info ][gc,heap     ] GC(32) Archive regions: 2->2
[2023-05-18T23:40:58.149+0000][119][info ][gc,heap     ] GC(32) Humongous regions: 2->2
[2023-05-18T23:40:58.150+0000][119][info ][gc,metaspace] GC(32) Metaspace: 131919K(135296K)->131919K(135296K) NonClass: 113903K(115712K)->113903K(115712K) Class: 18016K(19584K)->18016K(19584K)
[2023-05-18T23:40:58.150+0000][119][info ][gc          ] GC(32) Pause Young (Prepare Mixed) (G1 Evacuation Pause) 211M->124M(256M) 11.758ms
[2023-05-18T23:40:58.150+0000][119][info ][gc,cpu      ] GC(32) User=0.05s Sys=0.01s Real=0.01s
[2023-05-18T23:40:58.150+0000][119][info ][safepoint   ] Safepoint "G1CollectForAllocation", Time since last: 53439800 ns, Reaching safepoint: 27000 ns, Cleanup: 167400 ns, At safepoint: 12363200 ns, Total: 12557600 ns
[2023-05-18T23:40:59.265+0000][119][info ][safepoint   ] Safepoint "ICBufferFull", Time since last: 1114803300 ns, Reaching safepoint: 22900 ns, Cleanup: 192700 ns, At safepoint: 158600 ns, Total: 374200 ns
[2023-05-18T23:40:59.292+0000][119][info ][safepoint   ] Safepoint "ICBufferFull", Time since last: 25508500 ns, Reaching safepoint: 575000 ns, Cleanup: 195200 ns, At safepoint: 47200 ns, Total: 817400 ns
[2023-05-18T23:41:00.288+0000][119][info ][safepoint   ] Safepoint "ICBufferFull", Time since last: 995781700 ns, Reaching safepoint: 23000 ns, Cleanup: 186100 ns, At safepoint: 10100 ns, Total: 219200 ns
[2023-05-18T23:41:00.420+0000][119][info ][gc,start    ] GC(33) Pause Young (Mixed) (G1 Evacuation Pause)
[2023-05-18T23:41:00.420+0000][119][info ][gc,task     ] GC(33) Using 8 workers of 8 for evacuation
[2023-05-18T23:41:00.420+0000][119][debug][gc,age      ] GC(33) Desired survivor size 6291456 bytes, new threshold 1 (max threshold 15)
[2023-05-18T23:41:00.427+0000][119][info ][gc,phases   ] GC(33)   Pre Evacuate Collection Set: 0.2ms
[2023-05-18T23:41:00.427+0000][119][info ][gc,phases   ] GC(33)   Merge Heap Roots: 0.2ms
[2023-05-18T23:41:00.427+0000][119][info ][gc,phases   ] GC(33)   Evacuate Collection Set: 4.9ms
[2023-05-18T23:41:00.427+0000][119][info ][gc,phases   ] GC(33)   Post Evacuate Collection Set: 1.0ms
[2023-05-18T23:41:00.428+0000][119][info ][gc,phases   ] GC(33)   Other: 0.5ms
[2023-05-18T23:41:00.428+0000][119][trace][gc,age      ] GC(33) Age table with threshold 1 (max threshold 15)
[2023-05-18T23:41:00.428+0000][119][trace][gc,age      ] GC(33) - age   1:    2725448 bytes,    2725448 total
[2023-05-18T23:41:00.429+0000][119][info ][gc,heap     ] GC(33) Eden regions: 21->0(24)
[2023-05-18T23:41:00.429+0000][119][info ][gc,heap     ] GC(33) Survivor regions: 3->1(3)
[2023-05-18T23:41:00.430+0000][119][info ][gc,heap     ] GC(33) Old regions: 26->27
[2023-05-18T23:41:00.430+0000][119][info ][gc,heap     ] GC(33) Archive regions: 2->2
[2023-05-18T23:41:00.430+0000][119][info ][gc,heap     ] GC(33) Humongous regions: 2->2
[2023-05-18T23:41:00.430+0000][119][info ][gc,metaspace] GC(33) Metaspace: 133066K(136448K)->133066K(136448K) NonClass: 114930K(116736K)->114930K(116736K) Class: 18135K(19712K)->18135K(19712K)
[2023-05-18T23:41:00.431+0000][119][info ][gc          ] GC(33) Pause Young (Mixed) (G1 Evacuation Pause) 208M->122M(256M) 10.959ms
[2023-05-18T23:41:00.431+0000][119][info ][gc,cpu      ] GC(33) User=0.05s Sys=0.00s Real=0.01s
[2023-05-18T23:41:00.431+0000][119][info ][safepoint   ] Safepoint "G1CollectForAllocation", Time since last: 131642600 ns, Reaching safepoint: 109800 ns, Cleanup: 155900 ns, At safepoint: 11698000 ns, Total: 11963700 ns
[2023-05-18T23:41:01.131+0000][119][info ][safepoint   ] Safepoint "ICBufferFull", Time since last: 699364800 ns, Reaching safepoint: 20700 ns, Cleanup: 329500 ns, At safepoint: 71700 ns, Total: 421900 ns
[2023-05-18T23:41:02.132+0000][119][info ][safepoint   ] Safepoint "Cleanup", Time since last: 1000420400 ns, Reaching safepoint: 201900 ns, Cleanup: 179300 ns, At safepoint: 54700 ns, Total: 435900 ns
[2023-05-18T23:41:03.133+0000][119][info ][safepoint   ] Safepoint "Cleanup", Time since last: 1000324800 ns, Reaching safepoint: 22200 ns, Cleanup: 202900 ns, At safepoint: 76700 ns, Total: 301800 ns
[2023-05-18T23:41:03.607+0000][119][info ][gc,start    ] GC(34) Pause Young (Concurrent Start) (G1 Evacuation Pause)
[2023-05-18T23:41:03.607+0000][119][info ][gc,task     ] GC(34) Using 8 workers of 8 for evacuation
[2023-05-18T23:41:03.608+0000][119][debug][gc,age      ] GC(34) Desired survivor size 8388608 bytes, new threshold 15 (max threshold 15)
[2023-05-18T23:41:03.612+0000][119][info ][gc,phases   ] GC(34)   Pre Evacuate Collection Set: 0.2ms
[2023-05-18T23:41:03.612+0000][119][info ][gc,phases   ] GC(34)   Merge Heap Roots: 0.2ms
[2023-05-18T23:41:03.612+0000][119][info ][gc,phases   ] GC(34)   Evacuate Collection Set: 2.4ms
[2023-05-18T23:41:03.612+0000][119][info ][gc,phases   ] GC(34)   Post Evacuate Collection Set: 0.8ms
[2023-05-18T23:41:03.613+0000][119][info ][gc,phases   ] GC(34)   Other: 0.5ms
[2023-05-18T23:41:03.613+0000][119][trace][gc,age      ] GC(34) Age table with threshold 15 (max threshold 15)
[2023-05-18T23:41:03.613+0000][119][trace][gc,age      ] GC(34) - age   1:    2990904 bytes,    2990904 total
[2023-05-18T23:41:03.613+0000][119][trace][gc,age      ] GC(34) - age   2:     914472 bytes,    3905376 total
[2023-05-18T23:41:03.614+0000][119][info ][gc,heap     ] GC(34) Eden regions: 24->0(24)
[2023-05-18T23:41:03.614+0000][119][info ][gc,heap     ] GC(34) Survivor regions: 1->1(4)
[2023-05-18T23:41:03.614+0000][119][info ][gc,heap     ] GC(34) Old regions: 27->27
[2023-05-18T23:41:03.614+0000][119][info ][gc,heap     ] GC(34) Archive regions: 2->2
[2023-05-18T23:41:03.615+0000][119][info ][gc,heap     ] GC(34) Humongous regions: 2->2
[2023-05-18T23:41:03.615+0000][119][info ][gc,metaspace] GC(34) Metaspace: 134134K(137600K)->134134K(137600K) NonClass: 115918K(117824K)->115918K(117824K) Class: 18215K(19776K)->18215K(19776K)
[2023-05-18T23:41:03.615+0000][119][info ][gc          ] GC(34) Pause Young (Concurrent Start) (G1 Evacuation Pause) 218M->122M(256M) 7.898ms
[2023-05-18T23:41:03.615+0000][119][info ][gc,cpu      ] GC(34) User=0.02s Sys=0.00s Real=0.01s
[2023-05-18T23:41:03.615+0000][119][info ][gc          ] GC(35) Concurrent Mark Cycle
[2023-05-18T23:41:03.616+0000][119][info ][safepoint   ] Safepoint "G1CollectForAllocation", Time since last: 474308900 ns, Reaching safepoint: 30100 ns, Cleanup: 211200 ns, At safepoint: 8475300 ns, Total: 8716600 ns
[2023-05-18T23:41:03.616+0000][119][info ][gc,marking  ] GC(35) Concurrent Scan Root Regions
[2023-05-18T23:41:03.622+0000][119][info ][gc,marking  ] GC(35) Concurrent Scan Root Regions 5.782ms
[2023-05-18T23:41:03.622+0000][119][info ][gc,marking  ] GC(35) Concurrent Mark
[2023-05-18T23:41:03.622+0000][119][info ][gc,marking  ] GC(35) Concurrent Mark From Roots
[2023-05-18T23:41:03.623+0000][119][info ][gc,task     ] GC(35) Using 2 workers of 2 for marking
[2023-05-18T23:41:03.708+0000][119][info ][gc,marking  ] GC(35) Concurrent Mark From Roots 85.307ms
[2023-05-18T23:41:03.708+0000][119][info ][gc,marking  ] GC(35) Concurrent Preclean
[2023-05-18T23:41:03.709+0000][119][info ][gc,marking  ] GC(35) Concurrent Preclean 0.594ms
[2023-05-18T23:41:03.709+0000][119][info ][gc,start    ] GC(35) Pause Remark
[2023-05-18T23:41:03.729+0000][119][info ][gc          ] GC(35) Pause Remark 124M->124M(256M) 19.984ms
[2023-05-18T23:41:03.729+0000][119][info ][gc,cpu      ] GC(35) User=0.08s Sys=0.01s Real=0.02s
[2023-05-18T23:41:03.730+0000][119][info ][safepoint   ] Safepoint "G1PauseRemark", Time since last: 93157600 ns, Reaching safepoint: 18500 ns, Cleanup: 177200 ns, At safepoint: 20489700 ns, Total: 20685400 ns
[2023-05-18T23:41:03.730+0000][119][info ][gc,marking  ] GC(35) Concurrent Mark 107.787ms
[2023-05-18T23:41:03.730+0000][119][info ][gc,marking  ] GC(35) Concurrent Rebuild Remembered Sets and Scrub Regions
[2023-05-18T23:41:03.779+0000][119][info ][gc,marking  ] GC(35) Concurrent Rebuild Remembered Sets and Scrub Regions 48.224ms
[2023-05-18T23:41:03.779+0000][119][info ][gc,start    ] GC(35) Pause Cleanup
[2023-05-18T23:41:03.780+0000][119][info ][gc          ] GC(35) Pause Cleanup 124M->124M(256M) 0.514ms
[2023-05-18T23:41:03.780+0000][119][info ][gc,cpu      ] GC(35) User=0.00s Sys=0.00s Real=0.00s
[2023-05-18T23:41:03.780+0000][119][info ][safepoint   ] Safepoint "G1PauseCleanup", Time since last: 49341800 ns, Reaching safepoint: 20300 ns, Cleanup: 227800 ns, At safepoint: 1055700 ns, Total: 1303800 ns
[2023-05-18T23:41:03.780+0000][119][info ][gc,marking  ] GC(35) Concurrent Clear Claimed Marks
[2023-05-18T23:41:03.781+0000][119][info ][gc,marking  ] GC(35) Concurrent Clear Claimed Marks 0.430ms
[2023-05-18T23:41:03.781+0000][119][info ][gc,marking  ] GC(35) Concurrent Cleanup for Next Mark
[2023-05-18T23:41:03.782+0000][119][info ][gc,marking  ] GC(35) Concurrent Cleanup for Next Mark 0.434ms
[2023-05-18T23:41:03.782+0000][119][info ][gc          ] GC(35) Concurrent Mark Cycle 166.341ms
[2023-05-18T23:41:04.781+0000][119][info ][safepoint   ] Safepoint "Cleanup", Time since last: 1000379800 ns, Reaching safepoint: 26300 ns, Cleanup: 267900 ns, At safepoint: 20200 ns, Total: 314400 ns
[2023-05-18T23:41:05.782+0000][119][info ][safepoint   ] Safepoint "Cleanup", Time since last: 1000358200 ns, Reaching safepoint: 627800 ns, Cleanup: 276000 ns, At safepoint: 133600 ns, Total: 1037400 ns
[2023-05-18T23:41:06.637+0000][119][info ][gc,start    ] GC(36) Pause Young (Prepare Mixed) (G1 Evacuation Pause)
[2023-05-18T23:41:06.637+0000][119][info ][gc,task     ] GC(36) Using 8 workers of 8 for evacuation
[2023-05-18T23:41:06.637+0000][119][debug][gc,age      ] GC(36) Desired survivor size 8388608 bytes, new threshold 15 (max threshold 15)
[2023-05-18T23:41:06.643+0000][119][info ][gc,phases   ] GC(36)   Pre Evacuate Collection Set: 0.2ms
[2023-05-18T23:41:06.643+0000][119][info ][gc,phases   ] GC(36)   Merge Heap Roots: 0.2ms
[2023-05-18T23:41:06.643+0000][119][info ][gc,phases   ] GC(36)   Evacuate Collection Set: 3.4ms
[2023-05-18T23:41:06.644+0000][119][info ][gc,phases   ] GC(36)   Post Evacuate Collection Set: 1.0ms
[2023-05-18T23:41:06.644+0000][119][info ][gc,phases   ] GC(36)   Other: 0.9ms
[2023-05-18T23:41:06.644+0000][119][trace][gc,age      ] GC(36) Age table with threshold 15 (max threshold 15)
[2023-05-18T23:41:06.645+0000][119][trace][gc,age      ] GC(36) - age   1:    3889136 bytes,    3889136 total
[2023-05-18T23:41:06.645+0000][119][trace][gc,age      ] GC(36) - age   2:     918400 bytes,    4807536 total
[2023-05-18T23:41:06.645+0000][119][trace][gc,age      ] GC(36) - age   3:     799136 bytes,    5606672 total
[2023-05-18T23:41:06.645+0000][119][info ][gc,heap     ] GC(36) Eden regions: 24->0(22)
[2023-05-18T23:41:06.645+0000][119][info ][gc,heap     ] GC(36) Survivor regions: 1->2(4)
[2023-05-18T23:41:06.646+0000][119][info ][gc,heap     ] GC(36) Old regions: 27->27
[2023-05-18T23:41:06.646+0000][119][info ][gc,heap     ] GC(36) Archive regions: 2->2
[2023-05-18T23:41:06.646+0000][119][info ][gc,heap     ] GC(36) Humongous regions: 2->2
[2023-05-18T23:41:06.647+0000][119][info ][gc,metaspace] GC(36) Metaspace: 132986K(137600K)->132986K(137600K) NonClass: 115177K(117824K)->115177K(117824K) Class: 17808K(19776K)->17808K(19776K)
[2023-05-18T23:41:06.647+0000][119][info ][gc          ] GC(36) Pause Young (Prepare Mixed) (G1 Evacuation Pause) 218M->124M(256M) 10.133ms
[2023-05-18T23:41:06.647+0000][119][info ][gc,cpu      ] GC(36) User=0.01s Sys=0.01s Real=0.01s
[2023-05-18T23:41:06.647+0000][119][info ][safepoint   ] Safepoint "G1CollectForAllocation", Time since last: 854040600 ns, Reaching safepoint: 28500 ns, Cleanup: 247100 ns, At safepoint: 10722800 ns, Total: 10998400 ns
[2023-05-18T23:41:07.648+0000][119][info ][safepoint   ] Safepoint "Cleanup", Time since last: 1000388800 ns, Reaching safepoint: 17100 ns, Cleanup: 136400 ns, At safepoint: 23200 ns, Total: 176700 ns
[2023-05-18T23:41:08.807+0000][119][info ][safepoint   ] Safepoint "Cleanup", Time since last: 1158448200 ns, Reaching safepoint: 21500 ns, Cleanup: 202400 ns, At safepoint: 70700 ns, Total: 294600 ns
[2023-05-18T23:41:10.636+0000][119][info ][safepoint   ] Safepoint "Cleanup", Time since last: 1829276800 ns, Reaching safepoint: 20800 ns, Cleanup: 180400 ns, At safepoint: 43000 ns, Total: 244200 ns
[2023-05-18T23:41:11.181+0000][119][info ][gc,start    ] GC(37) Pause Young (Mixed) (G1 Evacuation Pause)
[2023-05-18T23:41:11.181+0000][119][info ][gc,task     ] GC(37) Using 8 workers of 8 for evacuation
[2023-05-18T23:41:11.181+0000][119][debug][gc,age      ] GC(37) Desired survivor size 6291456 bytes, new threshold 15 (max threshold 15)
[2023-05-18T23:41:11.188+0000][119][info ][gc,phases   ] GC(37)   Pre Evacuate Collection Set: 0.2ms
[2023-05-18T23:41:11.188+0000][119][info ][gc,phases   ] GC(37)   Merge Heap Roots: 0.1ms
[2023-05-18T23:41:11.188+0000][119][info ][gc,phases   ] GC(37)   Evacuate Collection Set: 4.7ms
[2023-05-18T23:41:11.188+0000][119][info ][gc,phases   ] GC(37)   Post Evacuate Collection Set: 1.0ms
[2023-05-18T23:41:11.188+0000][119][info ][gc,phases   ] GC(37)   Other: 0.4ms
[2023-05-18T23:41:11.189+0000][119][trace][gc,age      ] GC(37) Age table with threshold 15 (max threshold 15)
[2023-05-18T23:41:11.189+0000][119][trace][gc,age      ] GC(37) - age   1:    2342616 bytes,    2342616 total
[2023-05-18T23:41:11.189+0000][119][trace][gc,age      ] GC(37) - age   2:    1141992 bytes,    3484608 total
[2023-05-18T23:41:11.189+0000][119][trace][gc,age      ] GC(37) - age   3:     489896 bytes,    3974504 total
[2023-05-18T23:41:11.189+0000][119][trace][gc,age      ] GC(37) - age   4:     696560 bytes,    4671064 total
[2023-05-18T23:41:11.189+0000][119][info ][gc,heap     ] GC(37) Eden regions: 22->0(23)
[2023-05-18T23:41:11.190+0000][119][info ][gc,heap     ] GC(37) Survivor regions: 2->2(3)
[2023-05-18T23:41:11.190+0000][119][info ][gc,heap     ] GC(37) Old regions: 27->26
[2023-05-18T23:41:11.190+0000][119][info ][gc,heap     ] GC(37) Archive regions: 2->2
[2023-05-18T23:41:11.190+0000][119][info ][gc,heap     ] GC(37) Humongous regions: 2->2
[2023-05-18T23:41:11.190+0000][119][info ][gc,metaspace] GC(37) Metaspace: 133511K(137728K)->133511K(137728K) NonClass: 115664K(117952K)->115664K(117952K) Class: 17847K(19776K)->17847K(19776K)
[2023-05-18T23:41:11.191+0000][119][info ][gc          ] GC(37) Pause Young (Mixed) (G1 Evacuation Pause) 212M->119M(256M) 9.790ms
[2023-05-18T23:41:11.191+0000][119][info ][gc,cpu      ] GC(37) User=0.03s Sys=0.00s Real=0.01s
[2023-05-18T23:41:11.191+0000][119][info ][safepoint   ] Safepoint "G1CollectForAllocation", Time since last: 544508400 ns, Reaching safepoint: 17900 ns, Cleanup: 140900 ns, At safepoint: 10300300 ns, Total: 10459100 ns
[2023-05-18T23:41:12.192+0000][119][info ][safepoint   ] Safepoint "Cleanup", Time since last: 1000437300 ns, Reaching safepoint: 283900 ns, Cleanup: 143800 ns, At safepoint: 40900 ns, Total: 468600 ns
[2023-05-18T23:41:13.193+0000][119][info ][safepoint   ] Safepoint "Cleanup", Time since last: 1000354600 ns, Reaching safepoint: 32500 ns, Cleanup: 206300 ns, At safepoint: 10500 ns, Total: 249300 ns
[2023-05-18T23:41:13.918+0000][119][info ][safepoint   ] Safepoint "ICBufferFull", Time since last: 724458200 ns, Reaching safepoint: 273700 ns, Cleanup: 543200 ns, At safepoint: 134900 ns, Total: 951800 ns
[2023-05-18T23:41:14.038+0000][119][info ][gc,start    ] GC(38) Pause Young (Concurrent Start) (G1 Evacuation Pause)
[2023-05-18T23:41:14.038+0000][119][info ][gc,task     ] GC(38) Using 8 workers of 8 for evacuation
[2023-05-18T23:41:14.038+0000][119][debug][gc,age      ] GC(38) Desired survivor size 8388608 bytes, new threshold 15 (max threshold 15)
[2023-05-18T23:41:14.047+0000][119][info ][gc,phases   ] GC(38)   Pre Evacuate Collection Set: 0.4ms
[2023-05-18T23:41:14.047+0000][119][info ][gc,phases   ] GC(38)   Merge Heap Roots: 0.3ms
[2023-05-18T23:41:14.048+0000][119][info ][gc,phases   ] GC(38)   Evacuate Collection Set: 6.5ms
[2023-05-18T23:41:14.048+0000][119][info ][gc,phases   ] GC(38)   Post Evacuate Collection Set: 1.1ms
[2023-05-18T23:41:14.048+0000][119][info ][gc,phases   ] GC(38)   Other: 0.6ms
[2023-05-18T23:41:14.048+0000][119][trace][gc,age      ] GC(38) Age table with threshold 15 (max threshold 15)
[2023-05-18T23:41:14.048+0000][119][trace][gc,age      ] GC(38) - age   1:    3045096 bytes,    3045096 total
[2023-05-18T23:41:14.049+0000][119][trace][gc,age      ] GC(38) - age   2:     741008 bytes,    3786104 total
[2023-05-18T23:41:14.049+0000][119][trace][gc,age      ] GC(38) - age   3:     988456 bytes,    4774560 total
[2023-05-18T23:41:14.049+0000][119][trace][gc,age      ] GC(38) - age   4:     474560 bytes,    5249120 total
[2023-05-18T23:41:14.049+0000][119][trace][gc,age      ] GC(38) - age   5:     691120 bytes,    5940240 total
[2023-05-18T23:41:14.049+0000][119][info ][gc,heap     ] GC(38) Eden regions: 23->0(23)
[2023-05-18T23:41:14.050+0000][119][info ][gc,heap     ] GC(38) Survivor regions: 2->2(4)
[2023-05-18T23:41:14.050+0000][119][info ][gc,heap     ] GC(38) Old regions: 26->26
[2023-05-18T23:41:14.050+0000][119][info ][gc,heap     ] GC(38) Archive regions: 2->2
[2023-05-18T23:41:14.050+0000][119][info ][gc,heap     ] GC(38) Humongous regions: 2->2
[2023-05-18T23:41:14.051+0000][119][info ][gc,metaspace] GC(38) Metaspace: 134553K(138048K)->134553K(138048K) NonClass: 116585K(118208K)->116585K(118208K) Class: 17968K(19840K)->17968K(19840K)
[2023-05-18T23:41:14.051+0000][119][info ][gc          ] GC(38) Pause Young (Concurrent Start) (G1 Evacuation Pause) 211M->120M(256M) 12.880ms
[2023-05-18T23:41:14.051+0000][119][info ][gc,cpu      ] GC(38) User=0.05s Sys=0.01s Real=0.01s
[2023-05-18T23:41:14.051+0000][119][info ][gc          ] GC(39) Concurrent Mark Cycle
[2023-05-18T23:41:14.051+0000][119][info ][safepoint   ] Safepoint "G1CollectForAllocation", Time since last: 119728000 ns, Reaching safepoint: 26300 ns, Cleanup: 112300 ns, At safepoint: 13571500 ns, Total: 13710100 ns
[2023-05-18T23:41:14.052+0000][119][info ][gc,marking  ] GC(39) Concurrent Scan Root Regions
[2023-05-18T23:41:14.063+0000][119][info ][gc,marking  ] GC(39) Concurrent Scan Root Regions 11.170ms
[2023-05-18T23:41:14.063+0000][119][info ][gc,marking  ] GC(39) Concurrent Mark
[2023-05-18T23:41:14.063+0000][119][info ][gc,marking  ] GC(39) Concurrent Mark From Roots
[2023-05-18T23:41:14.064+0000][119][info ][gc,task     ] GC(39) Using 2 workers of 2 for marking
[2023-05-18T23:41:14.189+0000][119][info ][gc,marking  ] GC(39) Concurrent Mark From Roots 125.829ms
[2023-05-18T23:41:14.190+0000][119][info ][gc,marking  ] GC(39) Concurrent Preclean
[2023-05-18T23:41:14.190+0000][119][info ][gc,marking  ] GC(39) Concurrent Preclean 0.445ms
[2023-05-18T23:41:14.191+0000][119][info ][gc,start    ] GC(39) Pause Remark
[2023-05-18T23:41:14.208+0000][119][info ][gc          ] GC(39) Pause Remark 124M->124M(256M) 17.231ms
[2023-05-18T23:41:14.208+0000][119][info ][gc,cpu      ] GC(39) User=0.08s Sys=0.00s Real=0.02s
[2023-05-18T23:41:14.208+0000][119][info ][safepoint   ] Safepoint "G1PauseRemark", Time since last: 138835300 ns, Reaching safepoint: 31300 ns, Cleanup: 164100 ns, At safepoint: 17751600 ns, Total: 17947000 ns
[2023-05-18T23:41:14.208+0000][119][info ][gc,marking  ] GC(39) Concurrent Mark 145.324ms
[2023-05-18T23:41:14.209+0000][119][info ][gc,marking  ] GC(39) Concurrent Rebuild Remembered Sets and Scrub Regions
[2023-05-18T23:41:14.262+0000][119][info ][gc,marking  ] GC(39) Concurrent Rebuild Remembered Sets and Scrub Regions 53.337ms
[2023-05-18T23:41:14.263+0000][119][info ][gc,start    ] GC(39) Pause Cleanup
[2023-05-18T23:41:14.263+0000][119][info ][gc          ] GC(39) Pause Cleanup 124M->124M(256M) 0.495ms
[2023-05-18T23:41:14.264+0000][119][info ][gc,cpu      ] GC(39) User=0.00s Sys=0.00s Real=0.00s
[2023-05-18T23:41:14.264+0000][119][info ][safepoint   ] Safepoint "G1PauseCleanup", Time since last: 54272200 ns, Reaching safepoint: 116100 ns, Cleanup: 270700 ns, At safepoint: 1097200 ns, Total: 1484000 ns
[2023-05-18T23:41:14.264+0000][119][info ][gc,marking  ] GC(39) Concurrent Clear Claimed Marks
[2023-05-18T23:41:14.265+0000][119][info ][gc,marking  ] GC(39) Concurrent Clear Claimed Marks 0.492ms
[2023-05-18T23:41:14.265+0000][119][info ][gc,marking  ] GC(39) Concurrent Cleanup for Next Mark
[2023-05-18T23:41:14.266+0000][119][info ][gc,marking  ] GC(39) Concurrent Cleanup for Next Mark 0.673ms
[2023-05-18T23:41:14.266+0000][119][info ][gc          ] GC(39) Concurrent Mark Cycle 215.016ms
[2023-05-18T23:41:15.265+0000][119][info ][safepoint   ] Safepoint "Cleanup", Time since last: 1000376200 ns, Reaching safepoint: 29600 ns, Cleanup: 212700 ns, At safepoint: 41200 ns, Total: 283500 ns
[2023-05-18T23:41:16.143+0000][119][info ][gc,start    ] GC(40) Pause Young (Prepare Mixed) (G1 Evacuation Pause)
[2023-05-18T23:41:16.143+0000][119][info ][gc,task     ] GC(40) Using 8 workers of 8 for evacuation
[2023-05-18T23:41:16.144+0000][119][debug][gc,age      ] GC(40) Desired survivor size 8388608 bytes, new threshold 15 (max threshold 15)
[2023-05-18T23:41:16.153+0000][119][info ][gc,phases   ] GC(40)   Pre Evacuate Collection Set: 0.2ms
[2023-05-18T23:41:16.153+0000][119][info ][gc,phases   ] GC(40)   Merge Heap Roots: 0.2ms
[2023-05-18T23:41:16.153+0000][119][info ][gc,phases   ] GC(40)   Evacuate Collection Set: 6.7ms
[2023-05-18T23:41:16.153+0000][119][info ][gc,phases   ] GC(40)   Post Evacuate Collection Set: 1.3ms
[2023-05-18T23:41:16.154+0000][119][info ][gc,phases   ] GC(40)   Other: 0.8ms
[2023-05-18T23:41:16.154+0000][119][trace][gc,age      ] GC(40) Age table with threshold 15 (max threshold 15)
[2023-05-18T23:41:16.154+0000][119][trace][gc,age      ] GC(40) - age   1:    9297088 bytes,    9297088 total
[2023-05-18T23:41:16.154+0000][119][trace][gc,age      ] GC(40) - age   2:    1825288 bytes,   11122376 total
[2023-05-18T23:41:16.155+0000][119][trace][gc,age      ] GC(40) - age   3:     703976 bytes,   11826352 total
[2023-05-18T23:41:16.155+0000][119][trace][gc,age      ] GC(40) - age   4:     971240 bytes,   12797592 total
[2023-05-18T23:41:16.155+0000][119][trace][gc,age      ] GC(40) - age   5:     473512 bytes,   13271104 total
[2023-05-18T23:41:16.155+0000][119][trace][gc,age      ] GC(40) - age   6:     687976 bytes,   13959080 total
[2023-05-18T23:41:16.155+0000][119][info ][gc,heap     ] GC(40) Eden regions: 23->0(19)
[2023-05-18T23:41:16.156+0000][119][info ][gc,heap     ] GC(40) Survivor regions: 2->4(4)
[2023-05-18T23:41:16.156+0000][119][info ][gc,heap     ] GC(40) Old regions: 26->26
[2023-05-18T23:41:16.156+0000][119][info ][gc,heap     ] GC(40) Archive regions: 2->2
[2023-05-18T23:41:16.156+0000][119][info ][gc,heap     ] GC(40) Humongous regions: 2->2
[2023-05-18T23:41:16.156+0000][119][info ][gc,metaspace] GC(40) Metaspace: 134784K(138112K)->134784K(138112K) NonClass: 116800K(118272K)->116800K(118272K) Class: 17983K(19840K)->17983K(19840K)
[2023-05-18T23:41:16.157+0000][119][info ][gc          ] GC(40) Pause Young (Prepare Mixed) (G1 Evacuation Pause) 212M->128M(256M) 13.736ms
[2023-05-18T23:41:16.157+0000][119][info ][gc,cpu      ] GC(40) User=0.06s Sys=0.00s Real=0.01s
[2023-05-18T23:41:16.157+0000][119][info ][safepoint   ] Safepoint "G1CollectForAllocation", Time since last: 877923500 ns, Reaching safepoint: 20700 ns, Cleanup: 234800 ns, At safepoint: 14319000 ns, Total: 14574500 ns
[2023-05-18T23:41:17.158+0000][119][info ][safepoint   ] Safepoint "Cleanup", Time since last: 1000503500 ns, Reaching safepoint: 21600 ns, Cleanup: 153200 ns, At safepoint: 14000 ns, Total: 188800 ns
[2023-05-18T23:41:18.158+0000][119][info ][safepoint   ] Safepoint "Cleanup", Time since last: 1000305200 ns, Reaching safepoint: 20900 ns, Cleanup: 170700 ns, At safepoint: 23000 ns, Total: 214600 ns
[2023-05-18T23:41:19.187+0000][119][info ][gc,start    ] GC(41) Pause Young (Mixed) (G1 Evacuation Pause)
[2023-05-18T23:41:19.187+0000][119][info ][gc,task     ] GC(41) Using 8 workers of 8 for evacuation
[2023-05-18T23:41:19.188+0000][119][debug][gc,age      ] GC(41) Desired survivor size 6291456 bytes, new threshold 1 (max threshold 15)
[2023-05-18T23:41:19.198+0000][119][info ][gc,phases   ] GC(41)   Pre Evacuate Collection Set: 0.2ms
[2023-05-18T23:41:19.198+0000][119][info ][gc,phases   ] GC(41)   Merge Heap Roots: 0.1ms
[2023-05-18T23:41:19.199+0000][119][info ][gc,phases   ] GC(41)   Evacuate Collection Set: 8.8ms
[2023-05-18T23:41:19.199+0000][119][info ][gc,phases   ] GC(41)   Post Evacuate Collection Set: 1.0ms
[2023-05-18T23:41:19.199+0000][119][info ][gc,phases   ] GC(41)   Other: 0.6ms
[2023-05-18T23:41:19.199+0000][119][trace][gc,age      ] GC(41) Age table with threshold 1 (max threshold 15)
[2023-05-18T23:41:19.199+0000][119][trace][gc,age      ] GC(41) - age   1:    6182272 bytes,    6182272 total
[2023-05-18T23:41:19.200+0000][119][info ][gc,heap     ] GC(41) Eden regions: 19->0(21)
[2023-05-18T23:41:19.200+0000][119][info ][gc,heap     ] GC(41) Survivor regions: 4->2(3)
[2023-05-18T23:41:19.200+0000][119][info ][gc,heap     ] GC(41) Old regions: 26->28
[2023-05-18T23:41:19.200+0000][119][info ][gc,heap     ] GC(41) Archive regions: 2->2
[2023-05-18T23:41:19.200+0000][119][info ][gc,heap     ] GC(41) Humongous regions: 2->2
[2023-05-18T23:41:19.201+0000][119][info ][gc,metaspace] GC(41) Metaspace: 135130K(138368K)->135130K(138368K) NonClass: 117113K(118528K)->117113K(118528K) Class: 18016K(19840K)->18016K(19840K)
[2023-05-18T23:41:19.201+0000][119][info ][gc          ] GC(41) Pause Young (Mixed) (G1 Evacuation Pause) 204M->129M(256M) 13.592ms
[2023-05-18T23:41:19.201+0000][119][info ][gc,cpu      ] GC(41) User=0.07s Sys=0.00s Real=0.01s
[2023-05-18T23:41:19.201+0000][119][info ][safepoint   ] Safepoint "G1CollectForAllocation", Time since last: 1028519600 ns, Reaching safepoint: 21500 ns, Cleanup: 176200 ns, At safepoint: 14126200 ns, Total: 14323900 ns
[2023-05-18T23:41:20.748+0000][119][info ][safepoint   ] Safepoint "Cleanup", Time since last: 1547039800 ns, Reaching safepoint: 23800 ns, Cleanup: 161000 ns, At safepoint: 41700 ns, Total: 226500 ns
[2023-05-18T23:41:21.749+0000][119][info ][safepoint   ] Safepoint "Cleanup", Time since last: 1000292900 ns, Reaching safepoint: 20600 ns, Cleanup: 199500 ns, At safepoint: 25500 ns, Total: 245600 ns
[2023-05-18T23:41:22.750+0000][119][info ][safepoint   ] Safepoint "Cleanup", Time since last: 1000326900 ns, Reaching safepoint: 25700 ns, Cleanup: 171900 ns, At safepoint: 7500 ns, Total: 205100 ns
[2023-05-18T23:41:23.750+0000][119][info ][safepoint   ] Safepoint "Cleanup", Time since last: 1000386500 ns, Reaching safepoint: 43700 ns, Cleanup: 189000 ns, At safepoint: 52700 ns, Total: 285400 ns
[2023-05-18T23:41:23.760+0000][119][info ][gc,start    ] GC(42) Pause Young (Concurrent Start) (G1 Evacuation Pause)
[2023-05-18T23:41:23.760+0000][119][info ][gc,task     ] GC(42) Using 8 workers of 8 for evacuation
[2023-05-18T23:41:23.761+0000][119][debug][gc,age      ] GC(42) Desired survivor size 6291456 bytes, new threshold 15 (max threshold 15)
[2023-05-18T23:41:23.766+0000][119][info ][gc,phases   ] GC(42)   Pre Evacuate Collection Set: 0.3ms
[2023-05-18T23:41:23.766+0000][119][info ][gc,phases   ] GC(42)   Merge Heap Roots: 0.2ms
[2023-05-18T23:41:23.767+0000][119][info ][gc,phases   ] GC(42)   Evacuate Collection Set: 3.7ms
[2023-05-18T23:41:23.767+0000][119][info ][gc,phases   ] GC(42)   Post Evacuate Collection Set: 1.1ms
[2023-05-18T23:41:23.767+0000][119][info ][gc,phases   ] GC(42)   Other: 0.6ms
[2023-05-18T23:41:23.767+0000][119][trace][gc,age      ] GC(42) Age table with threshold 15 (max threshold 15)
[2023-05-18T23:41:23.767+0000][119][trace][gc,age      ] GC(42) - age   1:    2486416 bytes,    2486416 total
[2023-05-18T23:41:23.767+0000][119][trace][gc,age      ] GC(42) - age   2:    2785552 bytes,    5271968 total
[2023-05-18T23:41:23.768+0000][119][info ][gc,heap     ] GC(42) Eden regions: 21->0(21)
[2023-05-18T23:41:23.768+0000][119][info ][gc,heap     ] GC(42) Survivor regions: 2->2(3)
[2023-05-18T23:41:23.768+0000][119][info ][gc,heap     ] GC(42) Old regions: 28->28
[2023-05-18T23:41:23.768+0000][119][info ][gc,heap     ] GC(42) Archive regions: 2->2
[2023-05-18T23:41:23.768+0000][119][info ][gc,heap     ] GC(42) Humongous regions: 2->2
[2023-05-18T23:41:23.768+0000][119][info ][gc,metaspace] GC(42) Metaspace: 135494K(138688K)->135494K(138688K) NonClass: 117463K(118848K)->117463K(118848K) Class: 18030K(19840K)->18030K(19840K)
[2023-05-18T23:41:23.769+0000][119][info ][gc          ] GC(42) Pause Young (Concurrent Start) (G1 Evacuation Pause) 213M->128M(256M) 8.474ms
[2023-05-18T23:41:23.769+0000][119][info ][gc          ] GC(43) Concurrent Mark Cycle
[2023-05-18T23:41:23.769+0000][119][info ][gc,marking  ] GC(43) Concurrent Scan Root Regions
[2023-05-18T23:41:23.769+0000][119][info ][gc,cpu      ] GC(42) User=0.02s Sys=0.00s Real=0.01s
[2023-05-18T23:41:23.770+0000][119][info ][safepoint   ] Safepoint "G1CollectForAllocation", Time since last: 9530200 ns, Reaching safepoint: 18500 ns, Cleanup: 338900 ns, At safepoint: 9486200 ns, Total: 9843600 ns
[2023-05-18T23:41:23.775+0000][119][info ][gc,marking  ] GC(43) Concurrent Scan Root Regions 5.700ms
[2023-05-18T23:41:23.775+0000][119][info ][gc,marking  ] GC(43) Concurrent Mark
[2023-05-18T23:41:23.776+0000][119][info ][gc,marking  ] GC(43) Concurrent Mark From Roots
[2023-05-18T23:41:23.776+0000][119][info ][gc,task     ] GC(43) Using 2 workers of 2 for marking
[2023-05-18T23:41:23.905+0000][119][info ][gc,marking  ] GC(43) Concurrent Mark From Roots 129.390ms
[2023-05-18T23:41:23.905+0000][119][info ][gc,marking  ] GC(43) Concurrent Preclean
[2023-05-18T23:41:23.906+0000][119][info ][gc,marking  ] GC(43) Concurrent Preclean 0.474ms
[2023-05-18T23:41:23.907+0000][119][info ][gc,start    ] GC(43) Pause Remark
[2023-05-18T23:41:23.922+0000][119][info ][gc          ] GC(43) Pause Remark 132M->132M(256M) 15.356ms
[2023-05-18T23:41:23.923+0000][119][info ][gc,cpu      ] GC(43) User=0.09s Sys=0.00s Real=0.01s
[2023-05-18T23:41:23.923+0000][119][info ][safepoint   ] Safepoint "G1PauseRemark", Time since last: 136379100 ns, Reaching safepoint: 354900 ns, Cleanup: 169000 ns, At safepoint: 16532100 ns, Total: 17056000 ns
[2023-05-18T23:41:23.924+0000][119][info ][gc,marking  ] GC(43) Concurrent Mark 148.278ms
[2023-05-18T23:41:23.924+0000][119][info ][gc,marking  ] GC(43) Concurrent Rebuild Remembered Sets and Scrub Regions
[2023-05-18T23:41:23.974+0000][119][info ][gc,marking  ] GC(43) Concurrent Rebuild Remembered Sets and Scrub Regions 49.690ms
[2023-05-18T23:41:23.975+0000][119][info ][gc,start    ] GC(43) Pause Cleanup
[2023-05-18T23:41:23.975+0000][119][info ][gc          ] GC(43) Pause Cleanup 132M->132M(256M) 0.387ms
[2023-05-18T23:41:23.975+0000][119][info ][gc,cpu      ] GC(43) User=0.00s Sys=0.00s Real=0.00s
[2023-05-18T23:41:23.976+0000][119][info ][safepoint   ] Safepoint "G1PauseCleanup", Time since last: 51079300 ns, Reaching safepoint: 123900 ns, Cleanup: 231300 ns, At safepoint: 1161400 ns, Total: 1516600 ns
[2023-05-18T23:41:23.976+0000][119][info ][gc,marking  ] GC(43) Concurrent Clear Claimed Marks
[2023-05-18T23:41:23.977+0000][119][info ][gc,marking  ] GC(43) Concurrent Clear Claimed Marks 0.411ms
[2023-05-18T23:41:23.977+0000][119][info ][gc,marking  ] GC(43) Concurrent Cleanup for Next Mark
[2023-05-18T23:41:23.977+0000][119][info ][gc,marking  ] GC(43) Concurrent Cleanup for Next Mark 0.450ms
[2023-05-18T23:41:23.978+0000][119][info ][gc          ] GC(43) Concurrent Mark Cycle 208.692ms
[2023-05-18T23:41:24.977+0000][119][info ][safepoint   ] Safepoint "Cleanup", Time since last: 1000782100 ns, Reaching safepoint: 30200 ns, Cleanup: 190700 ns, At safepoint: 33100 ns, Total: 254000 ns
[2023-05-18T23:41:25.977+0000][119][info ][safepoint   ] Safepoint "Cleanup", Time since last: 1000417100 ns, Reaching safepoint: 23000 ns, Cleanup: 181000 ns, At safepoint: 73200 ns, Total: 277200 ns
[2023-05-18T23:41:26.461+0000][119][info ][gc,start    ] GC(44) Pause Young (Prepare Mixed) (G1 Evacuation Pause)
[2023-05-18T23:41:26.462+0000][119][info ][gc,task     ] GC(44) Using 8 workers of 8 for evacuation
[2023-05-18T23:41:26.462+0000][119][debug][gc,age      ] GC(44) Desired survivor size 6291456 bytes, new threshold 15 (max threshold 15)
[2023-05-18T23:41:26.468+0000][119][info ][gc,phases   ] GC(44)   Pre Evacuate Collection Set: 0.2ms
[2023-05-18T23:41:26.469+0000][119][info ][gc,phases   ] GC(44)   Merge Heap Roots: 0.2ms
[2023-05-18T23:41:26.469+0000][119][info ][gc,phases   ] GC(44)   Evacuate Collection Set: 4.7ms
[2023-05-18T23:41:26.469+0000][119][info ][gc,phases   ] GC(44)   Post Evacuate Collection Set: 1.1ms
[2023-05-18T23:41:26.469+0000][119][info ][gc,phases   ] GC(44)   Other: 0.5ms
[2023-05-18T23:41:26.469+0000][119][trace][gc,age      ] GC(44) Age table with threshold 15 (max threshold 15)
[2023-05-18T23:41:26.470+0000][119][trace][gc,age      ] GC(44) - age   1:    2433864 bytes,    2433864 total
[2023-05-18T23:41:26.470+0000][119][trace][gc,age      ] GC(44) - age   2:    1153144 bytes,    3587008 total
[2023-05-18T23:41:26.470+0000][119][trace][gc,age      ] GC(44) - age   3:    2750112 bytes,    6337120 total
[2023-05-18T23:41:26.470+0000][119][info ][gc,heap     ] GC(44) Eden regions: 21->0(21)
[2023-05-18T23:41:26.470+0000][119][info ][gc,heap     ] GC(44) Survivor regions: 2->2(3)
[2023-05-18T23:41:26.470+0000][119][info ][gc,heap     ] GC(44) Old regions: 28->28
[2023-05-18T23:41:26.471+0000][119][info ][gc,heap     ] GC(44) Archive regions: 2->2
[2023-05-18T23:41:26.471+0000][119][info ][gc,heap     ] GC(44) Humongous regions: 2->2
[2023-05-18T23:41:26.471+0000][119][info ][gc,metaspace] GC(44) Metaspace: 135613K(138752K)->135613K(138752K) NonClass: 117585K(118912K)->117585K(118912K) Class: 18027K(19840K)->18027K(19840K)
[2023-05-18T23:41:26.471+0000][119][info ][gc          ] GC(44) Pause Young (Prepare Mixed) (G1 Evacuation Pause) 212M->129M(256M) 9.976ms
[2023-05-18T23:41:26.472+0000][119][info ][gc,cpu      ] GC(44) User=0.04s Sys=0.00s Real=0.01s
[2023-05-18T23:41:26.472+0000][119][info ][safepoint   ] Safepoint "G1CollectForAllocation", Time since last: 481710100 ns, Reaching safepoint: 2140700 ns, Cleanup: 190800 ns, At safepoint: 10688300 ns, Total: 13019800 ns
[2023-05-18T23:41:28.046+0000][119][info ][safepoint   ] Safepoint "Cleanup", Time since last: 1574030000 ns, Reaching safepoint: 29600 ns, Cleanup: 184000 ns, At safepoint: 36200 ns, Total: 249800 ns
[2023-05-18T23:41:29.047+0000][119][info ][safepoint   ] Safepoint "Cleanup", Time since last: 1000471900 ns, Reaching safepoint: 22900 ns, Cleanup: 198300 ns, At safepoint: 40900 ns, Total: 262100 ns
[2023-05-18T23:41:30.048+0000][119][info ][safepoint   ] Safepoint "Cleanup", Time since last: 1000416600 ns, Reaching safepoint: 29600 ns, Cleanup: 195400 ns, At safepoint: 40700 ns, Total: 265700 ns
[2023-05-18T23:41:30.803+0000][119][info ][gc,start    ] GC(45) Pause Young (Mixed) (G1 Evacuation Pause)
[2023-05-18T23:41:30.803+0000][119][info ][gc,task     ] GC(45) Using 8 workers of 8 for evacuation
[2023-05-18T23:41:30.803+0000][119][debug][gc,age      ] GC(45) Desired survivor size 6291456 bytes, new threshold 3 (max threshold 15)
[2023-05-18T23:41:30.808+0000][119][info ][gc,phases   ] GC(45)   Pre Evacuate Collection Set: 0.2ms
[2023-05-18T23:41:30.808+0000][119][info ][gc,phases   ] GC(45)   Merge Heap Roots: 0.1ms
[2023-05-18T23:41:30.808+0000][119][info ][gc,phases   ] GC(45)   Evacuate Collection Set: 2.8ms
[2023-05-18T23:41:30.808+0000][119][info ][gc,phases   ] GC(45)   Post Evacuate Collection Set: 0.8ms
[2023-05-18T23:41:30.808+0000][119][info ][gc,phases   ] GC(45)   Other: 0.5ms
[2023-05-18T23:41:30.809+0000][119][trace][gc,age      ] GC(45) Age table with threshold 3 (max threshold 15)
[2023-05-18T23:41:30.809+0000][119][trace][gc,age      ] GC(45) - age   1:    1850704 bytes,    1850704 total
[2023-05-18T23:41:30.809+0000][119][trace][gc,age      ] GC(45) - age   2:     403616 bytes,    2254320 total
[2023-05-18T23:41:30.809+0000][119][trace][gc,age      ] GC(45) - age   3:     834456 bytes,    3088776 total
[2023-05-18T23:41:30.809+0000][119][info ][gc,heap     ] GC(45) Eden regions: 21->0(23)
[2023-05-18T23:41:30.810+0000][119][info ][gc,heap     ] GC(45) Survivor regions: 2->1(3)
[2023-05-18T23:41:30.810+0000][119][info ][gc,heap     ] GC(45) Old regions: 28->28
[2023-05-18T23:41:30.810+0000][119][info ][gc,heap     ] GC(45) Archive regions: 2->2
[2023-05-18T23:41:30.810+0000][119][info ][gc,heap     ] GC(45) Humongous regions: 2->2
[2023-05-18T23:41:30.810+0000][119][info ][gc,metaspace] GC(45) Metaspace: 135829K(139008K)->135829K(139008K) NonClass: 117790K(119168K)->117790K(119168K) Class: 18039K(19840K)->18039K(19840K)
[2023-05-18T23:41:30.810+0000][119][info ][gc          ] GC(45) Pause Young (Mixed) (G1 Evacuation Pause) 213M->126M(256M) 7.377ms
[2023-05-18T23:41:30.811+0000][119][info ][gc,cpu      ] GC(45) User=0.02s Sys=0.00s Real=0.00s
[2023-05-18T23:41:30.811+0000][119][info ][safepoint   ] Safepoint "G1CollectForAllocation", Time since last: 755015500 ns, Reaching safepoint: 20900 ns, Cleanup: 179500 ns, At safepoint: 7842100 ns, Total: 8042500 ns
[2023-05-18T23:41:31.811+0000][119][info ][safepoint   ] Safepoint "Cleanup", Time since last: 1000272000 ns, Reaching safepoint: 103700 ns, Cleanup: 228900 ns, At safepoint: 15000 ns, Total: 347600 ns
[2023-05-18T23:41:32.813+0000][119][info ][safepoint   ] Safepoint "Cleanup", Time since last: 1000876900 ns, Reaching safepoint: 28000 ns, Cleanup: 344900 ns, At safepoint: 55200 ns, Total: 428100 ns
[2023-05-18T23:41:33.814+0000][119][info ][safepoint   ] Safepoint "Cleanup", Time since last: 1000492300 ns, Reaching safepoint: 32000 ns, Cleanup: 220100 ns, At safepoint: 71300 ns, Total: 323400 ns
[2023-05-18T23:41:34.655+0000][119][info ][gc,start    ] GC(46) Pause Young (Concurrent Start) (G1 Evacuation Pause)
[2023-05-18T23:41:34.655+0000][119][info ][gc,task     ] GC(46) Using 8 workers of 8 for evacuation
[2023-05-18T23:41:34.655+0000][119][debug][gc,age      ] GC(46) Desired survivor size 6291456 bytes, new threshold 15 (max threshold 15)
[2023-05-18T23:41:34.660+0000][119][info ][gc,phases   ] GC(46)   Pre Evacuate Collection Set: 0.3ms
[2023-05-18T23:41:34.660+0000][119][info ][gc,phases   ] GC(46)   Merge Heap Roots: 0.2ms
[2023-05-18T23:41:34.660+0000][119][info ][gc,phases   ] GC(46)   Evacuate Collection Set: 2.9ms
[2023-05-18T23:41:34.661+0000][119][info ][gc,phases   ] GC(46)   Post Evacuate Collection Set: 0.9ms
[2023-05-18T23:41:34.661+0000][119][info ][gc,phases   ] GC(46)   Other: 0.6ms
[2023-05-18T23:41:34.661+0000][119][trace][gc,age      ] GC(46) Age table with threshold 15 (max threshold 15)
[2023-05-18T23:41:34.661+0000][119][trace][gc,age      ] GC(46) - age   1:    2408480 bytes,    2408480 total
[2023-05-18T23:41:34.661+0000][119][trace][gc,age      ] GC(46) - age   2:     591824 bytes,    3000304 total
[2023-05-18T23:41:34.662+0000][119][trace][gc,age      ] GC(46) - age   3:     380184 bytes,    3380488 total
[2023-05-18T23:41:34.662+0000][119][trace][gc,age      ] GC(46) - age   4:     825320 bytes,    4205808 total
[2023-05-18T23:41:34.662+0000][119][info ][gc,heap     ] GC(46) Eden regions: 23->0(21)
[2023-05-18T23:41:34.662+0000][119][info ][gc,heap     ] GC(46) Survivor regions: 1->2(3)
[2023-05-18T23:41:34.662+0000][119][info ][gc,heap     ] GC(46) Old regions: 28->28
[2023-05-18T23:41:34.662+0000][119][info ][gc,heap     ] GC(46) Archive regions: 2->2
[2023-05-18T23:41:34.663+0000][119][info ][gc,heap     ] GC(46) Humongous regions: 2->2
[2023-05-18T23:41:34.663+0000][119][info ][gc,metaspace] GC(46) Metaspace: 136087K(139264K)->136087K(139264K) NonClass: 118036K(119424K)->118036K(119424K) Class: 18051K(19840K)->18051K(19840K)
[2023-05-18T23:41:34.663+0000][119][info ][gc          ] GC(46) Pause Young (Concurrent Start) (G1 Evacuation Pause) 218M->127M(256M) 8.377ms
[2023-05-18T23:41:34.663+0000][119][info ][gc          ] GC(47) Concurrent Mark Cycle
[2023-05-18T23:41:34.664+0000][119][info ][gc,marking  ] GC(47) Concurrent Scan Root Regions
[2023-05-18T23:41:34.663+0000][119][info ][gc,cpu      ] GC(46) User=0.03s Sys=0.00s Real=0.01s
[2023-05-18T23:41:34.667+0000][119][info ][gc,marking  ] GC(47) Concurrent Scan Root Regions 3.273ms
[2023-05-18T23:41:34.673+0000][119][info ][gc,marking  ] GC(47) Concurrent Mark
[2023-05-18T23:41:34.673+0000][119][info ][gc,marking  ] GC(47) Concurrent Mark From Roots
[2023-05-18T23:41:34.674+0000][119][info ][gc,task     ] GC(47) Using 2 workers of 2 for marking
[2023-05-18T23:41:34.667+0000][119][info ][safepoint   ] Safepoint "G1CollectForAllocation", Time since last: 840738700 ns, Reaching safepoint: 119800 ns, Cleanup: 176700 ns, At safepoint: 12494500 ns, Total: 12791000 ns
[2023-05-18T23:41:34.815+0000][119][info ][gc,marking  ] GC(47) Concurrent Mark From Roots 141.833ms
[2023-05-18T23:41:34.816+0000][119][info ][gc,marking  ] GC(47) Concurrent Preclean
[2023-05-18T23:41:34.816+0000][119][info ][gc,marking  ] GC(47) Concurrent Preclean 0.505ms
[2023-05-18T23:41:34.817+0000][119][info ][gc,start    ] GC(47) Pause Remark
[2023-05-18T23:41:34.825+0000][119][info ][gc          ] GC(47) Pause Remark 131M->131M(256M) 8.556ms
[2023-05-18T23:41:34.826+0000][119][info ][gc,cpu      ] GC(47) User=0.04s Sys=0.00s Real=0.01s
[2023-05-18T23:41:34.826+0000][119][info ][safepoint   ] Safepoint "G1PauseRemark", Time since last: 149243800 ns, Reaching safepoint: 34400 ns, Cleanup: 211500 ns, At safepoint: 9217300 ns, Total: 9463200 ns
[2023-05-18T23:41:34.826+0000][119][info ][gc,marking  ] GC(47) Concurrent Mark 153.401ms
[2023-05-18T23:41:34.827+0000][119][info ][gc,marking  ] GC(47) Concurrent Rebuild Remembered Sets and Scrub Regions
[2023-05-18T23:41:34.903+0000][119][info ][gc,marking  ] GC(47) Concurrent Rebuild Remembered Sets and Scrub Regions 76.208ms
[2023-05-18T23:41:34.904+0000][119][info ][gc,start    ] GC(47) Pause Cleanup
[2023-05-18T23:41:34.904+0000][119][info ][gc          ] GC(47) Pause Cleanup 134M->134M(256M) 0.593ms
[2023-05-18T23:41:34.905+0000][119][info ][gc,cpu      ] GC(47) User=0.00s Sys=0.00s Real=0.00s
[2023-05-18T23:41:34.905+0000][119][info ][safepoint   ] Safepoint "G1PauseCleanup", Time since last: 77502600 ns, Reaching safepoint: 61700 ns, Cleanup: 227700 ns, At safepoint: 1221700 ns, Total: 1511100 ns
[2023-05-18T23:41:34.905+0000][119][info ][gc,marking  ] GC(47) Concurrent Clear Claimed Marks
[2023-05-18T23:41:34.906+0000][119][info ][gc,marking  ] GC(47) Concurrent Clear Claimed Marks 0.495ms
[2023-05-18T23:41:34.906+0000][119][info ][gc,marking  ] GC(47) Concurrent Cleanup for Next Mark
[2023-05-18T23:41:34.906+0000][119][info ][gc,marking  ] GC(47) Concurrent Cleanup for Next Mark 0.517ms
[2023-05-18T23:41:34.907+0000][119][info ][gc          ] GC(47) Concurrent Mark Cycle 243.417ms
[2023-05-18T23:41:35.906+0000][119][info ][safepoint   ] Safepoint "Cleanup", Time since last: 1000452900 ns, Reaching safepoint: 35400 ns, Cleanup: 202700 ns, At safepoint: 48400 ns, Total: 286500 ns
[2023-05-18T23:41:36.906+0000][119][info ][safepoint   ] Safepoint "Cleanup", Time since last: 1000343000 ns, Reaching safepoint: 150800 ns, Cleanup: 219800 ns, At safepoint: 43600 ns, Total: 414200 ns
[2023-05-18T23:41:37.084+0000][119][info ][gc,start    ] GC(48) Pause Young (Prepare Mixed) (G1 Evacuation Pause)
[2023-05-18T23:41:37.086+0000][119][info ][gc,task     ] GC(48) Using 8 workers of 8 for evacuation
[2023-05-18T23:41:37.086+0000][119][debug][gc,age      ] GC(48) Desired survivor size 6291456 bytes, new threshold 15 (max threshold 15)
[2023-05-18T23:41:37.098+0000][119][info ][gc,phases   ] GC(48)   Pre Evacuate Collection Set: 0.2ms
[2023-05-18T23:41:37.098+0000][119][info ][gc,phases   ] GC(48)   Merge Heap Roots: 0.1ms
[2023-05-18T23:41:37.098+0000][119][info ][gc,phases   ] GC(48)   Evacuate Collection Set: 7.8ms
[2023-05-18T23:41:37.099+0000][119][info ][gc,phases   ] GC(48)   Post Evacuate Collection Set: 2.8ms
[2023-05-18T23:41:37.099+0000][119][info ][gc,phases   ] GC(48)   Other: 1.4ms
[2023-05-18T23:41:37.099+0000][119][trace][gc,age      ] GC(48) Age table with threshold 15 (max threshold 15)
[2023-05-18T23:41:37.100+0000][119][trace][gc,age      ] GC(48) - age   1:    1448400 bytes,    1448400 total
[2023-05-18T23:41:37.100+0000][119][trace][gc,age      ] GC(48) - age   2:     643568 bytes,    2091968 total
[2023-05-18T23:41:37.100+0000][119][trace][gc,age      ] GC(48) - age   3:     173288 bytes,    2265256 total
[2023-05-18T23:41:37.100+0000][119][trace][gc,age      ] GC(48) - age   4:     358792 bytes,    2624048 total
[2023-05-18T23:41:37.101+0000][119][trace][gc,age      ] GC(48) - age   5:     590568 bytes,    3214616 total
[2023-05-18T23:41:37.101+0000][119][info ][gc,heap     ] GC(48) Eden regions: 21->0(23)
[2023-05-18T23:41:37.101+0000][119][info ][gc,heap     ] GC(48) Survivor regions: 2->1(3)
[2023-05-18T23:41:37.101+0000][119][info ][gc,heap     ] GC(48) Old regions: 28->28
[2023-05-18T23:41:37.101+0000][119][info ][gc,heap     ] GC(48) Archive regions: 2->2
[2023-05-18T23:41:37.102+0000][119][info ][gc,heap     ] GC(48) Humongous regions: 2->2
[2023-05-18T23:41:37.102+0000][119][info ][gc,metaspace] GC(48) Metaspace: 136224K(139328K)->136224K(139328K) NonClass: 118173K(119488K)->118173K(119488K) Class: 18051K(19840K)->18051K(19840K)
[2023-05-18T23:41:37.102+0000][119][info ][gc          ] GC(48) Pause Young (Prepare Mixed) (G1 Evacuation Pause) 211M->126M(256M) 18.174ms
[2023-05-18T23:41:37.102+0000][119][info ][gc,cpu      ] GC(48) User=0.03s Sys=0.02s Real=0.01s
[2023-05-18T23:41:37.104+0000][119][info ][safepoint   ] Safepoint "G1CollectForAllocation", Time since last: 177441300 ns, Reaching safepoint: 34300 ns, Cleanup: 200100 ns, At safepoint: 19720400 ns, Total: 19954800 ns
[2023-05-18T23:41:38.106+0000][119][info ][safepoint   ] Safepoint "Cleanup", Time since last: 1001721300 ns, Reaching safepoint: 31800 ns, Cleanup: 186100 ns, At safepoint: 28300 ns, Total: 246200 ns
[2023-05-18T23:41:39.968+0000][119][info ][safepoint   ] Safepoint "Cleanup", Time since last: 1862186100 ns, Reaching safepoint: 20700 ns, Cleanup: 147200 ns, At safepoint: 8100 ns, Total: 176000 ns
[2023-05-18T23:41:40.969+0000][119][info ][safepoint   ] Safepoint "Cleanup", Time since last: 1000352400 ns, Reaching safepoint: 31700 ns, Cleanup: 227600 ns, At safepoint: 17500 ns, Total: 276800 ns
[2023-05-18T23:41:41.543+0000][119][info ][gc,start    ] GC(49) Pause Young (Mixed) (G1 Evacuation Pause)
[2023-05-18T23:41:41.543+0000][119][info ][gc,task     ] GC(49) Using 8 workers of 8 for evacuation
[2023-05-18T23:41:41.543+0000][119][debug][gc,age      ] GC(49) Desired survivor size 6291456 bytes, new threshold 15 (max threshold 15)
[2023-05-18T23:41:41.550+0000][119][info ][gc,phases   ] GC(49)   Pre Evacuate Collection Set: 0.3ms
[2023-05-18T23:41:41.550+0000][119][info ][gc,phases   ] GC(49)   Merge Heap Roots: 0.2ms
[2023-05-18T23:41:41.550+0000][119][info ][gc,phases   ] GC(49)   Evacuate Collection Set: 5.2ms
[2023-05-18T23:41:41.551+0000][119][info ][gc,phases   ] GC(49)   Post Evacuate Collection Set: 1.0ms
[2023-05-18T23:41:41.551+0000][119][info ][gc,phases   ] GC(49)   Other: 0.5ms
[2023-05-18T23:41:41.551+0000][119][trace][gc,age      ] GC(49) Age table with threshold 15 (max threshold 15)
[2023-05-18T23:41:41.551+0000][119][trace][gc,age      ] GC(49) - age   1:    2962048 bytes,    2962048 total
[2023-05-18T23:41:41.551+0000][119][trace][gc,age      ] GC(49) - age   2:     284272 bytes,    3246320 total
[2023-05-18T23:41:41.552+0000][119][trace][gc,age      ] GC(49) - age   3:     496208 bytes,    3742528 total
[2023-05-18T23:41:41.552+0000][119][trace][gc,age      ] GC(49) - age   4:     171776 bytes,    3914304 total
[2023-05-18T23:41:41.552+0000][119][trace][gc,age      ] GC(49) - age   5:     358728 bytes,    4273032 total
[2023-05-18T23:41:41.552+0000][119][trace][gc,age      ] GC(49) - age   6:     589600 bytes,    4862632 total
[2023-05-18T23:41:41.552+0000][119][info ][gc,heap     ] GC(49) Eden regions: 23->0(22)
[2023-05-18T23:41:41.552+0000][119][info ][gc,heap     ] GC(49) Survivor regions: 1->2(3)
[2023-05-18T23:41:41.553+0000][119][info ][gc,heap     ] GC(49) Old regions: 28->27
[2023-05-18T23:41:41.553+0000][119][info ][gc,heap     ] GC(49) Archive regions: 2->2
[2023-05-18T23:41:41.553+0000][119][info ][gc,heap     ] GC(49) Humongous regions: 2->2
[2023-05-18T23:41:41.553+0000][119][info ][gc,metaspace] GC(49) Metaspace: 136481K(139648K)->136481K(139648K) NonClass: 118417K(119808K)->118417K(119808K) Class: 18063K(19840K)->18063K(19840K)
[2023-05-18T23:41:41.553+0000][119][info ][gc          ] GC(49) Pause Young (Mixed) (G1 Evacuation Pause) 218M->124M(256M) 10.716ms
[2023-05-18T23:41:41.554+0000][119][info ][gc,cpu      ] GC(49) User=0.03s Sys=0.00s Real=0.02s
[2023-05-18T23:41:41.554+0000][119][info ][safepoint   ] Safepoint "G1CollectForAllocation", Time since last: 573720000 ns, Reaching safepoint: 25700 ns, Cleanup: 161500 ns, At safepoint: 11265500 ns, Total: 11452700 ns
[2023-05-18T23:41:42.563+0000][119][info ][safepoint   ] Safepoint "Cleanup", Time since last: 1009095500 ns, Reaching safepoint: 27900 ns, Cleanup: 282800 ns, At safepoint: 15300 ns, Total: 326000 ns
[2023-05-18T23:41:43.564+0000][119][info ][safepoint   ] Safepoint "Cleanup", Time since last: 1000349300 ns, Reaching safepoint: 23900 ns, Cleanup: 175500 ns, At safepoint: 8000 ns, Total: 207400 ns
[2023-05-18T23:41:44.564+0000][119][info ][safepoint   ] Safepoint "Cleanup", Time since last: 1000245200 ns, Reaching safepoint: 39800 ns, Cleanup: 146400 ns, At safepoint: 7900 ns, Total: 194100 ns
[2023-05-18T23:41:45.565+0000][119][info ][safepoint   ] Safepoint "Cleanup", Time since last: 1000331600 ns, Reaching safepoint: 26600 ns, Cleanup: 242100 ns, At safepoint: 20400 ns, Total: 289100 ns
[2023-05-18T23:41:46.566+0000][119][info ][safepoint   ] Safepoint "Cleanup", Time since last: 1000444000 ns, Reaching safepoint: 26500 ns, Cleanup: 145500 ns, At safepoint: 8200 ns, Total: 180200 ns
[2023-05-18T23:41:47.566+0000][119][info ][safepoint   ] Safepoint "Cleanup", Time since last: 1000431600 ns, Reaching safepoint: 29100 ns, Cleanup: 274200 ns, At safepoint: 15400 ns, Total: 318700 ns
[2023-05-18T23:41:49.567+0000][119][info ][safepoint   ] Safepoint "Cleanup", Time since last: 2000648400 ns, Reaching safepoint: 48100 ns, Cleanup: 175900 ns, At safepoint: 9200 ns, Total: 233200 ns
[2023-05-18T23:41:50.568+0000][119][info ][safepoint   ] Safepoint "Cleanup", Time since last: 1000306600 ns, Reaching safepoint: 25100 ns, Cleanup: 171600 ns, At safepoint: 11700 ns, Total: 208400 ns
[2023-05-18T23:41:51.568+0000][119][info ][safepoint   ] Safepoint "Cleanup", Time since last: 1000334100 ns, Reaching safepoint: 25300 ns, Cleanup: 166100 ns, At safepoint: 19000 ns, Total: 210400 ns
[2023-05-18T23:41:52.569+0000][119][info ][safepoint   ] Safepoint "Cleanup", Time since last: 1000390100 ns, Reaching safepoint: 27500 ns, Cleanup: 157100 ns, At safepoint: 10500 ns, Total: 195100 ns
[2023-05-18T23:41:54.569+0000][119][info ][safepoint   ] Safepoint "Cleanup", Time since last: 2000472300 ns, Reaching safepoint: 47900 ns, Cleanup: 143100 ns, At safepoint: 12800 ns, Total: 203800 ns
[2023-05-18T23:41:55.433+0000][119][info ][gc,start    ] GC(50) Pause Young (Concurrent Start) (G1 Evacuation Pause)
[2023-05-18T23:41:55.433+0000][119][info ][gc,task     ] GC(50) Using 8 workers of 8 for evacuation
[2023-05-18T23:41:55.433+0000][119][debug][gc,age      ] GC(50) Desired survivor size 6291456 bytes, new threshold 15 (max threshold 15)
[2023-05-18T23:41:55.437+0000][119][info ][gc,phases   ] GC(50)   Pre Evacuate Collection Set: 0.2ms
[2023-05-18T23:41:55.437+0000][119][info ][gc,phases   ] GC(50)   Merge Heap Roots: 0.1ms
[2023-05-18T23:41:55.437+0000][119][info ][gc,phases   ] GC(50)   Evacuate Collection Set: 2.1ms
[2023-05-18T23:41:55.438+0000][119][info ][gc,phases   ] GC(50)   Post Evacuate Collection Set: 0.8ms
[2023-05-18T23:41:55.438+0000][119][info ][gc,phases   ] GC(50)   Other: 0.5ms
[2023-05-18T23:41:55.438+0000][119][trace][gc,age      ] GC(50) Age table with threshold 15 (max threshold 15)
[2023-05-18T23:41:55.438+0000][119][trace][gc,age      ] GC(50) - age   1:    1395192 bytes,    1395192 total
[2023-05-18T23:41:55.438+0000][119][trace][gc,age      ] GC(50) - age   2:     881888 bytes,    2277080 total
[2023-05-18T23:41:55.439+0000][119][trace][gc,age      ] GC(50) - age   3:     283320 bytes,    2560400 total
[2023-05-18T23:41:55.439+0000][119][trace][gc,age      ] GC(50) - age   4:     251392 bytes,    2811792 total
[2023-05-18T23:41:55.439+0000][119][trace][gc,age      ] GC(50) - age   5:      72008 bytes,    2883800 total
[2023-05-18T23:41:55.439+0000][119][trace][gc,age      ] GC(50) - age   6:     356944 bytes,    3240744 total
[2023-05-18T23:41:55.439+0000][119][trace][gc,age      ] GC(50) - age   7:     581744 bytes,    3822488 total
[2023-05-18T23:41:55.439+0000][119][info ][gc,heap     ] GC(50) Eden regions: 22->0(24)
[2023-05-18T23:41:55.440+0000][119][info ][gc,heap     ] GC(50) Survivor regions: 2->1(3)
[2023-05-18T23:41:55.440+0000][119][info ][gc,heap     ] GC(50) Old regions: 27->27
[2023-05-18T23:41:55.440+0000][119][info ][gc,heap     ] GC(50) Archive regions: 2->2
[2023-05-18T23:41:55.440+0000][119][info ][gc,heap     ] GC(50) Humongous regions: 2->2
[2023-05-18T23:41:55.441+0000][119][info ][gc,metaspace] GC(50) Metaspace: 136733K(139840K)->136733K(139840K) NonClass: 118662K(120000K)->118662K(120000K) Class: 18070K(19840K)->18070K(19840K)
[2023-05-18T23:41:55.441+0000][119][info ][gc          ] GC(50) Pause Young (Concurrent Start) (G1 Evacuation Pause) 212M->123M(256M) 7.789ms
[2023-05-18T23:41:55.441+0000][119][info ][gc          ] GC(51) Concurrent Mark Cycle
[2023-05-18T23:41:55.441+0000][119][info ][gc,marking  ] GC(51) Concurrent Scan Root Regions
[2023-05-18T23:41:55.441+0000][119][info ][gc,cpu      ] GC(50) User=0.02s Sys=0.00s Real=0.00s
[2023-05-18T23:41:55.442+0000][119][info ][safepoint   ] Safepoint "G1CollectForAllocation", Time since last: 863104700 ns, Reaching safepoint: 20800 ns, Cleanup: 293100 ns, At safepoint: 8933300 ns, Total: 9247200 ns
[2023-05-18T23:41:55.445+0000][119][info ][gc,marking  ] GC(51) Concurrent Scan Root Regions 4.227ms
[2023-05-18T23:41:55.446+0000][119][info ][gc,marking  ] GC(51) Concurrent Mark
[2023-05-18T23:41:55.446+0000][119][info ][gc,marking  ] GC(51) Concurrent Mark From Roots
[2023-05-18T23:41:55.446+0000][119][info ][gc,task     ] GC(51) Using 2 workers of 2 for marking
[2023-05-18T23:41:55.521+0000][119][info ][gc,marking  ] GC(51) Concurrent Mark From Roots 74.674ms
[2023-05-18T23:41:55.521+0000][119][info ][gc,marking  ] GC(51) Concurrent Preclean
[2023-05-18T23:41:55.521+0000][119][info ][gc,marking  ] GC(51) Concurrent Preclean 0.356ms
[2023-05-18T23:41:55.522+0000][119][info ][gc,start    ] GC(51) Pause Remark
[2023-05-18T23:41:55.530+0000][119][info ][gc          ] GC(51) Pause Remark 126M->126M(256M) 8.425ms
[2023-05-18T23:41:55.530+0000][119][info ][gc,cpu      ] GC(51) User=0.04s Sys=0.01s Real=0.01s
[2023-05-18T23:41:55.531+0000][119][info ][safepoint   ] Safepoint "G1PauseRemark", Time since last: 79653200 ns, Reaching safepoint: 23500 ns, Cleanup: 194600 ns, At safepoint: 8856800 ns, Total: 9074900 ns
[2023-05-18T23:41:55.531+0000][119][info ][gc,marking  ] GC(51) Concurrent Mark 85.058ms
[2023-05-18T23:41:55.531+0000][119][info ][gc,marking  ] GC(51) Concurrent Rebuild Remembered Sets and Scrub Regions
[2023-05-18T23:41:55.565+0000][119][info ][gc,marking  ] GC(51) Concurrent Rebuild Remembered Sets and Scrub Regions 33.989ms
[2023-05-18T23:41:55.565+0000][119][info ][gc,start    ] GC(51) Pause Cleanup
[2023-05-18T23:41:55.566+0000][119][info ][gc          ] GC(51) Pause Cleanup 127M->127M(256M) 0.338ms
[2023-05-18T23:41:55.566+0000][119][info ][gc,cpu      ] GC(51) User=0.00s Sys=0.00s Real=0.00s
[2023-05-18T23:41:55.566+0000][119][info ][safepoint   ] Safepoint "G1PauseCleanup", Time since last: 34714700 ns, Reaching safepoint: 14600 ns, Cleanup: 142600 ns, At safepoint: 684500 ns, Total: 841700 ns
[2023-05-18T23:41:55.566+0000][119][info ][gc,marking  ] GC(51) Concurrent Clear Claimed Marks
[2023-05-18T23:41:55.567+0000][119][info ][gc,marking  ] GC(51) Concurrent Clear Claimed Marks 0.333ms
[2023-05-18T23:41:55.567+0000][119][info ][gc,marking  ] GC(51) Concurrent Cleanup for Next Mark
[2023-05-18T23:41:55.567+0000][119][info ][gc,marking  ] GC(51) Concurrent Cleanup for Next Mark 0.295ms
[2023-05-18T23:41:55.567+0000][119][info ][gc          ] GC(51) Concurrent Mark Cycle 126.288ms
[2023-05-18T23:41:56.567+0000][119][info ][safepoint   ] Safepoint "Cleanup", Time since last: 1000286000 ns, Reaching safepoint: 25600 ns, Cleanup: 151000 ns, At safepoint: 9600 ns, Total: 186200 ns
[2023-05-18T23:41:57.567+0000][119][info ][safepoint   ] Safepoint "Cleanup", Time since last: 1000371700 ns, Reaching safepoint: 26500 ns, Cleanup: 210700 ns, At safepoint: 8100 ns, Total: 245300 ns
[2023-05-18T23:41:59.568+0000][119][info ][safepoint   ] Safepoint "Cleanup", Time since last: 2000636100 ns, Reaching safepoint: 42400 ns, Cleanup: 228000 ns, At safepoint: 23300 ns, Total: 293700 ns
[2023-05-18T23:42:01.569+0000][119][info ][safepoint   ] Safepoint "Cleanup", Time since last: 2000596700 ns, Reaching safepoint: 39700 ns, Cleanup: 294800 ns, At safepoint: 24300 ns, Total: 358800 ns
[2023-05-18T23:42:02.570+0000][119][info ][safepoint   ] Safepoint "Cleanup", Time since last: 1000468600 ns, Reaching safepoint: 25800 ns, Cleanup: 152600 ns, At safepoint: 9000 ns, Total: 187400 ns
[2023-05-18T23:42:04.570+0000][119][info ][safepoint   ] Safepoint "Cleanup", Time since last: 2000414200 ns, Reaching safepoint: 26100 ns, Cleanup: 163500 ns, At safepoint: 9200 ns, Total: 198800 ns
[2023-05-18T23:42:07.571+0000][119][info ][safepoint   ] Safepoint "Cleanup", Time since last: 3000689400 ns, Reaching safepoint: 49400 ns, Cleanup: 225100 ns, At safepoint: 19600 ns, Total: 294100 ns
[2023-05-18T23:42:08.572+0000][119][info ][safepoint   ] Safepoint "Cleanup", Time since last: 1000500300 ns, Reaching safepoint: 22900 ns, Cleanup: 180300 ns, At safepoint: 19100 ns, Total: 222300 ns
[2023-05-18T23:42:09.573+0000][119][info ][safepoint   ] Safepoint "Cleanup", Time since last: 1000405500 ns, Reaching safepoint: 23500 ns, Cleanup: 160200 ns, At safepoint: 37000 ns, Total: 220700 ns
[2023-05-18T23:42:10.573+0000][119][info ][safepoint   ] Safepoint "Cleanup", Time since last: 1000366600 ns, Reaching safepoint: 46100 ns, Cleanup: 167000 ns, At safepoint: 12700 ns, Total: 225800 ns
[2023-05-18T23:42:11.574+0000][119][info ][safepoint   ] Safepoint "Cleanup", Time since last: 1000395000 ns, Reaching safepoint: 25400 ns, Cleanup: 257800 ns, At safepoint: 20300 ns, Total: 303500 ns
[2023-05-18T23:42:12.575+0000][119][info ][safepoint   ] Safepoint "Cleanup", Time since last: 1000458400 ns, Reaching safepoint: 25700 ns, Cleanup: 134400 ns, At safepoint: 8500 ns, Total: 168600 ns
[2023-05-18T23:42:13.575+0000][119][info ][safepoint   ] Safepoint "Cleanup", Time since last: 1000348500 ns, Reaching safepoint: 22300 ns, Cleanup: 153400 ns, At safepoint: 25100 ns, Total: 200800 ns
[2023-05-18T23:42:14.576+0000][119][info ][safepoint   ] Safepoint "Cleanup", Time since last: 1000453400 ns, Reaching safepoint: 26200 ns, Cleanup: 151400 ns, At safepoint: 8500 ns, Total: 186100 ns
[2023-05-18T23:42:15.576+0000][119][info ][safepoint   ] Safepoint "Cleanup", Time since last: 1000298600 ns, Reaching safepoint: 45200 ns, Cleanup: 166100 ns, At safepoint: 30200 ns, Total: 241500 ns
[2023-05-18T23:42:16.577+0000][119][info ][safepoint   ] Safepoint "Cleanup", Time since last: 1000384000 ns, Reaching safepoint: 30500 ns, Cleanup: 220400 ns, At safepoint: 21100 ns, Total: 272000 ns
[2023-05-18T23:42:19.578+0000][119][info ][safepoint   ] Safepoint "Cleanup", Time since last: 3000803900 ns, Reaching safepoint: 25400 ns, Cleanup: 187400 ns, At safepoint: 13700 ns, Total: 226500 ns
[2023-05-18T23:42:20.579+0000][119][info ][safepoint   ] Safepoint "Cleanup", Time since last: 1000504300 ns, Reaching safepoint: 48500 ns, Cleanup: 178900 ns, At safepoint: 27700 ns, Total: 255100 ns
[2023-05-18T23:42:21.579+0000][119][info ][safepoint   ] Safepoint "Cleanup", Time since last: 1000365200 ns, Reaching safepoint: 25600 ns, Cleanup: 138000 ns, At safepoint: 9400 ns, Total: 173000 ns
[2023-05-18T23:42:22.017+0000][119][info ][gc,start    ] GC(52) Pause Young (Prepare Mixed) (G1 Evacuation Pause)
[2023-05-18T23:42:22.017+0000][119][info ][gc,task     ] GC(52) Using 8 workers of 8 for evacuation
[2023-05-18T23:42:22.018+0000][119][debug][gc,age      ] GC(52) Desired survivor size 8388608 bytes, new threshold 15 (max threshold 15)
[2023-05-18T23:42:22.022+0000][119][info ][gc,phases   ] GC(52)   Pre Evacuate Collection Set: 0.2ms
[2023-05-18T23:42:22.022+0000][119][info ][gc,phases   ] GC(52)   Merge Heap Roots: 0.2ms
[2023-05-18T23:42:22.023+0000][119][info ][gc,phases   ] GC(52)   Evacuate Collection Set: 2.5ms
[2023-05-18T23:42:22.023+0000][119][info ][gc,phases   ] GC(52)   Post Evacuate Collection Set: 1.0ms
[2023-05-18T23:42:22.023+0000][119][info ][gc,phases   ] GC(52)   Other: 0.6ms
[2023-05-18T23:42:22.023+0000][119][trace][gc,age      ] GC(52) Age table with threshold 15 (max threshold 15)
[2023-05-18T23:42:22.023+0000][119][trace][gc,age      ] GC(52) - age   1:    1822552 bytes,    1822552 total
[2023-05-18T23:42:22.024+0000][119][trace][gc,age      ] GC(52) - age   2:     949552 bytes,    2772104 total
[2023-05-18T23:42:22.024+0000][119][trace][gc,age      ] GC(52) - age   3:     875336 bytes,    3647440 total
[2023-05-18T23:42:22.024+0000][119][trace][gc,age      ] GC(52) - age   4:     280872 bytes,    3928312 total
[2023-05-18T23:42:22.024+0000][119][trace][gc,age      ] GC(52) - age   5:     223496 bytes,    4151808 total
[2023-05-18T23:42:22.024+0000][119][trace][gc,age      ] GC(52) - age   6:      69264 bytes,    4221072 total
[2023-05-18T23:42:22.024+0000][119][trace][gc,age      ] GC(52) - age   7:     355592 bytes,    4576664 total
[2023-05-18T23:42:22.025+0000][119][trace][gc,age      ] GC(52) - age   8:     577816 bytes,    5154480 total
[2023-05-18T23:42:22.025+0000][119][info ][gc,heap     ] GC(52) Eden regions: 24->0(22)
[2023-05-18T23:42:22.025+0000][119][info ][gc,heap     ] GC(52) Survivor regions: 1->2(4)
[2023-05-18T23:42:22.025+0000][119][info ][gc,heap     ] GC(52) Old regions: 27->27
[2023-05-18T23:42:22.025+0000][119][info ][gc,heap     ] GC(52) Archive regions: 2->2
[2023-05-18T23:42:22.025+0000][119][info ][gc,heap     ] GC(52) Humongous regions: 2->2
[2023-05-18T23:42:22.025+0000][119][info ][gc,metaspace] GC(52) Metaspace: 136871K(139968K)->136871K(139968K) NonClass: 118798K(120128K)->118798K(120128K) Class: 18072K(19840K)->18072K(19840K)
[2023-05-18T23:42:22.026+0000][119][info ][gc          ] GC(52) Pause Young (Prepare Mixed) (G1 Evacuation Pause) 219M->125M(256M) 8.658ms
[2023-05-18T23:42:22.026+0000][119][info ][gc,cpu      ] GC(52) User=0.02s Sys=0.00s Real=0.01s
[2023-05-18T23:42:22.026+0000][119][info ][safepoint   ] Safepoint "G1CollectForAllocation", Time since last: 437418800 ns, Reaching safepoint: 20300 ns, Cleanup: 187100 ns, At safepoint: 9084800 ns, Total: 9292200 ns
[2023-05-18T23:42:23.026+0000][119][info ][safepoint   ] Safepoint "Cleanup", Time since last: 1000279800 ns, Reaching safepoint: 22600 ns, Cleanup: 152700 ns, At safepoint: 7700 ns, Total: 183000 ns
[2023-05-18T23:42:24.027+0000][119][info ][safepoint   ] Safepoint "Cleanup", Time since last: 1000343200 ns, Reaching safepoint: 25000 ns, Cleanup: 170300 ns, At safepoint: 26700 ns, Total: 222000 ns
[2023-05-18T23:42:25.028+0000][119][info ][safepoint   ] Safepoint "Cleanup", Time since last: 1000393100 ns, Reaching safepoint: 58000 ns, Cleanup: 226100 ns, At safepoint: 26900 ns, Total: 311000 ns
[2023-05-18T23:42:26.028+0000][119][info ][safepoint   ] Safepoint "Cleanup", Time since last: 1000404700 ns, Reaching safepoint: 37600 ns, Cleanup: 162800 ns, At safepoint: 9200 ns, Total: 209600 ns
[2023-05-18T23:42:27.029+0000][119][info ][safepoint   ] Safepoint "Cleanup", Time since last: 1000306200 ns, Reaching safepoint: 24700 ns, Cleanup: 230800 ns, At safepoint: 18200 ns, Total: 273700 ns
[2023-05-18T23:42:29.030+0000][119][info ][safepoint   ] Safepoint "Cleanup", Time since last: 2000627100 ns, Reaching safepoint: 25800 ns, Cleanup: 198800 ns, At safepoint: 8900 ns, Total: 233500 ns
[2023-05-18T23:42:30.031+0000][119][info ][safepoint   ] Safepoint "Cleanup", Time since last: 1000540400 ns, Reaching safepoint: 46900 ns, Cleanup: 168800 ns, At safepoint: 11400 ns, Total: 227100 ns
[2023-05-18T23:42:32.031+0000][119][info ][safepoint   ] Safepoint "Cleanup", Time since last: 2000463900 ns, Reaching safepoint: 23000 ns, Cleanup: 194100 ns, At safepoint: 15200 ns, Total: 232300 ns
[2023-05-18T23:42:33.032+0000][119][info ][safepoint   ] Safepoint "Cleanup", Time since last: 1000361300 ns, Reaching safepoint: 26300 ns, Cleanup: 237000 ns, At safepoint: 9100 ns, Total: 272400 ns
[2023-05-18T23:42:35.033+0000][119][info ][safepoint   ] Safepoint "Cleanup", Time since last: 2000669300 ns, Reaching safepoint: 26200 ns, Cleanup: 194900 ns, At safepoint: 10200 ns, Total: 231300 ns
[2023-05-18T23:42:38.034+0000][119][info ][safepoint   ] Safepoint "Cleanup", Time since last: 3000705800 ns, Reaching safepoint: 26200 ns, Cleanup: 157900 ns, At safepoint: 8800 ns, Total: 192900 ns
[2023-05-18T23:42:39.034+0000][119][info ][safepoint   ] Safepoint "Cleanup", Time since last: 1000427100 ns, Reaching safepoint: 25600 ns, Cleanup: 201100 ns, At safepoint: 18600 ns, Total: 245300 ns
[2023-05-18T23:42:40.035+0000][119][info ][safepoint   ] Safepoint "Cleanup", Time since last: 1000465200 ns, Reaching safepoint: 23800 ns, Cleanup: 171100 ns, At safepoint: 27500 ns, Total: 222400 ns
[2023-05-18T23:42:41.309+0000][119][info ][gc,start    ] GC(53) Pause Young (Mixed) (G1 Evacuation Pause)
[2023-05-18T23:42:41.309+0000][119][info ][gc,task     ] GC(53) Using 8 workers of 8 for evacuation
[2023-05-18T23:42:41.309+0000][119][debug][gc,age      ] GC(53) Desired survivor size 6291456 bytes, new threshold 15 (max threshold 15)
[2023-05-18T23:42:41.317+0000][119][info ][gc,phases   ] GC(53)   Pre Evacuate Collection Set: 0.2ms
[2023-05-18T23:42:41.317+0000][119][info ][gc,phases   ] GC(53)   Merge Heap Roots: 0.2ms
[2023-05-18T23:42:41.318+0000][119][info ][gc,phases   ] GC(53)   Evacuate Collection Set: 5.3ms
[2023-05-18T23:42:41.318+0000][119][info ][gc,phases   ] GC(53)   Post Evacuate Collection Set: 1.1ms
[2023-05-18T23:42:41.318+0000][119][info ][gc,phases   ] GC(53)   Other: 0.5ms
[2023-05-18T23:42:41.319+0000][119][trace][gc,age      ] GC(53) Age table with threshold 15 (max threshold 15)
[2023-05-18T23:42:41.319+0000][119][trace][gc,age      ] GC(53) - age   1:    3363640 bytes,    3363640 total
[2023-05-18T23:42:41.319+0000][119][trace][gc,age      ] GC(53) - age   2:     461536 bytes,    3825176 total
[2023-05-18T23:42:41.319+0000][119][trace][gc,age      ] GC(53) - age   3:     948448 bytes,    4773624 total
[2023-05-18T23:42:41.320+0000][119][trace][gc,age      ] GC(53) - age   4:     867192 bytes,    5640816 total
[2023-05-18T23:42:41.320+0000][119][trace][gc,age      ] GC(53) - age   5:     280568 bytes,    5921384 total
[2023-05-18T23:42:41.320+0000][119][trace][gc,age      ] GC(53) - age   6:     222640 bytes,    6144024 total
[2023-05-18T23:42:41.320+0000][119][trace][gc,age      ] GC(53) - age   7:      69120 bytes,    6213144 total
[2023-05-18T23:42:41.321+0000][119][trace][gc,age      ] GC(53) - age   8:     354944 bytes,    6568088 total
[2023-05-18T23:42:41.321+0000][119][trace][gc,age      ] GC(53) - age   9:     577224 bytes,    7145312 total
[2023-05-18T23:42:41.321+0000][119][info ][gc,heap     ] GC(53) Eden regions: 22->0(23)
[2023-05-18T23:42:41.321+0000][119][info ][gc,heap     ] GC(53) Survivor regions: 2->2(3)
[2023-05-18T23:42:41.322+0000][119][info ][gc,heap     ] GC(53) Old regions: 27->26
[2023-05-18T23:42:41.322+0000][119][info ][gc,heap     ] GC(53) Archive regions: 2->2
[2023-05-18T23:42:41.322+0000][119][info ][gc,heap     ] GC(53) Humongous regions: 2->2
[2023-05-18T23:42:41.322+0000][119][info ][gc,metaspace] GC(53) Metaspace: 136986K(140096K)->136986K(140096K) NonClass: 118913K(120256K)->118913K(120256K) Class: 18072K(19840K)->18072K(19840K)
[2023-05-18T23:42:41.323+0000][119][info ][gc          ] GC(53) Pause Young (Mixed) (G1 Evacuation Pause) 213M->121M(256M) 13.635ms
[2023-05-18T23:42:41.323+0000][119][info ][gc,cpu      ] GC(53) User=0.05s Sys=0.00s Real=0.02s
[2023-05-18T23:42:41.323+0000][119][info ][safepoint   ] Safepoint "G1CollectForAllocation", Time since last: 1273678800 ns, Reaching safepoint: 22400 ns, Cleanup: 160900 ns, At safepoint: 14205500 ns, Total: 14388800 ns
[2023-05-18T23:42:42.324+0000][119][info ][safepoint   ] Safepoint "Cleanup", Time since last: 1000344100 ns, Reaching safepoint: 26400 ns, Cleanup: 158000 ns, At safepoint: 30200 ns, Total: 214600 ns
[2023-05-18T23:42:43.325+0000][119][info ][safepoint   ] Safepoint "Cleanup", Time since last: 1000548800 ns, Reaching safepoint: 61700 ns, Cleanup: 217800 ns, At safepoint: 30500 ns, Total: 310000 ns
[2023-05-18T23:42:44.325+0000][119][info ][safepoint   ] Safepoint "Cleanup", Time since last: 1000357300 ns, Reaching safepoint: 35700 ns, Cleanup: 191600 ns, At safepoint: 14500 ns, Total: 241800 ns
[2023-05-18T23:42:44.524+0000][119][info ][gc,start    ] GC(54) Pause Young (Concurrent Start) (G1 Evacuation Pause)
[2023-05-18T23:42:44.525+0000][119][info ][gc,task     ] GC(54) Using 8 workers of 8 for evacuation
[2023-05-18T23:42:44.525+0000][119][debug][gc,age      ] GC(54) Desired survivor size 8388608 bytes, new threshold 15 (max threshold 15)
[2023-05-18T23:42:44.531+0000][119][info ][gc,phases   ] GC(54)   Pre Evacuate Collection Set: 0.3ms
[2023-05-18T23:42:44.531+0000][119][info ][gc,phases   ] GC(54)   Merge Heap Roots: 0.2ms
[2023-05-18T23:42:44.532+0000][119][info ][gc,phases   ] GC(54)   Evacuate Collection Set: 3.6ms
[2023-05-18T23:42:44.532+0000][119][info ][gc,phases   ] GC(54)   Post Evacuate Collection Set: 1.1ms
[2023-05-18T23:42:44.532+0000][119][info ][gc,phases   ] GC(54)   Other: 0.6ms
[2023-05-18T23:42:44.533+0000][119][trace][gc,age      ] GC(54) Age table with threshold 15 (max threshold 15)
[2023-05-18T23:42:44.533+0000][119][trace][gc,age      ] GC(54) - age   1:    1522416 bytes,    1522416 total
[2023-05-18T23:42:44.533+0000][119][trace][gc,age      ] GC(54) - age   2:    3235512 bytes,    4757928 total
[2023-05-18T23:42:44.534+0000][119][trace][gc,age      ] GC(54) - age   3:     459872 bytes,    5217800 total
[2023-05-18T23:42:44.534+0000][119][trace][gc,age      ] GC(54) - age   4:     873560 bytes,    6091360 total
[2023-05-18T23:42:44.534+0000][119][trace][gc,age      ] GC(54) - age   5:     678216 bytes,    6769576 total
[2023-05-18T23:42:44.534+0000][119][trace][gc,age      ] GC(54) - age   6:     280568 bytes,    7050144 total
[2023-05-18T23:42:44.535+0000][119][trace][gc,age      ] GC(54) - age   7:     222640 bytes,    7272784 total
[2023-05-18T23:42:44.535+0000][119][trace][gc,age      ] GC(54) - age   8:      69056 bytes,    7341840 total
[2023-05-18T23:42:44.535+0000][119][trace][gc,age      ] GC(54) - age   9:     354944 bytes,    7696784 total
[2023-05-18T23:42:44.535+0000][119][trace][gc,age      ] GC(54) - age  10:     577056 bytes,    8273840 total
[2023-05-18T23:42:44.535+0000][119][info ][gc,heap     ] GC(54) Eden regions: 23->0(21)
[2023-05-18T23:42:44.536+0000][119][info ][gc,heap     ] GC(54) Survivor regions: 2->3(4)
[2023-05-18T23:42:44.536+0000][119][info ][gc,heap     ] GC(54) Old regions: 26->26
[2023-05-18T23:42:44.536+0000][119][info ][gc,heap     ] GC(54) Archive regions: 2->2
[2023-05-18T23:42:44.536+0000][119][info ][gc,heap     ] GC(54) Humongous regions: 2->2
[2023-05-18T23:42:44.536+0000][119][info ][gc,metaspace] GC(54) Metaspace: 137046K(140224K)->137046K(140224K) NonClass: 118971K(120384K)->118971K(120384K) Class: 18075K(19840K)->18075K(19840K)
[2023-05-18T23:42:44.537+0000][119][info ][gc          ] GC(54) Pause Young (Concurrent Start) (G1 Evacuation Pause) 213M->122M(256M) 12.176ms
[2023-05-18T23:42:44.537+0000][119][info ][gc          ] GC(55) Concurrent Mark Cycle
[2023-05-18T23:42:44.537+0000][119][info ][gc,marking  ] GC(55) Concurrent Scan Root Regions
[2023-05-18T23:42:44.537+0000][119][info ][gc,cpu      ] GC(54) User=0.03s Sys=0.00s Real=0.01s
[2023-05-18T23:42:44.538+0000][119][info ][safepoint   ] Safepoint "G1CollectForAllocation", Time since last: 199039100 ns, Reaching safepoint: 31900 ns, Cleanup: 188600 ns, At safepoint: 13163500 ns, Total: 13384000 ns
[2023-05-18T23:42:44.542+0000][119][info ][gc,marking  ] GC(55) Concurrent Scan Root Regions 4.546ms
[2023-05-18T23:42:44.542+0000][119][info ][gc,marking  ] GC(55) Concurrent Mark
[2023-05-18T23:42:44.542+0000][119][info ][gc,marking  ] GC(55) Concurrent Mark From Roots
[2023-05-18T23:42:44.543+0000][119][info ][gc,task     ] GC(55) Using 2 workers of 2 for marking
[2023-05-18T23:42:44.625+0000][119][info ][gc,marking  ] GC(55) Concurrent Mark From Roots 82.291ms
[2023-05-18T23:42:44.625+0000][119][info ][gc,marking  ] GC(55) Concurrent Preclean
[2023-05-18T23:42:44.625+0000][119][info ][gc,marking  ] GC(55) Concurrent Preclean 0.426ms
[2023-05-18T23:42:44.626+0000][119][info ][gc,start    ] GC(55) Pause Remark
[2023-05-18T23:42:44.637+0000][119][info ][gc          ] GC(55) Pause Remark 144M->144M(256M) 10.704ms
[2023-05-18T23:42:44.637+0000][119][info ][gc,cpu      ] GC(55) User=0.04s Sys=0.00s Real=0.01s
[2023-05-18T23:42:44.637+0000][119][info ][safepoint   ] Safepoint "G1PauseRemark", Time since last: 88317000 ns, Reaching safepoint: 130700 ns, Cleanup: 202300 ns, At safepoint: 11220100 ns, Total: 11553100 ns
[2023-05-18T23:42:44.638+0000][119][info ][gc,marking  ] GC(55) Concurrent Mark 95.850ms
[2023-05-18T23:42:44.638+0000][119][info ][gc,marking  ] GC(55) Concurrent Rebuild Remembered Sets and Scrub Regions
[2023-05-18T23:42:44.678+0000][119][info ][gc,marking  ] GC(55) Concurrent Rebuild Remembered Sets and Scrub Regions 40.205ms
[2023-05-18T23:42:44.679+0000][119][info ][gc,start    ] GC(55) Pause Cleanup
[2023-05-18T23:42:44.679+0000][119][info ][gc          ] GC(55) Pause Cleanup 156M->156M(256M) 0.379ms
[2023-05-18T23:42:44.679+0000][119][info ][gc,cpu      ] GC(55) User=0.01s Sys=0.00s Real=0.00s
[2023-05-18T23:42:44.680+0000][119][info ][safepoint   ] Safepoint "G1PauseCleanup", Time since last: 41085700 ns, Reaching safepoint: 101400 ns, Cleanup: 146800 ns, At safepoint: 827400 ns, Total: 1075600 ns
[2023-05-18T23:42:44.680+0000][119][info ][gc,marking  ] GC(55) Concurrent Clear Claimed Marks
[2023-05-18T23:42:44.680+0000][119][info ][gc,marking  ] GC(55) Concurrent Clear Claimed Marks 0.520ms
[2023-05-18T23:42:44.681+0000][119][info ][gc,marking  ] GC(55) Concurrent Cleanup for Next Mark
[2023-05-18T23:42:44.681+0000][119][info ][gc,marking  ] GC(55) Concurrent Cleanup for Next Mark 0.591ms
[2023-05-18T23:42:44.681+0000][119][info ][gc          ] GC(55) Concurrent Mark Cycle 144.617ms
[2023-05-18T23:42:44.862+0000][119][info ][gc,start    ] GC(56) Pause Young (Prepare Mixed) (G1 Evacuation Pause)
[2023-05-18T23:42:44.862+0000][119][info ][gc,task     ] GC(56) Using 8 workers of 8 for evacuation
[2023-05-18T23:42:44.862+0000][119][debug][gc,age      ] GC(56) Desired survivor size 6291456 bytes, new threshold 5 (max threshold 15)
[2023-05-18T23:42:44.868+0000][119][info ][gc,phases   ] GC(56)   Pre Evacuate Collection Set: 0.2ms
[2023-05-18T23:42:44.868+0000][119][info ][gc,phases   ] GC(56)   Merge Heap Roots: 0.1ms
[2023-05-18T23:42:44.868+0000][119][info ][gc,phases   ] GC(56)   Evacuate Collection Set: 3.8ms
[2023-05-18T23:42:44.869+0000][119][info ][gc,phases   ] GC(56)   Post Evacuate Collection Set: 1.4ms
[2023-05-18T23:42:44.869+0000][119][info ][gc,phases   ] GC(56)   Other: 0.5ms
[2023-05-18T23:42:44.869+0000][119][trace][gc,age      ] GC(56) Age table with threshold 5 (max threshold 15)
[2023-05-18T23:42:44.869+0000][119][trace][gc,age      ] GC(56) - age   1:     823840 bytes,     823840 total
[2023-05-18T23:42:44.869+0000][119][trace][gc,age      ] GC(56) - age   2:     920032 bytes,    1743872 total
[2023-05-18T23:42:44.869+0000][119][trace][gc,age      ] GC(56) - age   3:    3232240 bytes,    4976112 total
[2023-05-18T23:42:44.870+0000][119][trace][gc,age      ] GC(56) - age   4:     459248 bytes,    5435360 total
[2023-05-18T23:42:44.870+0000][119][trace][gc,age      ] GC(56) - age   5:     873192 bytes,    6308552 total
[2023-05-18T23:42:44.870+0000][119][info ][gc,heap     ] GC(56) Eden regions: 21->0(22)
[2023-05-18T23:42:44.870+0000][119][info ][gc,heap     ] GC(56) Survivor regions: 3->2(3)
[2023-05-18T23:42:44.870+0000][119][info ][gc,heap     ] GC(56) Old regions: 26->27
[2023-05-18T23:42:44.870+0000][119][info ][gc,heap     ] GC(56) Archive regions: 2->2
[2023-05-18T23:42:44.870+0000][119][info ][gc,heap     ] GC(56) Humongous regions: 2->2
[2023-05-18T23:42:44.871+0000][119][info ][gc,metaspace] GC(56) Metaspace: 137065K(140224K)->137065K(140224K) NonClass: 118990K(120384K)->118990K(120384K) Class: 18075K(19840K)->18075K(19840K)
[2023-05-18T23:42:44.871+0000][119][info ][gc          ] GC(56) Pause Young (Prepare Mixed) (G1 Evacuation Pause) 206M->123M(256M) 9.189ms
[2023-05-18T23:42:44.871+0000][119][info ][gc,cpu      ] GC(56) User=0.01s Sys=0.02s Real=0.01s
[2023-05-18T23:42:44.871+0000][119][info ][safepoint   ] Safepoint "G1CollectForAllocation", Time since last: 181732500 ns, Reaching safepoint: 30000 ns, Cleanup: 185000 ns, At safepoint: 9603500 ns, Total: 9818500 ns
[2023-05-18T23:42:45.872+0000][119][info ][safepoint   ] Safepoint "Cleanup", Time since last: 1000348400 ns, Reaching safepoint: 25500 ns, Cleanup: 201500 ns, At safepoint: 12400 ns, Total: 239400 ns
[2023-05-18T23:42:46.873+0000][119][info ][safepoint   ] Safepoint "Cleanup", Time since last: 1000545400 ns, Reaching safepoint: 46100 ns, Cleanup: 275800 ns, At safepoint: 42500 ns, Total: 364400 ns
[2023-05-18T23:42:49.874+0000][119][info ][safepoint   ] Safepoint "Cleanup", Time since last: 3000644100 ns, Reaching safepoint: 315600 ns, Cleanup: 193300 ns, At safepoint: 58600 ns, Total: 567500 ns
[2023-05-18T23:42:50.874+0000][119][info ][safepoint   ] Safepoint "Cleanup", Time since last: 1000374000 ns, Reaching safepoint: 22700 ns, Cleanup: 213100 ns, At safepoint: 9100 ns, Total: 244900 ns
[2023-05-18T23:42:51.637+0000][119][info ][gc,start    ] GC(57) Pause Young (Mixed) (G1 Evacuation Pause)
[2023-05-18T23:42:51.637+0000][119][info ][gc,task     ] GC(57) Using 8 workers of 8 for evacuation
[2023-05-18T23:42:51.637+0000][119][debug][gc,age      ] GC(57) Desired survivor size 6291456 bytes, new threshold 5 (max threshold 15)
[2023-05-18T23:42:51.643+0000][119][info ][gc,phases   ] GC(57)   Pre Evacuate Collection Set: 0.2ms
[2023-05-18T23:42:51.643+0000][119][info ][gc,phases   ] GC(57)   Merge Heap Roots: 0.1ms
[2023-05-18T23:42:51.644+0000][119][info ][gc,phases   ] GC(57)   Evacuate Collection Set: 4.2ms
[2023-05-18T23:42:51.644+0000][119][info ][gc,phases   ] GC(57)   Post Evacuate Collection Set: 1.2ms
[2023-05-18T23:42:51.644+0000][119][info ][gc,phases   ] GC(57)   Other: 0.4ms
[2023-05-18T23:42:51.645+0000][119][trace][gc,age      ] GC(57) Age table with threshold 5 (max threshold 15)
[2023-05-18T23:42:51.645+0000][119][trace][gc,age      ] GC(57) - age   1:    1080880 bytes,    1080880 total
[2023-05-18T23:42:51.645+0000][119][trace][gc,age      ] GC(57) - age   2:     572000 bytes,    1652880 total
[2023-05-18T23:42:51.645+0000][119][trace][gc,age      ] GC(57) - age   3:     528352 bytes,    2181232 total
[2023-05-18T23:42:51.646+0000][119][trace][gc,age      ] GC(57) - age   4:    3222576 bytes,    5403808 total
[2023-05-18T23:42:51.646+0000][119][trace][gc,age      ] GC(57) - age   5:     451232 bytes,    5855040 total
[2023-05-18T23:42:51.646+0000][119][info ][gc,heap     ] GC(57) Eden regions: 22->0(23)
[2023-05-18T23:42:51.647+0000][119][info ][gc,heap     ] GC(57) Survivor regions: 2->2(3)
[2023-05-18T23:42:51.647+0000][119][info ][gc,heap     ] GC(57) Old regions: 27->26
[2023-05-18T23:42:51.647+0000][119][info ][gc,heap     ] GC(57) Archive regions: 2->2
[2023-05-18T23:42:51.647+0000][119][info ][gc,heap     ] GC(57) Humongous regions: 2->2
[2023-05-18T23:42:51.647+0000][119][info ][gc,metaspace] GC(57) Metaspace: 137229K(140352K)->137229K(140352K) NonClass: 119142K(120512K)->119142K(120512K) Class: 18086K(19840K)->18086K(19840K)
[2023-05-18T23:42:51.648+0000][119][info ][gc          ] GC(57) Pause Young (Mixed) (G1 Evacuation Pause) 211M->118M(256M) 11.017ms
[2023-05-18T23:42:51.648+0000][119][info ][gc,cpu      ] GC(57) User=0.02s Sys=0.01s Real=0.01s
[2023-05-18T23:42:51.648+0000][119][info ][safepoint   ] Safepoint "G1CollectForAllocation", Time since last: 762016200 ns, Reaching safepoint: 26600 ns, Cleanup: 143600 ns, At safepoint: 11667200 ns, Total: 11837400 ns
[2023-05-18T23:42:52.789+0000][119][info ][safepoint   ] Safepoint "ICBufferFull", Time since last: 1140556900 ns, Reaching safepoint: 28300 ns, Cleanup: 220400 ns, At safepoint: 41400 ns, Total: 290100 ns
[2023-05-18T23:42:53.642+0000][119][info ][gc,start    ] GC(58) Pause Young (Concurrent Start) (G1 Evacuation Pause)
[2023-05-18T23:42:53.642+0000][119][info ][gc,task     ] GC(58) Using 8 workers of 8 for evacuation
[2023-05-18T23:42:53.643+0000][119][debug][gc,age      ] GC(58) Desired survivor size 8388608 bytes, new threshold 15 (max threshold 15)
[2023-05-18T23:42:53.649+0000][119][info ][gc,phases   ] GC(58)   Pre Evacuate Collection Set: 0.3ms
[2023-05-18T23:42:53.649+0000][119][info ][gc,phases   ] GC(58)   Merge Heap Roots: 0.2ms
[2023-05-18T23:42:53.649+0000][119][info ][gc,phases   ] GC(58)   Evacuate Collection Set: 3.9ms
[2023-05-18T23:42:53.650+0000][119][info ][gc,phases   ] GC(58)   Post Evacuate Collection Set: 1.3ms
[2023-05-18T23:42:53.650+0000][119][info ][gc,phases   ] GC(58)   Other: 0.6ms
[2023-05-18T23:42:53.650+0000][119][trace][gc,age      ] GC(58) Age table with threshold 15 (max threshold 15)
[2023-05-18T23:42:53.650+0000][119][trace][gc,age      ] GC(58) - age   1:    2608872 bytes,    2608872 total
[2023-05-18T23:42:53.651+0000][119][trace][gc,age      ] GC(58) - age   2:     852496 bytes,    3461368 total
[2023-05-18T23:42:53.651+0000][119][trace][gc,age      ] GC(58) - age   3:     572000 bytes,    4033368 total
[2023-05-18T23:42:53.651+0000][119][trace][gc,age      ] GC(58) - age   4:     528064 bytes,    4561432 total
[2023-05-18T23:42:53.651+0000][119][trace][gc,age      ] GC(58) - age   5:    3221600 bytes,    7783032 total
[2023-05-18T23:42:53.652+0000][119][trace][gc,age      ] GC(58) - age   6:     449648 bytes,    8232680 total
[2023-05-18T23:42:53.652+0000][119][info ][gc,heap     ] GC(58) Eden regions: 23->0(21)
[2023-05-18T23:42:53.652+0000][119][info ][gc,heap     ] GC(58) Survivor regions: 2->3(4)
[2023-05-18T23:42:53.652+0000][119][info ][gc,heap     ] GC(58) Old regions: 26->26
[2023-05-18T23:42:53.653+0000][119][info ][gc,heap     ] GC(58) Archive regions: 2->2
[2023-05-18T23:42:53.653+0000][119][info ][gc,heap     ] GC(58) Humongous regions: 2->2
[2023-05-18T23:42:53.653+0000][119][info ][gc,metaspace] GC(58) Metaspace: 138774K(141568K)->138774K(141568K) NonClass: 120375K(121728K)->120375K(121728K) Class: 18399K(19840K)->18399K(19840K)
[2023-05-18T23:42:53.653+0000][119][info ][gc          ] GC(58) Pause Young (Concurrent Start) (G1 Evacuation Pause) 210M->121M(256M) 11.307ms
[2023-05-18T23:42:53.653+0000][119][info ][gc          ] GC(59) Concurrent Mark Cycle
[2023-05-18T23:42:53.654+0000][119][info ][gc,marking  ] GC(59) Concurrent Scan Root Regions
[2023-05-18T23:42:53.653+0000][119][info ][gc,cpu      ] GC(58) User=0.04s Sys=0.01s Real=0.02s
[2023-05-18T23:42:53.654+0000][119][info ][safepoint   ] Safepoint "G1CollectForAllocation", Time since last: 852457800 ns, Reaching safepoint: 21000 ns, Cleanup: 166300 ns, At safepoint: 12172000 ns, Total: 12359300 ns
[2023-05-18T23:42:53.658+0000][119][info ][gc,marking  ] GC(59) Concurrent Scan Root Regions 4.567ms
[2023-05-18T23:42:53.658+0000][119][info ][gc,marking  ] GC(59) Concurrent Mark
[2023-05-18T23:42:53.659+0000][119][info ][gc,marking  ] GC(59) Concurrent Mark From Roots
[2023-05-18T23:42:53.659+0000][119][info ][gc,task     ] GC(59) Using 2 workers of 2 for marking
[2023-05-18T23:42:53.725+0000][119][info ][gc,marking  ] GC(59) Concurrent Mark From Roots 66.291ms
[2023-05-18T23:42:53.725+0000][119][info ][gc,marking  ] GC(59) Concurrent Preclean
[2023-05-18T23:42:53.726+0000][119][info ][gc,marking  ] GC(59) Concurrent Preclean 0.402ms
[2023-05-18T23:42:53.726+0000][119][info ][gc,start    ] GC(59) Pause Remark
[2023-05-18T23:42:53.739+0000][119][info ][gc          ] GC(59) Pause Remark 122M->122M(256M) 13.344ms
[2023-05-18T23:42:53.740+0000][119][info ][gc,cpu      ] GC(59) User=0.08s Sys=0.00s Real=0.01s
[2023-05-18T23:42:53.740+0000][119][info ][safepoint   ] Safepoint "G1PauseRemark", Time since last: 71914100 ns, Reaching safepoint: 21400 ns, Cleanup: 148100 ns, At safepoint: 13874900 ns, Total: 14044400 ns
[2023-05-18T23:42:53.740+0000][119][info ][gc,marking  ] GC(59) Concurrent Mark 81.799ms
[2023-05-18T23:42:53.740+0000][119][info ][gc,marking  ] GC(59) Concurrent Rebuild Remembered Sets and Scrub Regions
[2023-05-18T23:42:53.779+0000][119][info ][gc,marking  ] GC(59) Concurrent Rebuild Remembered Sets and Scrub Regions 38.207ms
[2023-05-18T23:42:53.779+0000][119][info ][gc,start    ] GC(59) Pause Cleanup
[2023-05-18T23:42:53.780+0000][119][info ][gc          ] GC(59) Pause Cleanup 122M->122M(256M) 0.451ms
[2023-05-18T23:42:53.780+0000][119][info ][gc,cpu      ] GC(59) User=0.00s Sys=0.00s Real=0.00s
[2023-05-18T23:42:53.780+0000][119][info ][safepoint   ] Safepoint "G1PauseCleanup", Time since last: 38889800 ns, Reaching safepoint: 16100 ns, Cleanup: 192700 ns, At safepoint: 1185400 ns, Total: 1394200 ns
[2023-05-18T23:42:53.781+0000][119][info ][gc,marking  ] GC(59) Concurrent Clear Claimed Marks
[2023-05-18T23:42:53.781+0000][119][info ][gc,marking  ] GC(59) Concurrent Clear Claimed Marks 0.393ms
[2023-05-18T23:42:53.781+0000][119][info ][gc,marking  ] GC(59) Concurrent Cleanup for Next Mark
[2023-05-18T23:42:53.782+0000][119][info ][gc,marking  ] GC(59) Concurrent Cleanup for Next Mark 0.422ms
[2023-05-18T23:42:53.782+0000][119][info ][gc          ] GC(59) Concurrent Mark Cycle 128.378ms
[2023-05-18T23:42:54.781+0000][119][info ][safepoint   ] Safepoint "Cleanup", Time since last: 1000358100 ns, Reaching safepoint: 26100 ns, Cleanup: 147400 ns, At safepoint: 9400 ns, Total: 182900 ns
[2023-05-18T23:42:55.781+0000][119][info ][safepoint   ] Safepoint "Cleanup", Time since last: 1000335100 ns, Reaching safepoint: 21200 ns, Cleanup: 256100 ns, At safepoint: 57500 ns, Total: 334800 ns
[2023-05-18T23:42:56.782+0000][119][info ][safepoint   ] Safepoint "Cleanup", Time since last: 1000516400 ns, Reaching safepoint: 40200 ns, Cleanup: 154600 ns, At safepoint: 8100 ns, Total: 202900 ns
[2023-05-18T23:42:58.783+0000][119][info ][safepoint   ] Safepoint "Cleanup", Time since last: 2000440300 ns, Reaching safepoint: 26600 ns, Cleanup: 221500 ns, At safepoint: 35700 ns, Total: 283800 ns
[2023-05-18T23:42:59.783+0000][119][info ][safepoint   ] Safepoint "Cleanup", Time since last: 1000310200 ns, Reaching safepoint: 20600 ns, Cleanup: 230300 ns, At safepoint: 16700 ns, Total: 267600 ns
[2023-05-18T23:43:01.784+0000][119][info ][safepoint   ] Safepoint "Cleanup", Time since last: 2000626400 ns, Reaching safepoint: 20600 ns, Cleanup: 201100 ns, At safepoint: 7800 ns, Total: 229500 ns
[2023-05-18T23:43:04.785+0000][119][info ][safepoint   ] Safepoint "Cleanup", Time since last: 3000666200 ns, Reaching safepoint: 20200 ns, Cleanup: 138900 ns, At safepoint: 7100 ns, Total: 166200 ns
[2023-05-18T23:43:06.786+0000][119][info ][safepoint   ] Safepoint "Cleanup", Time since last: 2000415600 ns, Reaching safepoint: 21400 ns, Cleanup: 184600 ns, At safepoint: 17900 ns, Total: 223900 ns
[2023-05-18T23:43:07.786+0000][119][info ][safepoint   ] Safepoint "Cleanup", Time since last: 1000428700 ns, Reaching safepoint: 40400 ns, Cleanup: 174200 ns, At safepoint: 10100 ns, Total: 224700 ns
[2023-05-18T23:43:08.787+0000][119][info ][safepoint   ] Safepoint "Cleanup", Time since last: 1000356100 ns, Reaching safepoint: 21500 ns, Cleanup: 175000 ns, At safepoint: 15900 ns, Total: 212400 ns
[2023-05-18T23:43:09.788+0000][119][info ][safepoint   ] Safepoint "Cleanup", Time since last: 1000372600 ns, Reaching safepoint: 25600 ns, Cleanup: 228000 ns, At safepoint: 14500 ns, Total: 268100 ns
[2023-05-18T23:43:10.788+0000][119][info ][safepoint   ] Safepoint "Cleanup", Time since last: 1000379900 ns, Reaching safepoint: 19700 ns, Cleanup: 228800 ns, At safepoint: 17000 ns, Total: 265500 ns
[2023-05-18T23:43:13.789+0000][119][info ][safepoint   ] Safepoint "Cleanup", Time since last: 3000631700 ns, Reaching safepoint: 20500 ns, Cleanup: 138100 ns, At safepoint: 7500 ns, Total: 166100 ns
[2023-05-18T23:43:14.249+0000][119][info ][gc,start    ] GC(60) Pause Young (Prepare Mixed) (G1 Evacuation Pause)
[2023-05-18T23:43:14.250+0000][119][info ][gc,task     ] GC(60) Using 8 workers of 8 for evacuation
[2023-05-18T23:43:14.250+0000][119][debug][gc,age      ] GC(60) Desired survivor size 6291456 bytes, new threshold 5 (max threshold 15)
[2023-05-18T23:43:14.255+0000][119][info ][gc,phases   ] GC(60)   Pre Evacuate Collection Set: 0.2ms
[2023-05-18T23:43:14.256+0000][119][info ][gc,phases   ] GC(60)   Merge Heap Roots: 0.2ms
[2023-05-18T23:43:14.256+0000][119][info ][gc,phases   ] GC(60)   Evacuate Collection Set: 3.6ms
[2023-05-18T23:43:14.257+0000][119][info ][gc,phases   ] GC(60)   Post Evacuate Collection Set: 1.2ms
[2023-05-18T23:43:14.257+0000][119][info ][gc,phases   ] GC(60)   Other: 0.6ms
[2023-05-18T23:43:14.257+0000][119][trace][gc,age      ] GC(60) Age table with threshold 5 (max threshold 15)
[2023-05-18T23:43:14.258+0000][119][trace][gc,age      ] GC(60) - age   1:    1246896 bytes,    1246896 total
[2023-05-18T23:43:14.258+0000][119][trace][gc,age      ] GC(60) - age   2:    1864640 bytes,    3111536 total
[2023-05-18T23:43:14.258+0000][119][trace][gc,age      ] GC(60) - age   3:     457272 bytes,    3568808 total
[2023-05-18T23:43:14.258+0000][119][trace][gc,age      ] GC(60) - age   4:     458896 bytes,    4027704 total
[2023-05-18T23:43:14.259+0000][119][trace][gc,age      ] GC(60) - age   5:     408720 bytes,    4436424 total
[2023-05-18T23:43:14.259+0000][119][info ][gc,heap     ] GC(60) Eden regions: 21->0(23)
[2023-05-18T23:43:14.259+0000][119][info ][gc,heap     ] GC(60) Survivor regions: 3->2(3)
[2023-05-18T23:43:14.259+0000][119][info ][gc,heap     ] GC(60) Old regions: 26->26
[2023-05-18T23:43:14.259+0000][119][info ][gc,heap     ] GC(60) Archive regions: 2->2
[2023-05-18T23:43:14.259+0000][119][info ][gc,heap     ] GC(60) Humongous regions: 2->2
[2023-05-18T23:43:14.260+0000][119][info ][gc,metaspace] GC(60) Metaspace: 138852K(141632K)->138852K(141632K) NonClass: 120458K(121792K)->120458K(121792K) Class: 18393K(19840K)->18393K(19840K)
[2023-05-18T23:43:14.260+0000][119][info ][gc          ] GC(60) Pause Young (Prepare Mixed) (G1 Evacuation Pause) 205M->121M(256M) 10.545ms
[2023-05-18T23:43:14.260+0000][119][info ][gc,cpu      ] GC(60) User=0.04s Sys=0.00s Real=0.01s
[2023-05-18T23:43:14.260+0000][119][info ][safepoint   ] Safepoint "G1CollectForAllocation", Time since last: 460002600 ns, Reaching safepoint: 19900 ns, Cleanup: 181800 ns, At safepoint: 11025100 ns, Total: 11226800 ns
[2023-05-18T23:43:15.261+0000][119][info ][safepoint   ] Safepoint "Cleanup", Time since last: 1000335100 ns, Reaching safepoint: 21900 ns, Cleanup: 140800 ns, At safepoint: 7000 ns, Total: 169700 ns
[2023-05-18T23:43:16.261+0000][119][info ][safepoint   ] Safepoint "Cleanup", Time since last: 1000318600 ns, Reaching safepoint: 35800 ns, Cleanup: 146100 ns, At safepoint: 7100 ns, Total: 189000 ns
[2023-05-18T23:43:19.262+0000][119][info ][safepoint   ] Safepoint "Cleanup", Time since last: 3000530500 ns, Reaching safepoint: 20000 ns, Cleanup: 156200 ns, At safepoint: 8700 ns, Total: 184900 ns
[2023-05-18T23:43:20.263+0000][119][info ][safepoint   ] Safepoint "Cleanup", Time since last: 1000298600 ns, Reaching safepoint: 19000 ns, Cleanup: 153400 ns, At safepoint: 10100 ns, Total: 182500 ns
[2023-05-18T23:43:22.263+0000][119][info ][safepoint   ] Safepoint "Cleanup", Time since last: 2000451300 ns, Reaching safepoint: 33300 ns, Cleanup: 166900 ns, At safepoint: 11700 ns, Total: 211900 ns
[2023-05-18T23:43:25.264+0000][119][info ][safepoint   ] Safepoint "Cleanup", Time since last: 3000486100 ns, Reaching safepoint: 20000 ns, Cleanup: 149500 ns, At safepoint: 24300 ns, Total: 193800 ns
[2023-05-18T23:43:26.264+0000][119][info ][safepoint   ] Safepoint "Cleanup", Time since last: 1000322200 ns, Reaching safepoint: 21400 ns, Cleanup: 206800 ns, At safepoint: 17700 ns, Total: 245900 ns
[2023-05-18T23:43:27.265+0000][119][info ][safepoint   ] Safepoint "Cleanup", Time since last: 1000452200 ns, Reaching safepoint: 22500 ns, Cleanup: 172500 ns, At safepoint: 8000 ns, Total: 203000 ns
[2023-05-18T23:43:31.266+0000][119][info ][safepoint   ] Safepoint "Cleanup", Time since last: 4000713700 ns, Reaching safepoint: 57900 ns, Cleanup: 206200 ns, At safepoint: 14500 ns, Total: 278600 ns
[2023-05-18T23:43:32.267+0000][119][info ][safepoint   ] Safepoint "Cleanup", Time since last: 1000421100 ns, Reaching safepoint: 20900 ns, Cleanup: 189500 ns, At safepoint: 7800 ns, Total: 218200 ns
[2023-05-18T23:43:33.267+0000][119][info ][safepoint   ] Safepoint "Cleanup", Time since last: 1000428600 ns, Reaching safepoint: 20900 ns, Cleanup: 159800 ns, At safepoint: 6900 ns, Total: 187600 ns
[2023-05-18T23:43:34.268+0000][119][info ][safepoint   ] Safepoint "Cleanup", Time since last: 1000406000 ns, Reaching safepoint: 19000 ns, Cleanup: 150300 ns, At safepoint: 8000 ns, Total: 177300 ns
[2023-05-18T23:43:37.269+0000][119][info ][safepoint   ] Safepoint "Cleanup", Time since last: 3000495600 ns, Reaching safepoint: 21900 ns, Cleanup: 179300 ns, At safepoint: 15700 ns, Total: 216900 ns
[2023-05-18T23:43:38.269+0000][119][info ][safepoint   ] Safepoint "Cleanup", Time since last: 1000296900 ns, Reaching safepoint: 21800 ns, Cleanup: 170100 ns, At safepoint: 8900 ns, Total: 200800 ns
[2023-05-18T23:43:39.270+0000][119][info ][safepoint   ] Safepoint "Cleanup", Time since last: 1000374400 ns, Reaching safepoint: 19300 ns, Cleanup: 222400 ns, At safepoint: 6800 ns, Total: 248500 ns
[2023-05-18T23:43:40.270+0000][119][info ][safepoint   ] Safepoint "Cleanup", Time since last: 1000499800 ns, Reaching safepoint: 37300 ns, Cleanup: 128200 ns, At safepoint: 7600 ns, Total: 173100 ns
[2023-05-18T23:43:43.130+0000][119][info ][gc,start    ] GC(61) Pause Young (Mixed) (G1 Evacuation Pause)
[2023-05-18T23:43:43.130+0000][119][info ][gc,task     ] GC(61) Using 8 workers of 8 for evacuation
[2023-05-18T23:43:43.131+0000][119][debug][gc,age      ] GC(61) Desired survivor size 8388608 bytes, new threshold 15 (max threshold 15)
[2023-05-18T23:43:43.137+0000][119][info ][gc,phases   ] GC(61)   Pre Evacuate Collection Set: 0.2ms
[2023-05-18T23:43:43.138+0000][119][info ][gc,phases   ] GC(61)   Merge Heap Roots: 0.2ms
[2023-05-18T23:43:43.138+0000][119][info ][gc,phases   ] GC(61)   Evacuate Collection Set: 4.9ms
[2023-05-18T23:43:43.138+0000][119][info ][gc,phases   ] GC(61)   Post Evacuate Collection Set: 1.1ms
[2023-05-18T23:43:43.139+0000][119][info ][gc,phases   ] GC(61)   Other: 0.7ms
[2023-05-18T23:43:43.139+0000][119][trace][gc,age      ] GC(61) Age table with threshold 15 (max threshold 15)
[2023-05-18T23:43:43.139+0000][119][trace][gc,age      ] GC(61) - age   1:    1092328 bytes,    1092328 total
[2023-05-18T23:43:43.139+0000][119][trace][gc,age      ] GC(61) - age   2:     397312 bytes,    1489640 total
[2023-05-18T23:43:43.139+0000][119][trace][gc,age      ] GC(61) - age   3:    1863160 bytes,    3352800 total
[2023-05-18T23:43:43.140+0000][119][trace][gc,age      ] GC(61) - age   4:     442056 bytes,    3794856 total
[2023-05-18T23:43:43.140+0000][119][trace][gc,age      ] GC(61) - age   5:     458896 bytes,    4253752 total
[2023-05-18T23:43:43.140+0000][119][trace][gc,age      ] GC(61) - age   6:     408560 bytes,    4662312 total
[2023-05-18T23:43:43.140+0000][119][info ][gc,heap     ] GC(61) Eden regions: 23->0(23)
[2023-05-18T23:43:43.141+0000][119][info ][gc,heap     ] GC(61) Survivor regions: 2->2(4)
[2023-05-18T23:43:43.141+0000][119][info ][gc,heap     ] GC(61) Old regions: 26->26
[2023-05-18T23:43:43.141+0000][119][info ][gc,heap     ] GC(61) Archive regions: 2->2
[2023-05-18T23:43:43.141+0000][119][info ][gc,heap     ] GC(61) Humongous regions: 2->2
[2023-05-18T23:43:43.141+0000][119][info ][gc,metaspace] GC(61) Metaspace: 139007K(141824K)->139007K(141824K) NonClass: 120613K(121984K)->120613K(121984K) Class: 18393K(19840K)->18393K(19840K)
[2023-05-18T23:43:43.142+0000][119][info ][gc          ] GC(61) Pause Young (Mixed) (G1 Evacuation Pause) 213M->119M(256M) 11.837ms
[2023-05-18T23:43:43.142+0000][119][info ][gc,cpu      ] GC(61) User=0.04s Sys=0.00s Real=0.01s
[2023-05-18T23:43:43.142+0000][119][info ][safepoint   ] Safepoint "G1CollectForAllocation", Time since last: 2859021300 ns, Reaching safepoint: 26600 ns, Cleanup: 299100 ns, At safepoint: 12390200 ns, Total: 12715900 ns
[2023-05-18T23:43:44.143+0000][119][info ][safepoint   ] Safepoint "Cleanup", Time since last: 1000326800 ns, Reaching safepoint: 28800 ns, Cleanup: 171900 ns, At safepoint: 29300 ns, Total: 230000 ns
[2023-05-18T23:43:45.143+0000][119][info ][safepoint   ] Safepoint "Cleanup", Time since last: 1000466800 ns, Reaching safepoint: 30400 ns, Cleanup: 187200 ns, At safepoint: 18200 ns, Total: 235800 ns
[2023-05-18T23:43:46.144+0000][119][info ][safepoint   ] Safepoint "Cleanup", Time since last: 1000500200 ns, Reaching safepoint: 30300 ns, Cleanup: 343900 ns, At safepoint: 48600 ns, Total: 422800 ns
[2023-05-18T23:43:47.145+0000][119][info ][safepoint   ] Safepoint "Cleanup", Time since last: 1000464000 ns, Reaching safepoint: 21200 ns, Cleanup: 217100 ns, At safepoint: 7500 ns, Total: 245800 ns
[2023-05-18T23:43:49.146+0000][119][info ][safepoint   ] Safepoint "Cleanup", Time since last: 2000594400 ns, Reaching safepoint: 18300 ns, Cleanup: 157600 ns, At safepoint: 8600 ns, Total: 184500 ns
[2023-05-18T23:43:50.146+0000][119][info ][safepoint   ] Safepoint "Cleanup", Time since last: 1000352900 ns, Reaching safepoint: 21100 ns, Cleanup: 135800 ns, At safepoint: 6600 ns, Total: 163500 ns
[2023-05-18T23:43:51.147+0000][119][info ][safepoint   ] Safepoint "Cleanup", Time since last: 1000403900 ns, Reaching safepoint: 35100 ns, Cleanup: 137800 ns, At safepoint: 7500 ns, Total: 180400 ns
[2023-05-18T23:43:52.148+0000][119][info ][safepoint   ] Safepoint "Cleanup", Time since last: 1000316700 ns, Reaching safepoint: 18300 ns, Cleanup: 237400 ns, At safepoint: 8700 ns, Total: 264400 ns
[2023-05-18T23:43:53.148+0000][119][info ][safepoint   ] Safepoint "Cleanup", Time since last: 1000467500 ns, Reaching safepoint: 23200 ns, Cleanup: 143300 ns, At safepoint: 7900 ns, Total: 174400 ns
[2023-05-18T23:43:54.149+0000][119][info ][safepoint   ] Safepoint "Cleanup", Time since last: 1000327000 ns, Reaching safepoint: 17100 ns, Cleanup: 208000 ns, At safepoint: 18800 ns, Total: 243900 ns
[2023-05-18T23:43:55.149+0000][119][info ][safepoint   ] Safepoint "Cleanup", Time since last: 1000491900 ns, Reaching safepoint: 17900 ns, Cleanup: 159200 ns, At safepoint: 9000 ns, Total: 186100 ns
[2023-05-18T23:43:56.150+0000][119][info ][safepoint   ] Safepoint "Cleanup", Time since last: 1000313500 ns, Reaching safepoint: 19700 ns, Cleanup: 216600 ns, At safepoint: 7300 ns, Total: 243600 ns
[2023-05-18T23:43:58.151+0000][119][info ][safepoint   ] Safepoint "Cleanup", Time since last: 2000563400 ns, Reaching safepoint: 20800 ns, Cleanup: 224800 ns, At safepoint: 10300 ns, Total: 255900 ns
[2023-05-18T23:43:59.151+0000][119][info ][safepoint   ] Safepoint "Cleanup", Time since last: 1000479500 ns, Reaching safepoint: 17800 ns, Cleanup: 156100 ns, At safepoint: 7300 ns, Total: 181200 ns
[2023-05-18T23:44:01.152+0000][119][info ][safepoint   ] Safepoint "Cleanup", Time since last: 2000568000 ns, Reaching safepoint: 83300 ns, Cleanup: 193000 ns, At safepoint: 10500 ns, Total: 286800 ns
[2023-05-18T23:44:02.153+0000][119][info ][safepoint   ] Safepoint "Cleanup", Time since last: 1000455300 ns, Reaching safepoint: 23000 ns, Cleanup: 160600 ns, At safepoint: 14900 ns, Total: 198500 ns
[2023-05-18T23:44:04.154+0000][119][info ][safepoint   ] Safepoint "Cleanup", Time since last: 2000458600 ns, Reaching safepoint: 20200 ns, Cleanup: 164700 ns, At safepoint: 10900 ns, Total: 195800 ns
[2023-05-18T23:44:07.154+0000][119][info ][safepoint   ] Safepoint "Cleanup", Time since last: 3000509500 ns, Reaching safepoint: 20600 ns, Cleanup: 172100 ns, At safepoint: 34500 ns, Total: 227200 ns
[2023-05-18T23:44:07.418+0000][119][info ][gc,start    ] GC(62) Pause Young (Concurrent Start) (G1 Evacuation Pause)
[2023-05-18T23:44:07.418+0000][119][info ][gc,task     ] GC(62) Using 8 workers of 8 for evacuation
[2023-05-18T23:44:07.418+0000][119][debug][gc,age      ] GC(62) Desired survivor size 8388608 bytes, new threshold 15 (max threshold 15)
[2023-05-18T23:44:07.422+0000][119][info ][gc,phases   ] GC(62)   Pre Evacuate Collection Set: 0.2ms
[2023-05-18T23:44:07.423+0000][119][info ][gc,phases   ] GC(62)   Merge Heap Roots: 0.2ms
[2023-05-18T23:44:07.423+0000][119][info ][gc,phases   ] GC(62)   Evacuate Collection Set: 2.5ms
[2023-05-18T23:44:07.423+0000][119][info ][gc,phases   ] GC(62)   Post Evacuate Collection Set: 1.1ms
[2023-05-18T23:44:07.423+0000][119][info ][gc,phases   ] GC(62)   Other: 0.5ms
[2023-05-18T23:44:07.423+0000][119][trace][gc,age      ] GC(62) Age table with threshold 15 (max threshold 15)
[2023-05-18T23:44:07.424+0000][119][trace][gc,age      ] GC(62) - age   1:    1058584 bytes,    1058584 total
[2023-05-18T23:44:07.424+0000][119][trace][gc,age      ] GC(62) - age   2:     167072 bytes,    1225656 total
[2023-05-18T23:44:07.424+0000][119][trace][gc,age      ] GC(62) - age   3:     291936 bytes,    1517592 total
[2023-05-18T23:44:07.424+0000][119][trace][gc,age      ] GC(62) - age   4:    1621408 bytes,    3139000 total
[2023-05-18T23:44:07.424+0000][119][trace][gc,age      ] GC(62) - age   5:     417592 bytes,    3556592 total
[2023-05-18T23:44:07.425+0000][119][trace][gc,age      ] GC(62) - age   6:     458896 bytes,    4015488 total
[2023-05-18T23:44:07.425+0000][119][trace][gc,age      ] GC(62) - age   7:     404752 bytes,    4420240 total
[2023-05-18T23:44:07.425+0000][119][info ][gc,heap     ] GC(62) Eden regions: 23->0(23)
[2023-05-18T23:44:07.425+0000][119][info ][gc,heap     ] GC(62) Survivor regions: 2->2(4)
[2023-05-18T23:44:07.425+0000][119][info ][gc,heap     ] GC(62) Old regions: 26->26
[2023-05-18T23:44:07.425+0000][119][info ][gc,heap     ] GC(62) Archive regions: 2->2
[2023-05-18T23:44:07.426+0000][119][info ][gc,heap     ] GC(62) Humongous regions: 2->2
[2023-05-18T23:44:07.426+0000][119][info ][gc,metaspace] GC(62) Metaspace: 139172K(142016K)->139172K(142016K) NonClass: 120777K(122176K)->120777K(122176K) Class: 18395K(19840K)->18395K(19840K)
[2023-05-18T23:44:07.426+0000][119][info ][gc          ] GC(62) Pause Young (Concurrent Start) (G1 Evacuation Pause) 211M->119M(256M) 8.450ms
[2023-05-18T23:44:07.426+0000][119][info ][gc          ] GC(63) Concurrent Mark Cycle
[2023-05-18T23:44:07.426+0000][119][info ][gc,cpu      ] GC(62) User=0.02s Sys=0.00s Real=0.01s
[2023-05-18T23:44:07.426+0000][119][info ][gc,marking  ] GC(63) Concurrent Scan Root Regions
[2023-05-18T23:44:07.427+0000][119][info ][safepoint   ] Safepoint "G1CollectForAllocation", Time since last: 262929100 ns, Reaching safepoint: 18900 ns, Cleanup: 238400 ns, At safepoint: 9170400 ns, Total: 9427700 ns
[2023-05-18T23:44:07.431+0000][119][info ][gc,marking  ] GC(63) Concurrent Scan Root Regions 4.475ms
[2023-05-18T23:44:07.431+0000][119][info ][gc,marking  ] GC(63) Concurrent Mark
[2023-05-18T23:44:07.432+0000][119][info ][gc,marking  ] GC(63) Concurrent Mark From Roots
[2023-05-18T23:44:07.432+0000][119][info ][gc,task     ] GC(63) Using 2 workers of 2 for marking
[2023-05-18T23:44:07.506+0000][119][info ][gc,marking  ] GC(63) Concurrent Mark From Roots 73.853ms
[2023-05-18T23:44:07.506+0000][119][info ][gc,marking  ] GC(63) Concurrent Preclean
[2023-05-18T23:44:07.506+0000][119][info ][gc,marking  ] GC(63) Concurrent Preclean 0.478ms
[2023-05-18T23:44:07.507+0000][119][info ][gc,start    ] GC(63) Pause Remark
[2023-05-18T23:44:07.521+0000][119][info ][gc          ] GC(63) Pause Remark 124M->124M(256M) 14.572ms
[2023-05-18T23:44:07.522+0000][119][info ][gc,cpu      ] GC(63) User=0.09s Sys=0.00s Real=0.01s
[2023-05-18T23:44:07.522+0000][119][info ][safepoint   ] Safepoint "G1PauseRemark", Time since last: 79755500 ns, Reaching safepoint: 18800 ns, Cleanup: 252200 ns, At safepoint: 15124100 ns, Total: 15395100 ns
[2023-05-18T23:44:07.522+0000][119][info ][gc,marking  ] GC(63) Concurrent Mark 90.831ms
[2023-05-18T23:44:07.522+0000][119][info ][gc,marking  ] GC(63) Concurrent Rebuild Remembered Sets and Scrub Regions
[2023-05-18T23:44:07.554+0000][119][info ][gc,marking  ] GC(63) Concurrent Rebuild Remembered Sets and Scrub Regions 31.783ms
[2023-05-18T23:44:07.555+0000][119][info ][gc,start    ] GC(63) Pause Cleanup
[2023-05-18T23:44:07.555+0000][119][info ][gc          ] GC(63) Pause Cleanup 124M->124M(256M) 0.440ms
[2023-05-18T23:44:07.555+0000][119][info ][gc,cpu      ] GC(63) User=0.00s Sys=0.00s Real=0.00s
[2023-05-18T23:44:07.556+0000][119][info ][safepoint   ] Safepoint "G1PauseCleanup", Time since last: 32670500 ns, Reaching safepoint: 13500 ns, Cleanup: 187300 ns, At safepoint: 978100 ns, Total: 1178900 ns
[2023-05-18T23:44:07.556+0000][119][info ][gc,marking  ] GC(63) Concurrent Clear Claimed Marks
[2023-05-18T23:44:07.556+0000][119][info ][gc,marking  ] GC(63) Concurrent Clear Claimed Marks 0.396ms
[2023-05-18T23:44:07.557+0000][119][info ][gc,marking  ] GC(63) Concurrent Cleanup for Next Mark
[2023-05-18T23:44:07.557+0000][119][info ][gc,marking  ] GC(63) Concurrent Cleanup for Next Mark 0.474ms
[2023-05-18T23:44:07.557+0000][119][info ][gc          ] GC(63) Concurrent Mark Cycle 131.016ms
[2023-05-18T23:44:08.556+0000][119][info ][safepoint   ] Safepoint "Cleanup", Time since last: 1000329500 ns, Reaching safepoint: 24800 ns, Cleanup: 166300 ns, At safepoint: 9800 ns, Total: 200900 ns
[2023-05-18T23:44:13.557+0000][119][info ][safepoint   ] Safepoint "Cleanup", Time since last: 5000780100 ns, Reaching safepoint: 18200 ns, Cleanup: 246400 ns, At safepoint: 18000 ns, Total: 282600 ns
[2023-05-18T23:44:14.558+0000][119][info ][safepoint   ] Safepoint "Cleanup", Time since last: 1000467000 ns, Reaching safepoint: 22000 ns, Cleanup: 142700 ns, At safepoint: 8400 ns, Total: 173100 ns
[2023-05-18T23:44:15.559+0000][119][info ][safepoint   ] Safepoint "Cleanup", Time since last: 1000370300 ns, Reaching safepoint: 25200 ns, Cleanup: 151000 ns, At safepoint: 9300 ns, Total: 185500 ns
[2023-05-18T23:44:16.559+0000][119][info ][safepoint   ] Safepoint "Cleanup", Time since last: 1000327400 ns, Reaching safepoint: 28300 ns, Cleanup: 149500 ns, At safepoint: 8600 ns, Total: 186400 ns
[2023-05-18T23:44:17.560+0000][119][info ][safepoint   ] Safepoint "Cleanup", Time since last: 1000355600 ns, Reaching safepoint: 29700 ns, Cleanup: 236100 ns, At safepoint: 16400 ns, Total: 282200 ns
[2023-05-18T23:44:19.560+0000][119][info ][safepoint   ] Safepoint "Cleanup", Time since last: 2000501400 ns, Reaching safepoint: 30900 ns, Cleanup: 173400 ns, At safepoint: 8400 ns, Total: 212700 ns
[2023-05-18T23:44:20.561+0000][119][info ][safepoint   ] Safepoint "Cleanup", Time since last: 1000498200 ns, Reaching safepoint: 21800 ns, Cleanup: 166500 ns, At safepoint: 7600 ns, Total: 195900 ns
[2023-05-18T23:44:21.562+0000][119][info ][safepoint   ] Safepoint "Cleanup", Time since last: 1000359400 ns, Reaching safepoint: 21300 ns, Cleanup: 142500 ns, At safepoint: 5700 ns, Total: 169500 ns
[2023-05-18T23:44:25.562+0000][119][info ][safepoint   ] Safepoint "Cleanup", Time since last: 4000696700 ns, Reaching safepoint: 26000 ns, Cleanup: 145500 ns, At safepoint: 7700 ns, Total: 179200 ns
[2023-05-18T23:44:26.563+0000][119][info ][safepoint   ] Safepoint "Cleanup", Time since last: 1000444100 ns, Reaching safepoint: 21800 ns, Cleanup: 194900 ns, At safepoint: 7100 ns, Total: 223800 ns
[2023-05-18T23:44:28.139+0000][119][info ][gc,start    ] GC(64) Pause Young (Prepare Mixed) (G1 Evacuation Pause)
[2023-05-18T23:44:28.140+0000][119][info ][gc,task     ] GC(64) Using 8 workers of 8 for evacuation
[2023-05-18T23:44:28.140+0000][119][debug][gc,age      ] GC(64) Desired survivor size 8388608 bytes, new threshold 15 (max threshold 15)
[2023-05-18T23:44:28.145+0000][119][info ][gc,phases   ] GC(64)   Pre Evacuate Collection Set: 0.2ms
[2023-05-18T23:44:28.145+0000][119][info ][gc,phases   ] GC(64)   Merge Heap Roots: 0.1ms
[2023-05-18T23:44:28.145+0000][119][info ][gc,phases   ] GC(64)   Evacuate Collection Set: 2.8ms
[2023-05-18T23:44:28.146+0000][119][info ][gc,phases   ] GC(64)   Post Evacuate Collection Set: 1.0ms
[2023-05-18T23:44:28.146+0000][119][info ][gc,phases   ] GC(64)   Other: 0.7ms
[2023-05-18T23:44:28.146+0000][119][trace][gc,age      ] GC(64) Age table with threshold 15 (max threshold 15)
[2023-05-18T23:44:28.146+0000][119][trace][gc,age      ] GC(64) - age   1:    1149256 bytes,    1149256 total
[2023-05-18T23:44:28.146+0000][119][trace][gc,age      ] GC(64) - age   2:     138040 bytes,    1287296 total
[2023-05-18T23:44:28.147+0000][119][trace][gc,age      ] GC(64) - age   3:      12360 bytes,    1299656 total
[2023-05-18T23:44:28.147+0000][119][trace][gc,age      ] GC(64) - age   4:     143304 bytes,    1442960 total
[2023-05-18T23:44:28.147+0000][119][trace][gc,age      ] GC(64) - age   5:    1522328 bytes,    2965288 total
[2023-05-18T23:44:28.147+0000][119][trace][gc,age      ] GC(64) - age   6:     417280 bytes,    3382568 total
[2023-05-18T23:44:28.147+0000][119][trace][gc,age      ] GC(64) - age   7:     458896 bytes,    3841464 total
[2023-05-18T23:44:28.148+0000][119][trace][gc,age      ] GC(64) - age   8:     404592 bytes,    4246056 total
[2023-05-18T23:44:28.148+0000][119][info ][gc,heap     ] GC(64) Eden regions: 23->0(23)
[2023-05-18T23:44:28.148+0000][119][info ][gc,heap     ] GC(64) Survivor regions: 2->2(4)
[2023-05-18T23:44:28.148+0000][119][info ][gc,heap     ] GC(64) Old regions: 26->26
[2023-05-18T23:44:28.148+0000][119][info ][gc,heap     ] GC(64) Archive regions: 2->2
[2023-05-18T23:44:28.149+0000][119][info ][gc,heap     ] GC(64) Humongous regions: 2->2
[2023-05-18T23:44:28.149+0000][119][info ][gc,metaspace] GC(64) Metaspace: 139029K(142016K)->139029K(142016K) NonClass: 120685K(122176K)->120685K(122176K) Class: 18343K(19840K)->18343K(19840K)
[2023-05-18T23:44:28.149+0000][119][info ][gc          ] GC(64) Pause Young (Prepare Mixed) (G1 Evacuation Pause) 211M->118M(256M) 9.443ms
[2023-05-18T23:44:28.149+0000][119][info ][gc,cpu      ] GC(64) User=0.02s Sys=0.00s Real=0.01s
[2023-05-18T23:44:28.149+0000][119][info ][safepoint   ] Safepoint "G1CollectForAllocation", Time since last: 1576088200 ns, Reaching safepoint: 17400 ns, Cleanup: 165700 ns, At safepoint: 9881300 ns, Total: 10064400 ns
[2023-05-18T23:44:29.150+0000][119][info ][safepoint   ] Safepoint "Cleanup", Time since last: 1000309100 ns, Reaching safepoint: 18700 ns, Cleanup: 144000 ns, At safepoint: 7300 ns, Total: 170000 ns
[2023-05-18T23:44:31.150+0000][119][info ][safepoint   ] Safepoint "Cleanup", Time since last: 2000446300 ns, Reaching safepoint: 35400 ns, Cleanup: 156200 ns, At safepoint: 11700 ns, Total: 203300 ns
[2023-05-18T23:44:32.151+0000][119][info ][safepoint   ] Safepoint "Cleanup", Time since last: 1000319700 ns, Reaching safepoint: 20400 ns, Cleanup: 201800 ns, At safepoint: 7100 ns, Total: 229300 ns
[2023-05-18T23:44:34.152+0000][119][info ][safepoint   ] Safepoint "Cleanup", Time since last: 2000509200 ns, Reaching safepoint: 22300 ns, Cleanup: 204700 ns, At safepoint: 21000 ns, Total: 248000 ns
[2023-05-18T23:44:35.152+0000][119][info ][safepoint   ] Safepoint "Cleanup", Time since last: 1000437800 ns, Reaching safepoint: 21500 ns, Cleanup: 146600 ns, At safepoint: 8100 ns, Total: 176200 ns
[2023-05-18T23:44:36.153+0000][119][info ][safepoint   ] Safepoint "Cleanup", Time since last: 1000355500 ns, Reaching safepoint: 17900 ns, Cleanup: 299900 ns, At safepoint: 6000 ns, Total: 323800 ns
[2023-05-18T23:44:37.154+0000][119][info ][safepoint   ] Safepoint "Cleanup", Time since last: 1000520700 ns, Reaching safepoint: 61500 ns, Cleanup: 168600 ns, At safepoint: 23900 ns, Total: 254000 ns
[2023-05-18T23:44:38.154+0000][119][info ][safepoint   ] Safepoint "Cleanup", Time since last: 1000339600 ns, Reaching safepoint: 28900 ns, Cleanup: 212600 ns, At safepoint: 8800 ns, Total: 250300 ns
[2023-05-18T23:44:39.155+0000][119][info ][safepoint   ] Safepoint "Cleanup", Time since last: 1000417500 ns, Reaching safepoint: 18600 ns, Cleanup: 141500 ns, At safepoint: 7200 ns, Total: 167300 ns
[2023-05-18T23:44:40.156+0000][119][info ][safepoint   ] Safepoint "Cleanup", Time since last: 1000331600 ns, Reaching safepoint: 17100 ns, Cleanup: 170800 ns, At safepoint: 7900 ns, Total: 195800 ns
[2023-05-18T23:44:44.156+0000][119][info ][safepoint   ] Safepoint "Cleanup", Time since last: 4000664500 ns, Reaching safepoint: 18100 ns, Cleanup: 139200 ns, At safepoint: 6200 ns, Total: 163500 ns
[2023-05-18T23:44:45.157+0000][119][info ][safepoint   ] Safepoint "Cleanup", Time since last: 1000393400 ns, Reaching safepoint: 19400 ns, Cleanup: 195500 ns, At safepoint: 22400 ns, Total: 237300 ns
[2023-05-18T23:44:46.158+0000][119][info ][safepoint   ] Safepoint "Cleanup", Time since last: 1000448300 ns, Reaching safepoint: 18900 ns, Cleanup: 138900 ns, At safepoint: 7200 ns, Total: 165000 ns
[2023-05-18T23:44:47.158+0000][119][info ][safepoint   ] Safepoint "Cleanup", Time since last: 1000419500 ns, Reaching safepoint: 18700 ns, Cleanup: 146100 ns, At safepoint: 7500 ns, Total: 172300 ns
[2023-05-18T23:44:50.159+0000][119][info ][safepoint   ] Safepoint "Cleanup", Time since last: 3000688500 ns, Reaching safepoint: 18800 ns, Cleanup: 142900 ns, At safepoint: 6900 ns, Total: 168600 ns
[2023-05-18T23:44:50.702+0000][119][info ][gc,start    ] GC(65) Pause Young (Mixed) (G1 Evacuation Pause)
[2023-05-18T23:44:50.702+0000][119][info ][gc,task     ] GC(65) Using 8 workers of 8 for evacuation
[2023-05-18T23:44:50.703+0000][119][debug][gc,age      ] GC(65) Desired survivor size 8388608 bytes, new threshold 15 (max threshold 15)
[2023-05-18T23:44:50.710+0000][119][info ][gc,phases   ] GC(65)   Pre Evacuate Collection Set: 0.2ms
[2023-05-18T23:44:50.710+0000][119][info ][gc,phases   ] GC(65)   Merge Heap Roots: 0.1ms
[2023-05-18T23:44:50.711+0000][119][info ][gc,phases   ] GC(65)   Evacuate Collection Set: 5.6ms
[2023-05-18T23:44:50.711+0000][119][info ][gc,phases   ] GC(65)   Post Evacuate Collection Set: 1.2ms
[2023-05-18T23:44:50.711+0000][119][info ][gc,phases   ] GC(65)   Other: 0.5ms
[2023-05-18T23:44:50.712+0000][119][trace][gc,age      ] GC(65) Age table with threshold 15 (max threshold 15)
[2023-05-18T23:44:50.712+0000][119][trace][gc,age      ] GC(65) - age   1:    1431992 bytes,    1431992 total
[2023-05-18T23:44:50.712+0000][119][trace][gc,age      ] GC(65) - age   2:     236736 bytes,    1668728 total
[2023-05-18T23:44:50.712+0000][119][trace][gc,age      ] GC(65) - age   3:     118768 bytes,    1787496 total
[2023-05-18T23:44:50.713+0000][119][trace][gc,age      ] GC(65) - age   4:      11864 bytes,    1799360 total
[2023-05-18T23:44:50.713+0000][119][trace][gc,age      ] GC(65) - age   5:     142568 bytes,    1941928 total
[2023-05-18T23:44:50.713+0000][119][trace][gc,age      ] GC(65) - age   6:    1522160 bytes,    3464088 total
[2023-05-18T23:44:50.713+0000][119][trace][gc,age      ] GC(65) - age   7:     417104 bytes,    3881192 total
[2023-05-18T23:44:50.713+0000][119][trace][gc,age      ] GC(65) - age   8:     458896 bytes,    4340088 total
[2023-05-18T23:44:50.714+0000][119][trace][gc,age      ] GC(65) - age   9:     404592 bytes,    4744680 total
[2023-05-18T23:44:50.714+0000][119][info ][gc,heap     ] GC(65) Eden regions: 23->0(23)
[2023-05-18T23:44:50.714+0000][119][info ][gc,heap     ] GC(65) Survivor regions: 2->2(4)
[2023-05-18T23:44:50.714+0000][119][info ][gc,heap     ] GC(65) Old regions: 26->26
[2023-05-18T23:44:50.714+0000][119][info ][gc,heap     ] GC(65) Archive regions: 2->2
[2023-05-18T23:44:50.714+0000][119][info ][gc,heap     ] GC(65) Humongous regions: 2->2
[2023-05-18T23:44:50.715+0000][119][info ][gc,metaspace] GC(65) Metaspace: 139139K(142080K)->139139K(142080K) NonClass: 120796K(122240K)->120796K(122240K) Class: 18343K(19840K)->18343K(19840K)
[2023-05-18T23:44:50.715+0000][119][info ][gc          ] GC(65) Pause Young (Mixed) (G1 Evacuation Pause) 210M->118M(256M) 12.622ms
[2023-05-18T23:44:50.715+0000][119][info ][gc,cpu      ] GC(65) User=0.04s Sys=0.01s Real=0.02s
[2023-05-18T23:44:50.715+0000][119][info ][safepoint   ] Safepoint "G1CollectForAllocation", Time since last: 543033900 ns, Reaching safepoint: 18200 ns, Cleanup: 128900 ns, At safepoint: 13072800 ns, Total: 13219900 ns
[2023-05-18T23:44:51.716+0000][119][info ][safepoint   ] Safepoint "Cleanup", Time since last: 1000337900 ns, Reaching safepoint: 17000 ns, Cleanup: 210100 ns, At safepoint: 16600 ns, Total: 243700 ns
[2023-05-18T23:44:55.717+0000][119][info ][safepoint   ] Safepoint "Cleanup", Time since last: 4000773700 ns, Reaching safepoint: 18200 ns, Cleanup: 170900 ns, At safepoint: 7800 ns, Total: 196900 ns
[2023-05-18T23:45:01.718+0000][119][info ][safepoint   ] Safepoint "Cleanup", Time since last: 6000901600 ns, Reaching safepoint: 33200 ns, Cleanup: 231400 ns, At safepoint: 7000 ns, Total: 271600 ns
[2023-05-18T23:45:04.719+0000][119][info ][safepoint   ] Safepoint "Cleanup", Time since last: 3000725200 ns, Reaching safepoint: 18900 ns, Cleanup: 203300 ns, At safepoint: 6800 ns, Total: 229000 ns
[2023-05-18T23:45:07.720+0000][119][info ][safepoint   ] Safepoint "Cleanup", Time since last: 3000680300 ns, Reaching safepoint: 19400 ns, Cleanup: 198200 ns, At safepoint: 35600 ns, Total: 253200 ns
[2023-05-18T23:45:10.721+0000][119][info ][safepoint   ] Safepoint "Cleanup", Time since last: 3000691500 ns, Reaching safepoint: 20100 ns, Cleanup: 228800 ns, At safepoint: 46800 ns, Total: 295700 ns
[2023-05-18T23:45:13.722+0000][119][info ][safepoint   ] Safepoint "Cleanup", Time since last: 3000627400 ns, Reaching safepoint: 18900 ns, Cleanup: 147600 ns, At safepoint: 23800 ns, Total: 190300 ns
[2023-05-18T23:45:14.722+0000][119][info ][safepoint   ] Safepoint "Cleanup", Time since last: 1000344100 ns, Reaching safepoint: 123100 ns, Cleanup: 169000 ns, At safepoint: 53300 ns, Total: 345400 ns
[2023-05-18T23:45:16.723+0000][119][info ][safepoint   ] Safepoint "Cleanup", Time since last: 2000631700 ns, Reaching safepoint: 17700 ns, Cleanup: 137900 ns, At safepoint: 7100 ns, Total: 162700 ns
[2023-05-18T23:45:19.139+0000][119][info ][gc,start    ] GC(66) Pause Young (Concurrent Start) (G1 Evacuation Pause)
[2023-05-18T23:45:19.139+0000][119][info ][gc,task     ] GC(66) Using 8 workers of 8 for evacuation
[2023-05-18T23:45:19.139+0000][119][debug][gc,age      ] GC(66) Desired survivor size 8388608 bytes, new threshold 15 (max threshold 15)
[2023-05-18T23:45:19.144+0000][119][info ][gc,phases   ] GC(66)   Pre Evacuate Collection Set: 0.2ms
[2023-05-18T23:45:19.144+0000][119][info ][gc,phases   ] GC(66)   Merge Heap Roots: 0.1ms
[2023-05-18T23:45:19.144+0000][119][info ][gc,phases   ] GC(66)   Evacuate Collection Set: 2.6ms
[2023-05-18T23:45:19.144+0000][119][info ][gc,phases   ] GC(66)   Post Evacuate Collection Set: 1.0ms
[2023-05-18T23:45:19.145+0000][119][info ][gc,phases   ] GC(66)   Other: 0.5ms
[2023-05-18T23:45:19.145+0000][119][trace][gc,age      ] GC(66) Age table with threshold 15 (max threshold 15)
[2023-05-18T23:45:19.145+0000][119][trace][gc,age      ] GC(66) - age   1:    1443432 bytes,    1443432 total
[2023-05-18T23:45:19.145+0000][119][trace][gc,age      ] GC(66) - age   2:     211920 bytes,    1655352 total
[2023-05-18T23:45:19.145+0000][119][trace][gc,age      ] GC(66) - age   3:     225136 bytes,    1880488 total
[2023-05-18T23:45:19.146+0000][119][trace][gc,age      ] GC(66) - age   4:      14208 bytes,    1894696 total
[2023-05-18T23:45:19.146+0000][119][trace][gc,age      ] GC(66) - age   5:      11608 bytes,    1906304 total
[2023-05-18T23:45:19.146+0000][119][trace][gc,age      ] GC(66) - age   6:     142504 bytes,    2048808 total
[2023-05-18T23:45:19.146+0000][119][trace][gc,age      ] GC(66) - age   7:    1522160 bytes,    3570968 total
[2023-05-18T23:45:19.146+0000][119][trace][gc,age      ] GC(66) - age   8:     417104 bytes,    3988072 total
[2023-05-18T23:45:19.146+0000][119][trace][gc,age      ] GC(66) - age   9:     458896 bytes,    4446968 total
[2023-05-18T23:45:19.147+0000][119][trace][gc,age      ] GC(66) - age  10:     404592 bytes,    4851560 total
[2023-05-18T23:45:19.147+0000][119][info ][gc,heap     ] GC(66) Eden regions: 23->0(23)
[2023-05-18T23:45:19.147+0000][119][info ][gc,heap     ] GC(66) Survivor regions: 2->2(4)
[2023-05-18T23:45:19.147+0000][119][info ][gc,heap     ] GC(66) Old regions: 26->26
[2023-05-18T23:45:19.147+0000][119][info ][gc,heap     ] GC(66) Archive regions: 2->2
[2023-05-18T23:45:19.147+0000][119][info ][gc,heap     ] GC(66) Humongous regions: 2->2
[2023-05-18T23:45:19.147+0000][119][info ][gc,metaspace] GC(66) Metaspace: 139286K(142144K)->139286K(142144K) NonClass: 120943K(122304K)->120943K(122304K) Class: 18343K(19840K)->18343K(19840K)
[2023-05-18T23:45:19.148+0000][119][info ][gc          ] GC(66) Pause Young (Concurrent Start) (G1 Evacuation Pause) 210M->118M(256M) 8.580ms
[2023-05-18T23:45:19.148+0000][119][info ][gc          ] GC(67) Concurrent Mark Cycle
[2023-05-18T23:45:19.148+0000][119][info ][gc,marking  ] GC(67) Concurrent Scan Root Regions
[2023-05-18T23:45:19.148+0000][119][info ][gc,cpu      ] GC(66) User=0.03s Sys=0.00s Real=0.01s
[2023-05-18T23:45:19.151+0000][119][info ][gc,marking  ] GC(67) Concurrent Scan Root Regions 3.002ms
[2023-05-18T23:45:19.151+0000][119][info ][gc,marking  ] GC(67) Concurrent Mark
[2023-05-18T23:45:19.151+0000][119][info ][safepoint   ] Safepoint "G1CollectForAllocation", Time since last: 2415628900 ns, Reaching safepoint: 18000 ns, Cleanup: 150000 ns, At safepoint: 12180900 ns, Total: 12348900 ns
[2023-05-18T23:45:19.152+0000][119][info ][gc,marking  ] GC(67) Concurrent Mark From Roots
[2023-05-18T23:45:19.152+0000][119][info ][gc,task     ] GC(67) Using 2 workers of 2 for marking
[2023-05-18T23:45:19.240+0000][119][info ][gc,marking  ] GC(67) Concurrent Mark From Roots 88.402ms
[2023-05-18T23:45:19.240+0000][119][info ][gc,marking  ] GC(67) Concurrent Preclean
[2023-05-18T23:45:19.241+0000][119][info ][gc,marking  ] GC(67) Concurrent Preclean 0.446ms
[2023-05-18T23:45:19.241+0000][119][info ][gc,start    ] GC(67) Pause Remark
[2023-05-18T23:45:19.259+0000][119][info ][gc          ] GC(67) Pause Remark 121M->121M(256M) 17.506ms
[2023-05-18T23:45:19.259+0000][119][info ][gc,cpu      ] GC(67) User=0.10s Sys=0.00s Real=0.02s
[2023-05-18T23:45:19.259+0000][119][info ][safepoint   ] Safepoint "G1PauseRemark", Time since last: 89721500 ns, Reaching safepoint: 24500 ns, Cleanup: 191300 ns, At safepoint: 18196100 ns, Total: 18411900 ns
[2023-05-18T23:45:19.260+0000][119][info ][gc,marking  ] GC(67) Concurrent Mark 108.371ms
[2023-05-18T23:45:19.260+0000][119][info ][gc,marking  ] GC(67) Concurrent Rebuild Remembered Sets and Scrub Regions
[2023-05-18T23:45:19.302+0000][119][info ][gc,marking  ] GC(67) Concurrent Rebuild Remembered Sets and Scrub Regions 41.913ms
[2023-05-18T23:45:19.302+0000][119][info ][gc,start    ] GC(67) Pause Cleanup
[2023-05-18T23:45:19.303+0000][119][info ][gc          ] GC(67) Pause Cleanup 121M->121M(256M) 0.474ms
[2023-05-18T23:45:19.303+0000][119][info ][gc,cpu      ] GC(67) User=0.00s Sys=0.01s Real=0.01s
[2023-05-18T23:45:19.303+0000][119][info ][safepoint   ] Safepoint "G1PauseCleanup", Time since last: 42851400 ns, Reaching safepoint: 19400 ns, Cleanup: 161500 ns, At safepoint: 891700 ns, Total: 1072600 ns
[2023-05-18T23:45:19.303+0000][119][info ][gc,marking  ] GC(67) Concurrent Clear Claimed Marks
[2023-05-18T23:45:19.304+0000][119][info ][gc,marking  ] GC(67) Concurrent Clear Claimed Marks 0.370ms
[2023-05-18T23:45:19.304+0000][119][info ][gc,marking  ] GC(67) Concurrent Cleanup for Next Mark
[2023-05-18T23:45:19.305+0000][119][info ][gc,marking  ] GC(67) Concurrent Cleanup for Next Mark 0.461ms
[2023-05-18T23:45:19.305+0000][119][info ][gc          ] GC(67) Concurrent Mark Cycle 156.964ms
[2023-05-18T23:45:20.304+0000][119][info ][safepoint   ] Safepoint "Cleanup", Time since last: 1000289800 ns, Reaching safepoint: 36900 ns, Cleanup: 141600 ns, At safepoint: 7500 ns, Total: 186000 ns
[2023-05-18T23:45:24.305+0000][119][info ][safepoint   ] Safepoint "Cleanup", Time since last: 4000649100 ns, Reaching safepoint: 16900 ns, Cleanup: 247300 ns, At safepoint: 7200 ns, Total: 271400 ns
[2023-05-18T23:45:25.305+0000][119][info ][safepoint   ] Safepoint "Cleanup", Time since last: 1000506500 ns, Reaching safepoint: 20700 ns, Cleanup: 174800 ns, At safepoint: 30700 ns, Total: 226200 ns
[2023-05-18T23:45:31.306+0000][119][info ][safepoint   ] Safepoint "Cleanup", Time since last: 6000866400 ns, Reaching safepoint: 41700 ns, Cleanup: 168200 ns, At safepoint: 18100 ns, Total: 228000 ns
[2023-05-18T23:45:32.307+0000][119][info ][safepoint   ] Safepoint "Cleanup", Time since last: 1000336300 ns, Reaching safepoint: 21100 ns, Cleanup: 159200 ns, At safepoint: 9700 ns, Total: 190000 ns
[2023-05-18T23:45:34.308+0000][119][info ][safepoint   ] Safepoint "Cleanup", Time since last: 2000399300 ns, Reaching safepoint: 19500 ns, Cleanup: 117900 ns, At safepoint: 7600 ns, Total: 145000 ns
[2023-05-18T23:45:36.308+0000][119][info ][safepoint   ] Safepoint "Cleanup", Time since last: 2000471500 ns, Reaching safepoint: 226400 ns, Cleanup: 171600 ns, At safepoint: 51800 ns, Total: 449800 ns
[2023-05-18T23:45:37.309+0000][119][info ][safepoint   ] Safepoint "Cleanup", Time since last: 1000359400 ns, Reaching safepoint: 19100 ns, Cleanup: 153300 ns, At safepoint: 9900 ns, Total: 182300 ns
[2023-05-18T23:45:38.309+0000][119][info ][safepoint   ] Safepoint "Cleanup", Time since last: 1000281100 ns, Reaching safepoint: 15700 ns, Cleanup: 127900 ns, At safepoint: 7000 ns, Total: 150600 ns
[2023-05-18T23:45:39.310+0000][119][info ][safepoint   ] Safepoint "Cleanup", Time since last: 1000342900 ns, Reaching safepoint: 18100 ns, Cleanup: 229300 ns, At safepoint: 16900 ns, Total: 264300 ns
[2023-05-18T23:45:40.311+0000][119][info ][safepoint   ] Safepoint "Cleanup", Time since last: 1000510600 ns, Reaching safepoint: 18500 ns, Cleanup: 144600 ns, At safepoint: 6900 ns, Total: 170000 ns
[2023-05-18T23:45:43.311+0000][119][info ][safepoint   ] Safepoint "Cleanup", Time since last: 3000534200 ns, Reaching safepoint: 14500 ns, Cleanup: 152900 ns, At safepoint: 52400 ns, Total: 219800 ns
[2023-05-18T23:45:43.428+0000][119][info ][gc,start    ] GC(68) Pause Young (Prepare Mixed) (G1 Evacuation Pause)
[2023-05-18T23:45:43.429+0000][119][info ][gc,task     ] GC(68) Using 8 workers of 8 for evacuation
[2023-05-18T23:45:43.429+0000][119][debug][gc,age      ] GC(68) Desired survivor size 8388608 bytes, new threshold 15 (max threshold 15)
[2023-05-18T23:45:43.434+0000][119][info ][gc,phases   ] GC(68)   Pre Evacuate Collection Set: 0.2ms
[2023-05-18T23:45:43.434+0000][119][info ][gc,phases   ] GC(68)   Merge Heap Roots: 0.2ms
[2023-05-18T23:45:43.434+0000][119][info ][gc,phases   ] GC(68)   Evacuate Collection Set: 2.6ms
[2023-05-18T23:45:43.435+0000][119][info ][gc,phases   ] GC(68)   Post Evacuate Collection Set: 1.4ms
[2023-05-18T23:45:43.435+0000][119][info ][gc,phases   ] GC(68)   Other: 0.6ms
[2023-05-18T23:45:43.435+0000][119][trace][gc,age      ] GC(68) Age table with threshold 15 (max threshold 15)
[2023-05-18T23:45:43.436+0000][119][trace][gc,age      ] GC(68) - age   1:    1593536 bytes,    1593536 total
[2023-05-18T23:45:43.436+0000][119][trace][gc,age      ] GC(68) - age   2:      16568 bytes,    1610104 total
[2023-05-18T23:45:43.436+0000][119][trace][gc,age      ] GC(68) - age   3:     209448 bytes,    1819552 total
[2023-05-18T23:45:43.436+0000][119][trace][gc,age      ] GC(68) - age   4:     188392 bytes,    2007944 total
[2023-05-18T23:45:43.437+0000][119][trace][gc,age      ] GC(68) - age   5:      14016 bytes,    2021960 total
[2023-05-18T23:45:43.437+0000][119][trace][gc,age      ] GC(68) - age   6:      11072 bytes,    2033032 total
[2023-05-18T23:45:43.437+0000][119][trace][gc,age      ] GC(68) - age   7:     141320 bytes,    2174352 total
[2023-05-18T23:45:43.437+0000][119][trace][gc,age      ] GC(68) - age   8:    1160016 bytes,    3334368 total
[2023-05-18T23:45:43.437+0000][119][trace][gc,age      ] GC(68) - age   9:     408896 bytes,    3743264 total
[2023-05-18T23:45:43.437+0000][119][trace][gc,age      ] GC(68) - age  10:     458896 bytes,    4202160 total
[2023-05-18T23:45:43.438+0000][119][trace][gc,age      ] GC(68) - age  11:     404592 bytes,    4606752 total
[2023-05-18T23:45:43.438+0000][119][info ][gc,heap     ] GC(68) Eden regions: 23->0(23)
[2023-05-18T23:45:43.438+0000][119][info ][gc,heap     ] GC(68) Survivor regions: 2->2(4)
[2023-05-18T23:45:43.438+0000][119][info ][gc,heap     ] GC(68) Old regions: 26->26
[2023-05-18T23:45:43.438+0000][119][info ][gc,heap     ] GC(68) Archive regions: 2->2
[2023-05-18T23:45:43.439+0000][119][info ][gc,heap     ] GC(68) Humongous regions: 2->2
[2023-05-18T23:45:43.439+0000][119][info ][gc,metaspace] GC(68) Metaspace: 139360K(142208K)->139360K(142208K) NonClass: 121022K(122368K)->121022K(122368K) Class: 18337K(19840K)->18337K(19840K)
[2023-05-18T23:45:43.439+0000][119][info ][gc          ] GC(68) Pause Young (Prepare Mixed) (G1 Evacuation Pause) 210M->118M(256M) 10.568ms
[2023-05-18T23:45:43.439+0000][119][info ][gc,cpu      ] GC(68) User=0.03s Sys=0.00s Real=0.01s
[2023-05-18T23:45:43.440+0000][119][info ][safepoint   ] Safepoint "G1CollectForAllocation", Time since last: 116681000 ns, Reaching safepoint: 27200 ns, Cleanup: 204000 ns, At safepoint: 11143500 ns, Total: 11374700 ns
[2023-05-18T23:45:44.440+0000][119][info ][safepoint   ] Safepoint "Cleanup", Time since last: 1000300800 ns, Reaching safepoint: 106300 ns, Cleanup: 155300 ns, At safepoint: 44500 ns, Total: 306100 ns
[2023-05-18T23:45:45.441+0000][119][info ][safepoint   ] Safepoint "Cleanup", Time since last: 1000316800 ns, Reaching safepoint: 19700 ns, Cleanup: 152000 ns, At safepoint: 6800 ns, Total: 178500 ns
[2023-05-18T23:45:49.441+0000][119][info ][safepoint   ] Safepoint "Cleanup", Time since last: 4000608200 ns, Reaching safepoint: 16200 ns, Cleanup: 218400 ns, At safepoint: 20000 ns, Total: 254600 ns
[2023-05-18T23:45:50.442+0000][119][info ][safepoint   ] Safepoint "Cleanup", Time since last: 1000513800 ns, Reaching safepoint: 20200 ns, Cleanup: 166900 ns, At safepoint: 24700 ns, Total: 211800 ns
[2023-05-18T23:45:52.443+0000][119][info ][safepoint   ] Safepoint "Cleanup", Time since last: 2000413200 ns, Reaching safepoint: 20200 ns, Cleanup: 185700 ns, At safepoint: 11500 ns, Total: 217400 ns
[2023-05-18T23:45:55.444+0000][119][info ][safepoint   ] Safepoint "Cleanup", Time since last: 3000540400 ns, Reaching safepoint: 18900 ns, Cleanup: 162800 ns, At safepoint: 45400 ns, Total: 227100 ns
[2023-05-18T23:45:56.444+0000][119][info ][safepoint   ] Safepoint "Cleanup", Time since last: 1000328600 ns, Reaching safepoint: 19400 ns, Cleanup: 196400 ns, At safepoint: 16700 ns, Total: 232500 ns
[2023-05-18T23:45:57.445+0000][119][info ][safepoint   ] Safepoint "Cleanup", Time since last: 1000363900 ns, Reaching safepoint: 19700 ns, Cleanup: 140200 ns, At safepoint: 7400 ns, Total: 167300 ns
[2023-05-18T23:46:01.446+0000][119][info ][safepoint   ] Safepoint "Cleanup", Time since last: 4000641200 ns, Reaching safepoint: 16300 ns, Cleanup: 219900 ns, At safepoint: 7300 ns, Total: 243500 ns
[2023-05-18T23:46:02.446+0000][119][info ][safepoint   ] Safepoint "Cleanup", Time since last: 1000481100 ns, Reaching safepoint: 52600 ns, Cleanup: 163100 ns, At safepoint: 7200 ns, Total: 222900 ns
[2023-05-18T23:46:04.447+0000][119][info ][safepoint   ] Safepoint "Cleanup", Time since last: 2000506700 ns, Reaching safepoint: 18300 ns, Cleanup: 159800 ns, At safepoint: 6500 ns, Total: 184600 ns
[2023-05-18T23:46:07.479+0000][119][info ][gc,start    ] GC(69) Pause Young (Mixed) (G1 Evacuation Pause)
[2023-05-18T23:46:07.479+0000][119][info ][gc,task     ] GC(69) Using 8 workers of 8 for evacuation
[2023-05-18T23:46:07.479+0000][119][debug][gc,age      ] GC(69) Desired survivor size 8388608 bytes, new threshold 15 (max threshold 15)
[2023-05-18T23:46:07.488+0000][119][info ][gc,phases   ] GC(69)   Pre Evacuate Collection Set: 0.2ms
[2023-05-18T23:46:07.488+0000][119][info ][gc,phases   ] GC(69)   Merge Heap Roots: 0.1ms
[2023-05-18T23:46:07.488+0000][119][info ][gc,phases   ] GC(69)   Evacuate Collection Set: 6.5ms
[2023-05-18T23:46:07.489+0000][119][info ][gc,phases   ] GC(69)   Post Evacuate Collection Set: 1.1ms
[2023-05-18T23:46:07.489+0000][119][info ][gc,phases   ] GC(69)   Other: 0.5ms
[2023-05-18T23:46:07.489+0000][119][trace][gc,age      ] GC(69) Age table with threshold 15 (max threshold 15)
[2023-05-18T23:46:07.489+0000][119][trace][gc,age      ] GC(69) - age   1:    1896128 bytes,    1896128 total
[2023-05-18T23:46:07.490+0000][119][trace][gc,age      ] GC(69) - age   2:     160752 bytes,    2056880 total
[2023-05-18T23:46:07.490+0000][119][trace][gc,age      ] GC(69) - age   3:      14576 bytes,    2071456 total
[2023-05-18T23:46:07.490+0000][119][trace][gc,age      ] GC(69) - age   4:       7520 bytes,    2078976 total
[2023-05-18T23:46:07.490+0000][119][trace][gc,age      ] GC(69) - age   5:     122512 bytes,    2201488 total
[2023-05-18T23:46:07.490+0000][119][trace][gc,age      ] GC(69) - age   6:      14016 bytes,    2215504 total
[2023-05-18T23:46:07.491+0000][119][trace][gc,age      ] GC(69) - age   7:       3056 bytes,    2218560 total
[2023-05-18T23:46:07.491+0000][119][trace][gc,age      ] GC(69) - age   8:      94816 bytes,    2313376 total
[2023-05-18T23:46:07.491+0000][119][trace][gc,age      ] GC(69) - age   9:    1159680 bytes,    3473056 total
[2023-05-18T23:46:07.491+0000][119][trace][gc,age      ] GC(69) - age  10:     408896 bytes,    3881952 total
[2023-05-18T23:46:07.491+0000][119][trace][gc,age      ] GC(69) - age  11:     458896 bytes,    4340848 total
[2023-05-18T23:46:07.492+0000][119][trace][gc,age      ] GC(69) - age  12:     404592 bytes,    4745440 total
[2023-05-18T23:46:07.492+0000][119][info ][gc,heap     ] GC(69) Eden regions: 23->0(23)
[2023-05-18T23:46:07.492+0000][119][info ][gc,heap     ] GC(69) Survivor regions: 2->2(4)
[2023-05-18T23:46:07.492+0000][119][info ][gc,heap     ] GC(69) Old regions: 26->26
[2023-05-18T23:46:07.492+0000][119][info ][gc,heap     ] GC(69) Archive regions: 2->2
[2023-05-18T23:46:07.492+0000][119][info ][gc,heap     ] GC(69) Humongous regions: 2->2
[2023-05-18T23:46:07.493+0000][119][info ][gc,metaspace] GC(69) Metaspace: 139460K(142272K)->139460K(142272K) NonClass: 121120K(122432K)->121120K(122432K) Class: 18339K(19840K)->18339K(19840K)
[2023-05-18T23:46:07.493+0000][119][info ][gc          ] GC(69) Pause Young (Mixed) (G1 Evacuation Pause) 210M->117M(256M) 13.756ms
[2023-05-18T23:46:07.493+0000][119][info ][gc,cpu      ] GC(69) User=0.04s Sys=0.00s Real=0.02s
[2023-05-18T23:46:07.493+0000][119][info ][safepoint   ] Safepoint "G1CollectForAllocation", Time since last: 3031912800 ns, Reaching safepoint: 18300 ns, Cleanup: 142100 ns, At safepoint: 14216600 ns, Total: 14377000 ns
[2023-05-18T23:46:08.494+0000][119][info ][safepoint   ] Safepoint "Cleanup", Time since last: 1000320700 ns, Reaching safepoint: 27700 ns, Cleanup: 225500 ns, At safepoint: 23600 ns, Total: 276800 ns
[2023-05-18T23:46:09.494+0000][119][info ][safepoint   ] Safepoint "Cleanup", Time since last: 1000438900 ns, Reaching safepoint: 23000 ns, Cleanup: 149200 ns, At safepoint: 8600 ns, Total: 180800 ns
[2023-05-18T23:46:10.495+0000][119][info ][safepoint   ] Safepoint "Cleanup", Time since last: 1000331800 ns, Reaching safepoint: 20900 ns, Cleanup: 215100 ns, At safepoint: 8500 ns, Total: 244500 ns
[2023-05-18T23:46:12.496+0000][119][info ][safepoint   ] Safepoint "Cleanup", Time since last: 2000505100 ns, Reaching safepoint: 20900 ns, Cleanup: 157700 ns, At safepoint: 8500 ns, Total: 187100 ns
[2023-05-18T23:46:13.496+0000][119][info ][safepoint   ] Safepoint "Cleanup", Time since last: 1000334900 ns, Reaching safepoint: 34800 ns, Cleanup: 151600 ns, At safepoint: 8000 ns, Total: 194400 ns
[2023-05-18T23:46:14.497+0000][119][info ][safepoint   ] Safepoint "Cleanup", Time since last: 1000339200 ns, Reaching safepoint: 31100 ns, Cleanup: 167400 ns, At safepoint: 10500 ns, Total: 209000 ns
[2023-05-18T23:46:19.498+0000][119][info ][safepoint   ] Safepoint "Cleanup", Time since last: 5000800200 ns, Reaching safepoint: 18100 ns, Cleanup: 182600 ns, At safepoint: 21000 ns, Total: 221700 ns
[2023-05-18T23:46:20.498+0000][119][info ][safepoint   ] Safepoint "Cleanup", Time since last: 1000430600 ns, Reaching safepoint: 20800 ns, Cleanup: 145900 ns, At safepoint: 7400 ns, Total: 174100 ns
[2023-05-18T23:46:21.499+0000][119][info ][safepoint   ] Safepoint "Cleanup", Time since last: 1000363500 ns, Reaching safepoint: 19700 ns, Cleanup: 208700 ns, At safepoint: 7400 ns, Total: 235800 ns
[2023-05-18T23:46:25.500+0000][119][info ][safepoint   ] Safepoint "Cleanup", Time since last: 4000691500 ns, Reaching safepoint: 17100 ns, Cleanup: 210500 ns, At safepoint: 17800 ns, Total: 245400 ns
[2023-05-18T23:46:26.501+0000][119][info ][safepoint   ] Safepoint "Cleanup", Time since last: 1000434800 ns, Reaching safepoint: 22100 ns, Cleanup: 145300 ns, At safepoint: 7300 ns, Total: 174700 ns
[2023-05-18T23:46:28.501+0000][119][info ][safepoint   ] Safepoint "Cleanup", Time since last: 2000445500 ns, Reaching safepoint: 20300 ns, Cleanup: 206200 ns, At safepoint: 17900 ns, Total: 244400 ns
[2023-05-18T23:46:31.502+0000][119][info ][safepoint   ] Safepoint "Cleanup", Time since last: 3000604500 ns, Reaching safepoint: 17700 ns, Cleanup: 227900 ns, At safepoint: 17600 ns, Total: 263200 ns
[2023-05-18T23:46:32.503+0000][119][info ][safepoint   ] Safepoint "Cleanup", Time since last: 1000536200 ns, Reaching safepoint: 147100 ns, Cleanup: 199600 ns, At safepoint: 23100 ns, Total: 369800 ns
[2023-05-18T23:46:34.504+0000][119][info ][safepoint   ] Safepoint "Cleanup", Time since last: 2000496200 ns, Reaching safepoint: 29000 ns, Cleanup: 150200 ns, At safepoint: 7900 ns, Total: 187100 ns
[2023-05-18T23:46:37.206+0000][119][info ][gc,start    ] GC(70) Pause Young (Concurrent Start) (G1 Evacuation Pause)
[2023-05-18T23:46:37.206+0000][119][info ][gc,task     ] GC(70) Using 8 workers of 8 for evacuation
[2023-05-18T23:46:37.206+0000][119][debug][gc,age      ] GC(70) Desired survivor size 8388608 bytes, new threshold 15 (max threshold 15)
[2023-05-18T23:46:37.211+0000][119][info ][gc,phases   ] GC(70)   Pre Evacuate Collection Set: 0.2ms
[2023-05-18T23:46:37.212+0000][119][info ][gc,phases   ] GC(70)   Merge Heap Roots: 0.1ms
[2023-05-18T23:46:37.212+0000][119][info ][gc,phases   ] GC(70)   Evacuate Collection Set: 2.9ms
[2023-05-18T23:46:37.212+0000][119][info ][gc,phases   ] GC(70)   Post Evacuate Collection Set: 1.1ms
[2023-05-18T23:46:37.213+0000][119][info ][gc,phases   ] GC(70)   Other: 0.5ms
[2023-05-18T23:46:37.213+0000][119][trace][gc,age      ] GC(70) Age table with threshold 15 (max threshold 15)
[2023-05-18T23:46:37.213+0000][119][trace][gc,age      ] GC(70) - age   1:    1837984 bytes,    1837984 total
[2023-05-18T23:46:37.213+0000][119][trace][gc,age      ] GC(70) - age   2:     684400 bytes,    2522384 total
[2023-05-18T23:46:37.213+0000][119][trace][gc,age      ] GC(70) - age   3:      37240 bytes,    2559624 total
[2023-05-18T23:46:37.214+0000][119][trace][gc,age      ] GC(70) - age   4:      13600 bytes,    2573224 total
[2023-05-18T23:46:37.214+0000][119][trace][gc,age      ] GC(70) - age   5:       7000 bytes,    2580224 total
[2023-05-18T23:46:37.214+0000][119][trace][gc,age      ] GC(70) - age   6:     122416 bytes,    2702640 total
[2023-05-18T23:46:37.214+0000][119][trace][gc,age      ] GC(70) - age   7:      13984 bytes,    2716624 total
[2023-05-18T23:46:37.214+0000][119][trace][gc,age      ] GC(70) - age   8:       2992 bytes,    2719616 total
[2023-05-18T23:46:37.215+0000][119][trace][gc,age      ] GC(70) - age   9:      94536 bytes,    2814152 total
[2023-05-18T23:46:37.215+0000][119][trace][gc,age      ] GC(70) - age  10:    1159352 bytes,    3973504 total
[2023-05-18T23:46:37.215+0000][119][trace][gc,age      ] GC(70) - age  11:     408896 bytes,    4382400 total
[2023-05-18T23:46:37.215+0000][119][trace][gc,age      ] GC(70) - age  12:     458896 bytes,    4841296 total
[2023-05-18T23:46:37.215+0000][119][trace][gc,age      ] GC(70) - age  13:     404592 bytes,    5245888 total
[2023-05-18T23:46:37.215+0000][119][info ][gc,heap     ] GC(70) Eden regions: 23->0(23)
[2023-05-18T23:46:37.216+0000][119][info ][gc,heap     ] GC(70) Survivor regions: 2->2(4)
[2023-05-18T23:46:37.216+0000][119][info ][gc,heap     ] GC(70) Old regions: 26->26
[2023-05-18T23:46:37.216+0000][119][info ][gc,heap     ] GC(70) Archive regions: 2->2
[2023-05-18T23:46:37.216+0000][119][info ][gc,heap     ] GC(70) Humongous regions: 2->2
[2023-05-18T23:46:37.216+0000][119][info ][gc,metaspace] GC(70) Metaspace: 139490K(142272K)->139490K(142272K) NonClass: 121150K(122432K)->121150K(122432K) Class: 18339K(19840K)->18339K(19840K)
[2023-05-18T23:46:37.216+0000][119][info ][gc          ] GC(70) Pause Young (Concurrent Start) (G1 Evacuation Pause) 209M->118M(256M) 10.387ms
[2023-05-18T23:46:37.217+0000][119][info ][gc          ] GC(71) Concurrent Mark Cycle
[2023-05-18T23:46:37.217+0000][119][info ][gc,marking  ] GC(71) Concurrent Scan Root Regions
[2023-05-18T23:46:37.217+0000][119][info ][gc,cpu      ] GC(70) User=0.02s Sys=0.00s Real=0.01s
[2023-05-18T23:46:37.219+0000][119][info ][safepoint   ] Safepoint "G1CollectForAllocation", Time since last: 2702094100 ns, Reaching safepoint: 16400 ns, Cleanup: 143300 ns, At safepoint: 12540200 ns, Total: 12699900 ns
[2023-05-18T23:46:37.220+0000][119][info ][gc,marking  ] GC(71) Concurrent Scan Root Regions 3.103ms
[2023-05-18T23:46:37.221+0000][119][info ][gc,marking  ] GC(71) Concurrent Mark
[2023-05-18T23:46:37.221+0000][119][info ][gc,marking  ] GC(71) Concurrent Mark From Roots
[2023-05-18T23:46:37.222+0000][119][info ][gc,task     ] GC(71) Using 2 workers of 2 for marking
[2023-05-18T23:46:37.296+0000][119][info ][gc,marking  ] GC(71) Concurrent Mark From Roots 74.514ms
[2023-05-18T23:46:37.296+0000][119][info ][gc,marking  ] GC(71) Concurrent Preclean
[2023-05-18T23:46:37.297+0000][119][info ][gc,marking  ] GC(71) Concurrent Preclean 0.515ms
[2023-05-18T23:46:37.297+0000][119][info ][gc,start    ] GC(71) Pause Remark
[2023-05-18T23:46:37.308+0000][119][info ][gc          ] GC(71) Pause Remark 120M->120M(256M) 10.518ms
[2023-05-18T23:46:37.308+0000][119][info ][gc,cpu      ] GC(71) User=0.05s Sys=0.00s Real=0.01s
[2023-05-18T23:46:37.308+0000][119][info ][safepoint   ] Safepoint "G1PauseRemark", Time since last: 78480500 ns, Reaching safepoint: 27700 ns, Cleanup: 202600 ns, At safepoint: 10989400 ns, Total: 11219700 ns
[2023-05-18T23:46:37.309+0000][119][info ][gc,marking  ] GC(71) Concurrent Mark 87.575ms
[2023-05-18T23:46:37.309+0000][119][info ][gc,marking  ] GC(71) Concurrent Rebuild Remembered Sets and Scrub Regions
[2023-05-18T23:46:37.344+0000][119][info ][gc,marking  ] GC(71) Concurrent Rebuild Remembered Sets and Scrub Regions 35.230ms
[2023-05-18T23:46:37.344+0000][119][info ][gc,start    ] GC(71) Pause Cleanup
[2023-05-18T23:46:37.345+0000][119][info ][gc          ] GC(71) Pause Cleanup 121M->121M(256M) 0.346ms
[2023-05-18T23:46:37.345+0000][119][info ][gc,cpu      ] GC(71) User=0.00s Sys=0.00s Real=0.00s
[2023-05-18T23:46:37.345+0000][119][info ][safepoint   ] Safepoint "G1PauseCleanup", Time since last: 35993000 ns, Reaching safepoint: 13000 ns, Cleanup: 174300 ns, At safepoint: 806200 ns, Total: 993500 ns
[2023-05-18T23:46:37.345+0000][119][info ][gc,marking  ] GC(71) Concurrent Clear Claimed Marks
[2023-05-18T23:46:37.346+0000][119][info ][gc,marking  ] GC(71) Concurrent Clear Claimed Marks 0.392ms
[2023-05-18T23:46:37.346+0000][119][info ][gc,marking  ] GC(71) Concurrent Cleanup for Next Mark
[2023-05-18T23:46:37.346+0000][119][info ][gc,marking  ] GC(71) Concurrent Cleanup for Next Mark 0.491ms
[2023-05-18T23:46:37.347+0000][119][info ][gc          ] GC(71) Concurrent Mark Cycle 130.119ms
[2023-05-18T23:46:38.346+0000][119][info ][safepoint   ] Safepoint "Cleanup", Time since last: 1000329100 ns, Reaching safepoint: 20500 ns, Cleanup: 295500 ns, At safepoint: 24000 ns, Total: 340000 ns
[2023-05-18T23:46:41.347+0000][119][info ][safepoint   ] Safepoint "Cleanup", Time since last: 3000698100 ns, Reaching safepoint: 19000 ns, Cleanup: 170100 ns, At safepoint: 6300 ns, Total: 195400 ns
[2023-05-18T23:46:44.348+0000][119][info ][safepoint   ] Safepoint "Cleanup", Time since last: 3000521500 ns, Reaching safepoint: 21700 ns, Cleanup: 147100 ns, At safepoint: 34000 ns, Total: 202800 ns
[2023-05-18T23:46:45.348+0000][119][info ][safepoint   ] Safepoint "Cleanup", Time since last: 1000398000 ns, Reaching safepoint: 19800 ns, Cleanup: 225000 ns, At safepoint: 7200 ns, Total: 252000 ns
[2023-05-18T23:46:46.349+0000][119][info ][safepoint   ] Safepoint "Cleanup", Time since last: 1000454100 ns, Reaching safepoint: 19800 ns, Cleanup: 153000 ns, At safepoint: 8000 ns, Total: 180800 ns
[2023-05-18T23:46:49.350+0000][119][info ][safepoint   ] Safepoint "Cleanup", Time since last: 3000593800 ns, Reaching safepoint: 147700 ns, Cleanup: 179500 ns, At safepoint: 33500 ns, Total: 360700 ns
[2023-05-18T23:46:50.350+0000][119][info ][safepoint   ] Safepoint "Cleanup", Time since last: 1000404100 ns, Reaching safepoint: 18200 ns, Cleanup: 169800 ns, At safepoint: 7800 ns, Total: 195800 ns
[2023-05-18T23:46:51.351+0000][119][info ][safepoint   ] Safepoint "Cleanup", Time since last: 1000390400 ns, Reaching safepoint: 17700 ns, Cleanup: 201900 ns, At safepoint: 6300 ns, Total: 225900 ns
[2023-05-18T23:46:55.352+0000][119][info ][safepoint   ] Safepoint "Cleanup", Time since last: 4000787000 ns, Reaching safepoint: 25300 ns, Cleanup: 182700 ns, At safepoint: 24800 ns, Total: 232800 ns
[2023-05-18T23:46:55.573+0000][119][info ][gc,start    ] GC(72) Pause Young (Prepare Mixed) (G1 Evacuation Pause)
[2023-05-18T23:46:55.574+0000][119][info ][gc,task     ] GC(72) Using 8 workers of 8 for evacuation
[2023-05-18T23:46:55.574+0000][119][debug][gc,age      ] GC(72) Desired survivor size 8388608 bytes, new threshold 15 (max threshold 15)
[2023-05-18T23:46:55.578+0000][119][info ][gc,phases   ] GC(72)   Pre Evacuate Collection Set: 0.2ms
[2023-05-18T23:46:55.578+0000][119][info ][gc,phases   ] GC(72)   Merge Heap Roots: 0.1ms
[2023-05-18T23:46:55.578+0000][119][info ][gc,phases   ] GC(72)   Evacuate Collection Set: 2.6ms
[2023-05-18T23:46:55.579+0000][119][info ][gc,phases   ] GC(72)   Post Evacuate Collection Set: 0.9ms
[2023-05-18T23:46:55.579+0000][119][info ][gc,phases   ] GC(72)   Other: 0.5ms
[2023-05-18T23:46:55.579+0000][119][trace][gc,age      ] GC(72) Age table with threshold 15 (max threshold 15)
[2023-05-18T23:46:55.579+0000][119][trace][gc,age      ] GC(72) - age   1:     853128 bytes,     853128 total
[2023-05-18T23:46:55.580+0000][119][trace][gc,age      ] GC(72) - age   2:     137224 bytes,     990352 total
[2023-05-18T23:46:55.580+0000][119][trace][gc,age      ] GC(72) - age   3:     505984 bytes,    1496336 total
[2023-05-18T23:46:55.580+0000][119][trace][gc,age      ] GC(72) - age   4:      36608 bytes,    1532944 total
[2023-05-18T23:46:55.580+0000][119][trace][gc,age      ] GC(72) - age   5:      13408 bytes,    1546352 total
[2023-05-18T23:46:55.580+0000][119][trace][gc,age      ] GC(72) - age   6:       6504 bytes,    1552856 total
[2023-05-18T23:46:55.581+0000][119][trace][gc,age      ] GC(72) - age   7:     111848 bytes,    1664704 total
[2023-05-18T23:46:55.581+0000][119][trace][gc,age      ] GC(72) - age   8:      13984 bytes,    1678688 total
[2023-05-18T23:46:55.581+0000][119][trace][gc,age      ] GC(72) - age   9:       2928 bytes,    1681616 total
[2023-05-18T23:46:55.581+0000][119][trace][gc,age      ] GC(72) - age  10:      94536 bytes,    1776152 total
[2023-05-18T23:46:55.581+0000][119][trace][gc,age      ] GC(72) - age  11:    1128376 bytes,    2904528 total
[2023-05-18T23:46:55.582+0000][119][trace][gc,age      ] GC(72) - age  12:     400880 bytes,    3305408 total
[2023-05-18T23:46:55.582+0000][119][trace][gc,age      ] GC(72) - age  13:     458896 bytes,    3764304 total
[2023-05-18T23:46:55.582+0000][119][trace][gc,age      ] GC(72) - age  14:     404592 bytes,    4168896 total
[2023-05-18T23:46:55.582+0000][119][info ][gc,heap     ] GC(72) Eden regions: 23->0(23)
[2023-05-18T23:46:55.582+0000][119][info ][gc,heap     ] GC(72) Survivor regions: 2->2(4)
[2023-05-18T23:46:55.582+0000][119][info ][gc,heap     ] GC(72) Old regions: 26->26
[2023-05-18T23:46:55.583+0000][119][info ][gc,heap     ] GC(72) Archive regions: 2->2
[2023-05-18T23:46:55.583+0000][119][info ][gc,heap     ] GC(72) Humongous regions: 2->2
[2023-05-18T23:46:55.583+0000][119][info ][gc,metaspace] GC(72) Metaspace: 139579K(142336K)->139579K(142336K) NonClass: 121239K(122496K)->121239K(122496K) Class: 18339K(19840K)->18339K(19840K)
[2023-05-18T23:46:55.583+0000][119][info ][gc          ] GC(72) Pause Young (Prepare Mixed) (G1 Evacuation Pause) 210M->117M(256M) 9.833ms
[2023-05-18T23:46:55.583+0000][119][info ][gc,cpu      ] GC(72) User=0.02s Sys=0.00s Real=0.01s
[2023-05-18T23:46:55.584+0000][119][info ][safepoint   ] Safepoint "G1CollectForAllocation", Time since last: 221126800 ns, Reaching safepoint: 24000 ns, Cleanup: 188700 ns, At safepoint: 10339100 ns, Total: 10551800 ns
[2023-05-18T23:46:56.584+0000][119][info ][safepoint   ] Safepoint "Cleanup", Time since last: 1000371100 ns, Reaching safepoint: 29900 ns, Cleanup: 227400 ns, At safepoint: 8900 ns, Total: 266200 ns
[2023-05-18T23:46:58.585+0000][119][info ][safepoint   ] Safepoint "Cleanup", Time since last: 2000505800 ns, Reaching safepoint: 22500 ns, Cleanup: 152500 ns, At safepoint: 8800 ns, Total: 183800 ns
[2023-05-18T23:47:01.586+0000][119][info ][safepoint   ] Safepoint "Cleanup", Time since last: 3000530800 ns, Reaching safepoint: 16900 ns, Cleanup: 234000 ns, At safepoint: 17100 ns, Total: 268000 ns
[2023-05-18T23:47:07.587+0000][119][info ][safepoint   ] Safepoint "Cleanup", Time since last: 6000934600 ns, Reaching safepoint: 39300 ns, Cleanup: 164400 ns, At safepoint: 9300 ns, Total: 213000 ns
[2023-05-18T23:47:10.588+0000][119][info ][safepoint   ] Safepoint "Cleanup", Time since last: 3000626200 ns, Reaching safepoint: 21600 ns, Cleanup: 270700 ns, At safepoint: 12700 ns, Total: 305000 ns
[2023-05-18T23:47:12.589+0000][119][info ][safepoint   ] Safepoint "Cleanup", Time since last: 2000591500 ns, Reaching safepoint: 18400 ns, Cleanup: 209000 ns, At safepoint: 17400 ns, Total: 244800 ns
[2023-05-18T23:47:13.589+0000][119][info ][safepoint   ] Safepoint "Cleanup", Time since last: 1000482100 ns, Reaching safepoint: 17700 ns, Cleanup: 152600 ns, At safepoint: 8100 ns, Total: 178400 ns
[2023-05-18T23:47:14.590+0000][119][info ][safepoint   ] Safepoint "Cleanup", Time since last: 1000348600 ns, Reaching safepoint: 21900 ns, Cleanup: 235200 ns, At safepoint: 18000 ns, Total: 275100 ns
[2023-05-18T23:47:16.591+0000][119][info ][safepoint   ] Safepoint "Cleanup", Time since last: 2000565500 ns, Reaching safepoint: 21800 ns, Cleanup: 220000 ns, At safepoint: 7100 ns, Total: 248900 ns
[2023-05-18T23:47:17.591+0000][119][info ][safepoint   ] Safepoint "Cleanup", Time since last: 1000451200 ns, Reaching safepoint: 19300 ns, Cleanup: 152800 ns, At safepoint: 7700 ns, Total: 179800 ns
[2023-05-18T23:47:19.592+0000][119][info ][safepoint   ] Safepoint "Cleanup", Time since last: 2000478100 ns, Reaching safepoint: 48600 ns, Cleanup: 202500 ns, At safepoint: 10000 ns, Total: 261100 ns
[2023-05-18T23:47:25.413+0000][119][info ][gc,start    ] GC(73) Pause Young (Mixed) (G1 Evacuation Pause)
[2023-05-18T23:47:25.413+0000][119][info ][gc,task     ] GC(73) Using 8 workers of 8 for evacuation
[2023-05-18T23:47:25.413+0000][119][debug][gc,age      ] GC(73) Desired survivor size 8388608 bytes, new threshold 15 (max threshold 15)
[2023-05-18T23:47:25.420+0000][119][info ][gc,phases   ] GC(73)   Pre Evacuate Collection Set: 0.2ms
[2023-05-18T23:47:25.420+0000][119][info ][gc,phases   ] GC(73)   Merge Heap Roots: 0.1ms
[2023-05-18T23:47:25.420+0000][119][info ][gc,phases   ] GC(73)   Evacuate Collection Set: 4.9ms
[2023-05-18T23:47:25.421+0000][119][info ][gc,phases   ] GC(73)   Post Evacuate Collection Set: 1.0ms
[2023-05-18T23:47:25.421+0000][119][info ][gc,phases   ] GC(73)   Other: 0.5ms
[2023-05-18T23:47:25.421+0000][119][trace][gc,age      ] GC(73) Age table with threshold 15 (max threshold 15)
[2023-05-18T23:47:25.422+0000][119][trace][gc,age      ] GC(73) - age   1:     847808 bytes,     847808 total
[2023-05-18T23:47:25.422+0000][119][trace][gc,age      ] GC(73) - age   2:     184336 bytes,    1032144 total
[2023-05-18T23:47:25.422+0000][119][trace][gc,age      ] GC(73) - age   3:     127536 bytes,    1159680 total
[2023-05-18T23:47:25.422+0000][119][trace][gc,age      ] GC(73) - age   4:     505600 bytes,    1665280 total
[2023-05-18T23:47:25.422+0000][119][trace][gc,age      ] GC(73) - age   5:      32088 bytes,    1697368 total
[2023-05-18T23:47:25.423+0000][119][trace][gc,age      ] GC(73) - age   6:      13408 bytes,    1710776 total
[2023-05-18T23:47:25.423+0000][119][trace][gc,age      ] GC(73) - age   7:       6144 bytes,    1716920 total
[2023-05-18T23:47:25.423+0000][119][trace][gc,age      ] GC(73) - age   8:     111848 bytes,    1828768 total
[2023-05-18T23:47:25.423+0000][119][trace][gc,age      ] GC(73) - age   9:      13984 bytes,    1842752 total
[2023-05-18T23:47:25.423+0000][119][trace][gc,age      ] GC(73) - age  10:       2928 bytes,    1845680 total
[2023-05-18T23:47:25.423+0000][119][trace][gc,age      ] GC(73) - age  11:      94536 bytes,    1940216 total
[2023-05-18T23:47:25.424+0000][119][trace][gc,age      ] GC(73) - age  12:    1128152 bytes,    3068368 total
[2023-05-18T23:47:25.424+0000][119][trace][gc,age      ] GC(73) - age  13:     400880 bytes,    3469248 total
[2023-05-18T23:47:25.424+0000][119][trace][gc,age      ] GC(73) - age  14:     458896 bytes,    3928144 total
[2023-05-18T23:47:25.424+0000][119][trace][gc,age      ] GC(73) - age  15:     404592 bytes,    4332736 total
[2023-05-18T23:47:25.424+0000][119][info ][gc,heap     ] GC(73) Eden regions: 23->0(23)
[2023-05-18T23:47:25.424+0000][119][info ][gc,heap     ] GC(73) Survivor regions: 2->2(4)
[2023-05-18T23:47:25.425+0000][119][info ][gc,heap     ] GC(73) Old regions: 26->26
[2023-05-18T23:47:25.425+0000][119][info ][gc,heap     ] GC(73) Archive regions: 2->2
[2023-05-18T23:47:25.425+0000][119][info ][gc,heap     ] GC(73) Humongous regions: 2->2
[2023-05-18T23:47:25.425+0000][119][info ][gc,metaspace] GC(73) Metaspace: 139643K(142400K)->139643K(142400K) NonClass: 121303K(122560K)->121303K(122560K) Class: 18339K(19840K)->18339K(19840K)
[2023-05-18T23:47:25.425+0000][119][info ][gc          ] GC(73) Pause Young (Mixed) (G1 Evacuation Pause) 209M->116M(256M) 12.359ms
[2023-05-18T23:47:25.425+0000][119][info ][gc,cpu      ] GC(73) User=0.02s Sys=0.01s Real=0.01s
[2023-05-18T23:47:25.426+0000][119][info ][safepoint   ] Safepoint "G1CollectForAllocation", Time since last: 5820422000 ns, Reaching safepoint: 17700 ns, Cleanup: 232000 ns, At safepoint: 12842800 ns, Total: 13092500 ns
[2023-05-18T23:47:26.426+0000][119][info ][safepoint   ] Safepoint "Cleanup", Time since last: 1000324600 ns, Reaching safepoint: 24200 ns, Cleanup: 174700 ns, At safepoint: 9700 ns, Total: 208600 ns
[2023-05-18T23:47:31.427+0000][119][info ][safepoint   ] Safepoint "Cleanup", Time since last: 5000801600 ns, Reaching safepoint: 120700 ns, Cleanup: 195100 ns, At safepoint: 46000 ns, Total: 361800 ns
[2023-05-18T23:47:34.428+0000][119][info ][safepoint   ] Safepoint "Cleanup", Time since last: 3000638600 ns, Reaching safepoint: 42600 ns, Cleanup: 142800 ns, At safepoint: 8000 ns, Total: 193400 ns
[2023-05-18T23:47:35.429+0000][119][info ][safepoint   ] Safepoint "Cleanup", Time since last: 1000357100 ns, Reaching safepoint: 20300 ns, Cleanup: 225700 ns, At safepoint: 16900 ns, Total: 262900 ns
[2023-05-18T23:47:37.430+0000][119][info ][safepoint   ] Safepoint "Cleanup", Time since last: 2000575800 ns, Reaching safepoint: 18200 ns, Cleanup: 214100 ns, At safepoint: 6800 ns, Total: 239100 ns
[2023-05-18T23:47:40.431+0000][119][info ][safepoint   ] Safepoint "Cleanup", Time since last: 3000701700 ns, Reaching safepoint: 21900 ns, Cleanup: 139500 ns, At safepoint: 6900 ns, Total: 168300 ns
[2023-05-18T23:47:43.431+0000][119][info ][safepoint   ] Safepoint "Cleanup", Time since last: 3000456100 ns, Reaching safepoint: 19600 ns, Cleanup: 146500 ns, At safepoint: 7500 ns, Total: 173600 ns
[2023-05-18T23:47:44.432+0000][119][info ][safepoint   ] Safepoint "Cleanup", Time since last: 1000316900 ns, Reaching safepoint: 19500 ns, Cleanup: 144200 ns, At safepoint: 7300 ns, Total: 171000 ns
[2023-05-18T23:47:45.432+0000][119][info ][safepoint   ] Safepoint "Cleanup", Time since last: 1000350800 ns, Reaching safepoint: 21100 ns, Cleanup: 146400 ns, At safepoint: 7600 ns, Total: 175100 ns
[2023-05-18T23:47:49.670+0000][119][info ][gc,start    ] GC(74) Pause Young (Concurrent Start) (G1 Evacuation Pause)
[2023-05-18T23:47:49.670+0000][119][info ][gc,task     ] GC(74) Using 8 workers of 8 for evacuation
[2023-05-18T23:47:49.670+0000][119][debug][gc,age      ] GC(74) Desired survivor size 8388608 bytes, new threshold 15 (max threshold 15)
[2023-05-18T23:47:49.675+0000][119][info ][gc,phases   ] GC(74)   Pre Evacuate Collection Set: 0.3ms
[2023-05-18T23:47:49.675+0000][119][info ][gc,phases   ] GC(74)   Merge Heap Roots: 0.1ms
[2023-05-18T23:47:49.676+0000][119][info ][gc,phases   ] GC(74)   Evacuate Collection Set: 2.7ms
[2023-05-18T23:47:49.676+0000][119][info ][gc,phases   ] GC(74)   Post Evacuate Collection Set: 1.1ms
[2023-05-18T23:47:49.676+0000][119][info ][gc,phases   ] GC(74)   Other: 0.7ms
[2023-05-18T23:47:49.677+0000][119][trace][gc,age      ] GC(74) Age table with threshold 15 (max threshold 15)
[2023-05-18T23:47:49.677+0000][119][trace][gc,age      ] GC(74) - age   1:     845520 bytes,     845520 total
[2023-05-18T23:47:49.677+0000][119][trace][gc,age      ] GC(74) - age   2:      11144 bytes,     856664 total
[2023-05-18T23:47:49.677+0000][119][trace][gc,age      ] GC(74) - age   3:     156472 bytes,    1013136 total
[2023-05-18T23:47:49.677+0000][119][trace][gc,age      ] GC(74) - age   4:     126528 bytes,    1139664 total
[2023-05-18T23:47:49.678+0000][119][trace][gc,age      ] GC(74) - age   5:     505024 bytes,    1644688 total
[2023-05-18T23:47:49.678+0000][119][trace][gc,age      ] GC(74) - age   6:      31672 bytes,    1676360 total
[2023-05-18T23:47:49.678+0000][119][trace][gc,age      ] GC(74) - age   7:      13408 bytes,    1689768 total
[2023-05-18T23:47:49.678+0000][119][trace][gc,age      ] GC(74) - age   8:       6144 bytes,    1695912 total
[2023-05-18T23:47:49.679+0000][119][trace][gc,age      ] GC(74) - age   9:     111368 bytes,    1807280 total
[2023-05-18T23:47:49.679+0000][119][trace][gc,age      ] GC(74) - age  10:      13984 bytes,    1821264 total
[2023-05-18T23:47:49.679+0000][119][trace][gc,age      ] GC(74) - age  11:       2928 bytes,    1824192 total
[2023-05-18T23:47:49.679+0000][119][trace][gc,age      ] GC(74) - age  12:      94536 bytes,    1918728 total
[2023-05-18T23:47:49.679+0000][119][trace][gc,age      ] GC(74) - age  13:    1125088 bytes,    3043816 total
[2023-05-18T23:47:49.679+0000][119][trace][gc,age      ] GC(74) - age  14:     389360 bytes,    3433176 total
[2023-05-18T23:47:49.679+0000][119][trace][gc,age      ] GC(74) - age  15:     458896 bytes,    3892072 total
[2023-05-18T23:47:49.680+0000][119][info ][gc,heap     ] GC(74) Eden regions: 23->0(23)
[2023-05-18T23:47:49.680+0000][119][info ][gc,heap     ] GC(74) Survivor regions: 2->2(4)
[2023-05-18T23:47:49.680+0000][119][info ][gc,heap     ] GC(74) Old regions: 26->26
[2023-05-18T23:47:49.680+0000][119][info ][gc,heap     ] GC(74) Archive regions: 2->2
[2023-05-18T23:47:49.680+0000][119][info ][gc,heap     ] GC(74) Humongous regions: 2->2
[2023-05-18T23:47:49.680+0000][119][info ][gc,metaspace] GC(74) Metaspace: 139681K(142400K)->139681K(142400K) NonClass: 121341K(122560K)->121341K(122560K) Class: 18339K(19840K)->18339K(19840K)
[2023-05-18T23:47:49.681+0000][119][info ][gc          ] GC(74) Pause Young (Concurrent Start) (G1 Evacuation Pause) 208M->117M(256M) 10.670ms
[2023-05-18T23:47:49.681+0000][119][info ][gc          ] GC(75) Concurrent Mark Cycle
[2023-05-18T23:47:49.681+0000][119][info ][gc,marking  ] GC(75) Concurrent Scan Root Regions
[2023-05-18T23:47:49.681+0000][119][info ][gc,cpu      ] GC(74) User=0.02s Sys=0.00s Real=0.01s
[2023-05-18T23:47:49.682+0000][119][info ][safepoint   ] Safepoint "G1CollectForAllocation", Time since last: 4237408200 ns, Reaching safepoint: 18900 ns, Cleanup: 201300 ns, At safepoint: 12409500 ns, Total: 12629700 ns
[2023-05-18T23:47:49.684+0000][119][info ][gc,marking  ] GC(75) Concurrent Scan Root Regions 3.005ms
[2023-05-18T23:47:49.684+0000][119][info ][gc,marking  ] GC(75) Concurrent Mark
[2023-05-18T23:47:49.684+0000][119][info ][gc,marking  ] GC(75) Concurrent Mark From Roots
[2023-05-18T23:47:49.684+0000][119][info ][gc,task     ] GC(75) Using 2 workers of 2 for marking
[2023-05-18T23:47:49.741+0000][119][info ][gc,marking  ] GC(75) Concurrent Mark From Roots 56.623ms
[2023-05-18T23:47:49.741+0000][119][info ][gc,marking  ] GC(75) Concurrent Preclean
[2023-05-18T23:47:49.742+0000][119][info ][gc,marking  ] GC(75) Concurrent Preclean 0.418ms
[2023-05-18T23:47:49.742+0000][119][info ][gc,start    ] GC(75) Pause Remark
[2023-05-18T23:47:49.749+0000][119][info ][gc          ] GC(75) Pause Remark 117M->117M(256M) 6.591ms
[2023-05-18T23:47:49.749+0000][119][info ][gc,cpu      ] GC(75) User=0.03s Sys=0.01s Real=0.01s
[2023-05-18T23:47:49.749+0000][119][info ][safepoint   ] Safepoint "G1PauseRemark", Time since last: 59712500 ns, Reaching safepoint: 28900 ns, Cleanup: 204100 ns, At safepoint: 7273900 ns, Total: 7506900 ns
[2023-05-18T23:47:49.750+0000][119][info ][gc,marking  ] GC(75) Concurrent Mark 65.719ms
[2023-05-18T23:47:49.750+0000][119][info ][gc,marking  ] GC(75) Concurrent Rebuild Remembered Sets and Scrub Regions
[2023-05-18T23:47:49.779+0000][119][info ][gc,marking  ] GC(75) Concurrent Rebuild Remembered Sets and Scrub Regions 28.682ms
[2023-05-18T23:47:49.780+0000][119][info ][gc,start    ] GC(75) Pause Cleanup
[2023-05-18T23:47:49.780+0000][119][info ][gc          ] GC(75) Pause Cleanup 117M->117M(256M) 0.515ms
[2023-05-18T23:47:49.780+0000][119][info ][gc,cpu      ] GC(75) User=0.01s Sys=0.00s Real=0.00s
[2023-05-18T23:47:49.781+0000][119][info ][safepoint   ] Safepoint "G1PauseCleanup", Time since last: 29768900 ns, Reaching safepoint: 14100 ns, Cleanup: 247100 ns, At safepoint: 1238600 ns, Total: 1499800 ns
[2023-05-18T23:47:49.781+0000][119][info ][gc,marking  ] GC(75) Concurrent Clear Claimed Marks
[2023-05-18T23:47:49.782+0000][119][info ][gc,marking  ] GC(75) Concurrent Clear Claimed Marks 0.553ms
[2023-05-18T23:47:49.782+0000][119][info ][gc,marking  ] GC(75) Concurrent Cleanup for Next Mark
[2023-05-18T23:47:49.782+0000][119][info ][gc,marking  ] GC(75) Concurrent Cleanup for Next Mark 0.521ms
[2023-05-18T23:47:49.783+0000][119][info ][gc          ] GC(75) Concurrent Mark Cycle 101.895ms
[2023-05-18T23:47:51.781+0000][119][info ][safepoint   ] Safepoint "Cleanup", Time since last: 2000435000 ns, Reaching safepoint: 18200 ns, Cleanup: 155300 ns, At safepoint: 6700 ns, Total: 180200 ns
[2023-05-18T23:47:52.782+0000][119][info ][safepoint   ] Safepoint "Cleanup", Time since last: 1000371500 ns, Reaching safepoint: 19800 ns, Cleanup: 146400 ns, At safepoint: 28900 ns, Total: 195100 ns
[2023-05-18T23:48:02.787+0000][119][info ][safepoint   ] Safepoint "Cleanup", Time since last: 10004928800 ns, Reaching safepoint: 37800 ns, Cleanup: 149900 ns, At safepoint: 12700 ns, Total: 200400 ns
[2023-05-18T23:48:04.788+0000][119][info ][safepoint   ] Safepoint "Cleanup", Time since last: 2000494800 ns, Reaching safepoint: 20500 ns, Cleanup: 183500 ns, At safepoint: 12600 ns, Total: 216600 ns
[2023-05-18T23:48:06.788+0000][119][info ][safepoint   ] Safepoint "Cleanup", Time since last: 2000496900 ns, Reaching safepoint: 19100 ns, Cleanup: 150600 ns, At safepoint: 7300 ns, Total: 177000 ns
[2023-05-18T23:48:07.789+0000][119][info ][safepoint   ] Safepoint "Cleanup", Time since last: 1000411600 ns, Reaching safepoint: 18000 ns, Cleanup: 222100 ns, At safepoint: 7200 ns, Total: 247300 ns
[2023-05-18T23:48:08.790+0000][119][info ][safepoint   ] Safepoint "Cleanup", Time since last: 1000472300 ns, Reaching safepoint: 20400 ns, Cleanup: 174800 ns, At safepoint: 7200 ns, Total: 202400 ns
[2023-05-18T23:48:13.791+0000][119][info ][safepoint   ] Safepoint "Cleanup", Time since last: 5000746600 ns, Reaching safepoint: 20200 ns, Cleanup: 160700 ns, At safepoint: 9400 ns, Total: 190300 ns
[2023-05-18T23:48:16.791+0000][119][info ][safepoint   ] Safepoint "Cleanup", Time since last: 3000543800 ns, Reaching safepoint: 17900 ns, Cleanup: 207900 ns, At safepoint: 19500 ns, Total: 245300 ns
[2023-05-18T23:48:19.141+0000][119][info ][gc,start    ] GC(76) Pause Young (Prepare Mixed) (G1 Evacuation Pause)
[2023-05-18T23:48:19.141+0000][119][info ][gc,task     ] GC(76) Using 8 workers of 8 for evacuation
[2023-05-18T23:48:19.141+0000][119][debug][gc,age      ] GC(76) Desired survivor size 8388608 bytes, new threshold 15 (max threshold 15)
[2023-05-18T23:48:19.145+0000][119][info ][gc,phases   ] GC(76)   Pre Evacuate Collection Set: 0.2ms
[2023-05-18T23:48:19.145+0000][119][info ][gc,phases   ] GC(76)   Merge Heap Roots: 0.1ms
[2023-05-18T23:48:19.146+0000][119][info ][gc,phases   ] GC(76)   Evacuate Collection Set: 2.4ms
[2023-05-18T23:48:19.146+0000][119][info ][gc,phases   ] GC(76)   Post Evacuate Collection Set: 1.0ms
[2023-05-18T23:48:19.146+0000][119][info ][gc,phases   ] GC(76)   Other: 0.5ms
[2023-05-18T23:48:19.146+0000][119][trace][gc,age      ] GC(76) Age table with threshold 15 (max threshold 15)
[2023-05-18T23:48:19.147+0000][119][trace][gc,age      ] GC(76) - age   1:     675616 bytes,     675616 total
[2023-05-18T23:48:19.147+0000][119][trace][gc,age      ] GC(76) - age   2:     176208 bytes,     851824 total
[2023-05-18T23:48:19.147+0000][119][trace][gc,age      ] GC(76) - age   3:       2064 bytes,     853888 total
[2023-05-18T23:48:19.147+0000][119][trace][gc,age      ] GC(76) - age   4:      46584 bytes,     900472 total
[2023-05-18T23:48:19.148+0000][119][trace][gc,age      ] GC(76) - age   5:     125960 bytes,    1026432 total
[2023-05-18T23:48:19.148+0000][119][trace][gc,age      ] GC(76) - age   6:     504832 bytes,    1531264 total
[2023-05-18T23:48:19.148+0000][119][trace][gc,age      ] GC(76) - age   7:      31672 bytes,    1562936 total
[2023-05-18T23:48:19.148+0000][119][trace][gc,age      ] GC(76) - age   8:      13344 bytes,    1576280 total
[2023-05-18T23:48:19.148+0000][119][trace][gc,age      ] GC(76) - age   9:       6144 bytes,    1582424 total
[2023-05-18T23:48:19.148+0000][119][trace][gc,age      ] GC(76) - age  10:     111304 bytes,    1693728 total
[2023-05-18T23:48:19.149+0000][119][trace][gc,age      ] GC(76) - age  11:      13984 bytes,    1707712 total
[2023-05-18T23:48:19.149+0000][119][trace][gc,age      ] GC(76) - age  12:       2928 bytes,    1710640 total
[2023-05-18T23:48:19.149+0000][119][trace][gc,age      ] GC(76) - age  13:      94536 bytes,    1805176 total
[2023-05-18T23:48:19.149+0000][119][trace][gc,age      ] GC(76) - age  14:    1124064 bytes,    2929240 total
[2023-05-18T23:48:19.149+0000][119][trace][gc,age      ] GC(76) - age  15:     389296 bytes,    3318536 total
[2023-05-18T23:48:19.149+0000][119][info ][gc,heap     ] GC(76) Eden regions: 23->0(25)
[2023-05-18T23:48:19.150+0000][119][info ][gc,heap     ] GC(76) Survivor regions: 2->1(4)
[2023-05-18T23:48:19.150+0000][119][info ][gc,heap     ] GC(76) Old regions: 26->26
[2023-05-18T23:48:19.150+0000][119][info ][gc,heap     ] GC(76) Archive regions: 2->2
[2023-05-18T23:48:19.150+0000][119][info ][gc,heap     ] GC(76) Humongous regions: 2->2
[2023-05-18T23:48:19.150+0000][119][info ][gc,metaspace] GC(76) Metaspace: 139698K(142464K)->139698K(142464K) NonClass: 121358K(122624K)->121358K(122624K) Class: 18339K(19840K)->18339K(19840K)
[2023-05-18T23:48:19.151+0000][119][info ][gc          ] GC(76) Pause Young (Prepare Mixed) (G1 Evacuation Pause) 209M->117M(256M) 10.015ms
[2023-05-18T23:48:19.151+0000][119][info ][gc,cpu      ] GC(76) User=0.02s Sys=0.00s Real=0.01s
[2023-05-18T23:48:19.151+0000][119][info ][safepoint   ] Safepoint "G1CollectForAllocation", Time since last: 2348863300 ns, Reaching safepoint: 26500 ns, Cleanup: 175700 ns, At safepoint: 10497900 ns, Total: 10700100 ns
[2023-05-18T23:48:21.152+0000][119][info ][safepoint   ] Safepoint "Cleanup", Time since last: 2000459800 ns, Reaching safepoint: 22000 ns, Cleanup: 137200 ns, At safepoint: 7600 ns, Total: 166800 ns
[2023-05-18T23:48:22.152+0000][119][info ][safepoint   ] Safepoint "Cleanup", Time since last: 1000291900 ns, Reaching safepoint: 16500 ns, Cleanup: 149600 ns, At safepoint: 23200 ns, Total: 189300 ns
[2023-05-18T23:48:25.153+0000][119][info ][safepoint   ] Safepoint "Cleanup", Time since last: 3000803600 ns, Reaching safepoint: 123300 ns, Cleanup: 217600 ns, At safepoint: 17200 ns, Total: 358100 ns
[2023-05-18T23:48:28.154+0000][119][info ][safepoint   ] Safepoint "Cleanup", Time since last: 3000750100 ns, Reaching safepoint: 20000 ns, Cleanup: 233700 ns, At safepoint: 74400 ns, Total: 328100 ns
[2023-05-18T23:48:30.502+0000][119][info ][safepoint   ] Safepoint "Cleanup", Time since last: 2347199800 ns, Reaching safepoint: 7600 ns, Cleanup: 226300 ns, At safepoint: 30900 ns, Total: 264800 ns
[2023-05-18T23:48:31.514+0000][119][info ][safepoint   ] Safepoint "Cleanup", Time since last: 1011981000 ns, Reaching safepoint: 19700 ns, Cleanup: 146200 ns, At safepoint: 7300 ns, Total: 173200 ns
[2023-05-18T23:48:32.515+0000][119][info ][safepoint   ] Safepoint "Cleanup", Time since last: 1000295700 ns, Reaching safepoint: 25600 ns, Cleanup: 201400 ns, At safepoint: 31600 ns, Total: 258600 ns
[2023-05-18T23:48:34.515+0000][119][info ][safepoint   ] Safepoint "Cleanup", Time since last: 2000466300 ns, Reaching safepoint: 64200 ns, Cleanup: 256300 ns, At safepoint: 22200 ns, Total: 342700 ns
[2023-05-18T23:48:37.516+0000][119][info ][safepoint   ] Safepoint "Cleanup", Time since last: 3000692500 ns, Reaching safepoint: 21900 ns, Cleanup: 143600 ns, At safepoint: 24500 ns, Total: 190000 ns
[2023-05-18T23:48:38.517+0000][119][info ][safepoint   ] Safepoint "Cleanup", Time since last: 1000311500 ns, Reaching safepoint: 32300 ns, Cleanup: 181000 ns, At safepoint: 11900 ns, Total: 225200 ns
[2023-05-18T23:48:42.518+0000][119][info ][safepoint   ] Safepoint "Cleanup", Time since last: 4000549600 ns, Reaching safepoint: 20600 ns, Cleanup: 215700 ns, At safepoint: 7500 ns, Total: 243800 ns
[2023-05-18T23:48:44.518+0000][119][info ][safepoint   ] Safepoint "Cleanup", Time since last: 2000548700 ns, Reaching safepoint: 18900 ns, Cleanup: 313800 ns, At safepoint: 18200 ns, Total: 350900 ns
[2023-05-18T23:48:45.519+0000][119][info ][safepoint   ] Safepoint "Cleanup", Time since last: 1000599900 ns, Reaching safepoint: 23000 ns, Cleanup: 177600 ns, At safepoint: 18000 ns, Total: 218600 ns
[2023-05-18T23:48:46.238+0000][119][info ][gc,start    ] GC(77) Pause Young (Mixed) (G1 Evacuation Pause)
[2023-05-18T23:48:46.238+0000][119][info ][gc,task     ] GC(77) Using 8 workers of 8 for evacuation
[2023-05-18T23:48:46.238+0000][119][debug][gc,age      ] GC(77) Desired survivor size 8388608 bytes, new threshold 15 (max threshold 15)
[2023-05-18T23:48:46.244+0000][119][info ][gc,phases   ] GC(77)   Pre Evacuate Collection Set: 0.2ms
[2023-05-18T23:48:46.245+0000][119][info ][gc,phases   ] GC(77)   Merge Heap Roots: 0.1ms
[2023-05-18T23:48:46.245+0000][119][info ][gc,phases   ] GC(77)   Evacuate Collection Set: 4.4ms
[2023-05-18T23:48:46.245+0000][119][info ][gc,phases   ] GC(77)   Post Evacuate Collection Set: 1.2ms
[2023-05-18T23:48:46.245+0000][119][info ][gc,phases   ] GC(77)   Other: 0.5ms
[2023-05-18T23:48:46.246+0000][119][trace][gc,age      ] GC(77) Age table with threshold 15 (max threshold 15)
[2023-05-18T23:48:46.246+0000][119][trace][gc,age      ] GC(77) - age   1:    1451896 bytes,    1451896 total
[2023-05-18T23:48:46.246+0000][119][trace][gc,age      ] GC(77) - age   2:     126632 bytes,    1578528 total
[2023-05-18T23:48:46.246+0000][119][trace][gc,age      ] GC(77) - age   3:      51072 bytes,    1629600 total
[2023-05-18T23:48:46.247+0000][119][trace][gc,age      ] GC(77) - age   4:       1656 bytes,    1631256 total
[2023-05-18T23:48:46.247+0000][119][trace][gc,age      ] GC(77) - age   5:      46400 bytes,    1677656 total
[2023-05-18T23:48:46.247+0000][119][trace][gc,age      ] GC(77) - age   6:     125616 bytes,    1803272 total
[2023-05-18T23:48:46.247+0000][119][trace][gc,age      ] GC(77) - age   7:     504616 bytes,    2307888 total
[2023-05-18T23:48:46.247+0000][119][trace][gc,age      ] GC(77) - age   8:      31544 bytes,    2339432 total
[2023-05-18T23:48:46.248+0000][119][trace][gc,age      ] GC(77) - age   9:      13216 bytes,    2352648 total
[2023-05-18T23:48:46.248+0000][119][trace][gc,age      ] GC(77) - age  10:       6144 bytes,    2358792 total
[2023-05-18T23:48:46.248+0000][119][trace][gc,age      ] GC(77) - age  11:     111184 bytes,    2469976 total
[2023-05-18T23:48:46.248+0000][119][trace][gc,age      ] GC(77) - age  12:      13984 bytes,    2483960 total
[2023-05-18T23:48:46.248+0000][119][trace][gc,age      ] GC(77) - age  13:       2608 bytes,    2486568 total
[2023-05-18T23:48:46.248+0000][119][trace][gc,age      ] GC(77) - age  14:      94536 bytes,    2581104 total
[2023-05-18T23:48:46.248+0000][119][trace][gc,age      ] GC(77) - age  15:    1122800 bytes,    3703904 total
[2023-05-18T23:48:46.249+0000][119][info ][gc,heap     ] GC(77) Eden regions: 25->0(25)
[2023-05-18T23:48:46.249+0000][119][info ][gc,heap     ] GC(77) Survivor regions: 1->1(4)
[2023-05-18T23:48:46.249+0000][119][info ][gc,heap     ] GC(77) Old regions: 26->26
[2023-05-18T23:48:46.249+0000][119][info ][gc,heap     ] GC(77) Archive regions: 2->2
[2023-05-18T23:48:46.249+0000][119][info ][gc,heap     ] GC(77) Humongous regions: 2->2
[2023-05-18T23:48:46.249+0000][119][info ][gc,metaspace] GC(77) Metaspace: 139888K(142656K)->139888K(142656K) NonClass: 121524K(122752K)->121524K(122752K) Class: 18363K(19904K)->18363K(19904K)
[2023-05-18T23:48:46.250+0000][119][info ][gc          ] GC(77) Pause Young (Mixed) (G1 Evacuation Pause) 217M->117M(256M) 11.956ms
[2023-05-18T23:48:46.250+0000][119][info ][gc,cpu      ] GC(77) User=0.02s Sys=0.02s Real=0.01s
[2023-05-18T23:48:46.250+0000][119][info ][safepoint   ] Safepoint "G1CollectForAllocation", Time since last: 718198500 ns, Reaching safepoint: 20200 ns, Cleanup: 151000 ns, At safepoint: 12462100 ns, Total: 12633300 ns
[2023-05-18T23:48:47.251+0000][119][info ][safepoint   ] Safepoint "Cleanup", Time since last: 1000288300 ns, Reaching safepoint: 18800 ns, Cleanup: 176300 ns, At safepoint: 22500 ns, Total: 217600 ns
[2023-05-18T23:48:48.251+0000][119][info ][safepoint   ] Safepoint "Cleanup", Time since last: 1000349400 ns, Reaching safepoint: 19300 ns, Cleanup: 217300 ns, At safepoint: 13500 ns, Total: 250100 ns
[2023-05-18T23:48:49.252+0000][119][info ][safepoint   ] Safepoint "Cleanup", Time since last: 1000345300 ns, Reaching safepoint: 21500 ns, Cleanup: 157100 ns, At safepoint: 29300 ns, Total: 207900 ns
[2023-05-18T23:48:50.252+0000][119][info ][safepoint   ] Safepoint "Cleanup", Time since last: 1000350900 ns, Reaching safepoint: 25100 ns, Cleanup: 140200 ns, At safepoint: 8300 ns, Total: 173600 ns
[2023-05-18T23:48:51.253+0000][119][info ][safepoint   ] Safepoint "Cleanup", Time since last: 1000404000 ns, Reaching safepoint: 18100 ns, Cleanup: 227600 ns, At safepoint: 7200 ns, Total: 252900 ns
[2023-05-18T23:48:54.254+0000][119][info ][safepoint   ] Safepoint "Cleanup", Time since last: 3000703700 ns, Reaching safepoint: 22800 ns, Cleanup: 262000 ns, At safepoint: 19200 ns, Total: 304000 ns
[2023-05-18T23:48:55.255+0000][119][info ][safepoint   ] Safepoint "Cleanup", Time since last: 1000443300 ns, Reaching safepoint: 19200 ns, Cleanup: 150300 ns, At safepoint: 8500 ns, Total: 178000 ns
[2023-05-18T23:48:56.255+0000][119][info ][safepoint   ] Safepoint "Cleanup", Time since last: 1000322300 ns, Reaching safepoint: 25300 ns, Cleanup: 172200 ns, At safepoint: 10800 ns, Total: 208300 ns
[2023-05-18T23:48:58.256+0000][119][info ][safepoint   ] Safepoint "Cleanup", Time since last: 2000550300 ns, Reaching safepoint: 30200 ns, Cleanup: 187800 ns, At safepoint: 13600 ns, Total: 231600 ns
[2023-05-18T23:48:59.257+0000][119][info ][safepoint   ] Safepoint "Cleanup", Time since last: 1000546200 ns, Reaching safepoint: 40400 ns, Cleanup: 255300 ns, At safepoint: 13200 ns, Total: 308900 ns
[2023-05-18T23:49:01.258+0000][119][info ][safepoint   ] Safepoint "Cleanup", Time since last: 2000724400 ns, Reaching safepoint: 20600 ns, Cleanup: 144000 ns, At safepoint: 10200 ns, Total: 174800 ns
[2023-05-18T23:49:02.258+0000][119][info ][safepoint   ] Safepoint "Cleanup", Time since last: 1000302600 ns, Reaching safepoint: 28100 ns, Cleanup: 177400 ns, At safepoint: 13600 ns, Total: 219100 ns
[2023-05-18T23:49:04.259+0000][119][info ][safepoint   ] Safepoint "Cleanup", Time since last: 2000552700 ns, Reaching safepoint: 37600 ns, Cleanup: 234500 ns, At safepoint: 68000 ns, Total: 340100 ns
[2023-05-18T23:49:04.477+0000][119][info ][gc,start    ] GC(78) Pause Young (Concurrent Start) (G1 Evacuation Pause)
[2023-05-18T23:49:04.478+0000][119][info ][gc,task     ] GC(78) Using 8 workers of 8 for evacuation
[2023-05-18T23:49:04.478+0000][119][debug][gc,age      ] GC(78) Desired survivor size 8388608 bytes, new threshold 15 (max threshold 15)
[2023-05-18T23:49:04.482+0000][119][info ][gc,phases   ] GC(78)   Pre Evacuate Collection Set: 0.2ms
[2023-05-18T23:49:04.482+0000][119][info ][gc,phases   ] GC(78)   Merge Heap Roots: 0.2ms
[2023-05-18T23:49:04.483+0000][119][info ][gc,phases   ] GC(78)   Evacuate Collection Set: 2.5ms
[2023-05-18T23:49:04.483+0000][119][info ][gc,phases   ] GC(78)   Post Evacuate Collection Set: 1.0ms
[2023-05-18T23:49:04.483+0000][119][info ][gc,phases   ] GC(78)   Other: 0.6ms
[2023-05-18T23:49:04.483+0000][119][trace][gc,age      ] GC(78) Age table with threshold 15 (max threshold 15)
[2023-05-18T23:49:04.483+0000][119][trace][gc,age      ] GC(78) - age   1:    1717192 bytes,    1717192 total
[2023-05-18T23:49:04.484+0000][119][trace][gc,age      ] GC(78) - age   2:     311152 bytes,    2028344 total
[2023-05-18T23:49:04.484+0000][119][trace][gc,age      ] GC(78) - age   3:       1400 bytes,    2029744 total
[2023-05-18T23:49:04.484+0000][119][trace][gc,age      ] GC(78) - age   4:      46488 bytes,    2076232 total
[2023-05-18T23:49:04.484+0000][119][trace][gc,age      ] GC(78) - age   5:       1592 bytes,    2077824 total
[2023-05-18T23:49:04.484+0000][119][trace][gc,age      ] GC(78) - age   6:      46160 bytes,    2123984 total
[2023-05-18T23:49:04.484+0000][119][trace][gc,age      ] GC(78) - age   7:      77096 bytes,    2201080 total
[2023-05-18T23:49:04.485+0000][119][trace][gc,age      ] GC(78) - age   8:     201056 bytes,    2402136 total
[2023-05-18T23:49:04.485+0000][119][trace][gc,age      ] GC(78) - age   9:      31480 bytes,    2433616 total
[2023-05-18T23:49:04.485+0000][119][trace][gc,age      ] GC(78) - age  10:      13152 bytes,    2446768 total
[2023-05-18T23:49:04.485+0000][119][trace][gc,age      ] GC(78) - age  11:       5960 bytes,    2452728 total
[2023-05-18T23:49:04.485+0000][119][trace][gc,age      ] GC(78) - age  12:     110808 bytes,    2563536 total
[2023-05-18T23:49:04.486+0000][119][trace][gc,age      ] GC(78) - age  13:      13752 bytes,    2577288 total
[2023-05-18T23:49:04.486+0000][119][trace][gc,age      ] GC(78) - age  14:       2496 bytes,    2579784 total
[2023-05-18T23:49:04.486+0000][119][trace][gc,age      ] GC(78) - age  15:      93688 bytes,    2673472 total
[2023-05-18T23:49:04.486+0000][119][info ][gc,heap     ] GC(78) Eden regions: 25->0(25)
[2023-05-18T23:49:04.486+0000][119][info ][gc,heap     ] GC(78) Survivor regions: 1->1(4)
[2023-05-18T23:49:04.486+0000][119][info ][gc,heap     ] GC(78) Old regions: 26->26
[2023-05-18T23:49:04.487+0000][119][info ][gc,heap     ] GC(78) Archive regions: 2->2
[2023-05-18T23:49:04.487+0000][119][info ][gc,heap     ] GC(78) Humongous regions: 2->2
[2023-05-18T23:49:04.487+0000][119][info ][gc,metaspace] GC(78) Metaspace: 140204K(142912K)->140204K(142912K) NonClass: 121763K(123008K)->121763K(123008K) Class: 18441K(19904K)->18441K(19904K)
[2023-05-18T23:49:04.487+0000][119][info ][gc          ] GC(78) Pause Young (Concurrent Start) (G1 Evacuation Pause) 217M->117M(256M) 9.951ms
[2023-05-18T23:49:04.488+0000][119][info ][gc          ] GC(79) Concurrent Mark Cycle
[2023-05-18T23:49:04.488+0000][119][info ][gc,marking  ] GC(79) Concurrent Scan Root Regions
[2023-05-18T23:49:04.488+0000][119][info ][gc,cpu      ] GC(78) User=0.02s Sys=0.01s Real=0.01s
[2023-05-18T23:49:04.488+0000][119][info ][safepoint   ] Safepoint "G1CollectForAllocation", Time since last: 218037100 ns, Reaching safepoint: 20600 ns, Cleanup: 151300 ns, At safepoint: 11144100 ns, Total: 11316000 ns
[2023-05-18T23:49:04.491+0000][119][info ][gc,marking  ] GC(79) Concurrent Scan Root Regions 3.062ms
[2023-05-18T23:49:04.491+0000][119][info ][gc,marking  ] GC(79) Concurrent Mark
[2023-05-18T23:49:04.492+0000][119][info ][gc,marking  ] GC(79) Concurrent Mark From Roots
[2023-05-18T23:49:04.492+0000][119][info ][gc,task     ] GC(79) Using 2 workers of 2 for marking
[2023-05-18T23:49:04.553+0000][119][info ][gc,marking  ] GC(79) Concurrent Mark From Roots 61.935ms
[2023-05-18T23:49:04.554+0000][119][info ][gc,marking  ] GC(79) Concurrent Preclean
[2023-05-18T23:49:04.554+0000][119][info ][gc,marking  ] GC(79) Concurrent Preclean 0.439ms
[2023-05-18T23:49:04.555+0000][119][info ][gc,start    ] GC(79) Pause Remark
[2023-05-18T23:49:04.564+0000][119][info ][gc          ] GC(79) Pause Remark 118M->118M(256M) 8.816ms
[2023-05-18T23:49:04.564+0000][119][info ][gc,cpu      ] GC(79) User=0.04s Sys=0.00s Real=0.01s
[2023-05-18T23:49:04.564+0000][119][info ][safepoint   ] Safepoint "G1PauseRemark", Time since last: 66103600 ns, Reaching safepoint: 27200 ns, Cleanup: 178800 ns, At safepoint: 9381400 ns, Total: 9587400 ns
[2023-05-18T23:49:04.564+0000][119][info ][gc,marking  ] GC(79) Concurrent Mark 73.191ms
[2023-05-18T23:49:04.565+0000][119][info ][gc,marking  ] GC(79) Concurrent Rebuild Remembered Sets and Scrub Regions
[2023-05-18T23:49:04.605+0000][119][info ][gc,marking  ] GC(79) Concurrent Rebuild Remembered Sets and Scrub Regions 40.557ms
[2023-05-18T23:49:04.606+0000][119][info ][gc,start    ] GC(79) Pause Cleanup
[2023-05-18T23:49:04.606+0000][119][info ][gc          ] GC(79) Pause Cleanup 118M->118M(256M) 0.349ms
[2023-05-18T23:49:04.606+0000][119][info ][gc,cpu      ] GC(79) User=0.00s Sys=0.00s Real=0.00s
[2023-05-18T23:49:04.606+0000][119][info ][safepoint   ] Safepoint "G1PauseCleanup", Time since last: 41384100 ns, Reaching safepoint: 21400 ns, Cleanup: 171700 ns, At safepoint: 779700 ns, Total: 972800 ns
[2023-05-18T23:49:04.607+0000][119][info ][gc,marking  ] GC(79) Concurrent Clear Claimed Marks
[2023-05-18T23:49:04.607+0000][119][info ][gc,marking  ] GC(79) Concurrent Clear Claimed Marks 0.326ms
[2023-05-18T23:49:04.607+0000][119][info ][gc,marking  ] GC(79) Concurrent Cleanup for Next Mark
[2023-05-18T23:49:04.608+0000][119][info ][gc,marking  ] GC(79) Concurrent Cleanup for Next Mark 0.334ms
[2023-05-18T23:49:04.608+0000][119][info ][gc          ] GC(79) Concurrent Mark Cycle 120.112ms
[2023-05-18T23:49:09.607+0000][119][info ][safepoint   ] Safepoint "Cleanup", Time since last: 5000770700 ns, Reaching safepoint: 25700 ns, Cleanup: 194100 ns, At safepoint: 11100 ns, Total: 230900 ns
[2023-05-18T23:49:10.608+0000][119][info ][safepoint   ] Safepoint "Cleanup", Time since last: 1000447000 ns, Reaching safepoint: 23100 ns, Cleanup: 172200 ns, At safepoint: 13700 ns, Total: 209000 ns
[2023-05-18T23:49:12.609+0000][119][info ][safepoint   ] Safepoint "Cleanup", Time since last: 2000504700 ns, Reaching safepoint: 32600 ns, Cleanup: 240900 ns, At safepoint: 9500 ns, Total: 283000 ns
[2023-05-18T23:49:13.609+0000][119][info ][safepoint   ] Safepoint "Cleanup", Time since last: 1000335700 ns, Reaching safepoint: 22000 ns, Cleanup: 156200 ns, At safepoint: 8000 ns, Total: 186200 ns
[2023-05-18T23:49:14.610+0000][119][info ][safepoint   ] Safepoint "Cleanup", Time since last: 1000329200 ns, Reaching safepoint: 23700 ns, Cleanup: 150900 ns, At safepoint: 8600 ns, Total: 183200 ns
[2023-05-18T23:49:15.611+0000][119][info ][safepoint   ] Safepoint "Cleanup", Time since last: 1000335900 ns, Reaching safepoint: 131000 ns, Cleanup: 197900 ns, At safepoint: 58600 ns, Total: 387500 ns
[2023-05-18T23:49:16.611+0000][119][info ][safepoint   ] Safepoint "Cleanup", Time since last: 1000391000 ns, Reaching safepoint: 22600 ns, Cleanup: 163500 ns, At safepoint: 6900 ns, Total: 193000 ns
[2023-05-18T23:49:19.612+0000][119][info ][safepoint   ] Safepoint "Cleanup", Time since last: 3000544700 ns, Reaching safepoint: 32400 ns, Cleanup: 190000 ns, At safepoint: 8900 ns, Total: 231300 ns
[2023-05-18T23:49:21.613+0000][119][info ][safepoint   ] Safepoint "Cleanup", Time since last: 2000496000 ns, Reaching safepoint: 23500 ns, Cleanup: 166200 ns, At safepoint: 9200 ns, Total: 198900 ns
[2023-05-18T23:49:22.613+0000][119][info ][safepoint   ] Safepoint "Cleanup", Time since last: 1000388700 ns, Reaching safepoint: 22300 ns, Cleanup: 182100 ns, At safepoint: 18000 ns, Total: 222400 ns
[2023-05-18T23:49:23.614+0000][119][info ][safepoint   ] Safepoint "Cleanup", Time since last: 1000503000 ns, Reaching safepoint: 24700 ns, Cleanup: 141200 ns, At safepoint: 10500 ns, Total: 176400 ns
[2023-05-18T23:49:24.615+0000][119][info ][safepoint   ] Safepoint "Cleanup", Time since last: 1000337200 ns, Reaching safepoint: 25200 ns, Cleanup: 194000 ns, At safepoint: 10400 ns, Total: 229600 ns
[2023-05-18T23:49:25.615+0000][119][info ][safepoint   ] Safepoint "Cleanup", Time since last: 1000436800 ns, Reaching safepoint: 35800 ns, Cleanup: 232400 ns, At safepoint: 12800 ns, Total: 281000 ns
[2023-05-18T23:49:26.616+0000][119][info ][safepoint   ] Safepoint "Cleanup", Time since last: 1000523300 ns, Reaching safepoint: 23300 ns, Cleanup: 201800 ns, At safepoint: 12800 ns, Total: 237900 ns
[2023-05-18T23:49:28.162+0000][119][info ][gc,start    ] GC(80) Pause Young (Prepare Mixed) (G1 Evacuation Pause)
[2023-05-18T23:49:28.162+0000][119][info ][gc,task     ] GC(80) Using 8 workers of 8 for evacuation
[2023-05-18T23:49:28.162+0000][119][debug][gc,age      ] GC(80) Desired survivor size 8388608 bytes, new threshold 15 (max threshold 15)
[2023-05-18T23:49:28.167+0000][119][info ][gc,phases   ] GC(80)   Pre Evacuate Collection Set: 0.3ms
[2023-05-18T23:49:28.167+0000][119][info ][gc,phases   ] GC(80)   Merge Heap Roots: 0.2ms
[2023-05-18T23:49:28.167+0000][119][info ][gc,phases   ] GC(80)   Evacuate Collection Set: 2.3ms
[2023-05-18T23:49:28.168+0000][119][info ][gc,phases   ] GC(80)   Post Evacuate Collection Set: 1.1ms
[2023-05-18T23:49:28.168+0000][119][info ][gc,phases   ] GC(80)   Other: 0.7ms
[2023-05-18T23:49:28.168+0000][119][trace][gc,age      ] GC(80) Age table with threshold 15 (max threshold 15)
[2023-05-18T23:49:28.169+0000][119][trace][gc,age      ] GC(80) - age   1:    1158616 bytes,    1158616 total
[2023-05-18T23:49:28.169+0000][119][trace][gc,age      ] GC(80) - age   2:     982416 bytes,    2141032 total
[2023-05-18T23:49:28.169+0000][119][trace][gc,age      ] GC(80) - age   3:     174264 bytes,    2315296 total
[2023-05-18T23:49:28.170+0000][119][trace][gc,age      ] GC(80) - age   4:        744 bytes,    2316040 total
[2023-05-18T23:49:28.170+0000][119][trace][gc,age      ] GC(80) - age   5:      40920 bytes,    2356960 total
[2023-05-18T23:49:28.170+0000][119][trace][gc,age      ] GC(80) - age   6:       1216 bytes,    2358176 total
[2023-05-18T23:49:28.170+0000][119][trace][gc,age      ] GC(80) - age   7:      46160 bytes,    2404336 total
[2023-05-18T23:49:28.171+0000][119][trace][gc,age      ] GC(80) - age   8:      76640 bytes,    2480976 total
[2023-05-18T23:49:28.171+0000][119][trace][gc,age      ] GC(80) - age   9:     200872 bytes,    2681848 total
[2023-05-18T23:49:28.171+0000][119][trace][gc,age      ] GC(80) - age  10:      31480 bytes,    2713328 total
[2023-05-18T23:49:28.172+0000][119][trace][gc,age      ] GC(80) - age  11:      13152 bytes,    2726480 total
[2023-05-18T23:49:28.172+0000][119][trace][gc,age      ] GC(80) - age  12:       5960 bytes,    2732440 total
[2023-05-18T23:49:28.172+0000][119][trace][gc,age      ] GC(80) - age  13:     110784 bytes,    2843224 total
[2023-05-18T23:49:28.172+0000][119][trace][gc,age      ] GC(80) - age  14:      13752 bytes,    2856976 total
[2023-05-18T23:49:28.173+0000][119][trace][gc,age      ] GC(80) - age  15:       2496 bytes,    2859472 total
[2023-05-18T23:49:28.173+0000][119][info ][gc,heap     ] GC(80) Eden regions: 25->0(25)
[2023-05-18T23:49:28.173+0000][119][info ][gc,heap     ] GC(80) Survivor regions: 1->1(4)
[2023-05-18T23:49:28.173+0000][119][info ][gc,heap     ] GC(80) Old regions: 26->26
[2023-05-18T23:49:28.174+0000][119][info ][gc,heap     ] GC(80) Archive regions: 2->2
[2023-05-18T23:49:28.174+0000][119][info ][gc,heap     ] GC(80) Humongous regions: 2->2
[2023-05-18T23:49:28.174+0000][119][info ][gc,metaspace] GC(80) Metaspace: 140326K(143040K)->140326K(143040K) NonClass: 121880K(123136K)->121880K(123136K) Class: 18445K(19904K)->18445K(19904K)
[2023-05-18T23:49:28.174+0000][119][info ][gc          ] GC(80) Pause Young (Prepare Mixed) (G1 Evacuation Pause) 217M->117M(256M) 12.615ms
[2023-05-18T23:49:28.175+0000][119][info ][gc,cpu      ] GC(80) User=0.02s Sys=0.00s Real=0.02s
[2023-05-18T23:49:28.175+0000][119][info ][safepoint   ] Safepoint "G1CollectForAllocation", Time since last: 1545302200 ns, Reaching safepoint: 36100 ns, Cleanup: 284900 ns, At safepoint: 13207700 ns, Total: 13528700 ns
[2023-05-18T23:49:29.176+0000][119][info ][safepoint   ] Safepoint "Cleanup", Time since last: 1000487500 ns, Reaching safepoint: 23200 ns, Cleanup: 154000 ns, At safepoint: 8700 ns, Total: 185900 ns
[2023-05-18T23:49:30.176+0000][119][info ][safepoint   ] Safepoint "Cleanup", Time since last: 1000433600 ns, Reaching safepoint: 20200 ns, Cleanup: 154300 ns, At safepoint: 24800 ns, Total: 199300 ns
[2023-05-18T23:49:31.177+0000][119][info ][safepoint   ] Safepoint "Cleanup", Time since last: 1000322700 ns, Reaching safepoint: 21100 ns, Cleanup: 159500 ns, At safepoint: 9500 ns, Total: 190100 ns
[2023-05-18T23:49:37.178+0000][119][info ][safepoint   ] Safepoint "Cleanup", Time since last: 6000873200 ns, Reaching safepoint: 59900 ns, Cleanup: 163200 ns, At safepoint: 20600 ns, Total: 243700 ns
[2023-05-18T23:49:38.178+0000][119][info ][safepoint   ] Safepoint "Cleanup", Time since last: 1000360300 ns, Reaching safepoint: 32600 ns, Cleanup: 214900 ns, At safepoint: 10100 ns, Total: 257600 ns
[2023-05-18T23:49:39.179+0000][119][info ][safepoint   ] Safepoint "Cleanup", Time since last: 1000446500 ns, Reaching safepoint: 21100 ns, Cleanup: 214100 ns, At safepoint: 9400 ns, Total: 244600 ns
[2023-05-18T23:49:44.180+0000][119][info ][safepoint   ] Safepoint "Cleanup", Time since last: 5000853000 ns, Reaching safepoint: 18200 ns, Cleanup: 147400 ns, At safepoint: 7000 ns, Total: 172600 ns
[2023-05-18T23:49:45.181+0000][119][info ][safepoint   ] Safepoint "Cleanup", Time since last: 1000399500 ns, Reaching safepoint: 23000 ns, Cleanup: 240600 ns, At safepoint: 9200 ns, Total: 272800 ns
[2023-05-18T23:49:46.182+0000][119][info ][safepoint   ] Safepoint "Cleanup", Time since last: 1000581400 ns, Reaching safepoint: 31400 ns, Cleanup: 161800 ns, At safepoint: 6900 ns, Total: 200100 ns
[2023-05-18T23:49:49.182+0000][119][info ][safepoint   ] Safepoint "Cleanup", Time since last: 3000649600 ns, Reaching safepoint: 20400 ns, Cleanup: 165900 ns, At safepoint: 12900 ns, Total: 199200 ns
[2023-05-18T23:49:50.183+0000][119][info ][safepoint   ] Safepoint "Cleanup", Time since last: 1000399600 ns, Reaching safepoint: 36400 ns, Cleanup: 223200 ns, At safepoint: 17300 ns, Total: 276900 ns
[2023-05-18T23:49:51.184+0000][119][info ][safepoint   ] Safepoint "Cleanup", Time since last: 1000909900 ns, Reaching safepoint: 23500 ns, Cleanup: 199000 ns, At safepoint: 15100 ns, Total: 237600 ns
[2023-05-18T23:49:52.185+0000][119][info ][safepoint   ] Safepoint "Cleanup", Time since last: 1000392100 ns, Reaching safepoint: 62000 ns, Cleanup: 219300 ns, At safepoint: 17700 ns, Total: 299000 ns
[2023-05-18T23:50:01.784+0000][119][info ][gc,start    ] GC(81) Pause Young (Mixed) (G1 Evacuation Pause)
[2023-05-18T23:50:01.785+0000][119][info ][gc,task     ] GC(81) Using 8 workers of 8 for evacuation
[2023-05-18T23:50:01.785+0000][119][debug][gc,age      ] GC(81) Desired survivor size 8388608 bytes, new threshold 15 (max threshold 15)
[2023-05-18T23:50:01.791+0000][119][info ][gc,phases   ] GC(81)   Pre Evacuate Collection Set: 0.2ms
[2023-05-18T23:50:01.791+0000][119][info ][gc,phases   ] GC(81)   Merge Heap Roots: 0.2ms
[2023-05-18T23:50:01.792+0000][119][info ][gc,phases   ] GC(81)   Evacuate Collection Set: 4.1ms
[2023-05-18T23:50:01.792+0000][119][info ][gc,phases   ] GC(81)   Post Evacuate Collection Set: 1.1ms
[2023-05-18T23:50:01.792+0000][119][info ][gc,phases   ] GC(81)   Other: 0.6ms
[2023-05-18T23:50:01.792+0000][119][trace][gc,age      ] GC(81) Age table with threshold 15 (max threshold 15)
[2023-05-18T23:50:01.793+0000][119][trace][gc,age      ] GC(81) - age   1:    1175264 bytes,    1175264 total
[2023-05-18T23:50:01.793+0000][119][trace][gc,age      ] GC(81) - age   2:     357336 bytes,    1532600 total
[2023-05-18T23:50:01.793+0000][119][trace][gc,age      ] GC(81) - age   3:     535424 bytes,    2068024 total
[2023-05-18T23:50:01.793+0000][119][trace][gc,age      ] GC(81) - age   4:     169408 bytes,    2237432 total
[2023-05-18T23:50:01.793+0000][119][trace][gc,age      ] GC(81) - age   5:        616 bytes,    2238048 total
[2023-05-18T23:50:01.793+0000][119][trace][gc,age      ] GC(81) - age   6:      40552 bytes,    2278600 total
[2023-05-18T23:50:01.794+0000][119][trace][gc,age      ] GC(81) - age   7:       1216 bytes,    2279816 total
[2023-05-18T23:50:01.794+0000][119][trace][gc,age      ] GC(81) - age   8:      46160 bytes,    2325976 total
[2023-05-18T23:50:01.794+0000][119][trace][gc,age      ] GC(81) - age   9:      76224 bytes,    2402200 total
[2023-05-18T23:50:01.794+0000][119][trace][gc,age      ] GC(81) - age  10:      43208 bytes,    2445408 total
[2023-05-18T23:50:01.794+0000][119][trace][gc,age      ] GC(81) - age  11:      28552 bytes,    2473960 total
[2023-05-18T23:50:01.795+0000][119][trace][gc,age      ] GC(81) - age  12:      13152 bytes,    2487112 total
[2023-05-18T23:50:01.795+0000][119][trace][gc,age      ] GC(81) - age  13:       2504 bytes,    2489616 total
[2023-05-18T23:50:01.795+0000][119][trace][gc,age      ] GC(81) - age  14:      19544 bytes,    2509160 total
[2023-05-18T23:50:01.795+0000][119][trace][gc,age      ] GC(81) - age  15:      13752 bytes,    2522912 total
[2023-05-18T23:50:01.795+0000][119][info ][gc,heap     ] GC(81) Eden regions: 25->0(25)
[2023-05-18T23:50:01.796+0000][119][info ][gc,heap     ] GC(81) Survivor regions: 1->1(4)
[2023-05-18T23:50:01.796+0000][119][info ][gc,heap     ] GC(81) Old regions: 26->26
[2023-05-18T23:50:01.796+0000][119][info ][gc,heap     ] GC(81) Archive regions: 2->2
[2023-05-18T23:50:01.796+0000][119][info ][gc,heap     ] GC(81) Humongous regions: 2->2
[2023-05-18T23:50:01.796+0000][119][info ][gc,metaspace] GC(81) Metaspace: 140401K(143168K)->140401K(143168K) NonClass: 121956K(123264K)->121956K(123264K) Class: 18445K(19904K)->18445K(19904K)
[2023-05-18T23:50:01.797+0000][119][info ][gc          ] GC(81) Pause Young (Mixed) (G1 Evacuation Pause) 217M->116M(256M) 12.208ms
[2023-05-18T23:50:01.797+0000][119][info ][gc,cpu      ] GC(81) User=0.02s Sys=0.01s Real=0.01s
[2023-05-18T23:50:01.797+0000][119][info ][safepoint   ] Safepoint "G1CollectForAllocation", Time since last: 9599214800 ns, Reaching safepoint: 26900 ns, Cleanup: 214000 ns, At safepoint: 12665100 ns, Total: 12906000 ns
[2023-05-18T23:50:03.798+0000][119][info ][safepoint   ] Safepoint "Cleanup", Time since last: 2000439900 ns, Reaching safepoint: 31000 ns, Cleanup: 222600 ns, At safepoint: 11300 ns, Total: 264900 ns
[2023-05-18T23:50:04.798+0000][119][info ][safepoint   ] Safepoint "Cleanup", Time since last: 1000422500 ns, Reaching safepoint: 7300 ns, Cleanup: 155700 ns, At safepoint: 5300 ns, Total: 168300 ns
[2023-05-18T23:50:05.332+0000][119][info ][gc,heap,exit] Heap
[2023-05-18T23:50:05.332+0000][119][info ][gc,heap,exit]  garbage-first heap   total 262144K, used 131846K [0x00000000f0000000, 0x0000000100000000)
[2023-05-18T23:50:05.333+0000][119][info ][gc,heap,exit]   region size 4096K, 4 young (16384K), 1 survivors (4096K)
[2023-05-18T23:50:05.333+0000][119][info ][gc,heap,exit]  Metaspace       used 140705K, committed 143424K, reserved 1179648K
[2023-05-18T23:50:05.333+0000][119][info ][gc,heap,exit]   class space    used 18513K, committed 19904K, reserved 1048576K
