[2023-05-18T23:57:12.284+0000][174][info][gc,init] CardTable entry size: 512
[2023-05-18T23:57:12.287+0000][174][info][gc     ] Using G1
[2023-05-18T23:57:12.316+0000][174][info][gc,init] Version: 20.0.1+9-29 (release)
[2023-05-18T23:57:12.316+0000][174][info][gc,init] CPUs: 8 total, 8 available
[2023-05-18T23:57:12.316+0000][174][info][gc,init] Memory: 12344M
[2023-05-18T23:57:12.317+0000][174][info][gc,init] Large Page Support: Disabled
[2023-05-18T23:57:12.317+0000][174][info][gc,init] NUMA Support: Disabled
[2023-05-18T23:57:12.317+0000][174][info][gc,init] Compressed Oops: Enabled (32-bit)
[2023-05-18T23:57:12.317+0000][174][info][gc,init] Heap Region Size: 4M
[2023-05-18T23:57:12.317+0000][174][info][gc,init] Heap Min Capacity: 256M
[2023-05-18T23:57:12.318+0000][174][info][gc,init] Heap Initial Capacity: 256M
[2023-05-18T23:57:12.318+0000][174][info][gc,init] Heap Max Capacity: 256M
[2023-05-18T23:57:12.318+0000][174][info][gc,init] Pre-touch: Enabled
[2023-05-18T23:57:12.318+0000][174][info][gc,init] Parallel Workers: 8
[2023-05-18T23:57:12.318+0000][174][info][gc,init] Concurrent Workers: 2
[2023-05-18T23:57:12.318+0000][174][info][gc,init] Concurrent Refinement Workers: 8
[2023-05-18T23:57:12.318+0000][174][info][gc,init] Periodic GC: Disabled
[2023-05-18T23:57:12.319+0000][174][info][gc,metaspace] CDS archive(s) mapped at: [0x0000000800000000-0x0000000800c73000-0x0000000800c73000), size 13053952, SharedBaseAddress: 0x0000000800000000, ArchiveRelocationMode: 0.
[2023-05-18T23:57:12.319+0000][174][info][gc,metaspace] Compressed class space mapped at: 0x0000000801000000-0x0000000841000000, reserved size: 1073741824
[2023-05-18T23:57:12.319+0000][174][info][gc,metaspace] Narrow klass base: 0x0000000800000000, Narrow klass shift: 0, Narrow klass range: 0x100000000
[2023-05-18T23:57:12.547+0000][174][info][gc,start    ] GC(0) Pause Young (Normal) (G1 Evacuation Pause)
[2023-05-18T23:57:12.547+0000][174][info][gc,task     ] GC(0) Using 6 workers of 8 for evacuation
[2023-05-18T23:57:12.547+0000][174][debug][gc,age      ] GC(0) Desired survivor size 2097152 bytes, new threshold 15 (max threshold 15)
[2023-05-18T23:57:12.550+0000][174][info ][gc,phases   ] GC(0)   Pre Evacuate Collection Set: 0.1ms
[2023-05-18T23:57:12.550+0000][174][info ][gc,phases   ] GC(0)   Merge Heap Roots: 0.2ms
[2023-05-18T23:57:12.550+0000][174][info ][gc,phases   ] GC(0)   Evacuate Collection Set: 1.3ms
[2023-05-18T23:57:12.551+0000][174][info ][gc,phases   ] GC(0)   Post Evacuate Collection Set: 0.6ms
[2023-05-18T23:57:12.551+0000][174][info ][gc,phases   ] GC(0)   Other: 0.5ms
[2023-05-18T23:57:12.551+0000][174][trace][gc,age      ] GC(0) Age table with threshold 15 (max threshold 15)
[2023-05-18T23:57:12.551+0000][174][trace][gc,age      ] GC(0) - age   1:     714936 bytes,     714936 total
[2023-05-18T23:57:12.552+0000][174][info ][gc,heap     ] GC(0) Eden regions: 5->0(23)
[2023-05-18T23:57:12.552+0000][174][info ][gc,heap     ] GC(0) Survivor regions: 0->1(1)
[2023-05-18T23:57:12.552+0000][174][info ][gc,heap     ] GC(0) Old regions: 0->0
[2023-05-18T23:57:12.552+0000][174][info ][gc,heap     ] GC(0) Archive regions: 2->2
[2023-05-18T23:57:12.552+0000][174][info ][gc,heap     ] GC(0) Humongous regions: 0->0
[2023-05-18T23:57:12.553+0000][174][info ][gc,metaspace] GC(0) Metaspace: 797K(960K)->797K(960K) NonClass: 741K(832K)->741K(832K) Class: 55K(128K)->55K(128K)
[2023-05-18T23:57:12.553+0000][174][info ][gc          ] GC(0) Pause Young (Normal) (G1 Evacuation Pause) 23M->4M(256M) 5.996ms
[2023-05-18T23:57:12.553+0000][174][info ][gc,cpu      ] GC(0) User=0.03s Sys=0.01s Real=0.01s
[2023-05-18T23:57:12.553+0000][174][info ][safepoint   ] Safepoint "G1CollectForAllocation", Time since last: 221556900 ns, Reaching safepoint: 4200 ns, Cleanup: 137800 ns, At safepoint: 6518400 ns, Total: 6660400 ns
[2023-05-18T23:57:13.166+0000][174][info ][safepoint   ] Safepoint "ICBufferFull", Time since last: 612830500 ns, Reaching safepoint: 5000 ns, Cleanup: 143200 ns, At safepoint: 24200 ns, Total: 172400 ns
[2023-05-18T23:57:13.577+0000][174][info ][safepoint   ] Safepoint "ICBufferFull", Time since last: 409912200 ns, Reaching safepoint: 5200 ns, Cleanup: 166300 ns, At safepoint: 46300 ns, Total: 217800 ns
[2023-05-18T23:57:13.912+0000][174][info ][safepoint   ] Safepoint "ICBufferFull", Time since last: 335763300 ns, Reaching safepoint: 4700 ns, Cleanup: 203100 ns, At safepoint: 22200 ns, Total: 230000 ns
[2023-05-18T23:57:14.470+0000][174][info ][safepoint   ] Safepoint "ICBufferFull", Time since last: 557567900 ns, Reaching safepoint: 5100 ns, Cleanup: 193400 ns, At safepoint: 63400 ns, Total: 261900 ns
[2023-05-18T23:57:14.589+0000][174][info ][gc,start    ] GC(1) Pause Young (Normal) (G1 Evacuation Pause)
[2023-05-18T23:57:14.589+0000][174][info ][gc,task     ] GC(1) Using 6 workers of 8 for evacuation
[2023-05-18T23:57:14.589+0000][174][debug][gc,age      ] GC(1) Desired survivor size 6291456 bytes, new threshold 15 (max threshold 15)
[2023-05-18T23:57:14.595+0000][174][info ][gc,phases   ] GC(1)   Pre Evacuate Collection Set: 0.1ms
[2023-05-18T23:57:14.596+0000][174][info ][gc,phases   ] GC(1)   Merge Heap Roots: 0.1ms
[2023-05-18T23:57:14.596+0000][174][info ][gc,phases   ] GC(1)   Evacuate Collection Set: 4.6ms
[2023-05-18T23:57:14.596+0000][174][info ][gc,phases   ] GC(1)   Post Evacuate Collection Set: 1.3ms
[2023-05-18T23:57:14.596+0000][174][info ][gc,phases   ] GC(1)   Other: 0.5ms
[2023-05-18T23:57:14.596+0000][174][trace][gc,age      ] GC(1) Age table with threshold 15 (max threshold 15)
[2023-05-18T23:57:14.597+0000][174][trace][gc,age      ] GC(1) - age   1:    7749160 bytes,    7749160 total
[2023-05-18T23:57:14.597+0000][174][trace][gc,age      ] GC(1) - age   2:     696448 bytes,    8445608 total
[2023-05-18T23:57:14.597+0000][174][info ][gc,heap     ] GC(1) Eden regions: 23->0(24)
[2023-05-18T23:57:14.597+0000][174][info ][gc,heap     ] GC(1) Survivor regions: 1->3(3)
[2023-05-18T23:57:14.597+0000][174][info ][gc,heap     ] GC(1) Old regions: 0->0
[2023-05-18T23:57:14.597+0000][174][info ][gc,heap     ] GC(1) Archive regions: 2->2
[2023-05-18T23:57:14.597+0000][174][info ][gc,heap     ] GC(1) Humongous regions: 0->0
[2023-05-18T23:57:14.598+0000][174][info ][gc,metaspace] GC(1) Metaspace: 15482K(16000K)->15482K(16000K) NonClass: 13704K(13952K)->13704K(13952K) Class: 1778K(2048K)->1778K(2048K)
[2023-05-18T23:57:14.598+0000][174][info ][gc          ] GC(1) Pause Young (Normal) (G1 Evacuation Pause) 96M->12M(256M) 9.167ms
[2023-05-18T23:57:14.598+0000][174][info ][gc,cpu      ] GC(1) User=0.05s Sys=0.00s Real=0.01s
[2023-05-18T23:57:14.598+0000][174][info ][safepoint   ] Safepoint "G1CollectForAllocation", Time since last: 118193500 ns, Reaching safepoint: 6600 ns, Cleanup: 72600 ns, At safepoint: 9548900 ns, Total: 9628100 ns
[2023-05-18T23:57:14.979+0000][174][info ][safepoint   ] Safepoint "ICBufferFull", Time since last: 380301900 ns, Reaching safepoint: 6200 ns, Cleanup: 241300 ns, At safepoint: 35800 ns, Total: 283300 ns
[2023-05-18T23:57:15.102+0000][174][info ][gc,start    ] GC(2) Pause Young (Normal) (G1 Evacuation Pause)
[2023-05-18T23:57:15.102+0000][174][info ][gc,task     ] GC(2) Using 6 workers of 8 for evacuation
[2023-05-18T23:57:15.102+0000][174][debug][gc,age      ] GC(2) Desired survivor size 8388608 bytes, new threshold 2 (max threshold 15)
[2023-05-18T23:57:15.108+0000][174][info ][gc,phases   ] GC(2)   Pre Evacuate Collection Set: 0.1ms
[2023-05-18T23:57:15.108+0000][174][info ][gc,phases   ] GC(2)   Merge Heap Roots: 0.1ms
[2023-05-18T23:57:15.109+0000][174][info ][gc,phases   ] GC(2)   Evacuate Collection Set: 4.4ms
[2023-05-18T23:57:15.109+0000][174][info ][gc,phases   ] GC(2)   Post Evacuate Collection Set: 1.3ms
[2023-05-18T23:57:15.109+0000][174][info ][gc,phases   ] GC(2)   Other: 0.5ms
[2023-05-18T23:57:15.109+0000][174][trace][gc,age      ] GC(2) Age table with threshold 2 (max threshold 15)
[2023-05-18T23:57:15.110+0000][174][trace][gc,age      ] GC(2) - age   1:    2576376 bytes,    2576376 total
[2023-05-18T23:57:15.110+0000][174][trace][gc,age      ] GC(2) - age   2:    6918728 bytes,    9495104 total
[2023-05-18T23:57:15.110+0000][174][info ][gc,heap     ] GC(2) Eden regions: 24->0(35)
[2023-05-18T23:57:15.110+0000][174][info ][gc,heap     ] GC(2) Survivor regions: 3->3(4)
[2023-05-18T23:57:15.110+0000][174][info ][gc,heap     ] GC(2) Old regions: 0->1
[2023-05-18T23:57:15.111+0000][174][info ][gc,heap     ] GC(2) Archive regions: 2->2
[2023-05-18T23:57:15.111+0000][174][info ][gc,heap     ] GC(2) Humongous regions: 0->0
[2023-05-18T23:57:15.111+0000][174][info ][gc,metaspace] GC(2) Metaspace: 17700K(18112K)->17700K(18112K) NonClass: 15676K(15872K)->15676K(15872K) Class: 2023K(2240K)->2023K(2240K)
[2023-05-18T23:57:15.111+0000][174][info ][gc          ] GC(2) Pause Young (Normal) (G1 Evacuation Pause) 108M->14M(256M) 9.569ms
[2023-05-18T23:57:15.111+0000][174][info ][gc,cpu      ] GC(2) User=0.04s Sys=0.01s Real=0.01s
[2023-05-18T23:57:15.112+0000][174][info ][safepoint   ] Safepoint "G1CollectForAllocation", Time since last: 122627900 ns, Reaching safepoint: 102000 ns, Cleanup: 114000 ns, At safepoint: 10034800 ns, Total: 10250800 ns
[2023-05-18T23:57:15.326+0000][174][info ][gc,start    ] GC(3) Pause Young (Concurrent Start) (Metadata GC Threshold)
[2023-05-18T23:57:15.326+0000][174][info ][gc,task     ] GC(3) Using 6 workers of 8 for evacuation
[2023-05-18T23:57:15.326+0000][174][debug][gc,age      ] GC(3) Desired survivor size 10485760 bytes, new threshold 15 (max threshold 15)
[2023-05-18T23:57:15.332+0000][174][info ][gc,phases   ] GC(3)   Pre Evacuate Collection Set: 0.2ms
[2023-05-18T23:57:15.332+0000][174][info ][gc,phases   ] GC(3)   Merge Heap Roots: 0.1ms
[2023-05-18T23:57:15.332+0000][174][info ][gc,phases   ] GC(3)   Evacuate Collection Set: 4.2ms
[2023-05-18T23:57:15.332+0000][174][info ][gc,phases   ] GC(3)   Post Evacuate Collection Set: 1.0ms
[2023-05-18T23:57:15.333+0000][174][info ][gc,phases   ] GC(3)   Other: 0.4ms
[2023-05-18T23:57:15.333+0000][174][trace][gc,age      ] GC(3) Age table with threshold 15 (max threshold 15)
[2023-05-18T23:57:15.333+0000][174][trace][gc,age      ] GC(3) - age   1:    1088536 bytes,    1088536 total
[2023-05-18T23:57:15.333+0000][174][trace][gc,age      ] GC(3) - age   2:    2067000 bytes,    3155536 total
[2023-05-18T23:57:15.333+0000][174][trace][gc,age      ] GC(3) - age   3:    6917576 bytes,   10073112 total
[2023-05-18T23:57:15.333+0000][174][info ][gc,heap     ] GC(3) Eden regions: 10->0(35)
[2023-05-18T23:57:15.333+0000][174][info ][gc,heap     ] GC(3) Survivor regions: 3->3(5)
[2023-05-18T23:57:15.334+0000][174][info ][gc,heap     ] GC(3) Old regions: 1->1
[2023-05-18T23:57:15.334+0000][174][info ][gc,heap     ] GC(3) Archive regions: 2->2
[2023-05-18T23:57:15.334+0000][174][info ][gc,heap     ] GC(3) Humongous regions: 0->0
[2023-05-18T23:57:15.334+0000][174][info ][gc,metaspace] GC(3) Metaspace: 21056K(21504K)->21056K(21504K) NonClass: 18694K(18944K)->18694K(18944K) Class: 2361K(2560K)->2361K(2560K)
[2023-05-18T23:57:15.334+0000][174][info ][gc          ] GC(3) Pause Young (Concurrent Start) (Metadata GC Threshold) 54M->15M(256M) 8.303ms
[2023-05-18T23:57:15.334+0000][174][info ][gc,cpu      ] GC(3) User=0.04s Sys=0.00s Real=0.01s
[2023-05-18T23:57:15.334+0000][174][info ][gc          ] GC(4) Concurrent Mark Cycle
[2023-05-18T23:57:15.335+0000][174][info ][safepoint   ] Safepoint "CollectForMetadataAllocation", Time since last: 214018300 ns, Reaching safepoint: 5500 ns, Cleanup: 153800 ns, At safepoint: 8750500 ns, Total: 8909800 ns
[2023-05-18T23:57:15.335+0000][174][info ][gc,marking  ] GC(4) Concurrent Scan Root Regions
[2023-05-18T23:57:15.339+0000][174][info ][gc,marking  ] GC(4) Concurrent Scan Root Regions 4.000ms
[2023-05-18T23:57:15.339+0000][174][info ][gc,marking  ] GC(4) Concurrent Mark
[2023-05-18T23:57:15.339+0000][174][info ][gc,marking  ] GC(4) Concurrent Mark From Roots
[2023-05-18T23:57:15.339+0000][174][info ][gc,task     ] GC(4) Using 2 workers of 2 for marking
[2023-05-18T23:57:15.341+0000][174][info ][gc,marking  ] GC(4) Concurrent Mark From Roots 2.178ms
[2023-05-18T23:57:15.342+0000][174][info ][gc,marking  ] GC(4) Concurrent Preclean
[2023-05-18T23:57:15.342+0000][174][info ][gc,marking  ] GC(4) Concurrent Preclean 0.202ms
[2023-05-18T23:57:15.342+0000][174][info ][gc,start    ] GC(4) Pause Remark
[2023-05-18T23:57:15.345+0000][174][info ][gc          ] GC(4) Pause Remark 17M->17M(256M) 2.424ms
[2023-05-18T23:57:15.345+0000][174][info ][gc,cpu      ] GC(4) User=0.00s Sys=0.01s Real=0.01s
[2023-05-18T23:57:15.345+0000][174][info ][safepoint   ] Safepoint "G1PauseRemark", Time since last: 7563300 ns, Reaching safepoint: 250200 ns, Cleanup: 113600 ns, At safepoint: 2887100 ns, Total: 3250900 ns
[2023-05-18T23:57:15.346+0000][174][info ][gc,marking  ] GC(4) Concurrent Mark 6.566ms
[2023-05-18T23:57:15.346+0000][174][info ][gc,marking  ] GC(4) Concurrent Rebuild Remembered Sets and Scrub Regions
[2023-05-18T23:57:15.347+0000][174][info ][gc,marking  ] GC(4) Concurrent Rebuild Remembered Sets and Scrub Regions 1.021ms
[2023-05-18T23:57:15.347+0000][174][info ][gc,start    ] GC(4) Pause Cleanup
[2023-05-18T23:57:15.347+0000][174][info ][gc          ] GC(4) Pause Cleanup 17M->17M(256M) 0.282ms
[2023-05-18T23:57:15.348+0000][174][info ][gc,cpu      ] GC(4) User=0.00s Sys=0.00s Real=0.00s
[2023-05-18T23:57:15.348+0000][174][info ][safepoint   ] Safepoint "G1PauseCleanup", Time since last: 1617700 ns, Reaching safepoint: 95400 ns, Cleanup: 114600 ns, At safepoint: 638700 ns, Total: 848700 ns
[2023-05-18T23:57:15.348+0000][174][info ][gc,marking  ] GC(4) Concurrent Clear Claimed Marks
[2023-05-18T23:57:15.348+0000][174][info ][gc,marking  ] GC(4) Concurrent Clear Claimed Marks 0.177ms
[2023-05-18T23:57:15.348+0000][174][info ][gc,marking  ] GC(4) Concurrent Cleanup for Next Mark
[2023-05-18T23:57:15.349+0000][174][info ][gc,marking  ] GC(4) Concurrent Cleanup for Next Mark 0.400ms
[2023-05-18T23:57:15.349+0000][174][info ][gc          ] GC(4) Concurrent Mark Cycle 14.610ms
[2023-05-18T23:57:15.796+0000][174][info ][safepoint   ] Safepoint "ICBufferFull", Time since last: 448156500 ns, Reaching safepoint: 97500 ns, Cleanup: 200700 ns, At safepoint: 22400 ns, Total: 320600 ns
[2023-05-18T23:57:15.927+0000][174][info ][gc,start    ] GC(5) Pause Young (Normal) (G1 Evacuation Pause)
[2023-05-18T23:57:15.928+0000][174][info ][gc,task     ] GC(5) Using 6 workers of 8 for evacuation
[2023-05-18T23:57:15.928+0000][174][debug][gc,age      ] GC(5) Desired survivor size 10485760 bytes, new threshold 15 (max threshold 15)
[2023-05-18T23:57:15.936+0000][174][info ][gc,phases   ] GC(5)   Pre Evacuate Collection Set: 0.2ms
[2023-05-18T23:57:15.936+0000][174][info ][gc,phases   ] GC(5)   Merge Heap Roots: 0.1ms
[2023-05-18T23:57:15.936+0000][174][info ][gc,phases   ] GC(5)   Evacuate Collection Set: 5.9ms
[2023-05-18T23:57:15.936+0000][174][info ][gc,phases   ] GC(5)   Post Evacuate Collection Set: 1.3ms
[2023-05-18T23:57:15.936+0000][174][info ][gc,phases   ] GC(5)   Other: 0.5ms
[2023-05-18T23:57:15.937+0000][174][trace][gc,age      ] GC(5) Age table with threshold 15 (max threshold 15)
[2023-05-18T23:57:15.937+0000][174][trace][gc,age      ] GC(5) - age   1:    4705736 bytes,    4705736 total
[2023-05-18T23:57:15.937+0000][174][trace][gc,age      ] GC(5) - age   2:    1055280 bytes,    5761016 total
[2023-05-18T23:57:15.937+0000][174][trace][gc,age      ] GC(5) - age   3:    2063904 bytes,    7824920 total
[2023-05-18T23:57:15.937+0000][174][trace][gc,age      ] GC(5) - age   4:    6913096 bytes,   14738016 total
[2023-05-18T23:57:15.938+0000][174][info ][gc,heap     ] GC(5) Eden regions: 35->0(34)
[2023-05-18T23:57:15.938+0000][174][info ][gc,heap     ] GC(5) Survivor regions: 3->4(5)
[2023-05-18T23:57:15.938+0000][174][info ][gc,heap     ] GC(5) Old regions: 1->1
[2023-05-18T23:57:15.938+0000][174][info ][gc,heap     ] GC(5) Archive regions: 2->2
[2023-05-18T23:57:15.938+0000][174][info ][gc,heap     ] GC(5) Humongous regions: 0->0
[2023-05-18T23:57:15.938+0000][174][info ][gc,metaspace] GC(5) Metaspace: 25074K(25728K)->25074K(25728K) NonClass: 22148K(22528K)->22148K(22528K) Class: 2925K(3200K)->2925K(3200K)
[2023-05-18T23:57:15.939+0000][174][info ][gc          ] GC(5) Pause Young (Normal) (G1 Evacuation Pause) 155M->20M(256M) 11.347ms
[2023-05-18T23:57:15.939+0000][174][info ][gc,cpu      ] GC(5) User=0.05s Sys=0.00s Real=0.01s
[2023-05-18T23:57:15.939+0000][174][info ][safepoint   ] Safepoint "G1CollectForAllocation", Time since last: 130753100 ns, Reaching safepoint: 109400 ns, Cleanup: 129500 ns, At safepoint: 11892900 ns, Total: 12131800 ns
[2023-05-18T23:57:16.288+0000][174][info ][gc,start    ] GC(6) Pause Young (Normal) (G1 Evacuation Pause)
[2023-05-18T23:57:16.289+0000][174][info ][gc,task     ] GC(6) Using 6 workers of 8 for evacuation
[2023-05-18T23:57:16.289+0000][174][debug][gc,age      ] GC(6) Desired survivor size 10485760 bytes, new threshold 4 (max threshold 15)
[2023-05-18T23:57:16.295+0000][174][info ][gc,phases   ] GC(6)   Pre Evacuate Collection Set: 0.1ms
[2023-05-18T23:57:16.296+0000][174][info ][gc,phases   ] GC(6)   Merge Heap Roots: 0.1ms
[2023-05-18T23:57:16.296+0000][174][info ][gc,phases   ] GC(6)   Evacuate Collection Set: 5.3ms
[2023-05-18T23:57:16.296+0000][174][info ][gc,phases   ] GC(6)   Post Evacuate Collection Set: 0.9ms
[2023-05-18T23:57:16.297+0000][174][info ][gc,phases   ] GC(6)   Other: 0.4ms
[2023-05-18T23:57:16.297+0000][174][trace][gc,age      ] GC(6) Age table with threshold 4 (max threshold 15)
[2023-05-18T23:57:16.297+0000][174][trace][gc,age      ] GC(6) - age   1:    3195008 bytes,    3195008 total
[2023-05-18T23:57:16.297+0000][174][trace][gc,age      ] GC(6) - age   2:    4507496 bytes,    7702504 total
[2023-05-18T23:57:16.298+0000][174][trace][gc,age      ] GC(6) - age   3:    1055248 bytes,    8757752 total
[2023-05-18T23:57:16.298+0000][174][trace][gc,age      ] GC(6) - age   4:    2063792 bytes,   10821544 total
[2023-05-18T23:57:16.298+0000][174][info ][gc,heap     ] GC(6) Eden regions: 34->0(35)
[2023-05-18T23:57:16.299+0000][174][info ][gc,heap     ] GC(6) Survivor regions: 4->3(5)
[2023-05-18T23:57:16.299+0000][174][info ][gc,heap     ] GC(6) Old regions: 1->2
[2023-05-18T23:57:16.299+0000][174][info ][gc,heap     ] GC(6) Archive regions: 2->2
[2023-05-18T23:57:16.299+0000][174][info ][gc,heap     ] GC(6) Humongous regions: 0->0
[2023-05-18T23:57:16.299+0000][174][info ][gc,metaspace] GC(6) Metaspace: 25496K(26176K)->25496K(26176K) NonClass: 22535K(22912K)->22535K(22912K) Class: 2961K(3264K)->2961K(3264K)
[2023-05-18T23:57:16.300+0000][174][info ][gc          ] GC(6) Pause Young (Normal) (G1 Evacuation Pause) 156M->23M(256M) 11.342ms
[2023-05-18T23:57:16.300+0000][174][info ][gc,cpu      ] GC(6) User=0.04s Sys=0.00s Real=0.01s
[2023-05-18T23:57:16.301+0000][174][info ][safepoint   ] Safepoint "G1CollectForAllocation", Time since last: 349026100 ns, Reaching safepoint: 5700 ns, Cleanup: 115100 ns, At safepoint: 12441500 ns, Total: 12562300 ns
[2023-05-18T23:57:16.539+0000][174][info ][gc,start    ] GC(7) Pause Young (Normal) (G1 Evacuation Pause)
[2023-05-18T23:57:16.539+0000][174][info ][gc,task     ] GC(7) Using 6 workers of 8 for evacuation
[2023-05-18T23:57:16.539+0000][174][debug][gc,age      ] GC(7) Desired survivor size 10485760 bytes, new threshold 4 (max threshold 15)
[2023-05-18T23:57:16.545+0000][174][info ][gc,phases   ] GC(7)   Pre Evacuate Collection Set: 0.1ms
[2023-05-18T23:57:16.545+0000][174][info ][gc,phases   ] GC(7)   Merge Heap Roots: 0.1ms
[2023-05-18T23:57:16.545+0000][174][info ][gc,phases   ] GC(7)   Evacuate Collection Set: 4.3ms
[2023-05-18T23:57:16.546+0000][174][info ][gc,phases   ] GC(7)   Post Evacuate Collection Set: 0.7ms
[2023-05-18T23:57:16.546+0000][174][info ][gc,phases   ] GC(7)   Other: 0.4ms
[2023-05-18T23:57:16.546+0000][174][trace][gc,age      ] GC(7) Age table with threshold 4 (max threshold 15)
[2023-05-18T23:57:16.551+0000][174][trace][gc,age      ] GC(7) - age   1:    1763200 bytes,    1763200 total
[2023-05-18T23:57:16.551+0000][174][trace][gc,age      ] GC(7) - age   2:    1870408 bytes,    3633608 total
[2023-05-18T23:57:16.551+0000][174][trace][gc,age      ] GC(7) - age   3:    4504264 bytes,    8137872 total
[2023-05-18T23:57:16.551+0000][174][trace][gc,age      ] GC(7) - age   4:    1055152 bytes,    9193024 total
[2023-05-18T23:57:16.552+0000][174][info ][gc,heap     ] GC(7) Eden regions: 35->0(35)
[2023-05-18T23:57:16.552+0000][174][info ][gc,heap     ] GC(7) Survivor regions: 3->3(5)
[2023-05-18T23:57:16.552+0000][174][info ][gc,heap     ] GC(7) Old regions: 2->3
[2023-05-18T23:57:16.552+0000][174][info ][gc,heap     ] GC(7) Archive regions: 2->2
[2023-05-18T23:57:16.553+0000][174][info ][gc,heap     ] GC(7) Humongous regions: 0->0
[2023-05-18T23:57:16.553+0000][174][info ][gc,metaspace] GC(7) Metaspace: 26017K(26688K)->26017K(26688K) NonClass: 22985K(23360K)->22985K(23360K) Class: 3032K(3328K)->3032K(3328K)
[2023-05-18T23:57:16.553+0000][174][info ][gc          ] GC(7) Pause Young (Normal) (G1 Evacuation Pause) 163M->23M(256M) 14.194ms
[2023-05-18T23:57:16.553+0000][174][info ][gc,cpu      ] GC(7) User=0.06s Sys=0.00s Real=0.02s
[2023-05-18T23:57:16.553+0000][174][info ][safepoint   ] Safepoint "G1CollectForAllocation", Time since last: 237814200 ns, Reaching safepoint: 5500 ns, Cleanup: 138700 ns, At safepoint: 14707200 ns, Total: 14851400 ns
[2023-05-18T23:57:17.095+0000][174][info ][gc,start    ] GC(8) Pause Young (Normal) (G1 Evacuation Pause)
[2023-05-18T23:57:17.095+0000][174][info ][gc,task     ] GC(8) Using 6 workers of 8 for evacuation
[2023-05-18T23:57:17.096+0000][174][debug][gc,age      ] GC(8) Desired survivor size 10485760 bytes, new threshold 15 (max threshold 15)
[2023-05-18T23:57:17.101+0000][174][info ][gc,phases   ] GC(8)   Pre Evacuate Collection Set: 0.2ms
[2023-05-18T23:57:17.101+0000][174][info ][gc,phases   ] GC(8)   Merge Heap Roots: 0.1ms
[2023-05-18T23:57:17.101+0000][174][info ][gc,phases   ] GC(8)   Evacuate Collection Set: 4.0ms
[2023-05-18T23:57:17.101+0000][174][info ][gc,phases   ] GC(8)   Post Evacuate Collection Set: 0.7ms
[2023-05-18T23:57:17.102+0000][174][info ][gc,phases   ] GC(8)   Other: 0.5ms
[2023-05-18T23:57:17.102+0000][174][trace][gc,age      ] GC(8) Age table with threshold 15 (max threshold 15)
[2023-05-18T23:57:17.102+0000][174][trace][gc,age      ] GC(8) - age   1:    4731256 bytes,    4731256 total
[2023-05-18T23:57:17.102+0000][174][trace][gc,age      ] GC(8) - age   2:     935160 bytes,    5666416 total
[2023-05-18T23:57:17.102+0000][174][trace][gc,age      ] GC(8) - age   3:    1870408 bytes,    7536824 total
[2023-05-18T23:57:17.102+0000][174][trace][gc,age      ] GC(8) - age   4:    4502216 bytes,   12039040 total
[2023-05-18T23:57:17.103+0000][174][trace][gc,age      ] GC(8) - age   5:    1055008 bytes,   13094048 total
[2023-05-18T23:57:17.103+0000][174][info ][gc,heap     ] GC(8) Eden regions: 35->0(34)
[2023-05-18T23:57:17.103+0000][174][info ][gc,heap     ] GC(8) Survivor regions: 3->4(5)
[2023-05-18T23:57:17.103+0000][174][info ][gc,heap     ] GC(8) Old regions: 3->3
[2023-05-18T23:57:17.103+0000][174][info ][gc,heap     ] GC(8) Archive regions: 2->2
[2023-05-18T23:57:17.104+0000][174][info ][gc,heap     ] GC(8) Humongous regions: 0->0
[2023-05-18T23:57:17.104+0000][174][info ][gc,metaspace] GC(8) Metaspace: 31380K(32192K)->31380K(32192K) NonClass: 27758K(28224K)->27758K(28224K) Class: 3621K(3968K)->3621K(3968K)
[2023-05-18T23:57:17.104+0000][174][info ][gc          ] GC(8) Pause Young (Normal) (G1 Evacuation Pause) 163M->27M(256M) 8.804ms
[2023-05-18T23:57:17.104+0000][174][info ][gc,cpu      ] GC(8) User=0.03s Sys=0.00s Real=0.01s
[2023-05-18T23:57:17.104+0000][174][info ][safepoint   ] Safepoint "G1CollectForAllocation", Time since last: 541376800 ns, Reaching safepoint: 109300 ns, Cleanup: 141600 ns, At safepoint: 9248100 ns, Total: 9499000 ns
[2023-05-18T23:57:17.370+0000][174][info ][gc,start    ] GC(9) Pause Young (Normal) (G1 Evacuation Pause)
[2023-05-18T23:57:17.370+0000][174][info ][gc,task     ] GC(9) Using 6 workers of 8 for evacuation
[2023-05-18T23:57:17.370+0000][174][debug][gc,age      ] GC(9) Desired survivor size 10485760 bytes, new threshold 4 (max threshold 15)
[2023-05-18T23:57:17.377+0000][174][info ][gc,phases   ] GC(9)   Pre Evacuate Collection Set: 0.2ms
[2023-05-18T23:57:17.383+0000][174][info ][gc,phases   ] GC(9)   Merge Heap Roots: 0.1ms
[2023-05-18T23:57:17.383+0000][174][info ][gc,phases   ] GC(9)   Evacuate Collection Set: 4.9ms
[2023-05-18T23:57:17.383+0000][174][info ][gc,phases   ] GC(9)   Post Evacuate Collection Set: 0.8ms
[2023-05-18T23:57:17.384+0000][174][info ][gc,phases   ] GC(9)   Other: 0.6ms
[2023-05-18T23:57:17.384+0000][174][trace][gc,age      ] GC(9) Age table with threshold 4 (max threshold 15)
[2023-05-18T23:57:17.384+0000][174][trace][gc,age      ] GC(9) - age   1:    1670240 bytes,    1670240 total
[2023-05-18T23:57:17.384+0000][174][trace][gc,age      ] GC(9) - age   2:    4247672 bytes,    5917912 total
[2023-05-18T23:57:17.385+0000][174][trace][gc,age      ] GC(9) - age   3:     935064 bytes,    6852976 total
[2023-05-18T23:57:17.385+0000][174][trace][gc,age      ] GC(9) - age   4:    1870376 bytes,    8723352 total
[2023-05-18T23:57:17.385+0000][174][info ][gc,heap     ] GC(9) Eden regions: 34->0(35)
[2023-05-18T23:57:17.385+0000][174][info ][gc,heap     ] GC(9) Survivor regions: 4->3(5)
[2023-05-18T23:57:17.385+0000][174][info ][gc,heap     ] GC(9) Old regions: 3->4
[2023-05-18T23:57:17.386+0000][174][info ][gc,heap     ] GC(9) Archive regions: 2->2
[2023-05-18T23:57:17.386+0000][174][info ][gc,heap     ] GC(9) Humongous regions: 0->0
[2023-05-18T23:57:17.386+0000][174][info ][gc,metaspace] GC(9) Metaspace: 31478K(32256K)->31478K(32256K) NonClass: 27836K(28288K)->27836K(28288K) Class: 3641K(3968K)->3641K(3968K)
[2023-05-18T23:57:17.386+0000][174][info ][gc          ] GC(9) Pause Young (Normal) (G1 Evacuation Pause) 163M->28M(256M) 16.319ms
[2023-05-18T23:57:17.386+0000][174][info ][gc,cpu      ] GC(9) User=0.06s Sys=0.00s Real=0.02s
[2023-05-18T23:57:17.387+0000][174][info ][safepoint   ] Safepoint "G1CollectForAllocation", Time since last: 265352000 ns, Reaching safepoint: 82200 ns, Cleanup: 132000 ns, At safepoint: 16822300 ns, Total: 17036500 ns
[2023-05-18T23:57:17.816+0000][174][info ][gc,start    ] GC(10) Pause Young (Normal) (G1 Evacuation Pause)
[2023-05-18T23:57:17.816+0000][174][info ][gc,task     ] GC(10) Using 6 workers of 8 for evacuation
[2023-05-18T23:57:17.816+0000][174][debug][gc,age      ] GC(10) Desired survivor size 10485760 bytes, new threshold 15 (max threshold 15)
[2023-05-18T23:57:17.823+0000][174][info ][gc,phases   ] GC(10)   Pre Evacuate Collection Set: 0.2ms
[2023-05-18T23:57:17.823+0000][174][info ][gc,phases   ] GC(10)   Merge Heap Roots: 0.1ms
[2023-05-18T23:57:17.823+0000][174][info ][gc,phases   ] GC(10)   Evacuate Collection Set: 4.9ms
[2023-05-18T23:57:17.823+0000][174][info ][gc,phases   ] GC(10)   Post Evacuate Collection Set: 0.8ms
[2023-05-18T23:57:17.824+0000][174][info ][gc,phases   ] GC(10)   Other: 0.5ms
[2023-05-18T23:57:17.824+0000][174][trace][gc,age      ] GC(10) Age table with threshold 15 (max threshold 15)
[2023-05-18T23:57:17.824+0000][174][trace][gc,age      ] GC(10) - age   1:    3841304 bytes,    3841304 total
[2023-05-18T23:57:17.824+0000][174][trace][gc,age      ] GC(10) - age   2:     507840 bytes,    4349144 total
[2023-05-18T23:57:17.824+0000][174][trace][gc,age      ] GC(10) - age   3:    4247640 bytes,    8596784 total
[2023-05-18T23:57:17.825+0000][174][trace][gc,age      ] GC(10) - age   4:     933872 bytes,    9530656 total
[2023-05-18T23:57:17.825+0000][174][trace][gc,age      ] GC(10) - age   5:    1870312 bytes,   11400968 total
[2023-05-18T23:57:17.825+0000][174][info ][gc,heap     ] GC(10) Eden regions: 35->0(35)
[2023-05-18T23:57:17.825+0000][174][info ][gc,heap     ] GC(10) Survivor regions: 3->3(5)
[2023-05-18T23:57:17.826+0000][174][info ][gc,heap     ] GC(10) Old regions: 4->4
[2023-05-18T23:57:17.826+0000][174][info ][gc,heap     ] GC(10) Archive regions: 2->2
[2023-05-18T23:57:17.826+0000][174][info ][gc,heap     ] GC(10) Humongous regions: 0->0
[2023-05-18T23:57:17.826+0000][174][info ][gc,metaspace] GC(10) Metaspace: 32901K(33728K)->32901K(33728K) NonClass: 29080K(29568K)->29080K(29568K) Class: 3821K(4160K)->3821K(4160K)
[2023-05-18T23:57:17.826+0000][174][info ][gc          ] GC(10) Pause Young (Normal) (G1 Evacuation Pause) 168M->31M(256M) 10.601ms
[2023-05-18T23:57:17.827+0000][174][info ][gc,cpu      ] GC(10) User=0.05s Sys=0.00s Real=0.01s
[2023-05-18T23:57:17.827+0000][174][info ][safepoint   ] Safepoint "G1CollectForAllocation", Time since last: 428978800 ns, Reaching safepoint: 5600 ns, Cleanup: 151800 ns, At safepoint: 11074900 ns, Total: 11232300 ns
[2023-05-18T23:57:18.098+0000][174][info ][gc,start    ] GC(11) Pause Young (Normal) (G1 Evacuation Pause)
[2023-05-18T23:57:18.098+0000][174][info ][gc,task     ] GC(11) Using 6 workers of 8 for evacuation
[2023-05-18T23:57:18.098+0000][174][debug][gc,age      ] GC(11) Desired survivor size 10485760 bytes, new threshold 5 (max threshold 15)
[2023-05-18T23:57:18.104+0000][174][info ][gc,phases   ] GC(11)   Pre Evacuate Collection Set: 0.2ms
[2023-05-18T23:57:18.104+0000][174][info ][gc,phases   ] GC(11)   Merge Heap Roots: 0.1ms
[2023-05-18T23:57:18.104+0000][174][info ][gc,phases   ] GC(11)   Evacuate Collection Set: 4.0ms
[2023-05-18T23:57:18.105+0000][174][info ][gc,phases   ] GC(11)   Post Evacuate Collection Set: 0.8ms
[2023-05-18T23:57:18.105+0000][174][info ][gc,phases   ] GC(11)   Other: 0.6ms
[2023-05-18T23:57:18.105+0000][174][trace][gc,age      ] GC(11) Age table with threshold 5 (max threshold 15)
[2023-05-18T23:57:18.105+0000][174][trace][gc,age      ] GC(11) - age   1:     962048 bytes,     962048 total
[2023-05-18T23:57:18.105+0000][174][trace][gc,age      ] GC(11) - age   2:    3121672 bytes,    4083720 total
[2023-05-18T23:57:18.105+0000][174][trace][gc,age      ] GC(11) - age   3:     507808 bytes,    4591528 total
[2023-05-18T23:57:18.106+0000][174][trace][gc,age      ] GC(11) - age   4:    4247640 bytes,    8839168 total
[2023-05-18T23:57:18.106+0000][174][trace][gc,age      ] GC(11) - age   5:     933872 bytes,    9773040 total
[2023-05-18T23:57:18.106+0000][174][info ][gc,heap     ] GC(11) Eden regions: 35->0(35)
[2023-05-18T23:57:18.106+0000][174][info ][gc,heap     ] GC(11) Survivor regions: 3->3(5)
[2023-05-18T23:57:18.106+0000][174][info ][gc,heap     ] GC(11) Old regions: 4->5
[2023-05-18T23:57:18.106+0000][174][info ][gc,heap     ] GC(11) Archive regions: 2->2
[2023-05-18T23:57:18.107+0000][174][info ][gc,heap     ] GC(11) Humongous regions: 0->0
[2023-05-18T23:57:18.107+0000][174][info ][gc,metaspace] GC(11) Metaspace: 33333K(34240K)->33333K(34240K) NonClass: 29449K(29952K)->29449K(29952K) Class: 3884K(4288K)->3884K(4288K)
[2023-05-18T23:57:18.107+0000][174][info ][gc          ] GC(11) Pause Young (Normal) (G1 Evacuation Pause) 171M->31M(256M) 9.043ms
[2023-05-18T23:57:18.107+0000][174][info ][gc,cpu      ] GC(11) User=0.03s Sys=0.02s Real=0.01s
[2023-05-18T23:57:18.108+0000][174][info ][safepoint   ] Safepoint "G1CollectForAllocation", Time since last: 270874800 ns, Reaching safepoint: 7600 ns, Cleanup: 143400 ns, At safepoint: 9613500 ns, Total: 9764500 ns
[2023-05-18T23:57:18.321+0000][174][info ][gc,start    ] GC(12) Pause Young (Normal) (G1 Evacuation Pause)
[2023-05-18T23:57:18.321+0000][174][info ][gc,task     ] GC(12) Using 6 workers of 8 for evacuation
[2023-05-18T23:57:18.321+0000][174][debug][gc,age      ] GC(12) Desired survivor size 10485760 bytes, new threshold 15 (max threshold 15)
[2023-05-18T23:57:18.327+0000][174][info ][gc,phases   ] GC(12)   Pre Evacuate Collection Set: 0.1ms
[2023-05-18T23:57:18.327+0000][174][info ][gc,phases   ] GC(12)   Merge Heap Roots: 0.1ms
[2023-05-18T23:57:18.327+0000][174][info ][gc,phases   ] GC(12)   Evacuate Collection Set: 4.0ms
[2023-05-18T23:57:18.328+0000][174][info ][gc,phases   ] GC(12)   Post Evacuate Collection Set: 0.8ms
[2023-05-18T23:57:18.328+0000][174][info ][gc,phases   ] GC(12)   Other: 0.5ms
[2023-05-18T23:57:18.328+0000][174][trace][gc,age      ] GC(12) Age table with threshold 15 (max threshold 15)
[2023-05-18T23:57:18.328+0000][174][trace][gc,age      ] GC(12) - age   1:    2584784 bytes,    2584784 total
[2023-05-18T23:57:18.329+0000][174][trace][gc,age      ] GC(12) - age   2:     951504 bytes,    3536288 total
[2023-05-18T23:57:18.329+0000][174][trace][gc,age      ] GC(12) - age   3:    3121552 bytes,    6657840 total
[2023-05-18T23:57:18.329+0000][174][trace][gc,age      ] GC(12) - age   4:     507808 bytes,    7165648 total
[2023-05-18T23:57:18.329+0000][174][trace][gc,age      ] GC(12) - age   5:    4247576 bytes,   11413224 total
[2023-05-18T23:57:18.329+0000][174][trace][gc,age      ] GC(12) - age   6:     933872 bytes,   12347096 total
[2023-05-18T23:57:18.330+0000][174][info ][gc,heap     ] GC(12) Eden regions: 35->0(34)
[2023-05-18T23:57:18.330+0000][174][info ][gc,heap     ] GC(12) Survivor regions: 3->4(5)
[2023-05-18T23:57:18.330+0000][174][info ][gc,heap     ] GC(12) Old regions: 5->5
[2023-05-18T23:57:18.330+0000][174][info ][gc,heap     ] GC(12) Archive regions: 2->2
[2023-05-18T23:57:18.330+0000][174][info ][gc,heap     ] GC(12) Humongous regions: 0->0
[2023-05-18T23:57:18.331+0000][174][info ][gc,metaspace] GC(12) Metaspace: 33753K(34624K)->33753K(34624K) NonClass: 29818K(30336K)->29818K(30336K) Class: 3934K(4288K)->3934K(4288K)
[2023-05-18T23:57:18.331+0000][174][info ][gc          ] GC(12) Pause Young (Normal) (G1 Evacuation Pause) 171M->34M(256M) 9.868ms
[2023-05-18T23:57:18.331+0000][174][info ][gc,cpu      ] GC(12) User=0.03s Sys=0.00s Real=0.01s
[2023-05-18T23:57:18.331+0000][174][info ][safepoint   ] Safepoint "G1CollectForAllocation", Time since last: 213105700 ns, Reaching safepoint: 7300 ns, Cleanup: 136000 ns, At safepoint: 10242700 ns, Total: 10386000 ns
[2023-05-18T23:57:18.655+0000][174][info ][gc,start    ] GC(13) Pause Young (Concurrent Start) (Metadata GC Threshold)
[2023-05-18T23:57:18.655+0000][174][info ][gc,task     ] GC(13) Using 6 workers of 8 for evacuation
[2023-05-18T23:57:18.655+0000][174][debug][gc,age      ] GC(13) Desired survivor size 10485760 bytes, new threshold 5 (max threshold 15)
[2023-05-18T23:57:18.662+0000][174][info ][gc,phases   ] GC(13)   Pre Evacuate Collection Set: 0.1ms
[2023-05-18T23:57:18.662+0000][174][info ][gc,phases   ] GC(13)   Merge Heap Roots: 0.1ms
[2023-05-18T23:57:18.662+0000][174][info ][gc,phases   ] GC(13)   Evacuate Collection Set: 4.7ms
[2023-05-18T23:57:18.662+0000][174][info ][gc,phases   ] GC(13)   Post Evacuate Collection Set: 1.0ms
[2023-05-18T23:57:18.663+0000][174][info ][gc,phases   ] GC(13)   Other: 0.6ms
[2023-05-18T23:57:18.663+0000][174][trace][gc,age      ] GC(13) Age table with threshold 5 (max threshold 15)
[2023-05-18T23:57:18.663+0000][174][trace][gc,age      ] GC(13) - age   1:    1029560 bytes,    1029560 total
[2023-05-18T23:57:18.663+0000][174][trace][gc,age      ] GC(13) - age   2:    2350200 bytes,    3379760 total
[2023-05-18T23:57:18.663+0000][174][trace][gc,age      ] GC(13) - age   3:     951368 bytes,    4331128 total
[2023-05-18T23:57:18.664+0000][174][trace][gc,age      ] GC(13) - age   4:    3121120 bytes,    7452248 total
[2023-05-18T23:57:18.664+0000][174][trace][gc,age      ] GC(13) - age   5:     507704 bytes,    7959952 total
[2023-05-18T23:57:18.664+0000][174][info ][gc,heap     ] GC(13) Eden regions: 11->0(35)
[2023-05-18T23:57:18.664+0000][174][info ][gc,heap     ] GC(13) Survivor regions: 4->3(5)
[2023-05-18T23:57:18.664+0000][174][info ][gc,heap     ] GC(13) Old regions: 5->6
[2023-05-18T23:57:18.664+0000][174][info ][gc,heap     ] GC(13) Archive regions: 2->2
[2023-05-18T23:57:18.665+0000][174][info ][gc,heap     ] GC(13) Humongous regions: 0->0
[2023-05-18T23:57:18.665+0000][174][info ][gc,metaspace] GC(13) Metaspace: 35322K(36160K)->35322K(36160K) NonClass: 31188K(31680K)->31188K(31680K) Class: 4134K(4480K)->4134K(4480K)
[2023-05-18T23:57:18.665+0000][174][info ][gc          ] GC(13) Pause Young (Concurrent Start) (Metadata GC Threshold) 78M->35M(256M) 9.928ms
[2023-05-18T23:57:18.665+0000][174][info ][gc          ] GC(14) Concurrent Mark Cycle
[2023-05-18T23:57:18.665+0000][174][info ][gc,marking  ] GC(14) Concurrent Scan Root Regions
[2023-05-18T23:57:18.665+0000][174][info ][gc,cpu      ] GC(13) User=0.04s Sys=0.00s Real=0.01s
[2023-05-18T23:57:18.666+0000][174][info ][safepoint   ] Safepoint "CollectForMetadataAllocation", Time since last: 323826600 ns, Reaching safepoint: 4900 ns, Cleanup: 117800 ns, At safepoint: 10968000 ns, Total: 11090700 ns
[2023-05-18T23:57:18.669+0000][174][info ][gc,marking  ] GC(14) Concurrent Scan Root Regions 3.152ms
[2023-05-18T23:57:18.669+0000][174][info ][gc,marking  ] GC(14) Concurrent Mark
[2023-05-18T23:57:18.669+0000][174][info ][gc,marking  ] GC(14) Concurrent Mark From Roots
[2023-05-18T23:57:18.669+0000][174][info ][gc,task     ] GC(14) Using 2 workers of 2 for marking
[2023-05-18T23:57:18.687+0000][174][info ][gc,marking  ] GC(14) Concurrent Mark From Roots 17.674ms
[2023-05-18T23:57:18.687+0000][174][info ][gc,marking  ] GC(14) Concurrent Preclean
[2023-05-18T23:57:18.687+0000][174][info ][safepoint   ] Safepoint "CollectForMetadataAllocation", Time since last: 21174600 ns, Reaching safepoint: 6900 ns, Cleanup: 151800 ns, At safepoint: 80800 ns, Total: 239500 ns
[2023-05-18T23:57:18.687+0000][174][info ][gc,marking  ] GC(14) Concurrent Preclean 0.371ms
[2023-05-18T23:57:18.688+0000][174][info ][gc,start    ] GC(14) Pause Remark
[2023-05-18T23:57:18.696+0000][174][info ][gc          ] GC(14) Pause Remark 37M->37M(256M) 8.167ms
[2023-05-18T23:57:18.697+0000][174][info ][gc,cpu      ] GC(14) User=0.06s Sys=0.00s Real=0.01s
[2023-05-18T23:57:18.697+0000][174][info ][safepoint   ] Safepoint "G1PauseRemark", Time since last: 459900 ns, Reaching safepoint: 176700 ns, Cleanup: 144900 ns, At safepoint: 8649000 ns, Total: 8970600 ns
[2023-05-18T23:57:18.697+0000][174][info ][gc,marking  ] GC(14) Concurrent Mark 28.210ms
[2023-05-18T23:57:18.697+0000][174][info ][gc,marking  ] GC(14) Concurrent Rebuild Remembered Sets and Scrub Regions
[2023-05-18T23:57:18.712+0000][174][info ][gc,marking  ] GC(14) Concurrent Rebuild Remembered Sets and Scrub Regions 14.488ms
[2023-05-18T23:57:18.712+0000][174][info ][gc,start    ] GC(14) Pause Cleanup
[2023-05-18T23:57:18.713+0000][174][info ][gc          ] GC(14) Pause Cleanup 37M->37M(256M) 0.413ms
[2023-05-18T23:57:18.713+0000][174][info ][gc,cpu      ] GC(14) User=0.03s Sys=0.00s Real=0.01s
[2023-05-18T23:57:18.713+0000][174][info ][safepoint   ] Safepoint "G1PauseCleanup", Time since last: 15214300 ns, Reaching safepoint: 7300 ns, Cleanup: 119200 ns, At safepoint: 995900 ns, Total: 1122400 ns
[2023-05-18T23:57:18.713+0000][174][info ][gc,marking  ] GC(14) Concurrent Clear Claimed Marks
[2023-05-18T23:57:18.714+0000][174][info ][gc,marking  ] GC(14) Concurrent Clear Claimed Marks 0.269ms
[2023-05-18T23:57:18.714+0000][174][info ][gc,marking  ] GC(14) Concurrent Cleanup for Next Mark
[2023-05-18T23:57:18.715+0000][174][info ][gc,marking  ] GC(14) Concurrent Cleanup for Next Mark 0.623ms
[2023-05-18T23:57:18.715+0000][174][info ][gc          ] GC(14) Concurrent Mark Cycle 49.515ms
[2023-05-18T23:57:19.473+0000][174][info ][safepoint   ] Safepoint "ICBufferFull", Time since last: 759430300 ns, Reaching safepoint: 6500 ns, Cleanup: 213100 ns, At safepoint: 5300 ns, Total: 224900 ns
[2023-05-18T23:57:20.162+0000][174][info ][safepoint   ] Safepoint "ICBufferFull", Time since last: 689272300 ns, Reaching safepoint: 7600 ns, Cleanup: 179700 ns, At safepoint: 5300 ns, Total: 192600 ns
[2023-05-18T23:57:20.331+0000][174][info ][gc,start    ] GC(15) Pause Young (Prepare Mixed) (G1 Evacuation Pause)
[2023-05-18T23:57:20.332+0000][174][info ][gc,task     ] GC(15) Using 6 workers of 8 for evacuation
[2023-05-18T23:57:20.332+0000][174][debug][gc,age      ] GC(15) Desired survivor size 10485760 bytes, new threshold 15 (max threshold 15)
[2023-05-18T23:57:20.344+0000][174][info ][gc,phases   ] GC(15)   Pre Evacuate Collection Set: 0.1ms
[2023-05-18T23:57:20.344+0000][174][info ][gc,phases   ] GC(15)   Merge Heap Roots: 0.1ms
[2023-05-18T23:57:20.344+0000][174][info ][gc,phases   ] GC(15)   Evacuate Collection Set: 10.2ms
[2023-05-18T23:57:20.345+0000][174][info ][gc,phases   ] GC(15)   Post Evacuate Collection Set: 1.5ms
[2023-05-18T23:57:20.345+0000][174][info ][gc,phases   ] GC(15)   Other: 0.5ms
[2023-05-18T23:57:20.345+0000][174][trace][gc,age      ] GC(15) Age table with threshold 15 (max threshold 15)
[2023-05-18T23:57:20.345+0000][174][trace][gc,age      ] GC(15) - age   1:   10568304 bytes,   10568304 total
[2023-05-18T23:57:20.346+0000][174][trace][gc,age      ] GC(15) - age   2:     979440 bytes,   11547744 total
[2023-05-18T23:57:20.346+0000][174][trace][gc,age      ] GC(15) - age   3:    2341400 bytes,   13889144 total
[2023-05-18T23:57:20.346+0000][174][trace][gc,age      ] GC(15) - age   4:     944560 bytes,   14833704 total
[2023-05-18T23:57:20.346+0000][174][trace][gc,age      ] GC(15) - age   5:    3103392 bytes,   17937096 total
[2023-05-18T23:57:20.346+0000][174][trace][gc,age      ] GC(15) - age   6:     499480 bytes,   18436576 total
[2023-05-18T23:57:20.346+0000][174][info ][gc,heap     ] GC(15) Eden regions: 35->0(33)
[2023-05-18T23:57:20.347+0000][174][info ][gc,heap     ] GC(15) Survivor regions: 3->5(5)
[2023-05-18T23:57:20.347+0000][174][info ][gc,heap     ] GC(15) Old regions: 6->6
[2023-05-18T23:57:20.347+0000][174][info ][gc,heap     ] GC(15) Archive regions: 2->2
[2023-05-18T23:57:20.347+0000][174][info ][gc,heap     ] GC(15) Humongous regions: 0->0
[2023-05-18T23:57:20.348+0000][174][info ][gc,metaspace] GC(15) Metaspace: 43531K(44800K)->43531K(44800K) NonClass: 38275K(39040K)->38275K(39040K) Class: 5256K(5760K)->5256K(5760K)
[2023-05-18T23:57:20.348+0000][174][info ][gc          ] GC(15) Pause Young (Prepare Mixed) (G1 Evacuation Pause) 175M->45M(256M) 17.067ms
[2023-05-18T23:57:20.348+0000][174][info ][gc,cpu      ] GC(15) User=0.09s Sys=0.00s Real=0.02s
[2023-05-18T23:57:20.348+0000][174][info ][safepoint   ] Safepoint "G1CollectForAllocation", Time since last: 168340600 ns, Reaching safepoint: 7300 ns, Cleanup: 158000 ns, At safepoint: 17654100 ns, Total: 17819400 ns
[2023-05-18T23:57:21.158+0000][174][info ][gc,start    ] GC(16) Pause Young (Mixed) (G1 Evacuation Pause)
[2023-05-18T23:57:21.158+0000][174][info ][gc,task     ] GC(16) Using 6 workers of 8 for evacuation
[2023-05-18T23:57:21.158+0000][174][debug][gc,age      ] GC(16) Desired survivor size 10485760 bytes, new threshold 1 (max threshold 15)
[2023-05-18T23:57:21.171+0000][174][info ][gc,phases   ] GC(16)   Pre Evacuate Collection Set: 0.1ms
[2023-05-18T23:57:21.171+0000][174][info ][gc,phases   ] GC(16)   Merge Heap Roots: 0.1ms
[2023-05-18T23:57:21.171+0000][174][info ][gc,phases   ] GC(16)   Evacuate Collection Set: 11.4ms
[2023-05-18T23:57:21.171+0000][174][info ][gc,phases   ] GC(16)   Post Evacuate Collection Set: 0.7ms
[2023-05-18T23:57:21.172+0000][174][info ][gc,phases   ] GC(16)   Other: 0.4ms
[2023-05-18T23:57:21.172+0000][174][trace][gc,age      ] GC(16) Age table with threshold 1 (max threshold 15)
[2023-05-18T23:57:21.172+0000][174][trace][gc,age      ] GC(16) - age   1:    7748288 bytes,    7748288 total
[2023-05-18T23:57:21.172+0000][174][info ][gc,heap     ] GC(16) Eden regions: 33->0(35)
[2023-05-18T23:57:21.172+0000][174][info ][gc,heap     ] GC(16) Survivor regions: 5->3(5)
[2023-05-18T23:57:21.172+0000][174][info ][gc,heap     ] GC(16) Old regions: 6->10
[2023-05-18T23:57:21.172+0000][174][info ][gc,heap     ] GC(16) Archive regions: 2->2
[2023-05-18T23:57:21.173+0000][174][info ][gc,heap     ] GC(16) Humongous regions: 0->0
[2023-05-18T23:57:21.173+0000][174][info ][gc,metaspace] GC(16) Metaspace: 43584K(44864K)->43584K(44864K) NonClass: 38321K(39104K)->38321K(39104K) Class: 5262K(5760K)->5262K(5760K)
[2023-05-18T23:57:21.173+0000][174][info ][gc          ] GC(16) Pause Young (Mixed) (G1 Evacuation Pause) 177M->52M(256M) 15.370ms
[2023-05-18T23:57:21.173+0000][174][info ][gc,cpu      ] GC(16) User=0.07s Sys=0.00s Real=0.02s
[2023-05-18T23:57:21.173+0000][174][info ][safepoint   ] Safepoint "G1CollectForAllocation", Time since last: 809100000 ns, Reaching safepoint: 5100 ns, Cleanup: 117200 ns, At safepoint: 15784400 ns, Total: 15906700 ns
[2023-05-18T23:57:21.733+0000][174][info ][safepoint   ] Safepoint "ICBufferFull", Time since last: 559615100 ns, Reaching safepoint: 7300 ns, Cleanup: 160400 ns, At safepoint: 20400 ns, Total: 188100 ns
[2023-05-18T23:57:22.843+0000][174][info ][gc,start    ] GC(17) Pause Young (Normal) (G1 Evacuation Pause)
[2023-05-18T23:57:22.843+0000][174][info ][gc,task     ] GC(17) Using 6 workers of 8 for evacuation
[2023-05-18T23:57:22.843+0000][174][debug][gc,age      ] GC(17) Desired survivor size 10485760 bytes, new threshold 15 (max threshold 15)
[2023-05-18T23:57:22.852+0000][174][info ][gc,phases   ] GC(17)   Pre Evacuate Collection Set: 0.1ms
[2023-05-18T23:57:22.852+0000][174][info ][gc,phases   ] GC(17)   Merge Heap Roots: 0.1ms
[2023-05-18T23:57:22.853+0000][174][info ][gc,phases   ] GC(17)   Evacuate Collection Set: 7.5ms
[2023-05-18T23:57:22.853+0000][174][info ][gc,phases   ] GC(17)   Post Evacuate Collection Set: 0.9ms
[2023-05-18T23:57:22.853+0000][174][info ][gc,phases   ] GC(17)   Other: 0.5ms
[2023-05-18T23:57:22.853+0000][174][trace][gc,age      ] GC(17) Age table with threshold 15 (max threshold 15)
[2023-05-18T23:57:22.853+0000][174][trace][gc,age      ] GC(17) - age   1:    4862792 bytes,    4862792 total
[2023-05-18T23:57:22.854+0000][174][trace][gc,age      ] GC(17) - age   2:    7454224 bytes,   12317016 total
[2023-05-18T23:57:22.854+0000][174][info ][gc,heap     ] GC(17) Eden regions: 35->0(34)
[2023-05-18T23:57:22.854+0000][174][info ][gc,heap     ] GC(17) Survivor regions: 3->4(5)
[2023-05-18T23:57:22.854+0000][174][info ][gc,heap     ] GC(17) Old regions: 10->10
[2023-05-18T23:57:22.854+0000][174][info ][gc,heap     ] GC(17) Archive regions: 2->2
[2023-05-18T23:57:22.854+0000][174][info ][gc,heap     ] GC(17) Humongous regions: 0->0
[2023-05-18T23:57:22.855+0000][174][info ][gc,metaspace] GC(17) Metaspace: 51753K(53184K)->51753K(53184K) NonClass: 45405K(46272K)->45405K(46272K) Class: 6348K(6912K)->6348K(6912K)
[2023-05-18T23:57:22.855+0000][174][info ][gc          ] GC(17) Pause Young (Normal) (G1 Evacuation Pause) 192M->57M(256M) 12.223ms
[2023-05-18T23:57:22.855+0000][174][info ][gc,cpu      ] GC(17) User=0.09s Sys=0.00s Real=0.02s
[2023-05-18T23:57:22.855+0000][174][info ][safepoint   ] Safepoint "G1CollectForAllocation", Time since last: 1109031500 ns, Reaching safepoint: 5500 ns, Cleanup: 242600 ns, At safepoint: 12676100 ns, Total: 12924200 ns
[2023-05-18T23:57:23.341+0000][174][info ][gc,start    ] GC(18) Pause Young (Concurrent Start) (Metadata GC Threshold)
[2023-05-18T23:57:23.341+0000][174][info ][gc,task     ] GC(18) Using 6 workers of 8 for evacuation
[2023-05-18T23:57:23.342+0000][174][debug][gc,age      ] GC(18) Desired survivor size 10485760 bytes, new threshold 2 (max threshold 15)
[2023-05-18T23:57:23.350+0000][174][info ][gc,phases   ] GC(18)   Pre Evacuate Collection Set: 0.2ms
[2023-05-18T23:57:23.350+0000][174][info ][gc,phases   ] GC(18)   Merge Heap Roots: 0.1ms
[2023-05-18T23:57:23.350+0000][174][info ][gc,phases   ] GC(18)   Evacuate Collection Set: 6.5ms
[2023-05-18T23:57:23.351+0000][174][info ][gc,phases   ] GC(18)   Post Evacuate Collection Set: 1.0ms
[2023-05-18T23:57:23.351+0000][174][info ][gc,phases   ] GC(18)   Other: 0.6ms
[2023-05-18T23:57:23.351+0000][174][trace][gc,age      ] GC(18) Age table with threshold 2 (max threshold 15)
[2023-05-18T23:57:23.351+0000][174][trace][gc,age      ] GC(18) - age   1:    2866344 bytes,    2866344 total
[2023-05-18T23:57:23.351+0000][174][trace][gc,age      ] GC(18) - age   2:    4600664 bytes,    7467008 total
[2023-05-18T23:57:23.352+0000][174][info ][gc,heap     ] GC(18) Eden regions: 11->0(35)
[2023-05-18T23:57:23.352+0000][174][info ][gc,heap     ] GC(18) Survivor regions: 4->3(5)
[2023-05-18T23:57:23.352+0000][174][info ][gc,heap     ] GC(18) Old regions: 10->12
[2023-05-18T23:57:23.352+0000][174][info ][gc,heap     ] GC(18) Archive regions: 2->2
[2023-05-18T23:57:23.352+0000][174][info ][gc,heap     ] GC(18) Humongous regions: 0->0
[2023-05-18T23:57:23.352+0000][174][info ][gc,metaspace] GC(18) Metaspace: 59532K(60928K)->59532K(60928K) NonClass: 51999K(52864K)->51999K(52864K) Class: 7533K(8064K)->7533K(8064K)
[2023-05-18T23:57:23.352+0000][174][info ][gc          ] GC(18) Pause Young (Concurrent Start) (Metadata GC Threshold) 101M->60M(256M) 11.467ms
[2023-05-18T23:57:23.353+0000][174][info ][gc,cpu      ] GC(18) User=0.04s Sys=0.00s Real=0.01s
[2023-05-18T23:57:23.353+0000][174][info ][gc          ] GC(19) Concurrent Mark Cycle
[2023-05-18T23:57:23.353+0000][174][info ][safepoint   ] Safepoint "CollectForMetadataAllocation", Time since last: 485648000 ns, Reaching safepoint: 3500 ns, Cleanup: 146700 ns, At safepoint: 12031400 ns, Total: 12181600 ns
[2023-05-18T23:57:23.363+0000][174][info ][gc,marking  ] GC(19) Concurrent Scan Root Regions
[2023-05-18T23:57:23.373+0000][174][info ][gc,marking  ] GC(19) Concurrent Scan Root Regions 9.822ms
[2023-05-18T23:57:23.373+0000][174][info ][gc,marking  ] GC(19) Concurrent Mark
[2023-05-18T23:57:23.373+0000][174][info ][gc,marking  ] GC(19) Concurrent Mark From Roots
[2023-05-18T23:57:23.373+0000][174][info ][gc,task     ] GC(19) Using 2 workers of 2 for marking
[2023-05-18T23:57:23.395+0000][174][info ][safepoint   ] Safepoint "CollectForMetadataAllocation", Time since last: 42124600 ns, Reaching safepoint: 50800 ns, Cleanup: 158600 ns, At safepoint: 123300 ns, Total: 332700 ns
[2023-05-18T23:57:23.403+0000][174][info ][gc,marking  ] GC(19) Concurrent Mark From Roots 29.532ms
[2023-05-18T23:57:23.403+0000][174][info ][gc,marking  ] GC(19) Concurrent Preclean
[2023-05-18T23:57:23.404+0000][174][info ][gc,marking  ] GC(19) Concurrent Preclean 0.505ms
[2023-05-18T23:57:23.404+0000][174][info ][gc,start    ] GC(19) Pause Remark
[2023-05-18T23:57:23.409+0000][174][info ][gc          ] GC(19) Pause Remark 64M->64M(256M) 4.782ms
[2023-05-18T23:57:23.409+0000][174][info ][gc,cpu      ] GC(19) User=0.01s Sys=0.00s Real=0.00s
[2023-05-18T23:57:23.409+0000][174][info ][safepoint   ] Safepoint "G1PauseRemark", Time since last: 8416400 ns, Reaching safepoint: 87400 ns, Cleanup: 118300 ns, At safepoint: 5317100 ns, Total: 5522800 ns
[2023-05-18T23:57:23.410+0000][174][info ][gc,marking  ] GC(19) Concurrent Mark 36.652ms
[2023-05-18T23:57:23.410+0000][174][info ][gc,marking  ] GC(19) Concurrent Rebuild Remembered Sets and Scrub Regions
[2023-05-18T23:57:23.416+0000][174][info ][gc,marking  ] GC(19) Concurrent Rebuild Remembered Sets and Scrub Regions 5.679ms
[2023-05-18T23:57:23.416+0000][174][info ][gc,start    ] GC(19) Pause Cleanup
[2023-05-18T23:57:23.417+0000][174][info ][gc          ] GC(19) Pause Cleanup 64M->64M(256M) 0.282ms
[2023-05-18T23:57:23.417+0000][174][info ][gc,cpu      ] GC(19) User=0.00s Sys=0.00s Real=0.00s
[2023-05-18T23:57:23.417+0000][174][info ][safepoint   ] Safepoint "G1PauseCleanup", Time since last: 6687800 ns, Reaching safepoint: 4700 ns, Cleanup: 137700 ns, At safepoint: 771400 ns, Total: 913800 ns
[2023-05-18T23:57:23.417+0000][174][info ][gc,marking  ] GC(19) Concurrent Clear Claimed Marks
[2023-05-18T23:57:23.418+0000][174][info ][gc,marking  ] GC(19) Concurrent Clear Claimed Marks 0.311ms
[2023-05-18T23:57:23.418+0000][174][info ][gc,marking  ] GC(19) Concurrent Cleanup for Next Mark
[2023-05-18T23:57:23.418+0000][174][info ][gc,marking  ] GC(19) Concurrent Cleanup for Next Mark 0.537ms
[2023-05-18T23:57:23.419+0000][174][info ][gc          ] GC(19) Concurrent Mark Cycle 66.008ms
[2023-05-18T23:57:24.418+0000][174][info ][safepoint   ] Safepoint "Cleanup", Time since last: 1000355800 ns, Reaching safepoint: 93800 ns, Cleanup: 168400 ns, At safepoint: 57500 ns, Total: 319700 ns
[2023-05-18T23:57:24.432+0000][174][info ][gc,start    ] GC(20) Pause Young (Normal) (G1 Evacuation Pause)
[2023-05-18T23:57:24.432+0000][174][info ][gc,task     ] GC(20) Using 6 workers of 8 for evacuation
[2023-05-18T23:57:24.432+0000][174][debug][gc,age      ] GC(20) Desired survivor size 10485760 bytes, new threshold 15 (max threshold 15)
[2023-05-18T23:57:24.440+0000][174][info ][gc,phases   ] GC(20)   Pre Evacuate Collection Set: 0.1ms
[2023-05-18T23:57:24.441+0000][174][info ][gc,phases   ] GC(20)   Merge Heap Roots: 0.2ms
[2023-05-18T23:57:24.441+0000][174][info ][gc,phases   ] GC(20)   Evacuate Collection Set: 6.0ms
[2023-05-18T23:57:24.441+0000][174][info ][gc,phases   ] GC(20)   Post Evacuate Collection Set: 1.4ms
[2023-05-18T23:57:24.441+0000][174][info ][gc,phases   ] GC(20)   Other: 0.5ms
[2023-05-18T23:57:24.441+0000][174][trace][gc,age      ] GC(20) Age table with threshold 15 (max threshold 15)
[2023-05-18T23:57:24.442+0000][174][trace][gc,age      ] GC(20) - age   1:    1874432 bytes,    1874432 total
[2023-05-18T23:57:24.442+0000][174][trace][gc,age      ] GC(20) - age   2:    2709976 bytes,    4584408 total
[2023-05-18T23:57:24.442+0000][174][trace][gc,age      ] GC(20) - age   3:    4577672 bytes,    9162080 total
[2023-05-18T23:57:24.442+0000][174][info ][gc,heap     ] GC(20) Eden regions: 35->0(35)
[2023-05-18T23:57:24.442+0000][174][info ][gc,heap     ] GC(20) Survivor regions: 3->3(5)
[2023-05-18T23:57:24.443+0000][174][info ][gc,heap     ] GC(20) Old regions: 12->12
[2023-05-18T23:57:24.443+0000][174][info ][gc,heap     ] GC(20) Archive regions: 2->2
[2023-05-18T23:57:24.443+0000][174][info ][gc,heap     ] GC(20) Humongous regions: 0->0
[2023-05-18T23:57:24.443+0000][174][info ][gc,metaspace] GC(20) Metaspace: 65378K(66880K)->65378K(66880K) NonClass: 56912K(57856K)->56912K(57856K) Class: 8466K(9024K)->8466K(9024K)
[2023-05-18T23:57:24.443+0000][174][info ][gc          ] GC(20) Pause Young (Normal) (G1 Evacuation Pause) 200M->61M(256M) 11.713ms
[2023-05-18T23:57:24.444+0000][174][info ][gc,cpu      ] GC(20) User=0.06s Sys=0.01s Real=0.02s
[2023-05-18T23:57:24.444+0000][174][info ][safepoint   ] Safepoint "G1CollectForAllocation", Time since last: 13939700 ns, Reaching safepoint: 6800 ns, Cleanup: 120900 ns, At safepoint: 12184500 ns, Total: 12312200 ns
[2023-05-18T23:57:25.492+0000][174][info ][gc,start    ] GC(21) Pause Young (Normal) (G1 Evacuation Pause)
[2023-05-18T23:57:25.492+0000][174][info ][gc,task     ] GC(21) Using 6 workers of 8 for evacuation
[2023-05-18T23:57:25.492+0000][174][debug][gc,age      ] GC(21) Desired survivor size 10485760 bytes, new threshold 15 (max threshold 15)
[2023-05-18T23:57:25.504+0000][174][info ][gc,phases   ] GC(21)   Pre Evacuate Collection Set: 0.2ms
[2023-05-18T23:57:25.504+0000][174][info ][gc,phases   ] GC(21)   Merge Heap Roots: 0.1ms
[2023-05-18T23:57:25.504+0000][174][info ][gc,phases   ] GC(21)   Evacuate Collection Set: 9.7ms
[2023-05-18T23:57:25.504+0000][174][info ][gc,phases   ] GC(21)   Post Evacuate Collection Set: 0.8ms
[2023-05-18T23:57:25.504+0000][174][info ][gc,phases   ] GC(21)   Other: 0.5ms
[2023-05-18T23:57:25.505+0000][174][trace][gc,age      ] GC(21) Age table with threshold 15 (max threshold 15)
[2023-05-18T23:57:25.505+0000][174][trace][gc,age      ] GC(21) - age   1:    3308200 bytes,    3308200 total
[2023-05-18T23:57:25.505+0000][174][trace][gc,age      ] GC(21) - age   2:    1729824 bytes,    5038024 total
[2023-05-18T23:57:25.505+0000][174][trace][gc,age      ] GC(21) - age   3:    2705600 bytes,    7743624 total
[2023-05-18T23:57:25.505+0000][174][trace][gc,age      ] GC(21) - age   4:    4577176 bytes,   12320800 total
[2023-05-18T23:57:25.506+0000][174][info ][gc,heap     ] GC(21) Eden regions: 35->0(34)
[2023-05-18T23:57:25.506+0000][174][info ][gc,heap     ] GC(21) Survivor regions: 3->4(5)
[2023-05-18T23:57:25.506+0000][174][info ][gc,heap     ] GC(21) Old regions: 12->12
[2023-05-18T23:57:25.506+0000][174][info ][gc,heap     ] GC(21) Archive regions: 2->2
[2023-05-18T23:57:25.507+0000][174][info ][gc,heap     ] GC(21) Humongous regions: 0->0
[2023-05-18T23:57:25.507+0000][174][info ][gc,metaspace] GC(21) Metaspace: 71436K(73024K)->71436K(73024K) NonClass: 62210K(63104K)->62210K(63104K) Class: 9226K(9920K)->9226K(9920K)
[2023-05-18T23:57:25.507+0000][174][info ][gc          ] GC(21) Pause Young (Normal) (G1 Evacuation Pause) 201M->64M(256M) 15.099ms
[2023-05-18T23:57:25.507+0000][174][info ][gc,cpu      ] GC(21) User=0.06s Sys=0.01s Real=0.02s
[2023-05-18T23:57:25.508+0000][174][info ][safepoint   ] Safepoint "G1CollectForAllocation", Time since last: 1047807100 ns, Reaching safepoint: 5500 ns, Cleanup: 145300 ns, At safepoint: 15665300 ns, Total: 15816100 ns
[2023-05-18T23:57:26.685+0000][174][info ][safepoint   ] Safepoint "Cleanup", Time since last: 1176678000 ns, Reaching safepoint: 97400 ns, Cleanup: 136400 ns, At safepoint: 29000 ns, Total: 262800 ns
[2023-05-18T23:57:26.955+0000][174][info ][gc,start    ] GC(22) Pause Young (Normal) (G1 Evacuation Pause)
[2023-05-18T23:57:26.955+0000][174][info ][gc,task     ] GC(22) Using 6 workers of 8 for evacuation
[2023-05-18T23:57:26.955+0000][174][debug][gc,age      ] GC(22) Desired survivor size 10485760 bytes, new threshold 4 (max threshold 15)
[2023-05-18T23:57:26.967+0000][174][info ][gc,phases   ] GC(22)   Pre Evacuate Collection Set: 0.1ms
[2023-05-18T23:57:26.967+0000][174][info ][gc,phases   ] GC(22)   Merge Heap Roots: 0.1ms
[2023-05-18T23:57:26.967+0000][174][info ][gc,phases   ] GC(22)   Evacuate Collection Set: 9.4ms
[2023-05-18T23:57:26.968+0000][174][info ][gc,phases   ] GC(22)   Post Evacuate Collection Set: 1.5ms
[2023-05-18T23:57:26.968+0000][174][info ][gc,phases   ] GC(22)   Other: 0.7ms
[2023-05-18T23:57:26.968+0000][174][trace][gc,age      ] GC(22) Age table with threshold 4 (max threshold 15)
[2023-05-18T23:57:26.968+0000][174][trace][gc,age      ] GC(22) - age   1:    4138976 bytes,    4138976 total
[2023-05-18T23:57:26.969+0000][174][trace][gc,age      ] GC(22) - age   2:    3228472 bytes,    7367448 total
[2023-05-18T23:57:26.969+0000][174][trace][gc,age      ] GC(22) - age   3:    1721000 bytes,    9088448 total
[2023-05-18T23:57:26.969+0000][174][trace][gc,age      ] GC(22) - age   4:    2698352 bytes,   11786800 total
[2023-05-18T23:57:26.969+0000][174][info ][gc,heap     ] GC(22) Eden regions: 34->0(33)
[2023-05-18T23:57:26.969+0000][174][info ][gc,heap     ] GC(22) Survivor regions: 4->4(5)
[2023-05-18T23:57:26.970+0000][174][info ][gc,heap     ] GC(22) Old regions: 12->14
[2023-05-18T23:57:26.970+0000][174][info ][gc,heap     ] GC(22) Archive regions: 2->2
[2023-05-18T23:57:26.970+0000][174][info ][gc,heap     ] GC(22) Humongous regions: 0->0
[2023-05-18T23:57:26.970+0000][174][info ][gc,metaspace] GC(22) Metaspace: 78304K(79936K)->78304K(79936K) NonClass: 68229K(69184K)->68229K(69184K) Class: 10074K(10752K)->10074K(10752K)
[2023-05-18T23:57:26.970+0000][174][info ][gc          ] GC(22) Pause Young (Normal) (G1 Evacuation Pause) 200M->68M(256M) 15.753ms
[2023-05-18T23:57:26.971+0000][174][info ][gc,cpu      ] GC(22) User=0.07s Sys=0.00s Real=0.01s
[2023-05-18T23:57:26.971+0000][174][info ][safepoint   ] Safepoint "G1CollectForAllocation", Time since last: 270028300 ns, Reaching safepoint: 6600 ns, Cleanup: 130600 ns, At safepoint: 16300900 ns, Total: 16438100 ns
[2023-05-18T23:57:27.972+0000][174][info ][safepoint   ] Safepoint "Cleanup", Time since last: 1000386200 ns, Reaching safepoint: 123100 ns, Cleanup: 120000 ns, At safepoint: 37200 ns, Total: 280300 ns
[2023-05-18T23:57:28.603+0000][174][info ][safepoint   ] Safepoint "ICBufferFull", Time since last: 631422600 ns, Reaching safepoint: 5700 ns, Cleanup: 217800 ns, At safepoint: 7900 ns, Total: 231400 ns
[2023-05-18T23:57:28.723+0000][174][info ][gc,start    ] GC(23) Pause Young (Concurrent Start) (Metadata GC Threshold)
[2023-05-18T23:57:28.723+0000][174][info ][gc,task     ] GC(23) Using 6 workers of 8 for evacuation
[2023-05-18T23:57:28.723+0000][174][debug][gc,age      ] GC(23) Desired survivor size 10485760 bytes, new threshold 4 (max threshold 15)
[2023-05-18T23:57:28.737+0000][174][info ][gc,phases   ] GC(23)   Pre Evacuate Collection Set: 0.2ms
[2023-05-18T23:57:28.737+0000][174][info ][gc,phases   ] GC(23)   Merge Heap Roots: 0.2ms
[2023-05-18T23:57:28.737+0000][174][info ][gc,phases   ] GC(23)   Evacuate Collection Set: 11.9ms
[2023-05-18T23:57:28.738+0000][174][info ][gc,phases   ] GC(23)   Post Evacuate Collection Set: 1.4ms
[2023-05-18T23:57:28.738+0000][174][info ][gc,phases   ] GC(23)   Other: 0.4ms
[2023-05-18T23:57:28.738+0000][174][trace][gc,age      ] GC(23) Age table with threshold 4 (max threshold 15)
[2023-05-18T23:57:28.738+0000][174][trace][gc,age      ] GC(23) - age   1:    7921256 bytes,    7921256 total
[2023-05-18T23:57:28.738+0000][174][trace][gc,age      ] GC(23) - age   2:    4067584 bytes,   11988840 total
[2023-05-18T23:57:28.739+0000][174][trace][gc,age      ] GC(23) - age   3:    3214968 bytes,   15203808 total
[2023-05-18T23:57:28.739+0000][174][trace][gc,age      ] GC(23) - age   4:    1715568 bytes,   16919376 total
[2023-05-18T23:57:28.739+0000][174][info ][gc,heap     ] GC(23) Eden regions: 32->0(31)
[2023-05-18T23:57:28.739+0000][174][info ][gc,heap     ] GC(23) Survivor regions: 4->5(5)
[2023-05-18T23:57:28.739+0000][174][info ][gc,heap     ] GC(23) Old regions: 14->14
[2023-05-18T23:57:28.739+0000][174][info ][gc,heap     ] GC(23) Archive regions: 2->2
[2023-05-18T23:57:28.740+0000][174][info ][gc,heap     ] GC(23) Humongous regions: 0->0
[2023-05-18T23:57:28.740+0000][174][info ][gc,metaspace] GC(23) Metaspace: 100008K(102336K)->100008K(102336K) NonClass: 86814K(88064K)->86814K(88064K) Class: 13193K(14272K)->13193K(14272K)
[2023-05-18T23:57:28.740+0000][174][info ][gc          ] GC(23) Pause Young (Concurrent Start) (Metadata GC Threshold) 196M->76M(256M) 17.414ms
[2023-05-18T23:57:28.740+0000][174][info ][gc,cpu      ] GC(23) User=0.09s Sys=0.00s Real=0.02s
[2023-05-18T23:57:28.740+0000][174][info ][gc          ] GC(24) Concurrent Mark Cycle
[2023-05-18T23:57:28.741+0000][174][info ][safepoint   ] Safepoint "CollectForMetadataAllocation", Time since last: 119069600 ns, Reaching safepoint: 43600 ns, Cleanup: 162900 ns, At safepoint: 17981500 ns, Total: 18188000 ns
[2023-05-18T23:57:28.743+0000][174][info ][gc,marking  ] GC(24) Concurrent Scan Root Regions
[2023-05-18T23:57:28.755+0000][174][info ][gc,marking  ] GC(24) Concurrent Scan Root Regions 11.963ms
[2023-05-18T23:57:28.755+0000][174][info ][gc,marking  ] GC(24) Concurrent Mark
[2023-05-18T23:57:28.755+0000][174][info ][gc,marking  ] GC(24) Concurrent Mark From Roots
[2023-05-18T23:57:28.755+0000][174][info ][gc,task     ] GC(24) Using 2 workers of 2 for marking
[2023-05-18T23:57:28.792+0000][174][info ][safepoint   ] Safepoint "CollectForMetadataAllocation", Time since last: 51190800 ns, Reaching safepoint: 76900 ns, Cleanup: 148800 ns, At safepoint: 90300 ns, Total: 316000 ns
[2023-05-18T23:57:28.803+0000][174][info ][gc,marking  ] GC(24) Concurrent Mark From Roots 47.514ms
[2023-05-18T23:57:28.803+0000][174][info ][gc,marking  ] GC(24) Concurrent Preclean
[2023-05-18T23:57:28.804+0000][174][info ][gc,marking  ] GC(24) Concurrent Preclean 0.797ms
[2023-05-18T23:57:28.804+0000][174][info ][gc,start    ] GC(24) Pause Remark
[2023-05-18T23:57:28.811+0000][174][info ][gc          ] GC(24) Pause Remark 80M->80M(256M) 6.559ms
[2023-05-18T23:57:28.811+0000][174][info ][gc,cpu      ] GC(24) User=0.02s Sys=0.00s Real=0.00s
[2023-05-18T23:57:28.811+0000][174][info ][safepoint   ] Safepoint "G1PauseRemark", Time since last: 12034800 ns, Reaching safepoint: 88100 ns, Cleanup: 128500 ns, At safepoint: 7082500 ns, Total: 7299100 ns
[2023-05-18T23:57:28.812+0000][174][info ][gc,marking  ] GC(24) Concurrent Mark 56.641ms
[2023-05-18T23:57:28.812+0000][174][info ][gc,marking  ] GC(24) Concurrent Rebuild Remembered Sets and Scrub Regions
[2023-05-18T23:57:28.834+0000][174][info ][gc,marking  ] GC(24) Concurrent Rebuild Remembered Sets and Scrub Regions 21.588ms
[2023-05-18T23:57:28.834+0000][174][info ][gc,start    ] GC(24) Pause Cleanup
[2023-05-18T23:57:28.835+0000][174][info ][gc          ] GC(24) Pause Cleanup 82M->82M(256M) 0.382ms
[2023-05-18T23:57:28.835+0000][174][info ][gc,cpu      ] GC(24) User=0.00s Sys=0.00s Real=0.00s
[2023-05-18T23:57:28.835+0000][174][info ][safepoint   ] Safepoint "G1PauseCleanup", Time since last: 22399600 ns, Reaching safepoint: 283000 ns, Cleanup: 125200 ns, At safepoint: 823200 ns, Total: 1231400 ns
[2023-05-18T23:57:28.835+0000][174][info ][gc,marking  ] GC(24) Concurrent Clear Claimed Marks
[2023-05-18T23:57:28.836+0000][174][info ][gc,marking  ] GC(24) Concurrent Clear Claimed Marks 0.417ms
[2023-05-18T23:57:28.836+0000][174][info ][gc,marking  ] GC(24) Concurrent Cleanup for Next Mark
[2023-05-18T23:57:28.836+0000][174][info ][gc,marking  ] GC(24) Concurrent Cleanup for Next Mark 0.505ms
[2023-05-18T23:57:28.837+0000][174][info ][gc          ] GC(24) Concurrent Mark Cycle 96.446ms
[2023-05-18T23:57:30.028+0000][174][info ][safepoint   ] Safepoint "Cleanup", Time since last: 1192608300 ns, Reaching safepoint: 3100 ns, Cleanup: 136300 ns, At safepoint: 29500 ns, Total: 168900 ns
[2023-05-18T23:57:30.402+0000][174][info ][safepoint   ] Safepoint "ICBufferFull", Time since last: 374421100 ns, Reaching safepoint: 9300 ns, Cleanup: 151700 ns, At safepoint: 76800 ns, Total: 237800 ns
[2023-05-18T23:57:31.384+0000][174][info ][safepoint   ] Safepoint "ICBufferFull", Time since last: 980862200 ns, Reaching safepoint: 5600 ns, Cleanup: 211400 ns, At safepoint: 8300 ns, Total: 225300 ns
[2023-05-18T23:57:31.722+0000][174][info ][gc,start    ] GC(25) Pause Young (Prepare Mixed) (G1 Evacuation Pause)
[2023-05-18T23:57:31.723+0000][174][info ][gc,task     ] GC(25) Using 6 workers of 8 for evacuation
[2023-05-18T23:57:31.723+0000][174][debug][gc,age      ] GC(25) Desired survivor size 10485760 bytes, new threshold 2 (max threshold 15)
[2023-05-18T23:57:31.737+0000][174][info ][gc,phases   ] GC(25)   Pre Evacuate Collection Set: 0.1ms
[2023-05-18T23:57:31.738+0000][174][info ][gc,phases   ] GC(25)   Merge Heap Roots: 0.1ms
[2023-05-18T23:57:31.738+0000][174][info ][gc,phases   ] GC(25)   Evacuate Collection Set: 12.2ms
[2023-05-18T23:57:31.738+0000][174][info ][gc,phases   ] GC(25)   Post Evacuate Collection Set: 1.7ms
[2023-05-18T23:57:31.738+0000][174][info ][gc,phases   ] GC(25)   Other: 0.5ms
[2023-05-18T23:57:31.738+0000][174][trace][gc,age      ] GC(25) Age table with threshold 2 (max threshold 15)
[2023-05-18T23:57:31.738+0000][174][trace][gc,age      ] GC(25) - age   1:    7927944 bytes,    7927944 total
[2023-05-18T23:57:31.739+0000][174][trace][gc,age      ] GC(25) - age   2:    7226920 bytes,   15154864 total
[2023-05-18T23:57:31.739+0000][174][info ][gc,heap     ] GC(25) Eden regions: 31->0(28)
[2023-05-18T23:57:31.739+0000][174][info ][gc,heap     ] GC(25) Survivor regions: 5->5(5)
[2023-05-18T23:57:31.739+0000][174][info ][gc,heap     ] GC(25) Old regions: 14->17
[2023-05-18T23:57:31.739+0000][174][info ][gc,heap     ] GC(25) Archive regions: 2->2
[2023-05-18T23:57:31.739+0000][174][info ][gc,heap     ] GC(25) Humongous regions: 0->0
[2023-05-18T23:57:31.740+0000][174][info ][gc,metaspace] GC(25) Metaspace: 114422K(117696K)->114422K(117696K) NonClass: 98849K(100544K)->98849K(100544K) Class: 15573K(17152K)->15573K(17152K)
[2023-05-18T23:57:31.740+0000][174][info ][gc          ] GC(25) Pause Young (Prepare Mixed) (G1 Evacuation Pause) 200M->84M(256M) 17.217ms
[2023-05-18T23:57:31.740+0000][174][info ][gc,cpu      ] GC(25) User=0.07s Sys=0.00s Real=0.02s
[2023-05-18T23:57:31.740+0000][174][info ][safepoint   ] Safepoint "G1CollectForAllocation", Time since last: 338797800 ns, Reaching safepoint: 6400 ns, Cleanup: 108500 ns, At safepoint: 17666700 ns, Total: 17781600 ns
[2023-05-18T23:57:32.259+0000][174][info ][safepoint   ] Safepoint "ICBufferFull", Time since last: 516289500 ns, Reaching safepoint: 1571100 ns, Cleanup: 742100 ns, At safepoint: 62900 ns, Total: 2376100 ns
[2023-05-18T23:57:33.535+0000][174][info ][safepoint   ] Safepoint "Cleanup", Time since last: 1276249200 ns, Reaching safepoint: 105800 ns, Cleanup: 194200 ns, At safepoint: 31900 ns, Total: 331900 ns
[2023-05-18T23:57:34.536+0000][174][info ][safepoint   ] Safepoint "Cleanup", Time since last: 1000348600 ns, Reaching safepoint: 12900 ns, Cleanup: 196800 ns, At safepoint: 22900 ns, Total: 232600 ns
[2023-05-18T23:57:35.537+0000][174][info ][safepoint   ] Safepoint "Cleanup", Time since last: 1000375700 ns, Reaching safepoint: 15500 ns, Cleanup: 118200 ns, At safepoint: 50500 ns, Total: 184200 ns
[2023-05-18T23:57:36.537+0000][174][info ][safepoint   ] Safepoint "Cleanup", Time since last: 1000416000 ns, Reaching safepoint: 37800 ns, Cleanup: 169400 ns, At safepoint: 25400 ns, Total: 232600 ns
[2023-05-18T23:57:37.538+0000][174][info ][safepoint   ] Safepoint "Cleanup", Time since last: 1000458800 ns, Reaching safepoint: 13700 ns, Cleanup: 158800 ns, At safepoint: 20700 ns, Total: 193200 ns
[2023-05-18T23:57:38.538+0000][174][info ][safepoint   ] Safepoint "Cleanup", Time since last: 1000385700 ns, Reaching safepoint: 14200 ns, Cleanup: 165000 ns, At safepoint: 5600 ns, Total: 184800 ns
[2023-05-18T23:57:40.539+0000][174][info ][safepoint   ] Safepoint "Cleanup", Time since last: 2000640700 ns, Reaching safepoint: 32000 ns, Cleanup: 170200 ns, At safepoint: 8100 ns, Total: 210300 ns
[2023-05-18T23:57:41.540+0000][174][info ][safepoint   ] Safepoint "Cleanup", Time since last: 1000376400 ns, Reaching safepoint: 14800 ns, Cleanup: 157700 ns, At safepoint: 21300 ns, Total: 193800 ns
[2023-05-18T23:57:46.541+0000][174][info ][safepoint   ] Safepoint "Cleanup", Time since last: 5000775000 ns, Reaching safepoint: 14600 ns, Cleanup: 113100 ns, At safepoint: 5000 ns, Total: 132700 ns
[2023-05-18T23:57:47.541+0000][174][info ][safepoint   ] Safepoint "Cleanup", Time since last: 1000401900 ns, Reaching safepoint: 13500 ns, Cleanup: 128400 ns, At safepoint: 5900 ns, Total: 147800 ns
[2023-05-18T23:57:48.542+0000][174][info ][safepoint   ] Safepoint "Cleanup", Time since last: 1000496800 ns, Reaching safepoint: 33000 ns, Cleanup: 136100 ns, At safepoint: 8800 ns, Total: 177900 ns
[2023-05-18T23:57:49.543+0000][174][info ][safepoint   ] Safepoint "Cleanup", Time since last: 1000411700 ns, Reaching safepoint: 13700 ns, Cleanup: 153300 ns, At safepoint: 17200 ns, Total: 184200 ns
[2023-05-18T23:57:50.543+0000][174][info ][safepoint   ] Safepoint "Cleanup", Time since last: 1000449500 ns, Reaching safepoint: 17400 ns, Cleanup: 161500 ns, At safepoint: 7000 ns, Total: 185900 ns
[2023-05-18T23:57:51.544+0000][174][info ][safepoint   ] Safepoint "Cleanup", Time since last: 1000431900 ns, Reaching safepoint: 15000 ns, Cleanup: 143900 ns, At safepoint: 6500 ns, Total: 165400 ns
[2023-05-18T23:57:53.545+0000][174][info ][safepoint   ] Safepoint "Cleanup", Time since last: 2000643500 ns, Reaching safepoint: 33000 ns, Cleanup: 117300 ns, At safepoint: 18600 ns, Total: 168900 ns
[2023-05-18T23:57:59.546+0000][174][info ][safepoint   ] Safepoint "Cleanup", Time since last: 6001076300 ns, Reaching safepoint: 14200 ns, Cleanup: 197400 ns, At safepoint: 7100 ns, Total: 218700 ns
[2023-05-18T23:58:00.547+0000][174][info ][safepoint   ] Safepoint "Cleanup", Time since last: 1000514000 ns, Reaching safepoint: 14400 ns, Cleanup: 107800 ns, At safepoint: 5600 ns, Total: 127800 ns
[2023-05-18T23:58:01.547+0000][174][info ][safepoint   ] Safepoint "Cleanup", Time since last: 1000430500 ns, Reaching safepoint: 13600 ns, Cleanup: 156500 ns, At safepoint: 3900 ns, Total: 174000 ns
[2023-05-18T23:58:02.548+0000][174][info ][safepoint   ] Safepoint "Cleanup", Time since last: 1000470600 ns, Reaching safepoint: 13900 ns, Cleanup: 111200 ns, At safepoint: 4100 ns, Total: 129200 ns
[2023-05-18T23:58:03.548+0000][174][info ][safepoint   ] Safepoint "Cleanup", Time since last: 1000308700 ns, Reaching safepoint: 14500 ns, Cleanup: 147500 ns, At safepoint: 10300 ns, Total: 172300 ns
[2023-05-18T23:58:05.549+0000][174][info ][safepoint   ] Safepoint "Cleanup", Time since last: 2000448500 ns, Reaching safepoint: 57900 ns, Cleanup: 180700 ns, At safepoint: 23800 ns, Total: 262400 ns
[2023-05-18T23:58:08.550+0000][174][info ][safepoint   ] Safepoint "Cleanup", Time since last: 3000747400 ns, Reaching safepoint: 14700 ns, Cleanup: 127900 ns, At safepoint: 23200 ns, Total: 165800 ns
[2023-05-18T23:58:09.550+0000][174][info ][safepoint   ] Safepoint "Cleanup", Time since last: 1000336000 ns, Reaching safepoint: 14700 ns, Cleanup: 125900 ns, At safepoint: 15100 ns, Total: 155700 ns
[2023-05-18T23:58:15.552+0000][174][info ][safepoint   ] Safepoint "Cleanup", Time since last: 6001082300 ns, Reaching safepoint: 35000 ns, Cleanup: 197400 ns, At safepoint: 11200 ns, Total: 243600 ns
[2023-05-18T23:58:32.554+0000][174][info ][safepoint   ] Safepoint "Cleanup", Time since last: 17002029000 ns, Reaching safepoint: 35600 ns, Cleanup: 138100 ns, At safepoint: 8400 ns, Total: 182100 ns
[2023-05-18T23:58:35.555+0000][174][info ][safepoint   ] Safepoint "Cleanup", Time since last: 3000649100 ns, Reaching safepoint: 15100 ns, Cleanup: 128400 ns, At safepoint: 7900 ns, Total: 151400 ns
[2023-05-18T23:58:51.557+0000][174][info ][safepoint   ] Safepoint "Cleanup", Time since last: 16001815400 ns, Reaching safepoint: 32300 ns, Cleanup: 153200 ns, At safepoint: 5500 ns, Total: 191000 ns
[2023-05-18T23:58:53.558+0000][174][info ][safepoint   ] Safepoint "Cleanup", Time since last: 2000615700 ns, Reaching safepoint: 15200 ns, Cleanup: 201200 ns, At safepoint: 20900 ns, Total: 237300 ns
[2023-05-18T23:58:55.558+0000][174][info ][safepoint   ] Safepoint "Cleanup", Time since last: 2000560100 ns, Reaching safepoint: 14100 ns, Cleanup: 124200 ns, At safepoint: 6700 ns, Total: 145000 ns
[2023-05-18T23:59:00.559+0000][174][info ][safepoint   ] Safepoint "Cleanup", Time since last: 5000812400 ns, Reaching safepoint: 34800 ns, Cleanup: 134000 ns, At safepoint: 9200 ns, Total: 178000 ns
[2023-05-18T23:59:02.560+0000][174][info ][safepoint   ] Safepoint "Cleanup", Time since last: 2000551100 ns, Reaching safepoint: 15000 ns, Cleanup: 240800 ns, At safepoint: 11100 ns, Total: 266900 ns
[2023-05-18T23:59:03.592+0000][174][info ][gc,start    ] GC(26) Pause Young (Mixed) (G1 Evacuation Pause)
[2023-05-18T23:59:03.592+0000][174][info ][gc,task     ] GC(26) Using 8 workers of 8 for evacuation
[2023-05-18T23:59:03.592+0000][174][debug][gc,age      ] GC(26) Desired survivor size 10485760 bytes, new threshold 2 (max threshold 15)
[2023-05-18T23:59:03.609+0000][174][info ][gc,phases   ] GC(26)   Pre Evacuate Collection Set: 0.2ms
[2023-05-18T23:59:03.609+0000][174][info ][gc,phases   ] GC(26)   Merge Heap Roots: 0.2ms
[2023-05-18T23:59:03.609+0000][174][info ][gc,phases   ] GC(26)   Evacuate Collection Set: 13.4ms
[2023-05-18T23:59:03.609+0000][174][info ][gc,phases   ] GC(26)   Post Evacuate Collection Set: 2.3ms
[2023-05-18T23:59:03.610+0000][174][info ][gc,phases   ] GC(26)   Other: 0.4ms
[2023-05-18T23:59:03.610+0000][174][trace][gc,age      ] GC(26) Age table with threshold 2 (max threshold 15)
[2023-05-18T23:59:03.610+0000][174][trace][gc,age      ] GC(26) - age   1:    9808128 bytes,    9808128 total
[2023-05-18T23:59:03.610+0000][174][trace][gc,age      ] GC(26) - age   2:    7428608 bytes,   17236736 total
[2023-05-18T23:59:03.611+0000][174][info ][gc,heap     ] GC(26) Eden regions: 28->0(25)
[2023-05-18T23:59:03.611+0000][174][info ][gc,heap     ] GC(26) Survivor regions: 5->5(5)
[2023-05-18T23:59:03.611+0000][174][info ][gc,heap     ] GC(26) Old regions: 17->18
[2023-05-18T23:59:03.611+0000][174][info ][gc,heap     ] GC(26) Archive regions: 2->2
[2023-05-18T23:59:03.611+0000][174][info ][gc,heap     ] GC(26) Humongous regions: 2->2
[2023-05-18T23:59:03.612+0000][174][info ][gc,metaspace] GC(26) Metaspace: 122869K(126144K)->122869K(126144K) NonClass: 106083K(107776K)->106083K(107776K) Class: 16785K(18368K)->16785K(18368K)
[2023-05-18T23:59:03.612+0000][174][info ][gc          ] GC(26) Pause Young (Mixed) (G1 Evacuation Pause) 204M->101M(256M) 20.180ms
[2023-05-18T23:59:03.612+0000][174][info ][gc,cpu      ] GC(26) User=0.07s Sys=0.01s Real=0.02s
[2023-05-18T23:59:03.613+0000][174][info ][safepoint   ] Safepoint "G1CollectForAllocation", Time since last: 1031653700 ns, Reaching safepoint: 13100 ns, Cleanup: 109300 ns, At safepoint: 20816900 ns, Total: 20939300 ns
[2023-05-18T23:59:12.614+0000][174][info ][safepoint   ] Safepoint "Cleanup", Time since last: 9001154500 ns, Reaching safepoint: 15000 ns, Cleanup: 131900 ns, At safepoint: 6000 ns, Total: 152900 ns
[2023-05-18T23:59:13.614+0000][174][info ][safepoint   ] Safepoint "Cleanup", Time since last: 1000344900 ns, Reaching safepoint: 39600 ns, Cleanup: 161700 ns, At safepoint: 20800 ns, Total: 222100 ns
[2023-05-18T23:59:15.615+0000][174][info ][safepoint   ] Safepoint "Cleanup", Time since last: 2000553800 ns, Reaching safepoint: 19700 ns, Cleanup: 219400 ns, At safepoint: 8500 ns, Total: 247600 ns
[2023-05-18T23:59:29.617+0000][174][info ][safepoint   ] Safepoint "Cleanup", Time since last: 14001654100 ns, Reaching safepoint: 34100 ns, Cleanup: 185100 ns, At safepoint: 3900 ns, Total: 223100 ns
[2023-05-18T23:59:30.618+0000][174][info ][safepoint   ] Safepoint "Cleanup", Time since last: 1000464900 ns, Reaching safepoint: 48100 ns, Cleanup: 197800 ns, At safepoint: 14000 ns, Total: 259900 ns
[2023-05-18T23:59:35.619+0000][174][info ][safepoint   ] Safepoint "Cleanup", Time since last: 5001186400 ns, Reaching safepoint: 15000 ns, Cleanup: 139000 ns, At safepoint: 8400 ns, Total: 162400 ns
[2023-05-18T23:59:36.620+0000][174][info ][safepoint   ] Safepoint "Cleanup", Time since last: 1000337100 ns, Reaching safepoint: 14700 ns, Cleanup: 156400 ns, At safepoint: 5700 ns, Total: 176800 ns
[2023-05-18T23:59:37.620+0000][174][info ][safepoint   ] Safepoint "Cleanup", Time since last: 1000488300 ns, Reaching safepoint: 14300 ns, Cleanup: 164100 ns, At safepoint: 6900 ns, Total: 185300 ns
[2023-05-18T23:59:41.621+0000][174][info ][safepoint   ] Safepoint "Cleanup", Time since last: 4000657400 ns, Reaching safepoint: 32600 ns, Cleanup: 153200 ns, At safepoint: 6100 ns, Total: 191900 ns
[2023-05-18T23:59:55.623+0000][174][info ][safepoint   ] Safepoint "Cleanup", Time since last: 14001798700 ns, Reaching safepoint: 31800 ns, Cleanup: 162000 ns, At safepoint: 7200 ns, Total: 201000 ns
[2023-05-19T00:00:00.624+0000][174][info ][safepoint   ] Safepoint "Cleanup", Time since last: 5000812200 ns, Reaching safepoint: 31600 ns, Cleanup: 143700 ns, At safepoint: 6100 ns, Total: 181400 ns
[2023-05-19T00:00:02.625+0000][174][info ][safepoint   ] Safepoint "Cleanup", Time since last: 2000417000 ns, Reaching safepoint: 34300 ns, Cleanup: 163200 ns, At safepoint: 7300 ns, Total: 204800 ns
[2023-05-19T00:00:04.626+0000][174][info ][safepoint   ] Safepoint "Cleanup", Time since last: 2000460100 ns, Reaching safepoint: 47400 ns, Cleanup: 145000 ns, At safepoint: 5300 ns, Total: 197700 ns
[2023-05-19T00:00:05.626+0000][174][info ][safepoint   ] Safepoint "Cleanup", Time since last: 1000311300 ns, Reaching safepoint: 43300 ns, Cleanup: 164200 ns, At safepoint: 11100 ns, Total: 218600 ns
[2023-05-19T00:00:06.627+0000][174][info ][safepoint   ] Safepoint "Cleanup", Time since last: 1000380100 ns, Reaching safepoint: 14700 ns, Cleanup: 138600 ns, At safepoint: 5100 ns, Total: 158400 ns
[2023-05-19T00:00:10.627+0000][174][info ][safepoint   ] Safepoint "Cleanup", Time since last: 4000598200 ns, Reaching safepoint: 32100 ns, Cleanup: 144600 ns, At safepoint: 8800 ns, Total: 185500 ns
[2023-05-19T00:00:27.630+0000][174][info ][safepoint   ] Safepoint "Cleanup", Time since last: 17002034900 ns, Reaching safepoint: 39500 ns, Cleanup: 192300 ns, At safepoint: 6500 ns, Total: 238300 ns
[2023-05-19T00:00:29.630+0000][174][info ][safepoint   ] Safepoint "Cleanup", Time since last: 2000487800 ns, Reaching safepoint: 14200 ns, Cleanup: 188200 ns, At safepoint: 5900 ns, Total: 208300 ns
[2023-05-19T00:00:30.631+0000][174][info ][safepoint   ] Safepoint "Cleanup", Time since last: 1000524400 ns, Reaching safepoint: 14900 ns, Cleanup: 155600 ns, At safepoint: 7900 ns, Total: 178400 ns
[2023-05-19T00:00:32.632+0000][174][info ][safepoint   ] Safepoint "Cleanup", Time since last: 2000435800 ns, Reaching safepoint: 38900 ns, Cleanup: 213000 ns, At safepoint: 13500 ns, Total: 265400 ns
[2023-05-19T00:00:33.632+0000][174][info ][safepoint   ] Safepoint "Cleanup", Time since last: 1000420000 ns, Reaching safepoint: 14000 ns, Cleanup: 181700 ns, At safepoint: 15100 ns, Total: 210800 ns
[2023-05-19T00:00:45.634+0000][174][info ][safepoint   ] Safepoint "Cleanup", Time since last: 12001600500 ns, Reaching safepoint: 36700 ns, Cleanup: 218300 ns, At safepoint: 7800 ns, Total: 262800 ns
[2023-05-19T00:00:49.635+0000][174][info ][safepoint   ] Safepoint "Cleanup", Time since last: 4000820800 ns, Reaching safepoint: 14900 ns, Cleanup: 159600 ns, At safepoint: 8500 ns, Total: 183000 ns
[2023-05-19T00:00:55.636+0000][174][info ][safepoint   ] Safepoint "Cleanup", Time since last: 6000786200 ns, Reaching safepoint: 32600 ns, Cleanup: 156800 ns, At safepoint: 11000 ns, Total: 200400 ns
[2023-05-19T00:00:59.637+0000][174][info ][safepoint   ] Safepoint "Cleanup", Time since last: 4000643900 ns, Reaching safepoint: 54800 ns, Cleanup: 224900 ns, At safepoint: 12000 ns, Total: 291700 ns
[2023-05-19T00:01:02.638+0000][174][info ][safepoint   ] Safepoint "Cleanup", Time since last: 3000627600 ns, Reaching safepoint: 15400 ns, Cleanup: 245500 ns, At safepoint: 7100 ns, Total: 268000 ns
[2023-05-19T00:01:07.639+0000][174][info ][safepoint   ] Safepoint "Cleanup", Time since last: 5000875400 ns, Reaching safepoint: 35800 ns, Cleanup: 142300 ns, At safepoint: 5600 ns, Total: 183700 ns
[2023-05-19T00:01:10.640+0000][174][info ][safepoint   ] Safepoint "Cleanup", Time since last: 3000524800 ns, Reaching safepoint: 30300 ns, Cleanup: 149400 ns, At safepoint: 8600 ns, Total: 188300 ns
[2023-05-19T00:01:32.643+0000][174][info ][safepoint   ] Safepoint "Cleanup", Time since last: 22002700200 ns, Reaching safepoint: 57700 ns, Cleanup: 237200 ns, At safepoint: 26900 ns, Total: 321800 ns
[2023-05-19T00:01:36.644+0000][174][info ][safepoint   ] Safepoint "Cleanup", Time since last: 4000674400 ns, Reaching safepoint: 36400 ns, Cleanup: 270000 ns, At safepoint: 6900 ns, Total: 313300 ns
[2023-05-19T00:01:48.646+0000][174][info ][safepoint   ] Safepoint "Cleanup", Time since last: 12001506900 ns, Reaching safepoint: 31200 ns, Cleanup: 152400 ns, At safepoint: 8200 ns, Total: 191800 ns
[2023-05-19T00:01:53.646+0000][174][info ][safepoint   ] Safepoint "Cleanup", Time since last: 5000708400 ns, Reaching safepoint: 15500 ns, Cleanup: 176600 ns, At safepoint: 8600 ns, Total: 200700 ns
[2023-05-19T00:02:02.648+0000][174][info ][safepoint   ] Safepoint "Cleanup", Time since last: 9001089500 ns, Reaching safepoint: 14400 ns, Cleanup: 245800 ns, At safepoint: 16500 ns, Total: 276700 ns
[2023-05-19T00:02:05.649+0000][174][info ][safepoint   ] Safepoint "Cleanup", Time since last: 3000695200 ns, Reaching safepoint: 32800 ns, Cleanup: 162200 ns, At safepoint: 4400 ns, Total: 199400 ns
[2023-05-19T00:02:08.650+0000][174][info ][safepoint   ] Safepoint "Cleanup", Time since last: 3000711900 ns, Reaching safepoint: 15600 ns, Cleanup: 231700 ns, At safepoint: 6000 ns, Total: 253300 ns
[2023-05-19T00:02:30.653+0000][174][info ][safepoint   ] Safepoint "Cleanup", Time since last: 22002726600 ns, Reaching safepoint: 37800 ns, Cleanup: 143900 ns, At safepoint: 5700 ns, Total: 187400 ns
[2023-05-19T00:02:32.653+0000][174][info ][safepoint   ] Safepoint "Cleanup", Time since last: 2000432200 ns, Reaching safepoint: 19500 ns, Cleanup: 224900 ns, At safepoint: 12800 ns, Total: 257200 ns
[2023-05-19T00:02:35.654+0000][174][info ][safepoint   ] Safepoint "Cleanup", Time since last: 3000509900 ns, Reaching safepoint: 13100 ns, Cleanup: 215000 ns, At safepoint: 20600 ns, Total: 248700 ns
[2023-05-19T00:02:37.655+0000][174][info ][safepoint   ] Safepoint "Cleanup", Time since last: 2000703000 ns, Reaching safepoint: 13200 ns, Cleanup: 183100 ns, At safepoint: 5600 ns, Total: 201900 ns
[2023-05-19T00:02:38.656+0000][174][info ][safepoint   ] Safepoint "Cleanup", Time since last: 1000467900 ns, Reaching safepoint: 15000 ns, Cleanup: 139400 ns, At safepoint: 5500 ns, Total: 159900 ns
[2023-05-19T00:02:45.657+0000][174][info ][safepoint   ] Safepoint "Cleanup", Time since last: 7000935800 ns, Reaching safepoint: 13200 ns, Cleanup: 189500 ns, At safepoint: 4400 ns, Total: 207100 ns
[2023-05-19T00:02:55.658+0000][174][info ][safepoint   ] Safepoint "Cleanup", Time since last: 10001360100 ns, Reaching safepoint: 24500 ns, Cleanup: 203100 ns, At safepoint: 5100 ns, Total: 232700 ns
[2023-05-19T00:03:02.660+0000][174][info ][safepoint   ] Safepoint "Cleanup", Time since last: 7000987600 ns, Reaching safepoint: 33500 ns, Cleanup: 227200 ns, At safepoint: 6200 ns, Total: 266900 ns
[2023-05-19T00:03:06.661+0000][174][info ][safepoint   ] Safepoint "Cleanup", Time since last: 4000770800 ns, Reaching safepoint: 13000 ns, Cleanup: 149700 ns, At safepoint: 3800 ns, Total: 166500 ns
[2023-05-19T00:03:09.661+0000][174][info ][safepoint   ] Safepoint "Cleanup", Time since last: 3000555200 ns, Reaching safepoint: 13000 ns, Cleanup: 293300 ns, At safepoint: 12400 ns, Total: 318700 ns
[2023-05-19T00:03:32.664+0000][174][info ][safepoint   ] Safepoint "Cleanup", Time since last: 23002629500 ns, Reaching safepoint: 34400 ns, Cleanup: 166600 ns, At safepoint: 7600 ns, Total: 208600 ns
[2023-05-19T00:03:49.666+0000][174][info ][safepoint   ] Safepoint "Cleanup", Time since last: 17001920700 ns, Reaching safepoint: 43000 ns, Cleanup: 207400 ns, At safepoint: 18400 ns, Total: 268800 ns
[2023-05-19T00:03:56.668+0000][174][info ][safepoint   ] Safepoint "Cleanup", Time since last: 7000955400 ns, Reaching safepoint: 15400 ns, Cleanup: 195100 ns, At safepoint: 9100 ns, Total: 219600 ns
[2023-05-19T00:04:02.669+0000][174][info ][safepoint   ] Safepoint "Cleanup", Time since last: 6000807200 ns, Reaching safepoint: 13300 ns, Cleanup: 173900 ns, At safepoint: 5700 ns, Total: 192900 ns
[2023-05-19T00:04:03.669+0000][174][info ][safepoint   ] Safepoint "Cleanup", Time since last: 1000435700 ns, Reaching safepoint: 54000 ns, Cleanup: 224200 ns, At safepoint: 23800 ns, Total: 302000 ns
[2023-05-19T00:04:30.672+0000][174][info ][safepoint   ] Safepoint "Cleanup", Time since last: 27002938500 ns, Reaching safepoint: 30800 ns, Cleanup: 163000 ns, At safepoint: 6500 ns, Total: 200300 ns
[2023-05-19T00:04:32.673+0000][174][info ][safepoint   ] Safepoint "Cleanup", Time since last: 2000476000 ns, Reaching safepoint: 31400 ns, Cleanup: 154500 ns, At safepoint: 7300 ns, Total: 193200 ns
[2023-05-19T00:04:35.674+0000][174][info ][safepoint   ] Safepoint "Cleanup", Time since last: 3000545300 ns, Reaching safepoint: 15000 ns, Cleanup: 167900 ns, At safepoint: 7500 ns, Total: 190400 ns
[2023-05-19T00:04:36.674+0000][174][info ][safepoint   ] Safepoint "Cleanup", Time since last: 1000393500 ns, Reaching safepoint: 13500 ns, Cleanup: 147600 ns, At safepoint: 5400 ns, Total: 166500 ns
[2023-05-19T00:04:39.675+0000][174][info ][safepoint   ] Safepoint "Cleanup", Time since last: 3000537400 ns, Reaching safepoint: 13400 ns, Cleanup: 175800 ns, At safepoint: 6800 ns, Total: 196000 ns
[2023-05-19T00:04:49.677+0000][174][info ][safepoint   ] Safepoint "Cleanup", Time since last: 10001280600 ns, Reaching safepoint: 32100 ns, Cleanup: 165700 ns, At safepoint: 7900 ns, Total: 205700 ns
[2023-05-19T00:05:05.679+0000][174][info ][safepoint   ] Safepoint "Cleanup", Time since last: 16001944100 ns, Reaching safepoint: 28800 ns, Cleanup: 150800 ns, At safepoint: 5000 ns, Total: 184600 ns
[2023-05-19T00:05:30.682+0000][174][info ][safepoint   ] Safepoint "Cleanup", Time since last: 25002885300 ns, Reaching safepoint: 32600 ns, Cleanup: 141800 ns, At safepoint: 9600 ns, Total: 184000 ns
[2023-05-19T00:05:32.683+0000][174][info ][safepoint   ] Safepoint "Cleanup", Time since last: 2000449300 ns, Reaching safepoint: 22900 ns, Cleanup: 218800 ns, At safepoint: 11400 ns, Total: 253100 ns
[2023-05-19T00:05:33.683+0000][174][info ][safepoint   ] Safepoint "Cleanup", Time since last: 1000505100 ns, Reaching safepoint: 14600 ns, Cleanup: 227800 ns, At safepoint: 5300 ns, Total: 247700 ns
[2023-05-19T00:05:34.684+0000][174][info ][safepoint   ] Safepoint "Cleanup", Time since last: 1000451200 ns, Reaching safepoint: 29700 ns, Cleanup: 194300 ns, At safepoint: 5200 ns, Total: 229200 ns
[2023-05-19T00:05:35.685+0000][174][info ][safepoint   ] Safepoint "Cleanup", Time since last: 1000357200 ns, Reaching safepoint: 12100 ns, Cleanup: 143200 ns, At safepoint: 4100 ns, Total: 159400 ns
[2023-05-19T00:05:59.687+0000][174][info ][safepoint   ] Safepoint "Cleanup", Time since last: 24002682900 ns, Reaching safepoint: 38400 ns, Cleanup: 182300 ns, At safepoint: 11000 ns, Total: 231700 ns
[2023-05-19T00:06:02.688+0000][174][info ][safepoint   ] Safepoint "Cleanup", Time since last: 3000606000 ns, Reaching safepoint: 13300 ns, Cleanup: 221300 ns, At safepoint: 11200 ns, Total: 245800 ns
[2023-05-19T00:06:04.689+0000][174][info ][safepoint   ] Safepoint "Cleanup", Time since last: 2000573800 ns, Reaching safepoint: 13700 ns, Cleanup: 161100 ns, At safepoint: 7600 ns, Total: 182400 ns
[2023-05-19T00:06:18.772+0000][174][info ][gc,start    ] GC(27) Pause Young (Concurrent Start) (G1 Evacuation Pause)
[2023-05-19T00:06:18.772+0000][174][info ][gc,task     ] GC(27) Using 8 workers of 8 for evacuation
[2023-05-19T00:06:18.772+0000][174][debug][gc,age      ] GC(27) Desired survivor size 8388608 bytes, new threshold 1 (max threshold 15)
[2023-05-19T00:06:18.783+0000][174][info ][gc,phases   ] GC(27)   Pre Evacuate Collection Set: 0.2ms
[2023-05-19T00:06:18.783+0000][174][info ][gc,phases   ] GC(27)   Merge Heap Roots: 0.2ms
[2023-05-19T00:06:18.784+0000][174][info ][gc,phases   ] GC(27)   Evacuate Collection Set: 8.7ms
[2023-05-19T00:06:18.784+0000][174][info ][gc,phases   ] GC(27)   Post Evacuate Collection Set: 1.1ms
[2023-05-19T00:06:18.784+0000][174][info ][gc,phases   ] GC(27)   Other: 0.5ms
[2023-05-19T00:06:18.785+0000][174][trace][gc,age      ] GC(27) Age table with threshold 1 (max threshold 15)
[2023-05-19T00:06:18.785+0000][174][trace][gc,age      ] GC(27) - age   1:      76600 bytes,      76600 total
[2023-05-19T00:06:18.785+0000][174][info ][gc,heap     ] GC(27) Eden regions: 25->0(28)
[2023-05-19T00:06:18.785+0000][174][info ][gc,heap     ] GC(27) Survivor regions: 5->1(4)
[2023-05-19T00:06:18.786+0000][174][info ][gc,heap     ] GC(27) Old regions: 18->23
[2023-05-19T00:06:18.786+0000][174][info ][gc,heap     ] GC(27) Archive regions: 2->2
[2023-05-19T00:06:18.786+0000][174][info ][gc,heap     ] GC(27) Humongous regions: 2->2
[2023-05-19T00:06:18.786+0000][174][info ][gc,metaspace] GC(27) Metaspace: 123153K(126400K)->123153K(126400K) NonClass: 106364K(108032K)->106364K(108032K) Class: 16788K(18368K)->16788K(18368K)
[2023-05-19T00:06:18.786+0000][174][info ][gc          ] GC(27) Pause Young (Concurrent Start) (G1 Evacuation Pause) 201M->102M(256M) 14.237ms
[2023-05-19T00:06:18.786+0000][174][info ][gc          ] GC(28) Concurrent Mark Cycle
[2023-05-19T00:06:18.786+0000][174][info ][gc,cpu      ] GC(27) User=0.03s Sys=0.02s Real=0.02s
[2023-05-19T00:06:18.787+0000][174][info ][gc,marking  ] GC(28) Concurrent Scan Root Regions
[2023-05-19T00:06:18.787+0000][174][info ][safepoint   ] Safepoint "G1CollectForAllocation", Time since last: 14082762200 ns, Reaching safepoint: 17100 ns, Cleanup: 158100 ns, At safepoint: 14891300 ns, Total: 15066500 ns
[2023-05-19T00:06:18.797+0000][174][info ][gc,marking  ] GC(28) Concurrent Scan Root Regions 10.214ms
[2023-05-19T00:06:18.797+0000][174][info ][gc,marking  ] GC(28) Concurrent Mark
[2023-05-19T00:06:18.797+0000][174][info ][gc,marking  ] GC(28) Concurrent Mark From Roots
[2023-05-19T00:06:18.797+0000][174][info ][gc,task     ] GC(28) Using 2 workers of 2 for marking
[2023-05-19T00:06:18.850+0000][174][info ][gc,marking  ] GC(28) Concurrent Mark From Roots 53.127ms
[2023-05-19T00:06:18.851+0000][174][info ][gc,marking  ] GC(28) Concurrent Preclean
[2023-05-19T00:06:18.852+0000][174][info ][gc,marking  ] GC(28) Concurrent Preclean 0.898ms
[2023-05-19T00:06:18.852+0000][174][info ][gc,start    ] GC(28) Pause Remark
[2023-05-19T00:06:18.868+0000][174][info ][gc          ] GC(28) Pause Remark 103M->103M(256M) 15.430ms
[2023-05-19T00:06:18.868+0000][174][info ][gc,cpu      ] GC(28) User=0.05s Sys=0.01s Real=0.02s
[2023-05-19T00:06:18.868+0000][174][info ][safepoint   ] Safepoint "G1PauseRemark", Time since last: 65087800 ns, Reaching safepoint: 11900 ns, Cleanup: 193400 ns, At safepoint: 15965400 ns, Total: 16170700 ns
[2023-05-19T00:06:18.868+0000][174][info ][gc,marking  ] GC(28) Concurrent Mark 71.359ms
[2023-05-19T00:06:18.869+0000][174][info ][gc,marking  ] GC(28) Concurrent Rebuild Remembered Sets and Scrub Regions
[2023-05-19T00:06:18.912+0000][174][info ][gc,marking  ] GC(28) Concurrent Rebuild Remembered Sets and Scrub Regions 43.079ms
[2023-05-19T00:06:18.912+0000][174][info ][gc,start    ] GC(28) Pause Cleanup
[2023-05-19T00:06:18.913+0000][174][info ][gc          ] GC(28) Pause Cleanup 103M->103M(256M) 0.345ms
[2023-05-19T00:06:18.913+0000][174][info ][gc,cpu      ] GC(28) User=0.00s Sys=0.00s Real=0.01s
[2023-05-19T00:06:18.913+0000][174][info ][safepoint   ] Safepoint "G1PauseCleanup", Time since last: 43901000 ns, Reaching safepoint: 94000 ns, Cleanup: 183600 ns, At safepoint: 821600 ns, Total: 1099200 ns
[2023-05-19T00:06:18.913+0000][174][info ][gc,marking  ] GC(28) Concurrent Clear Claimed Marks
[2023-05-19T00:06:18.914+0000][174][info ][gc,marking  ] GC(28) Concurrent Clear Claimed Marks 0.371ms
[2023-05-19T00:06:18.914+0000][174][info ][gc,marking  ] GC(28) Concurrent Cleanup for Next Mark
[2023-05-19T00:06:18.914+0000][174][info ][gc,marking  ] GC(28) Concurrent Cleanup for Next Mark 0.481ms
[2023-05-19T00:06:18.915+0000][174][info ][gc          ] GC(28) Concurrent Mark Cycle 128.229ms
[2023-05-19T00:06:31.915+0000][174][info ][safepoint   ] Safepoint "Cleanup", Time since last: 13001569100 ns, Reaching safepoint: 36600 ns, Cleanup: 129200 ns, At safepoint: 63700 ns, Total: 229500 ns
[2023-05-19T00:06:35.916+0000][174][info ][safepoint   ] Safepoint "Cleanup", Time since last: 4000687800 ns, Reaching safepoint: 13500 ns, Cleanup: 151000 ns, At safepoint: 5800 ns, Total: 170300 ns
[2023-05-19T00:07:10.920+0000][174][info ][safepoint   ] Safepoint "Cleanup", Time since last: 35003967500 ns, Reaching safepoint: 32300 ns, Cleanup: 154100 ns, At safepoint: 7500 ns, Total: 193900 ns
[2023-05-19T00:07:16.921+0000][174][info ][safepoint   ] Safepoint "Cleanup", Time since last: 6000835000 ns, Reaching safepoint: 30800 ns, Cleanup: 162300 ns, At safepoint: 6300 ns, Total: 199400 ns
[2023-05-19T00:07:26.922+0000][174][info ][safepoint   ] Safepoint "Cleanup", Time since last: 10001241900 ns, Reaching safepoint: 13200 ns, Cleanup: 155600 ns, At safepoint: 6700 ns, Total: 175500 ns
[2023-05-19T00:07:31.923+0000][174][info ][safepoint   ] Safepoint "Cleanup", Time since last: 5000751900 ns, Reaching safepoint: 11800 ns, Cleanup: 140200 ns, At safepoint: 4600 ns, Total: 156600 ns
[2023-05-19T00:07:32.924+0000][174][info ][safepoint   ] Safepoint "Cleanup", Time since last: 1000322900 ns, Reaching safepoint: 20500 ns, Cleanup: 214400 ns, At safepoint: 12400 ns, Total: 247300 ns
[2023-05-19T00:08:01.927+0000][174][info ][safepoint   ] Safepoint "Cleanup", Time since last: 29003187300 ns, Reaching safepoint: 32300 ns, Cleanup: 167400 ns, At safepoint: 6600 ns, Total: 206300 ns
[2023-05-19T00:08:05.928+0000][174][info ][safepoint   ] Safepoint "Cleanup", Time since last: 4000667100 ns, Reaching safepoint: 31100 ns, Cleanup: 197900 ns, At safepoint: 17200 ns, Total: 246200 ns
[2023-05-19T00:08:33.932+0000][174][info ][safepoint   ] Safepoint "Cleanup", Time since last: 28003211300 ns, Reaching safepoint: 30500 ns, Cleanup: 151500 ns, At safepoint: 4100 ns, Total: 186100 ns
[2023-05-19T00:09:01.935+0000][174][info ][safepoint   ] Safepoint "Cleanup", Time since last: 28002988700 ns, Reaching safepoint: 27800 ns, Cleanup: 148900 ns, At safepoint: 3900 ns, Total: 180600 ns
[2023-05-19T00:09:03.936+0000][174][info ][safepoint   ] Safepoint "Cleanup", Time since last: 2000506900 ns, Reaching safepoint: 12900 ns, Cleanup: 212900 ns, At safepoint: 15500 ns, Total: 241300 ns
[2023-05-19T00:09:31.939+0000][174][info ][safepoint   ] Safepoint "Cleanup", Time since last: 28003411100 ns, Reaching safepoint: 25900 ns, Cleanup: 204300 ns, At safepoint: 7400 ns, Total: 237600 ns
[2023-05-19T00:09:33.940+0000][174][info ][safepoint   ] Safepoint "Cleanup", Time since last: 2000461500 ns, Reaching safepoint: 13200 ns, Cleanup: 173400 ns, At safepoint: 5100 ns, Total: 191700 ns
[2023-05-19T00:09:35.941+0000][174][info ][safepoint   ] Safepoint "Cleanup", Time since last: 2000609200 ns, Reaching safepoint: 23000 ns, Cleanup: 216900 ns, At safepoint: 6300 ns, Total: 246200 ns
[2023-05-19T00:10:01.944+0000][174][info ][safepoint   ] Safepoint "Cleanup", Time since last: 26003016600 ns, Reaching safepoint: 30100 ns, Cleanup: 177300 ns, At safepoint: 5000 ns, Total: 212400 ns
[2023-05-19T00:10:06.945+0000][174][info ][safepoint   ] Safepoint "Cleanup", Time since last: 5000874000 ns, Reaching safepoint: 30800 ns, Cleanup: 140800 ns, At safepoint: 5700 ns, Total: 177300 ns
[2023-05-19T00:10:08.861+0000][174][info ][gc,start    ] GC(29) Pause Young (Prepare Mixed) (G1 Evacuation Pause)
[2023-05-19T00:10:08.862+0000][174][info ][gc,task     ] GC(29) Using 8 workers of 8 for evacuation
[2023-05-19T00:10:08.862+0000][174][debug][gc,age      ] GC(29) Desired survivor size 8388608 bytes, new threshold 15 (max threshold 15)
[2023-05-19T00:10:08.865+0000][174][info ][gc,phases   ] GC(29)   Pre Evacuate Collection Set: 0.2ms
[2023-05-19T00:10:08.865+0000][174][info ][gc,phases   ] GC(29)   Merge Heap Roots: 0.1ms
[2023-05-19T00:10:08.865+0000][174][info ][gc,phases   ] GC(29)   Evacuate Collection Set: 1.7ms
[2023-05-19T00:10:08.865+0000][174][info ][gc,phases   ] GC(29)   Post Evacuate Collection Set: 0.8ms
[2023-05-19T00:10:08.866+0000][174][info ][gc,phases   ] GC(29)   Other: 0.5ms
[2023-05-19T00:10:08.866+0000][174][trace][gc,age      ] GC(29) Age table with threshold 15 (max threshold 15)
[2023-05-19T00:10:08.866+0000][174][trace][gc,age      ] GC(29) - age   1:     848944 bytes,     848944 total
[2023-05-19T00:10:08.866+0000][174][trace][gc,age      ] GC(29) - age   2:      55192 bytes,     904136 total
[2023-05-19T00:10:08.866+0000][174][info ][gc,heap     ] GC(29) Eden regions: 28->0(28)
[2023-05-19T00:10:08.867+0000][174][info ][gc,heap     ] GC(29) Survivor regions: 1->1(4)
[2023-05-19T00:10:08.867+0000][174][info ][gc,heap     ] GC(29) Old regions: 23->23
[2023-05-19T00:10:08.867+0000][174][info ][gc,heap     ] GC(29) Archive regions: 2->2
[2023-05-19T00:10:08.867+0000][174][info ][gc,heap     ] GC(29) Humongous regions: 2->2
[2023-05-19T00:10:08.867+0000][174][info ][gc,metaspace] GC(29) Metaspace: 122702K(126400K)->122702K(126400K) NonClass: 106044K(108032K)->106044K(108032K) Class: 16657K(18368K)->16657K(18368K)
[2023-05-19T00:10:08.867+0000][174][info ][gc          ] GC(29) Pause Young (Prepare Mixed) (G1 Evacuation Pause) 214M->101M(256M) 6.170ms
[2023-05-19T00:10:08.868+0000][174][info ][gc,cpu      ] GC(29) User=0.02s Sys=0.00s Real=0.01s
[2023-05-19T00:10:08.868+0000][174][info ][safepoint   ] Safepoint "G1CollectForAllocation", Time since last: 1916173500 ns, Reaching safepoint: 12000 ns, Cleanup: 144600 ns, At safepoint: 6620700 ns, Total: 6777300 ns
[2023-05-19T00:10:30.870+0000][174][info ][safepoint   ] Safepoint "Cleanup", Time since last: 22002365500 ns, Reaching safepoint: 30700 ns, Cleanup: 158800 ns, At safepoint: 7300 ns, Total: 196800 ns
[2023-05-19T00:10:50.873+0000][174][info ][safepoint   ] Safepoint "Cleanup", Time since last: 20002310500 ns, Reaching safepoint: 55500 ns, Cleanup: 171900 ns, At safepoint: 7200 ns, Total: 234600 ns
[2023-05-19T00:10:52.874+0000][174][info ][safepoint   ] Safepoint "Cleanup", Time since last: 2000427500 ns, Reaching safepoint: 23100 ns, Cleanup: 170800 ns, At safepoint: 4800 ns, Total: 198700 ns
[2023-05-19T00:11:03.875+0000][174][info ][safepoint   ] Safepoint "Cleanup", Time since last: 11001492700 ns, Reaching safepoint: 33400 ns, Cleanup: 230100 ns, At safepoint: 5600 ns, Total: 269100 ns
[2023-05-19T00:11:35.879+0000][174][info ][safepoint   ] Safepoint "Cleanup", Time since last: 32003907300 ns, Reaching safepoint: 29200 ns, Cleanup: 136900 ns, At safepoint: 5200 ns, Total: 171300 ns
[2023-05-19T00:12:31.886+0000][174][info ][safepoint   ] Safepoint "Cleanup", Time since last: 56006137800 ns, Reaching safepoint: 13800 ns, Cleanup: 156100 ns, At safepoint: 6800 ns, Total: 176700 ns
[2023-05-19T00:12:33.886+0000][174][info ][safepoint   ] Safepoint "Cleanup", Time since last: 2000442300 ns, Reaching safepoint: 13400 ns, Cleanup: 158800 ns, At safepoint: 7500 ns, Total: 179700 ns
[2023-05-19T00:12:35.887+0000][174][info ][safepoint   ] Safepoint "Cleanup", Time since last: 2000414300 ns, Reaching safepoint: 45800 ns, Cleanup: 180800 ns, At safepoint: 9200 ns, Total: 235800 ns
[2023-05-19T00:13:02.890+0000][174][info ][safepoint   ] Safepoint "Cleanup", Time since last: 27002951200 ns, Reaching safepoint: 29100 ns, Cleanup: 209600 ns, At safepoint: 6500 ns, Total: 245200 ns
[2023-05-19T00:13:06.891+0000][174][info ][safepoint   ] Safepoint "Cleanup", Time since last: 4000582400 ns, Reaching safepoint: 11800 ns, Cleanup: 179300 ns, At safepoint: 5600 ns, Total: 196700 ns
[2023-05-19T00:13:29.894+0000][174][info ][safepoint   ] Safepoint "Cleanup", Time since last: 23002589800 ns, Reaching safepoint: 30800 ns, Cleanup: 192400 ns, At safepoint: 8600 ns, Total: 231800 ns
[2023-05-19T00:13:32.895+0000][174][info ][safepoint   ] Safepoint "Cleanup", Time since last: 3000749800 ns, Reaching safepoint: 18500 ns, Cleanup: 192900 ns, At safepoint: 6900 ns, Total: 218300 ns
[2023-05-19T00:13:45.897+0000][174][info ][safepoint   ] Safepoint "Cleanup", Time since last: 13001524500 ns, Reaching safepoint: 29300 ns, Cleanup: 129200 ns, At safepoint: 9800 ns, Total: 168300 ns
[2023-05-19T00:15:33.908+0000][174][info ][safepoint   ] Safepoint "Cleanup", Time since last: 108011225700 ns, Reaching safepoint: 48200 ns, Cleanup: 181100 ns, At safepoint: 10500 ns, Total: 239800 ns
[2023-05-19T00:15:35.909+0000][174][info ][safepoint   ] Safepoint "Cleanup", Time since last: 2000528000 ns, Reaching safepoint: 31100 ns, Cleanup: 157900 ns, At safepoint: 8100 ns, Total: 197100 ns
[2023-05-19T00:16:32.915+0000][174][info ][safepoint   ] Safepoint "Cleanup", Time since last: 57005969200 ns, Reaching safepoint: 53400 ns, Cleanup: 184700 ns, At safepoint: 55300 ns, Total: 293400 ns
[2023-05-19T00:16:34.916+0000][174][info ][safepoint   ] Safepoint "Cleanup", Time since last: 2000490500 ns, Reaching safepoint: 45100 ns, Cleanup: 244000 ns, At safepoint: 14300 ns, Total: 303400 ns
[2023-05-19T00:16:35.916+0000][174][info ][safepoint   ] Safepoint "Cleanup", Time since last: 1000424000 ns, Reaching safepoint: 14000 ns, Cleanup: 95500 ns, At safepoint: 10700 ns, Total: 120200 ns
[2023-05-19T00:16:40.917+0000][174][info ][safepoint   ] Safepoint "Cleanup", Time since last: 5000853500 ns, Reaching safepoint: 12400 ns, Cleanup: 142700 ns, At safepoint: 4000 ns, Total: 159100 ns
[2023-05-19T00:17:02.920+0000][174][info ][safepoint   ] Safepoint "Cleanup", Time since last: 22002361700 ns, Reaching safepoint: 29900 ns, Cleanup: 214200 ns, At safepoint: 15400 ns, Total: 259500 ns
[2023-05-19T00:17:04.921+0000][174][info ][safepoint   ] Safepoint "Cleanup", Time since last: 2000594900 ns, Reaching safepoint: 11800 ns, Cleanup: 170800 ns, At safepoint: 5800 ns, Total: 188400 ns
[2023-05-19T00:17:32.924+0000][174][info ][safepoint   ] Safepoint "Cleanup", Time since last: 28003336600 ns, Reaching safepoint: 32400 ns, Cleanup: 188600 ns, At safepoint: 9200 ns, Total: 230200 ns
[2023-05-19T00:17:34.925+0000][174][info ][safepoint   ] Safepoint "Cleanup", Time since last: 2000540000 ns, Reaching safepoint: 12200 ns, Cleanup: 189700 ns, At safepoint: 5500 ns, Total: 207400 ns
[2023-05-19T00:17:42.926+0000][174][info ][safepoint   ] Safepoint "Cleanup", Time since last: 8001068100 ns, Reaching safepoint: 29000 ns, Cleanup: 187300 ns, At safepoint: 8100 ns, Total: 224400 ns
[2023-05-19T00:18:29.028+0000][174][info ][gc,start    ] GC(30) Pause Young (Mixed) (G1 Evacuation Pause)
[2023-05-19T00:18:29.028+0000][174][info ][gc,task     ] GC(30) Using 8 workers of 8 for evacuation
[2023-05-19T00:18:29.028+0000][174][debug][gc,age      ] GC(30) Desired survivor size 8388608 bytes, new threshold 15 (max threshold 15)
[2023-05-19T00:18:29.033+0000][174][info ][gc,phases   ] GC(30)   Pre Evacuate Collection Set: 0.2ms
[2023-05-19T00:18:29.033+0000][174][info ][gc,phases   ] GC(30)   Merge Heap Roots: 0.1ms
[2023-05-19T00:18:29.034+0000][174][info ][gc,phases   ] GC(30)   Evacuate Collection Set: 3.6ms
[2023-05-19T00:18:29.034+0000][174][info ][gc,phases   ] GC(30)   Post Evacuate Collection Set: 1.0ms
[2023-05-19T00:18:29.034+0000][174][info ][gc,phases   ] GC(30)   Other: 0.4ms
[2023-05-19T00:18:29.035+0000][174][trace][gc,age      ] GC(30) Age table with threshold 15 (max threshold 15)
[2023-05-19T00:18:29.035+0000][174][trace][gc,age      ] GC(30) - age   1:      38048 bytes,      38048 total
[2023-05-19T00:18:29.035+0000][174][trace][gc,age      ] GC(30) - age   2:     802784 bytes,     840832 total
[2023-05-19T00:18:29.036+0000][174][trace][gc,age      ] GC(30) - age   3:      55160 bytes,     895992 total
[2023-05-19T00:18:29.036+0000][174][info ][gc,heap     ] GC(30) Eden regions: 28->0(29)
[2023-05-19T00:18:29.036+0000][174][info ][gc,heap     ] GC(30) Survivor regions: 1->1(4)
[2023-05-19T00:18:29.036+0000][174][info ][gc,heap     ] GC(30) Old regions: 23->22
[2023-05-19T00:18:29.037+0000][174][info ][gc,heap     ] GC(30) Archive regions: 2->2
[2023-05-19T00:18:29.037+0000][174][info ][gc,heap     ] GC(30) Humongous regions: 2->2
[2023-05-19T00:18:29.037+0000][174][info ][gc,metaspace] GC(30) Metaspace: 122925K(126464K)->122925K(126464K) NonClass: 106264K(108096K)->106264K(108096K) Class: 16661K(18368K)->16661K(18368K)
[2023-05-19T00:18:29.037+0000][174][info ][gc          ] GC(30) Pause Young (Mixed) (G1 Evacuation Pause) 213M->100M(256M) 9.531ms
[2023-05-19T00:18:29.037+0000][174][info ][gc,cpu      ] GC(30) User=0.01s Sys=0.01s Real=0.01s
[2023-05-19T00:18:29.038+0000][174][info ][safepoint   ] Safepoint "G1CollectForAllocation", Time since last: 46101069400 ns, Reaching safepoint: 18100 ns, Cleanup: 160800 ns, At safepoint: 9935600 ns, Total: 10114500 ns
[2023-05-19T00:18:32.038+0000][174][info ][safepoint   ] Safepoint "Cleanup", Time since last: 3000544500 ns, Reaching safepoint: 10500 ns, Cleanup: 208700 ns, At safepoint: 9100 ns, Total: 228300 ns
[2023-05-19T00:18:51.041+0000][174][info ][safepoint   ] Safepoint "Cleanup", Time since last: 19002192000 ns, Reaching safepoint: 28500 ns, Cleanup: 207800 ns, At safepoint: 7800 ns, Total: 244100 ns
[2023-05-19T00:18:55.042+0000][174][info ][safepoint   ] Safepoint "Cleanup", Time since last: 4000739100 ns, Reaching safepoint: 10500 ns, Cleanup: 195100 ns, At safepoint: 5000 ns, Total: 210600 ns
[2023-05-19T00:18:56.042+0000][174][info ][safepoint   ] Safepoint "Cleanup", Time since last: 1000442300 ns, Reaching safepoint: 28700 ns, Cleanup: 303300 ns, At safepoint: 14100 ns, Total: 346100 ns
[2023-05-19T00:19:38.047+0000][174][info ][safepoint   ] Safepoint "Cleanup", Time since last: 42004452200 ns, Reaching safepoint: 31100 ns, Cleanup: 214300 ns, At safepoint: 6000 ns, Total: 251400 ns
[2023-05-19T00:20:02.050+0000][174][info ][safepoint   ] Safepoint "Cleanup", Time since last: 24002801100 ns, Reaching safepoint: 38600 ns, Cleanup: 150000 ns, At safepoint: 10300 ns, Total: 198900 ns
[2023-05-19T00:20:16.052+0000][174][info ][safepoint   ] Safepoint "Cleanup", Time since last: 14001720200 ns, Reaching safepoint: 34700 ns, Cleanup: 211500 ns, At safepoint: 12900 ns, Total: 259100 ns
[2023-05-19T00:20:29.054+0000][174][info ][safepoint   ] Safepoint "Cleanup", Time since last: 13001498100 ns, Reaching safepoint: 10900 ns, Cleanup: 162200 ns, At safepoint: 5400 ns, Total: 178500 ns
[2023-05-19T00:20:37.055+0000][174][info ][safepoint   ] Safepoint "Cleanup", Time since last: 8001044600 ns, Reaching safepoint: 67200 ns, Cleanup: 199000 ns, At safepoint: 5800 ns, Total: 272000 ns
[2023-05-19T00:20:38.056+0000][174][info ][safepoint   ] Safepoint "Cleanup", Time since last: 1000365700 ns, Reaching safepoint: 11300 ns, Cleanup: 152000 ns, At safepoint: 5400 ns, Total: 168700 ns
[2023-05-19T00:21:02.058+0000][174][info ][safepoint   ] Safepoint "Cleanup", Time since last: 24002627700 ns, Reaching safepoint: 29200 ns, Cleanup: 153100 ns, At safepoint: 4000 ns, Total: 186300 ns
[2023-05-19T00:21:32.062+0000][174][info ][safepoint   ] Safepoint "Cleanup", Time since last: 30003126200 ns, Reaching safepoint: 29200 ns, Cleanup: 160000 ns, At safepoint: 5900 ns, Total: 195100 ns
[2023-05-19T00:22:04.065+0000][174][info ][safepoint   ] Safepoint "Cleanup", Time since last: 32003419500 ns, Reaching safepoint: 28700 ns, Cleanup: 161400 ns, At safepoint: 7900 ns, Total: 198000 ns
[2023-05-19T00:22:38.073+0000][174][info ][safepoint   ] Safepoint "Cleanup", Time since last: 34007760300 ns, Reaching safepoint: 11600 ns, Cleanup: 167200 ns, At safepoint: 6300 ns, Total: 185100 ns
[2023-05-19T00:23:07.077+0000][174][info ][safepoint   ] Safepoint "Cleanup", Time since last: 29003148700 ns, Reaching safepoint: 31900 ns, Cleanup: 196700 ns, At safepoint: 6700 ns, Total: 235300 ns
[2023-05-19T00:23:08.541+0000][174][info ][safepoint   ] Safepoint "Cleanup", Time since last: 1464313500 ns, Reaching safepoint: 11900 ns, Cleanup: 178800 ns, At safepoint: 6400 ns, Total: 197100 ns
[2023-05-19T00:23:20.566+0000][174][info ][safepoint   ] Safepoint "Cleanup", Time since last: 12024860100 ns, Reaching safepoint: 30700 ns, Cleanup: 144400 ns, At safepoint: 5900 ns, Total: 181000 ns
[2023-05-19T00:23:30.568+0000][174][info ][safepoint   ] Safepoint "Cleanup", Time since last: 10001316700 ns, Reaching safepoint: 10400 ns, Cleanup: 192300 ns, At safepoint: 5900 ns, Total: 208600 ns
[2023-05-19T00:23:31.568+0000][174][info ][safepoint   ] Safepoint "Cleanup", Time since last: 1000300000 ns, Reaching safepoint: 10200 ns, Cleanup: 137200 ns, At safepoint: 5200 ns, Total: 152600 ns
[2023-05-19T00:23:32.569+0000][174][info ][safepoint   ] Safepoint "Cleanup", Time since last: 1000310100 ns, Reaching safepoint: 14600 ns, Cleanup: 188300 ns, At safepoint: 9400 ns, Total: 212300 ns
[2023-05-19T00:23:34.570+0000][174][info ][safepoint   ] Safepoint "Cleanup", Time since last: 2000587100 ns, Reaching safepoint: 12900 ns, Cleanup: 193400 ns, At safepoint: 6300 ns, Total: 212600 ns
[2023-05-19T00:24:07.573+0000][174][info ][safepoint   ] Safepoint "Cleanup", Time since last: 33003563000 ns, Reaching safepoint: 29400 ns, Cleanup: 168400 ns, At safepoint: 7100 ns, Total: 204900 ns
[2023-05-19T00:24:15.575+0000][174][info ][safepoint   ] Safepoint "Cleanup", Time since last: 8001315100 ns, Reaching safepoint: 12900 ns, Cleanup: 169700 ns, At safepoint: 9400 ns, Total: 192000 ns
[2023-05-19T00:24:32.577+0000][174][info ][safepoint   ] Safepoint "Cleanup", Time since last: 17001903600 ns, Reaching safepoint: 30200 ns, Cleanup: 188300 ns, At safepoint: 32500 ns, Total: 251000 ns
[2023-05-19T00:24:33.578+0000][174][info ][safepoint   ] Safepoint "Cleanup", Time since last: 1000356900 ns, Reaching safepoint: 13200 ns, Cleanup: 188700 ns, At safepoint: 7100 ns, Total: 209000 ns
[2023-05-19T00:24:39.579+0000][174][info ][safepoint   ] Safepoint "Cleanup", Time since last: 6001061700 ns, Reaching safepoint: 11700 ns, Cleanup: 150400 ns, At safepoint: 5400 ns, Total: 167500 ns
[2023-05-19T00:24:47.580+0000][174][info ][safepoint   ] Safepoint "Cleanup", Time since last: 8001012500 ns, Reaching safepoint: 12700 ns, Cleanup: 153500 ns, At safepoint: 7900 ns, Total: 174100 ns
[2023-05-19T00:25:21.584+0000][174][info ][safepoint   ] Safepoint "Cleanup", Time since last: 34003790100 ns, Reaching safepoint: 12000 ns, Cleanup: 188400 ns, At safepoint: 5700 ns, Total: 206100 ns
[2023-05-19T00:25:22.585+0000][174][info ][safepoint   ] Safepoint "Cleanup", Time since last: 1000410800 ns, Reaching safepoint: 12600 ns, Cleanup: 149200 ns, At safepoint: 6100 ns, Total: 167900 ns
[2023-05-19T00:25:23.585+0000][174][info ][safepoint   ] Safepoint "Cleanup", Time since last: 1000319100 ns, Reaching safepoint: 34900 ns, Cleanup: 255500 ns, At safepoint: 7600 ns, Total: 298000 ns
[2023-05-19T00:25:24.586+0000][174][info ][safepoint   ] Safepoint "Cleanup", Time since last: 1000547200 ns, Reaching safepoint: 12400 ns, Cleanup: 134300 ns, At safepoint: 7500 ns, Total: 154200 ns
[2023-05-19T00:25:26.587+0000][174][info ][safepoint   ] Safepoint "Cleanup", Time since last: 2000473200 ns, Reaching safepoint: 13200 ns, Cleanup: 184600 ns, At safepoint: 9800 ns, Total: 207600 ns
[2023-05-19T00:25:27.618+0000][174][info ][gc,start    ] GC(31) Pause Young (Concurrent Start) (G1 Evacuation Pause)
[2023-05-19T00:25:27.618+0000][174][info ][gc,task     ] GC(31) Using 8 workers of 8 for evacuation
[2023-05-19T00:25:27.618+0000][174][debug][gc,age      ] GC(31) Desired survivor size 8388608 bytes, new threshold 15 (max threshold 15)
[2023-05-19T00:25:27.622+0000][174][info ][gc,phases   ] GC(31)   Pre Evacuate Collection Set: 0.2ms
[2023-05-19T00:25:27.622+0000][174][info ][gc,phases   ] GC(31)   Merge Heap Roots: 0.1ms
[2023-05-19T00:25:27.622+0000][174][info ][gc,phases   ] GC(31)   Evacuate Collection Set: 2.4ms
[2023-05-19T00:25:27.622+0000][174][info ][gc,phases   ] GC(31)   Post Evacuate Collection Set: 0.8ms
[2023-05-19T00:25:27.623+0000][174][info ][gc,phases   ] GC(31)   Other: 0.5ms
[2023-05-19T00:25:27.623+0000][174][trace][gc,age      ] GC(31) Age table with threshold 15 (max threshold 15)
[2023-05-19T00:25:27.623+0000][174][trace][gc,age      ] GC(31) - age   1:    1606328 bytes,    1606328 total
[2023-05-19T00:25:27.623+0000][174][trace][gc,age      ] GC(31) - age   2:      14960 bytes,    1621288 total
[2023-05-19T00:25:27.623+0000][174][trace][gc,age      ] GC(31) - age   3:     785832 bytes,    2407120 total
[2023-05-19T00:25:27.623+0000][174][trace][gc,age      ] GC(31) - age   4:      55128 bytes,    2462248 total
[2023-05-19T00:25:27.624+0000][174][info ][gc,heap     ] GC(31) Eden regions: 29->0(29)
[2023-05-19T00:25:27.624+0000][174][info ][gc,heap     ] GC(31) Survivor regions: 1->1(4)
[2023-05-19T00:25:27.624+0000][174][info ][gc,heap     ] GC(31) Old regions: 22->22
[2023-05-19T00:25:27.624+0000][174][info ][gc,heap     ] GC(31) Archive regions: 2->2
[2023-05-19T00:25:27.624+0000][174][info ][gc,heap     ] GC(31) Humongous regions: 2->2
[2023-05-19T00:25:27.624+0000][174][info ][gc,metaspace] GC(31) Metaspace: 126457K(129280K)->126457K(129280K) NonClass: 109223K(110720K)->109223K(110720K) Class: 17233K(18560K)->17233K(18560K)
[2023-05-19T00:25:27.625+0000][174][info ][gc          ] GC(31) Pause Young (Concurrent Start) (G1 Evacuation Pause) 216M->102M(256M) 6.976ms
[2023-05-19T00:25:27.625+0000][174][info ][gc          ] GC(32) Concurrent Mark Cycle
[2023-05-19T00:25:27.625+0000][174][info ][gc,marking  ] GC(32) Concurrent Scan Root Regions
[2023-05-19T00:25:27.625+0000][174][info ][gc,cpu      ] GC(31) User=0.04s Sys=0.01s Real=0.01s
[2023-05-19T00:25:27.625+0000][174][info ][safepoint   ] Safepoint "G1CollectForAllocation", Time since last: 1030743000 ns, Reaching safepoint: 13100 ns, Cleanup: 173200 ns, At safepoint: 7816900 ns, Total: 8003200 ns
[2023-05-19T00:25:27.629+0000][174][info ][gc,marking  ] GC(32) Concurrent Scan Root Regions 4.233ms
[2023-05-19T00:25:27.629+0000][174][info ][gc,marking  ] GC(32) Concurrent Mark
[2023-05-19T00:25:27.630+0000][174][info ][gc,marking  ] GC(32) Concurrent Mark From Roots
[2023-05-19T00:25:27.630+0000][174][info ][gc,task     ] GC(32) Using 2 workers of 2 for marking
[2023-05-19T00:25:27.742+0000][174][info ][gc,marking  ] GC(32) Concurrent Mark From Roots 111.857ms
[2023-05-19T00:25:27.742+0000][174][info ][gc,marking  ] GC(32) Concurrent Preclean
[2023-05-19T00:25:27.743+0000][174][info ][gc,marking  ] GC(32) Concurrent Preclean 0.737ms
[2023-05-19T00:25:27.743+0000][174][info ][gc,start    ] GC(32) Pause Remark
[2023-05-19T00:25:27.778+0000][174][info ][gc          ] GC(32) Pause Remark 108M->108M(256M) 34.445ms
[2023-05-19T00:25:27.778+0000][174][info ][gc,cpu      ] GC(32) User=0.13s Sys=0.03s Real=0.03s
[2023-05-19T00:25:27.779+0000][174][info ][safepoint   ] Safepoint "G1PauseRemark", Time since last: 117593900 ns, Reaching safepoint: 57900 ns, Cleanup: 183300 ns, At safepoint: 35332000 ns, Total: 35573200 ns
[2023-05-19T00:25:27.781+0000][174][info ][gc,marking  ] GC(32) Concurrent Mark 151.935ms
[2023-05-19T00:25:27.783+0000][174][info ][gc,marking  ] GC(32) Concurrent Rebuild Remembered Sets and Scrub Regions
[2023-05-19T00:25:27.858+0000][174][info ][gc,marking  ] GC(32) Concurrent Rebuild Remembered Sets and Scrub Regions 75.242ms
[2023-05-19T00:25:27.859+0000][174][info ][gc,start    ] GC(32) Pause Cleanup
[2023-05-19T00:25:27.859+0000][174][info ][gc          ] GC(32) Pause Cleanup 110M->110M(256M) 0.567ms
[2023-05-19T00:25:27.860+0000][174][info ][gc,cpu      ] GC(32) User=0.00s Sys=0.00s Real=0.00s
[2023-05-19T00:25:27.860+0000][174][info ][safepoint   ] Safepoint "G1PauseCleanup", Time since last: 80127800 ns, Reaching safepoint: 35700 ns, Cleanup: 227200 ns, At safepoint: 1198200 ns, Total: 1461100 ns
[2023-05-19T00:25:27.861+0000][174][info ][gc,marking  ] GC(32) Concurrent Clear Claimed Marks
[2023-05-19T00:25:27.861+0000][174][info ][gc,marking  ] GC(32) Concurrent Clear Claimed Marks 0.402ms
[2023-05-19T00:25:27.861+0000][174][info ][gc,marking  ] GC(32) Concurrent Cleanup for Next Mark
[2023-05-19T00:25:27.862+0000][174][info ][gc,marking  ] GC(32) Concurrent Cleanup for Next Mark 0.712ms
[2023-05-19T00:25:27.862+0000][174][info ][gc          ] GC(32) Concurrent Mark Cycle 237.553ms
[2023-05-19T00:25:28.861+0000][174][info ][safepoint   ] Safepoint "Cleanup", Time since last: 1000510400 ns, Reaching safepoint: 15300 ns, Cleanup: 160100 ns, At safepoint: 6500 ns, Total: 181900 ns
[2023-05-19T00:25:32.862+0000][174][info ][safepoint   ] Safepoint "Cleanup", Time since last: 4000647800 ns, Reaching safepoint: 21100 ns, Cleanup: 226800 ns, At safepoint: 17500 ns, Total: 265400 ns
[2023-05-19T00:25:33.862+0000][174][info ][safepoint   ] Safepoint "Cleanup", Time since last: 1000445100 ns, Reaching safepoint: 15900 ns, Cleanup: 167400 ns, At safepoint: 7900 ns, Total: 191200 ns
[2023-05-19T00:25:35.863+0000][174][info ][safepoint   ] Safepoint "Cleanup", Time since last: 2000499200 ns, Reaching safepoint: 24000 ns, Cleanup: 226300 ns, At safepoint: 7900 ns, Total: 258200 ns
[2023-05-19T00:25:40.864+0000][174][info ][safepoint   ] Safepoint "Cleanup", Time since last: 5000947800 ns, Reaching safepoint: 14800 ns, Cleanup: 168200 ns, At safepoint: 7300 ns, Total: 190300 ns
[2023-05-19T00:25:51.866+0000][174][info ][safepoint   ] Safepoint "Cleanup", Time since last: 11001358200 ns, Reaching safepoint: 38700 ns, Cleanup: 198100 ns, At safepoint: 8200 ns, Total: 245000 ns
[2023-05-19T00:25:59.867+0000][174][info ][safepoint   ] Safepoint "Cleanup", Time since last: 8001081100 ns, Reaching safepoint: 22400 ns, Cleanup: 202000 ns, At safepoint: 13600 ns, Total: 238000 ns
[2023-05-19T00:26:02.868+0000][174][info ][safepoint   ] Safepoint "Cleanup", Time since last: 3000619600 ns, Reaching safepoint: 18400 ns, Cleanup: 196600 ns, At safepoint: 7500 ns, Total: 222500 ns
[2023-05-19T00:26:05.869+0000][174][info ][safepoint   ] Safepoint "Cleanup", Time since last: 3000613700 ns, Reaching safepoint: 16300 ns, Cleanup: 177100 ns, At safepoint: 10500 ns, Total: 203900 ns
[2023-05-19T00:26:06.870+0000][174][info ][safepoint   ] Safepoint "Cleanup", Time since last: 1000458300 ns, Reaching safepoint: 43200 ns, Cleanup: 173300 ns, At safepoint: 15600 ns, Total: 232100 ns
[2023-05-19T00:26:09.870+0000][174][info ][safepoint   ] Safepoint "Cleanup", Time since last: 3000621300 ns, Reaching safepoint: 23000 ns, Cleanup: 209700 ns, At safepoint: 12600 ns, Total: 245300 ns
[2023-05-19T00:26:14.871+0000][174][info ][safepoint   ] Safepoint "Cleanup", Time since last: 5000841800 ns, Reaching safepoint: 20000 ns, Cleanup: 199000 ns, At safepoint: 11000 ns, Total: 230000 ns
[2023-05-19T00:26:37.874+0000][174][info ][safepoint   ] Safepoint "Cleanup", Time since last: 23002786800 ns, Reaching safepoint: 31000 ns, Cleanup: 183900 ns, At safepoint: 6000 ns, Total: 220900 ns
[2023-05-19T00:26:41.875+0000][174][info ][safepoint   ] Safepoint "Cleanup", Time since last: 4000777000 ns, Reaching safepoint: 15000 ns, Cleanup: 126200 ns, At safepoint: 7400 ns, Total: 148600 ns
[2023-05-19T00:26:42.876+0000][174][info ][safepoint   ] Safepoint "Cleanup", Time since last: 1000353300 ns, Reaching safepoint: 6100 ns, Cleanup: 191800 ns, At safepoint: 4200 ns, Total: 202100 ns
[2023-05-19T00:26:44.121+0000][174][info ][gc,heap,exit] Heap
[2023-05-19T00:26:44.122+0000][174][info ][gc,heap,exit]  garbage-first heap   total 262144K, used 141601K [0x00000000f0000000, 0x0000000100000000)
[2023-05-19T00:26:44.122+0000][174][info ][gc,heap,exit]   region size 4096K, 10 young (40960K), 1 survivors (4096K)
[2023-05-19T00:26:44.122+0000][174][info ][gc,heap,exit]  Metaspace       used 125881K, committed 129600K, reserved 1179648K
[2023-05-19T00:26:44.123+0000][174][info ][gc,heap,exit]   class space    used 16988K, committed 18624K, reserved 1048576K
