[2023-05-19T00:27:06.800+0000][157][info][gc,init] CardTable entry size: 512
[2023-05-19T00:27:06.804+0000][157][info][gc     ] Using G1
[2023-05-19T00:27:06.809+0000][157][info][gc,init] Version: 20.0.1+9-29 (release)
[2023-05-19T00:27:06.809+0000][157][info][gc,init] CPUs: 8 total, 8 available
[2023-05-19T00:27:06.810+0000][157][info][gc,init] Memory: 12344M
[2023-05-19T00:27:06.810+0000][157][info][gc,init] Large Page Support: Disabled
[2023-05-19T00:27:06.810+0000][157][info][gc,init] NUMA Support: Disabled
[2023-05-19T00:27:06.810+0000][157][info][gc,init] Compressed Oops: Enabled (32-bit)
[2023-05-19T00:27:06.810+0000][157][info][gc,init] Heap Region Size: 1M
[2023-05-19T00:27:06.811+0000][157][info][gc,init] Heap Min Capacity: 256M
[2023-05-19T00:27:06.811+0000][157][info][gc,init] Heap Initial Capacity: 256M
[2023-05-19T00:27:06.811+0000][157][info][gc,init] Heap Max Capacity: 256M
[2023-05-19T00:27:06.811+0000][157][info][gc,init] Pre-touch: Disabled
[2023-05-19T00:27:06.811+0000][157][info][gc,init] Parallel Workers: 8
[2023-05-19T00:27:06.812+0000][157][info][gc,init] Concurrent Workers: 2
[2023-05-19T00:27:06.812+0000][157][info][gc,init] Concurrent Refinement Workers: 8
[2023-05-19T00:27:06.812+0000][157][info][gc,init] Periodic GC: Disabled
[2023-05-19T00:27:06.812+0000][157][info][gc,metaspace] CDS archive(s) mapped at: [0x0000000800000000-0x0000000800c73000-0x0000000800c73000), size 13053952, SharedBaseAddress: 0x0000000800000000, ArchiveRelocationMode: 0.
[2023-05-19T00:27:06.813+0000][157][info][gc,metaspace] Compressed class space mapped at: 0x0000000801000000-0x0000000841000000, reserved size: 1073741824
[2023-05-19T00:27:06.813+0000][157][info][gc,metaspace] Narrow klass base: 0x0000000800000000, Narrow klass shift: 0, Narrow klass range: 0x100000000
[2023-05-19T00:27:06.847+0000][157][info][gc,heap,exit] Heap
[2023-05-19T00:27:06.847+0000][157][info][gc,heap,exit]  garbage-first heap   total 262144K, used 2028K [0x00000000f0000000, 0x0000000100000000)
[2023-05-19T00:27:06.847+0000][157][info][gc,heap,exit]   region size 1024K, 1 young (1024K), 0 survivors (0K)
[2023-05-19T00:27:06.848+0000][157][info][gc,heap,exit]  Metaspace       used 46K, committed 128K, reserved 1114112K
[2023-05-19T00:27:06.848+0000][157][info][gc,heap,exit]   class space    used 1K, committed 64K, reserved 1048576K
