[2023-05-18T23:23:10.906+0000][174][info][gc,init] CardTable entry size: 512
[2023-05-18T23:23:10.911+0000][174][info][gc     ] Using G1
[2023-05-18T23:23:10.963+0000][174][info][gc,init] Version: 20.0.1+9-29 (release)
[2023-05-18T23:23:10.964+0000][174][info][gc,init] CPUs: 8 total, 8 available
[2023-05-18T23:23:10.964+0000][174][info][gc,init] Memory: 12344M
[2023-05-18T23:23:10.964+0000][174][info][gc,init] Large Page Support: Disabled
[2023-05-18T23:23:10.964+0000][174][info][gc,init] NUMA Support: Disabled
[2023-05-18T23:23:10.965+0000][174][info][gc,init] Compressed Oops: Enabled (32-bit)
[2023-05-18T23:23:10.965+0000][174][info][gc,init] Heap Region Size: 4M
[2023-05-18T23:23:10.965+0000][174][info][gc,init] Heap Min Capacity: 256M
[2023-05-18T23:23:10.965+0000][174][info][gc,init] Heap Initial Capacity: 256M
[2023-05-18T23:23:10.965+0000][174][info][gc,init] Heap Max Capacity: 256M
[2023-05-18T23:23:10.966+0000][174][info][gc,init] Pre-touch: Enabled
[2023-05-18T23:23:10.966+0000][174][info][gc,init] Parallel Workers: 8
[2023-05-18T23:23:10.966+0000][174][info][gc,init] Concurrent Workers: 2
[2023-05-18T23:23:10.966+0000][174][info][gc,init] Concurrent Refinement Workers: 8
[2023-05-18T23:23:10.966+0000][174][info][gc,init] Periodic GC: Disabled
[2023-05-18T23:23:10.967+0000][174][info][gc,metaspace] CDS archive(s) mapped at: [0x0000000800000000-0x0000000800c73000-0x0000000800c73000), size 13053952, SharedBaseAddress: 0x0000000800000000, ArchiveRelocationMode: 0.
[2023-05-18T23:23:10.967+0000][174][info][gc,metaspace] Compressed class space mapped at: 0x0000000801000000-0x0000000841000000, reserved size: 1073741824
[2023-05-18T23:23:10.967+0000][174][info][gc,metaspace] Narrow klass base: 0x0000000800000000, Narrow klass shift: 0, Narrow klass range: 0x100000000
[2023-05-18T23:23:11.239+0000][174][info][gc,start    ] GC(0) Pause Young (Normal) (G1 Evacuation Pause)
[2023-05-18T23:23:11.240+0000][174][info][gc,task     ] GC(0) Using 6 workers of 8 for evacuation
[2023-05-18T23:23:11.240+0000][174][debug][gc,age      ] GC(0) Desired survivor size 2097152 bytes, new threshold 15 (max threshold 15)
[2023-05-18T23:23:11.242+0000][174][info ][gc,phases   ] GC(0)   Pre Evacuate Collection Set: 0.2ms
[2023-05-18T23:23:11.242+0000][174][info ][gc,phases   ] GC(0)   Merge Heap Roots: 0.1ms
[2023-05-18T23:23:11.242+0000][174][info ][gc,phases   ] GC(0)   Evacuate Collection Set: 1.1ms
[2023-05-18T23:23:11.243+0000][174][info ][gc,phases   ] GC(0)   Post Evacuate Collection Set: 0.5ms
[2023-05-18T23:23:11.243+0000][174][info ][gc,phases   ] GC(0)   Other: 0.6ms
[2023-05-18T23:23:11.243+0000][174][trace][gc,age      ] GC(0) Age table with threshold 15 (max threshold 15)
[2023-05-18T23:23:11.243+0000][174][trace][gc,age      ] GC(0) - age   1:     715128 bytes,     715128 total
[2023-05-18T23:23:11.243+0000][174][info ][gc,heap     ] GC(0) Eden regions: 5->0(24)
[2023-05-18T23:23:11.244+0000][174][info ][gc,heap     ] GC(0) Survivor regions: 0->1(1)
[2023-05-18T23:23:11.244+0000][174][info ][gc,heap     ] GC(0) Old regions: 0->0
[2023-05-18T23:23:11.244+0000][174][info ][gc,heap     ] GC(0) Archive regions: 2->2
[2023-05-18T23:23:11.244+0000][174][info ][gc,heap     ] GC(0) Humongous regions: 0->0
[2023-05-18T23:23:11.244+0000][174][info ][gc,metaspace] GC(0) Metaspace: 811K(960K)->811K(960K) NonClass: 755K(832K)->755K(832K) Class: 55K(128K)->55K(128K)
[2023-05-18T23:23:11.245+0000][174][info ][gc          ] GC(0) Pause Young (Normal) (G1 Evacuation Pause) 23M->4M(256M) 5.495ms
[2023-05-18T23:23:11.245+0000][174][info ][gc,cpu      ] GC(0) User=0.03s Sys=0.00s Real=0.01s
[2023-05-18T23:23:11.245+0000][174][info ][safepoint   ] Safepoint "G1CollectForAllocation", Time since last: 261627600 ns, Reaching safepoint: 6100 ns, Cleanup: 150500 ns, At safepoint: 5956400 ns, Total: 6113000 ns
[2023-05-18T23:23:11.693+0000][174][info ][safepoint   ] Safepoint "ICBufferFull", Time since last: 447928000 ns, Reaching safepoint: 4900 ns, Cleanup: 165900 ns, At safepoint: 29100 ns, Total: 199900 ns
[2023-05-18T23:23:11.995+0000][174][info ][safepoint   ] Safepoint "ICBufferFull", Time since last: 301265600 ns, Reaching safepoint: 5300 ns, Cleanup: 152900 ns, At safepoint: 26600 ns, Total: 184800 ns
[2023-05-18T23:23:12.349+0000][174][info ][safepoint   ] Safepoint "ICBufferFull", Time since last: 353768600 ns, Reaching safepoint: 5500 ns, Cleanup: 162300 ns, At safepoint: 52000 ns, Total: 219800 ns
[2023-05-18T23:23:13.385+0000][174][info ][safepoint   ] Safepoint "ICBufferFull", Time since last: 1036644800 ns, Reaching safepoint: 5500 ns, Cleanup: 155000 ns, At safepoint: 5500 ns, Total: 166000 ns
[2023-05-18T23:23:13.394+0000][174][info ][gc,start    ] GC(1) Pause Young (Normal) (G1 Evacuation Pause)
[2023-05-18T23:23:13.394+0000][174][info ][gc,task     ] GC(1) Using 6 workers of 8 for evacuation
[2023-05-18T23:23:13.395+0000][174][debug][gc,age      ] GC(1) Desired survivor size 8388608 bytes, new threshold 15 (max threshold 15)
[2023-05-18T23:23:13.402+0000][174][info ][gc,phases   ] GC(1)   Pre Evacuate Collection Set: 0.2ms
[2023-05-18T23:23:13.403+0000][174][info ][gc,phases   ] GC(1)   Merge Heap Roots: 0.1ms
[2023-05-18T23:23:13.403+0000][174][info ][gc,phases   ] GC(1)   Evacuate Collection Set: 5.7ms
[2023-05-18T23:23:13.403+0000][174][info ][gc,phases   ] GC(1)   Post Evacuate Collection Set: 1.5ms
[2023-05-18T23:23:13.403+0000][174][info ][gc,phases   ] GC(1)   Other: 0.5ms
[2023-05-18T23:23:13.403+0000][174][trace][gc,age      ] GC(1) Age table with threshold 15 (max threshold 15)
[2023-05-18T23:23:13.404+0000][174][trace][gc,age      ] GC(1) - age   1:    7853560 bytes,    7853560 total
[2023-05-18T23:23:13.404+0000][174][trace][gc,age      ] GC(1) - age   2:     696608 bytes,    8550168 total
[2023-05-18T23:23:13.404+0000][174][info ][gc,heap     ] GC(1) Eden regions: 24->0(25)
[2023-05-18T23:23:13.404+0000][174][info ][gc,heap     ] GC(1) Survivor regions: 1->3(4)
[2023-05-18T23:23:13.404+0000][174][info ][gc,heap     ] GC(1) Old regions: 0->0
[2023-05-18T23:23:13.404+0000][174][info ][gc,heap     ] GC(1) Archive regions: 2->2
[2023-05-18T23:23:13.405+0000][174][info ][gc,heap     ] GC(1) Humongous regions: 0->0
[2023-05-18T23:23:13.405+0000][174][info ][gc,metaspace] GC(1) Metaspace: 15512K(16000K)->15512K(16000K) NonClass: 13734K(13952K)->13734K(13952K) Class: 1778K(2048K)->1778K(2048K)
[2023-05-18T23:23:13.405+0000][174][info ][gc          ] GC(1) Pause Young (Normal) (G1 Evacuation Pause) 100M->12M(256M) 10.905ms
[2023-05-18T23:23:13.405+0000][174][info ][gc,cpu      ] GC(1) User=0.04s Sys=0.00s Real=0.01s
[2023-05-18T23:23:13.405+0000][174][info ][safepoint   ] Safepoint "G1CollectForAllocation", Time since last: 8325000 ns, Reaching safepoint: 24900 ns, Cleanup: 144400 ns, At safepoint: 11327900 ns, Total: 11497200 ns
[2023-05-18T23:23:13.814+0000][174][info ][safepoint   ] Safepoint "ICBufferFull", Time since last: 408795300 ns, Reaching safepoint: 113500 ns, Cleanup: 164300 ns, At safepoint: 80300 ns, Total: 358100 ns
[2023-05-18T23:23:13.927+0000][174][info ][gc,start    ] GC(2) Pause Young (Normal) (G1 Evacuation Pause)
[2023-05-18T23:23:13.927+0000][174][info ][gc,task     ] GC(2) Using 6 workers of 8 for evacuation
[2023-05-18T23:23:13.927+0000][174][debug][gc,age      ] GC(2) Desired survivor size 8388608 bytes, new threshold 2 (max threshold 15)
[2023-05-18T23:23:13.937+0000][174][info ][gc,phases   ] GC(2)   Pre Evacuate Collection Set: 0.2ms
[2023-05-18T23:23:13.938+0000][174][info ][gc,phases   ] GC(2)   Merge Heap Roots: 0.1ms
[2023-05-18T23:23:13.938+0000][174][info ][gc,phases   ] GC(2)   Evacuate Collection Set: 7.7ms
[2023-05-18T23:23:13.938+0000][174][info ][gc,phases   ] GC(2)   Post Evacuate Collection Set: 1.6ms
[2023-05-18T23:23:13.938+0000][174][info ][gc,phases   ] GC(2)   Other: 0.5ms
[2023-05-18T23:23:13.938+0000][174][trace][gc,age      ] GC(2) Age table with threshold 2 (max threshold 15)
[2023-05-18T23:23:13.939+0000][174][trace][gc,age      ] GC(2) - age   1:    3655792 bytes,    3655792 total
[2023-05-18T23:23:13.939+0000][174][trace][gc,age      ] GC(2) - age   2:    6976760 bytes,   10632552 total
[2023-05-18T23:23:13.939+0000][174][info ][gc,heap     ] GC(2) Eden regions: 25->0(35)
[2023-05-18T23:23:13.939+0000][174][info ][gc,heap     ] GC(2) Survivor regions: 3->3(4)
[2023-05-18T23:23:13.939+0000][174][info ][gc,heap     ] GC(2) Old regions: 0->1
[2023-05-18T23:23:13.940+0000][174][info ][gc,heap     ] GC(2) Archive regions: 2->2
[2023-05-18T23:23:13.940+0000][174][info ][gc,heap     ] GC(2) Humongous regions: 0->0
[2023-05-18T23:23:13.940+0000][174][info ][gc,metaspace] GC(2) Metaspace: 17705K(18240K)->17705K(18240K) NonClass: 15681K(16000K)->15681K(16000K) Class: 2023K(2240K)->2023K(2240K)
[2023-05-18T23:23:13.940+0000][174][info ][gc          ] GC(2) Pause Young (Normal) (G1 Evacuation Pause) 112M->15M(256M) 13.519ms
[2023-05-18T23:23:13.941+0000][174][info ][gc,cpu      ] GC(2) User=0.05s Sys=0.01s Real=0.01s
[2023-05-18T23:23:13.941+0000][174][info ][safepoint   ] Safepoint "G1CollectForAllocation", Time since last: 112191300 ns, Reaching safepoint: 7300 ns, Cleanup: 157500 ns, At safepoint: 14002900 ns, Total: 14167700 ns
[2023-05-18T23:23:14.155+0000][174][info ][gc,start    ] GC(3) Pause Young (Concurrent Start) (Metadata GC Threshold)
[2023-05-18T23:23:14.156+0000][174][info ][gc,task     ] GC(3) Using 6 workers of 8 for evacuation
[2023-05-18T23:23:14.156+0000][174][debug][gc,age      ] GC(3) Desired survivor size 10485760 bytes, new threshold 2 (max threshold 15)
[2023-05-18T23:23:14.161+0000][174][info ][gc,phases   ] GC(3)   Pre Evacuate Collection Set: 0.2ms
[2023-05-18T23:23:14.162+0000][174][info ][gc,phases   ] GC(3)   Merge Heap Roots: 0.2ms
[2023-05-18T23:23:14.162+0000][174][info ][gc,phases   ] GC(3)   Evacuate Collection Set: 4.3ms
[2023-05-18T23:23:14.162+0000][174][info ][gc,phases   ] GC(3)   Post Evacuate Collection Set: 0.5ms
[2023-05-18T23:23:14.162+0000][174][info ][gc,phases   ] GC(3)   Other: 0.4ms
[2023-05-18T23:23:14.162+0000][174][trace][gc,age      ] GC(3) Age table with threshold 2 (max threshold 15)
[2023-05-18T23:23:14.162+0000][174][trace][gc,age      ] GC(3) - age   1:    1088376 bytes,    1088376 total
[2023-05-18T23:23:14.163+0000][174][trace][gc,age      ] GC(3) - age   2:    2009248 bytes,    3097624 total
[2023-05-18T23:23:14.163+0000][174][info ][gc,heap     ] GC(3) Eden regions: 8->0(37)
[2023-05-18T23:23:14.163+0000][174][info ][gc,heap     ] GC(3) Survivor regions: 3->1(5)
[2023-05-18T23:23:14.163+0000][174][info ][gc,heap     ] GC(3) Old regions: 1->2
[2023-05-18T23:23:14.163+0000][174][info ][gc,heap     ] GC(3) Archive regions: 2->2
[2023-05-18T23:23:14.163+0000][174][info ][gc,heap     ] GC(3) Humongous regions: 0->0
[2023-05-18T23:23:14.164+0000][174][info ][gc,metaspace] GC(3) Metaspace: 21056K(21504K)->21056K(21504K) NonClass: 18694K(18944K)->18694K(18944K) Class: 2361K(2560K)->2361K(2560K)
[2023-05-18T23:23:14.164+0000][174][info ][gc          ] GC(3) Pause Young (Concurrent Start) (Metadata GC Threshold) 47M->15M(256M) 8.374ms
[2023-05-18T23:23:14.164+0000][174][info ][gc,cpu      ] GC(3) User=0.04s Sys=0.00s Real=0.01s
[2023-05-18T23:23:14.164+0000][174][info ][gc          ] GC(4) Concurrent Mark Cycle
[2023-05-18T23:23:14.164+0000][174][info ][gc,marking  ] GC(4) Concurrent Scan Root Regions
[2023-05-18T23:23:14.164+0000][174][info ][safepoint   ] Safepoint "CollectForMetadataAllocation", Time since last: 214415200 ns, Reaching safepoint: 4900 ns, Cleanup: 141200 ns, At safepoint: 8830400 ns, Total: 8976500 ns
[2023-05-18T23:23:14.168+0000][174][info ][gc,marking  ] GC(4) Concurrent Scan Root Regions 3.690ms
[2023-05-18T23:23:14.168+0000][174][info ][gc,marking  ] GC(4) Concurrent Mark
[2023-05-18T23:23:14.169+0000][174][info ][gc,marking  ] GC(4) Concurrent Mark From Roots
[2023-05-18T23:23:14.169+0000][174][info ][gc,task     ] GC(4) Using 2 workers of 2 for marking
[2023-05-18T23:23:14.170+0000][174][info ][gc,marking  ] GC(4) Concurrent Mark From Roots 1.630ms
[2023-05-18T23:23:14.171+0000][174][info ][gc,marking  ] GC(4) Concurrent Preclean
[2023-05-18T23:23:14.171+0000][174][info ][gc,marking  ] GC(4) Concurrent Preclean 0.251ms
[2023-05-18T23:23:14.171+0000][174][info ][gc,start    ] GC(4) Pause Remark
[2023-05-18T23:23:14.174+0000][174][info ][gc          ] GC(4) Pause Remark 18M->18M(256M) 2.753ms
[2023-05-18T23:23:14.174+0000][174][info ][gc,cpu      ] GC(4) User=0.02s Sys=0.00s Real=0.01s
[2023-05-18T23:23:14.174+0000][174][info ][safepoint   ] Safepoint "G1PauseRemark", Time since last: 6888100 ns, Reaching safepoint: 118500 ns, Cleanup: 129400 ns, At safepoint: 3134300 ns, Total: 3382200 ns
[2023-05-18T23:23:14.175+0000][174][info ][gc,marking  ] GC(4) Concurrent Mark 6.295ms
[2023-05-18T23:23:14.175+0000][174][info ][gc,marking  ] GC(4) Concurrent Rebuild Remembered Sets and Scrub Regions
[2023-05-18T23:23:14.176+0000][174][info ][gc,marking  ] GC(4) Concurrent Rebuild Remembered Sets and Scrub Regions 1.298ms
[2023-05-18T23:23:14.177+0000][174][info ][gc,start    ] GC(4) Pause Cleanup
[2023-05-18T23:23:14.177+0000][174][info ][gc          ] GC(4) Pause Cleanup 18M->18M(256M) 0.165ms
[2023-05-18T23:23:14.177+0000][174][info ][gc,cpu      ] GC(4) User=0.00s Sys=0.00s Real=0.00s
[2023-05-18T23:23:14.177+0000][174][info ][safepoint   ] Safepoint "G1PauseCleanup", Time since last: 1953500 ns, Reaching safepoint: 111700 ns, Cleanup: 118100 ns, At safepoint: 465400 ns, Total: 695200 ns
[2023-05-18T23:23:14.177+0000][174][info ][gc,marking  ] GC(4) Concurrent Clear Claimed Marks
[2023-05-18T23:23:14.177+0000][174][info ][gc,marking  ] GC(4) Concurrent Clear Claimed Marks 0.197ms
[2023-05-18T23:23:14.178+0000][174][info ][gc,marking  ] GC(4) Concurrent Cleanup for Next Mark
[2023-05-18T23:23:14.178+0000][174][info ][gc,marking  ] GC(4) Concurrent Cleanup for Next Mark 0.451ms
[2023-05-18T23:23:14.178+0000][174][info ][gc          ] GC(4) Concurrent Mark Cycle 14.348ms
[2023-05-18T23:23:14.657+0000][174][info ][safepoint   ] Safepoint "ICBufferFull", Time since last: 479389300 ns, Reaching safepoint: 100900 ns, Cleanup: 188900 ns, At safepoint: 25800 ns, Total: 315600 ns
[2023-05-18T23:23:14.825+0000][174][info ][gc,start    ] GC(5) Pause Young (Normal) (G1 Evacuation Pause)
[2023-05-18T23:23:14.825+0000][174][info ][gc,task     ] GC(5) Using 6 workers of 8 for evacuation
[2023-05-18T23:23:14.825+0000][174][debug][gc,age      ] GC(5) Desired survivor size 10485760 bytes, new threshold 15 (max threshold 15)
[2023-05-18T23:23:14.832+0000][174][info ][gc,phases   ] GC(5)   Pre Evacuate Collection Set: 0.1ms
[2023-05-18T23:23:14.833+0000][174][info ][gc,phases   ] GC(5)   Merge Heap Roots: 0.1ms
[2023-05-18T23:23:14.833+0000][174][info ][gc,phases   ] GC(5)   Evacuate Collection Set: 5.7ms
[2023-05-18T23:23:14.833+0000][174][info ][gc,phases   ] GC(5)   Post Evacuate Collection Set: 0.8ms
[2023-05-18T23:23:14.833+0000][174][info ][gc,phases   ] GC(5)   Other: 0.7ms
[2023-05-18T23:23:14.833+0000][174][trace][gc,age      ] GC(5) Age table with threshold 15 (max threshold 15)
[2023-05-18T23:23:14.834+0000][174][trace][gc,age      ] GC(5) - age   1:    6655568 bytes,    6655568 total
[2023-05-18T23:23:14.834+0000][174][trace][gc,age      ] GC(5) - age   2:    1055312 bytes,    7710880 total
[2023-05-18T23:23:14.834+0000][174][trace][gc,age      ] GC(5) - age   3:    2006120 bytes,    9717000 total
[2023-05-18T23:23:14.834+0000][174][info ][gc,heap     ] GC(5) Eden regions: 37->0(35)
[2023-05-18T23:23:14.835+0000][174][info ][gc,heap     ] GC(5) Survivor regions: 1->3(5)
[2023-05-18T23:23:14.835+0000][174][info ][gc,heap     ] GC(5) Old regions: 2->2
[2023-05-18T23:23:14.835+0000][174][info ][gc,heap     ] GC(5) Archive regions: 2->2
[2023-05-18T23:23:14.835+0000][174][info ][gc,heap     ] GC(5) Humongous regions: 0->0
[2023-05-18T23:23:14.835+0000][174][info ][gc,metaspace] GC(5) Metaspace: 25124K(25664K)->25124K(25664K) NonClass: 22190K(22464K)->22190K(22464K) Class: 2933K(3200K)->2933K(3200K)
[2023-05-18T23:23:14.836+0000][174][info ][gc          ] GC(5) Pause Young (Normal) (G1 Evacuation Pause) 163M->21M(256M) 10.994ms
[2023-05-18T23:23:14.836+0000][174][info ][gc,cpu      ] GC(5) User=0.04s Sys=0.00s Real=0.01s
[2023-05-18T23:23:14.836+0000][174][info ][safepoint   ] Safepoint "G1CollectForAllocation", Time since last: 167714600 ns, Reaching safepoint: 7800 ns, Cleanup: 129300 ns, At safepoint: 11476600 ns, Total: 11613700 ns
[2023-05-18T23:23:15.228+0000][174][info ][gc,start    ] GC(6) Pause Young (Normal) (G1 Evacuation Pause)
[2023-05-18T23:23:15.229+0000][174][info ][gc,task     ] GC(6) Using 6 workers of 8 for evacuation
[2023-05-18T23:23:15.229+0000][174][debug][gc,age      ] GC(6) Desired survivor size 10485760 bytes, new threshold 15 (max threshold 15)
[2023-05-18T23:23:15.233+0000][174][info ][gc,phases   ] GC(6)   Pre Evacuate Collection Set: 0.1ms
[2023-05-18T23:23:15.234+0000][174][info ][gc,phases   ] GC(6)   Merge Heap Roots: 0.1ms
[2023-05-18T23:23:15.234+0000][174][info ][gc,phases   ] GC(6)   Evacuate Collection Set: 3.4ms
[2023-05-18T23:23:15.234+0000][174][info ][gc,phases   ] GC(6)   Post Evacuate Collection Set: 0.7ms
[2023-05-18T23:23:15.234+0000][174][info ][gc,phases   ] GC(6)   Other: 0.4ms
[2023-05-18T23:23:15.234+0000][174][trace][gc,age      ] GC(6) Age table with threshold 15 (max threshold 15)
[2023-05-18T23:23:15.234+0000][174][trace][gc,age      ] GC(6) - age   1:    2839128 bytes,    2839128 total
[2023-05-18T23:23:15.235+0000][174][trace][gc,age      ] GC(6) - age   2:    4563432 bytes,    7402560 total
[2023-05-18T23:23:15.235+0000][174][trace][gc,age      ] GC(6) - age   3:    1055280 bytes,    8457840 total
[2023-05-18T23:23:15.235+0000][174][trace][gc,age      ] GC(6) - age   4:    2005720 bytes,   10463560 total
[2023-05-18T23:23:15.235+0000][174][info ][gc,heap     ] GC(6) Eden regions: 35->0(35)
[2023-05-18T23:23:15.235+0000][174][info ][gc,heap     ] GC(6) Survivor regions: 3->3(5)
[2023-05-18T23:23:15.236+0000][174][info ][gc,heap     ] GC(6) Old regions: 2->2
[2023-05-18T23:23:15.236+0000][174][info ][gc,heap     ] GC(6) Archive regions: 2->2
[2023-05-18T23:23:15.236+0000][174][info ][gc,heap     ] GC(6) Humongous regions: 0->0
[2023-05-18T23:23:15.236+0000][174][info ][gc,metaspace] GC(6) Metaspace: 25561K(26240K)->25561K(26240K) NonClass: 22589K(22976K)->22589K(22976K) Class: 2971K(3264K)->2971K(3264K)
[2023-05-18T23:23:15.237+0000][174][info ][gc          ] GC(6) Pause Young (Normal) (G1 Evacuation Pause) 161M->23M(256M) 8.287ms
[2023-05-18T23:23:15.237+0000][174][info ][gc,cpu      ] GC(6) User=0.02s Sys=0.01s Real=0.01s
[2023-05-18T23:23:15.237+0000][174][info ][safepoint   ] Safepoint "G1CollectForAllocation", Time since last: 391901800 ns, Reaching safepoint: 6700 ns, Cleanup: 161500 ns, At safepoint: 8735000 ns, Total: 8903200 ns
[2023-05-18T23:23:15.482+0000][174][info ][gc,start    ] GC(7) Pause Young (Normal) (G1 Evacuation Pause)
[2023-05-18T23:23:15.482+0000][174][info ][gc,task     ] GC(7) Using 6 workers of 8 for evacuation
[2023-05-18T23:23:15.482+0000][174][debug][gc,age      ] GC(7) Desired survivor size 10485760 bytes, new threshold 15 (max threshold 15)
[2023-05-18T23:23:15.489+0000][174][info ][gc,phases   ] GC(7)   Pre Evacuate Collection Set: 0.2ms
[2023-05-18T23:23:15.489+0000][174][info ][gc,phases   ] GC(7)   Merge Heap Roots: 0.2ms
[2023-05-18T23:23:15.489+0000][174][info ][gc,phases   ] GC(7)   Evacuate Collection Set: 5.0ms
[2023-05-18T23:23:15.490+0000][174][info ][gc,phases   ] GC(7)   Post Evacuate Collection Set: 1.2ms
[2023-05-18T23:23:15.490+0000][174][info ][gc,phases   ] GC(7)   Other: 0.5ms
[2023-05-18T23:23:15.490+0000][174][trace][gc,age      ] GC(7) Age table with threshold 15 (max threshold 15)
[2023-05-18T23:23:15.490+0000][174][trace][gc,age      ] GC(7) - age   1:     778696 bytes,     778696 total
[2023-05-18T23:23:15.490+0000][174][trace][gc,age      ] GC(7) - age   2:    2453328 bytes,    3232024 total
[2023-05-18T23:23:15.490+0000][174][trace][gc,age      ] GC(7) - age   3:    4560200 bytes,    7792224 total
[2023-05-18T23:23:15.491+0000][174][trace][gc,age      ] GC(7) - age   4:    1055184 bytes,    8847408 total
[2023-05-18T23:23:15.491+0000][174][trace][gc,age      ] GC(7) - age   5:    2004792 bytes,   10852200 total
[2023-05-18T23:23:15.491+0000][174][info ][gc,heap     ] GC(7) Eden regions: 35->0(35)
[2023-05-18T23:23:15.491+0000][174][info ][gc,heap     ] GC(7) Survivor regions: 3->3(5)
[2023-05-18T23:23:15.491+0000][174][info ][gc,heap     ] GC(7) Old regions: 2->2
[2023-05-18T23:23:15.492+0000][174][info ][gc,heap     ] GC(7) Archive regions: 2->2
[2023-05-18T23:23:15.492+0000][174][info ][gc,heap     ] GC(7) Humongous regions: 0->0
[2023-05-18T23:23:15.492+0000][174][info ][gc,metaspace] GC(7) Metaspace: 26079K(26752K)->26079K(26752K) NonClass: 23036K(23424K)->23036K(23424K) Class: 3043K(3328K)->3043K(3328K)
[2023-05-18T23:23:15.492+0000][174][info ][gc          ] GC(7) Pause Young (Normal) (G1 Evacuation Pause) 163M->22M(256M) 10.617ms
[2023-05-18T23:23:15.492+0000][174][info ][gc,cpu      ] GC(7) User=0.03s Sys=0.01s Real=0.01s
[2023-05-18T23:23:15.493+0000][174][info ][safepoint   ] Safepoint "G1CollectForAllocation", Time since last: 244523600 ns, Reaching safepoint: 6800 ns, Cleanup: 155900 ns, At safepoint: 11084900 ns, Total: 11247600 ns
[2023-05-18T23:23:16.008+0000][174][info ][gc,start    ] GC(8) Pause Young (Normal) (G1 Evacuation Pause)
[2023-05-18T23:23:16.009+0000][174][info ][gc,task     ] GC(8) Using 6 workers of 8 for evacuation
[2023-05-18T23:23:16.009+0000][174][debug][gc,age      ] GC(8) Desired survivor size 10485760 bytes, new threshold 5 (max threshold 15)
[2023-05-18T23:23:16.016+0000][174][info ][gc,phases   ] GC(8)   Pre Evacuate Collection Set: 0.1ms
[2023-05-18T23:23:16.016+0000][174][info ][gc,phases   ] GC(8)   Merge Heap Roots: 0.1ms
[2023-05-18T23:23:16.017+0000][174][info ][gc,phases   ] GC(8)   Evacuate Collection Set: 5.9ms
[2023-05-18T23:23:16.017+0000][174][info ][gc,phases   ] GC(8)   Post Evacuate Collection Set: 0.8ms
[2023-05-18T23:23:16.017+0000][174][info ][gc,phases   ] GC(8)   Other: 0.5ms
[2023-05-18T23:23:16.017+0000][174][trace][gc,age      ] GC(8) Age table with threshold 5 (max threshold 15)
[2023-05-18T23:23:16.018+0000][174][trace][gc,age      ] GC(8) - age   1:    5804520 bytes,    5804520 total
[2023-05-18T23:23:16.018+0000][174][trace][gc,age      ] GC(8) - age   2:     370896 bytes,    6175416 total
[2023-05-18T23:23:16.018+0000][174][trace][gc,age      ] GC(8) - age   3:    2453328 bytes,    8628744 total
[2023-05-18T23:23:16.018+0000][174][trace][gc,age      ] GC(8) - age   4:    4558120 bytes,   13186864 total
[2023-05-18T23:23:16.018+0000][174][trace][gc,age      ] GC(8) - age   5:    1055040 bytes,   14241904 total
[2023-05-18T23:23:16.019+0000][174][info ][gc,heap     ] GC(8) Eden regions: 35->0(34)
[2023-05-18T23:23:16.019+0000][174][info ][gc,heap     ] GC(8) Survivor regions: 3->4(5)
[2023-05-18T23:23:16.019+0000][174][info ][gc,heap     ] GC(8) Old regions: 2->3
[2023-05-18T23:23:16.019+0000][174][info ][gc,heap     ] GC(8) Archive regions: 2->2
[2023-05-18T23:23:16.019+0000][174][info ][gc,heap     ] GC(8) Humongous regions: 0->0
[2023-05-18T23:23:16.020+0000][174][info ][gc,metaspace] GC(8) Metaspace: 31432K(32192K)->31432K(32192K) NonClass: 27801K(28224K)->27801K(28224K) Class: 3631K(3968K)->3631K(3968K)
[2023-05-18T23:23:16.020+0000][174][info ][gc          ] GC(8) Pause Young (Normal) (G1 Evacuation Pause) 162M->28M(256M) 11.550ms
[2023-05-18T23:23:16.020+0000][174][info ][gc,cpu      ] GC(8) User=0.04s Sys=0.01s Real=0.01s
[2023-05-18T23:23:16.020+0000][174][info ][safepoint   ] Safepoint "G1CollectForAllocation", Time since last: 515328600 ns, Reaching safepoint: 7100 ns, Cleanup: 168900 ns, At safepoint: 12051400 ns, Total: 12227400 ns
[2023-05-18T23:23:16.268+0000][174][info ][gc,start    ] GC(9) Pause Young (Normal) (G1 Evacuation Pause)
[2023-05-18T23:23:16.268+0000][174][info ][gc,task     ] GC(9) Using 6 workers of 8 for evacuation
[2023-05-18T23:23:16.268+0000][174][debug][gc,age      ] GC(9) Desired survivor size 10485760 bytes, new threshold 4 (max threshold 15)
[2023-05-18T23:23:16.274+0000][174][info ][gc,phases   ] GC(9)   Pre Evacuate Collection Set: 0.2ms
[2023-05-18T23:23:16.274+0000][174][info ][gc,phases   ] GC(9)   Merge Heap Roots: 0.2ms
[2023-05-18T23:23:16.274+0000][174][info ][gc,phases   ] GC(9)   Evacuate Collection Set: 4.3ms
[2023-05-18T23:23:16.275+0000][174][info ][gc,phases   ] GC(9)   Post Evacuate Collection Set: 0.8ms
[2023-05-18T23:23:16.275+0000][174][info ][gc,phases   ] GC(9)   Other: 0.5ms
[2023-05-18T23:23:16.275+0000][174][trace][gc,age      ] GC(9) Age table with threshold 4 (max threshold 15)
[2023-05-18T23:23:16.275+0000][174][trace][gc,age      ] GC(9) - age   1:     518736 bytes,     518736 total
[2023-05-18T23:23:16.275+0000][174][trace][gc,age      ] GC(9) - age   2:    4229112 bytes,    4747848 total
[2023-05-18T23:23:16.276+0000][174][trace][gc,age      ] GC(9) - age   3:     370800 bytes,    5118648 total
[2023-05-18T23:23:16.276+0000][174][trace][gc,age      ] GC(9) - age   4:    2453296 bytes,    7571944 total
[2023-05-18T23:23:16.276+0000][174][info ][gc,heap     ] GC(9) Eden regions: 34->0(35)
[2023-05-18T23:23:16.276+0000][174][info ][gc,heap     ] GC(9) Survivor regions: 4->3(5)
[2023-05-18T23:23:16.276+0000][174][info ][gc,heap     ] GC(9) Old regions: 3->4
[2023-05-18T23:23:16.277+0000][174][info ][gc,heap     ] GC(9) Archive regions: 2->2
[2023-05-18T23:23:16.277+0000][174][info ][gc,heap     ] GC(9) Humongous regions: 0->0
[2023-05-18T23:23:16.277+0000][174][info ][gc,metaspace] GC(9) Metaspace: 31533K(32320K)->31533K(32320K) NonClass: 27882K(28352K)->27882K(28352K) Class: 3650K(3968K)->3650K(3968K)
[2023-05-18T23:23:16.277+0000][174][info ][gc          ] GC(9) Pause Young (Normal) (G1 Evacuation Pause) 164M->27M(256M) 9.457ms
[2023-05-18T23:23:16.277+0000][174][info ][gc,cpu      ] GC(9) User=0.04s Sys=0.00s Real=0.01s
[2023-05-18T23:23:16.278+0000][174][info ][safepoint   ] Safepoint "G1CollectForAllocation", Time since last: 247356200 ns, Reaching safepoint: 6100 ns, Cleanup: 151100 ns, At safepoint: 9990600 ns, Total: 10147800 ns
[2023-05-18T23:23:16.679+0000][174][info ][gc,start    ] GC(10) Pause Young (Normal) (G1 Evacuation Pause)
[2023-05-18T23:23:16.680+0000][174][info ][gc,task     ] GC(10) Using 6 workers of 8 for evacuation
[2023-05-18T23:23:16.680+0000][174][debug][gc,age      ] GC(10) Desired survivor size 10485760 bytes, new threshold 15 (max threshold 15)
[2023-05-18T23:23:16.685+0000][174][info ][gc,phases   ] GC(10)   Pre Evacuate Collection Set: 0.2ms
[2023-05-18T23:23:16.685+0000][174][info ][gc,phases   ] GC(10)   Merge Heap Roots: 0.1ms
[2023-05-18T23:23:16.685+0000][174][info ][gc,phases   ] GC(10)   Evacuate Collection Set: 3.8ms
[2023-05-18T23:23:16.686+0000][174][info ][gc,phases   ] GC(10)   Post Evacuate Collection Set: 0.8ms
[2023-05-18T23:23:16.686+0000][174][info ][gc,phases   ] GC(10)   Other: 0.5ms
[2023-05-18T23:23:16.686+0000][174][trace][gc,age      ] GC(10) Age table with threshold 15 (max threshold 15)
[2023-05-18T23:23:16.686+0000][174][trace][gc,age      ] GC(10) - age   1:    4814136 bytes,    4814136 total
[2023-05-18T23:23:16.686+0000][174][trace][gc,age      ] GC(10) - age   2:     514160 bytes,    5328296 total
[2023-05-18T23:23:16.686+0000][174][trace][gc,age      ] GC(10) - age   3:    4229080 bytes,    9557376 total
[2023-05-18T23:23:16.687+0000][174][trace][gc,age      ] GC(10) - age   4:     370152 bytes,    9927528 total
[2023-05-18T23:23:16.687+0000][174][trace][gc,age      ] GC(10) - age   5:    2452656 bytes,   12380184 total
[2023-05-18T23:23:16.687+0000][174][info ][gc,heap     ] GC(10) Eden regions: 35->0(34)
[2023-05-18T23:23:16.687+0000][174][info ][gc,heap     ] GC(10) Survivor regions: 3->4(5)
[2023-05-18T23:23:16.687+0000][174][info ][gc,heap     ] GC(10) Old regions: 4->4
[2023-05-18T23:23:16.688+0000][174][info ][gc,heap     ] GC(10) Archive regions: 2->2
[2023-05-18T23:23:16.688+0000][174][info ][gc,heap     ] GC(10) Humongous regions: 0->0
[2023-05-18T23:23:16.688+0000][174][info ][gc,metaspace] GC(10) Metaspace: 32962K(33792K)->32962K(33792K) NonClass: 29131K(29632K)->29131K(29632K) Class: 3830K(4160K)->3830K(4160K)
[2023-05-18T23:23:16.688+0000][174][info ][gc          ] GC(10) Pause Young (Normal) (G1 Evacuation Pause) 167M->33M(256M) 8.638ms
[2023-05-18T23:23:16.688+0000][174][info ][gc,cpu      ] GC(10) User=0.03s Sys=0.00s Real=0.01s
[2023-05-18T23:23:16.688+0000][174][info ][safepoint   ] Safepoint "G1CollectForAllocation", Time since last: 401423200 ns, Reaching safepoint: 6900 ns, Cleanup: 144200 ns, At safepoint: 9041100 ns, Total: 9192200 ns
[2023-05-18T23:23:16.957+0000][174][info ][gc,start    ] GC(11) Pause Young (Normal) (G1 Evacuation Pause)
[2023-05-18T23:23:16.958+0000][174][info ][gc,task     ] GC(11) Using 6 workers of 8 for evacuation
[2023-05-18T23:23:16.958+0000][174][debug][gc,age      ] GC(11) Desired survivor size 10485760 bytes, new threshold 5 (max threshold 15)
[2023-05-18T23:23:16.963+0000][174][info ][gc,phases   ] GC(11)   Pre Evacuate Collection Set: 0.1ms
[2023-05-18T23:23:16.963+0000][174][info ][gc,phases   ] GC(11)   Merge Heap Roots: 0.2ms
[2023-05-18T23:23:16.963+0000][174][info ][gc,phases   ] GC(11)   Evacuate Collection Set: 3.7ms
[2023-05-18T23:23:16.964+0000][174][info ][gc,phases   ] GC(11)   Post Evacuate Collection Set: 0.7ms
[2023-05-18T23:23:16.964+0000][174][info ][gc,phases   ] GC(11)   Other: 0.4ms
[2023-05-18T23:23:16.964+0000][174][trace][gc,age      ] GC(11) Age table with threshold 5 (max threshold 15)
[2023-05-18T23:23:16.964+0000][174][trace][gc,age      ] GC(11) - age   1:    3390088 bytes,    3390088 total
[2023-05-18T23:23:16.964+0000][174][trace][gc,age      ] GC(11) - age   2:    3114248 bytes,    6504336 total
[2023-05-18T23:23:16.964+0000][174][trace][gc,age      ] GC(11) - age   3:     514128 bytes,    7018464 total
[2023-05-18T23:23:16.965+0000][174][trace][gc,age      ] GC(11) - age   4:    4229080 bytes,   11247544 total
[2023-05-18T23:23:16.965+0000][174][trace][gc,age      ] GC(11) - age   5:     370152 bytes,   11617696 total
[2023-05-18T23:23:16.965+0000][174][info ][gc,heap     ] GC(11) Eden regions: 34->0(35)
[2023-05-18T23:23:16.965+0000][174][info ][gc,heap     ] GC(11) Survivor regions: 4->3(5)
[2023-05-18T23:23:16.965+0000][174][info ][gc,heap     ] GC(11) Old regions: 4->5
[2023-05-18T23:23:16.966+0000][174][info ][gc,heap     ] GC(11) Archive regions: 2->2
[2023-05-18T23:23:16.966+0000][174][info ][gc,heap     ] GC(11) Humongous regions: 0->0
[2023-05-18T23:23:16.966+0000][174][info ][gc,metaspace] GC(11) Metaspace: 33392K(34304K)->33392K(34304K) NonClass: 29497K(30016K)->29497K(30016K) Class: 3894K(4288K)->3894K(4288K)
[2023-05-18T23:23:16.966+0000][174][info ][gc          ] GC(11) Pause Young (Normal) (G1 Evacuation Pause) 169M->33M(256M) 8.723ms
[2023-05-18T23:23:16.966+0000][174][info ][gc,cpu      ] GC(11) User=0.03s Sys=0.02s Real=0.01s
[2023-05-18T23:23:16.967+0000][174][info ][safepoint   ] Safepoint "G1CollectForAllocation", Time since last: 268879600 ns, Reaching safepoint: 6600 ns, Cleanup: 164600 ns, At safepoint: 9120600 ns, Total: 9291800 ns
[2023-05-18T23:23:17.185+0000][174][info ][gc,start    ] GC(12) Pause Young (Normal) (G1 Evacuation Pause)
[2023-05-18T23:23:17.185+0000][174][info ][gc,task     ] GC(12) Using 6 workers of 8 for evacuation
[2023-05-18T23:23:17.185+0000][174][debug][gc,age      ] GC(12) Desired survivor size 10485760 bytes, new threshold 4 (max threshold 15)
[2023-05-18T23:23:17.190+0000][174][info ][gc,phases   ] GC(12)   Pre Evacuate Collection Set: 0.1ms
[2023-05-18T23:23:17.190+0000][174][info ][gc,phases   ] GC(12)   Merge Heap Roots: 0.2ms
[2023-05-18T23:23:17.190+0000][174][info ][gc,phases   ] GC(12)   Evacuate Collection Set: 3.2ms
[2023-05-18T23:23:17.190+0000][174][info ][gc,phases   ] GC(12)   Post Evacuate Collection Set: 0.6ms
[2023-05-18T23:23:17.190+0000][174][info ][gc,phases   ] GC(12)   Other: 0.5ms
[2023-05-18T23:23:17.191+0000][174][trace][gc,age      ] GC(12) Age table with threshold 4 (max threshold 15)
[2023-05-18T23:23:17.191+0000][174][trace][gc,age      ] GC(12) - age   1:    1515488 bytes,    1515488 total
[2023-05-18T23:23:17.191+0000][174][trace][gc,age      ] GC(12) - age   2:    2570928 bytes,    4086416 total
[2023-05-18T23:23:17.191+0000][174][trace][gc,age      ] GC(12) - age   3:    3114128 bytes,    7200544 total
[2023-05-18T23:23:17.191+0000][174][trace][gc,age      ] GC(12) - age   4:     514128 bytes,    7714672 total
[2023-05-18T23:23:17.191+0000][174][info ][gc,heap     ] GC(12) Eden regions: 35->0(36)
[2023-05-18T23:23:17.192+0000][174][info ][gc,heap     ] GC(12) Survivor regions: 3->2(5)
[2023-05-18T23:23:17.192+0000][174][info ][gc,heap     ] GC(12) Old regions: 5->6
[2023-05-18T23:23:17.192+0000][174][info ][gc,heap     ] GC(12) Archive regions: 2->2
[2023-05-18T23:23:17.192+0000][174][info ][gc,heap     ] GC(12) Humongous regions: 0->0
[2023-05-18T23:23:17.192+0000][174][info ][gc,metaspace] GC(12) Metaspace: 33817K(34688K)->33817K(34688K) NonClass: 29872K(30400K)->29872K(30400K) Class: 3944K(4288K)->3944K(4288K)
[2023-05-18T23:23:17.192+0000][174][info ][gc          ] GC(12) Pause Young (Normal) (G1 Evacuation Pause) 173M->34M(256M) 7.686ms
[2023-05-18T23:23:17.193+0000][174][info ][gc,cpu      ] GC(12) User=0.02s Sys=0.00s Real=0.00s
[2023-05-18T23:23:17.193+0000][174][info ][safepoint   ] Safepoint "G1CollectForAllocation", Time since last: 218059400 ns, Reaching safepoint: 5900 ns, Cleanup: 151000 ns, At safepoint: 8178400 ns, Total: 8335300 ns
[2023-05-18T23:23:17.342+0000][174][info ][gc,start    ] GC(13) Pause Young (Concurrent Start) (Metadata GC Threshold)
[2023-05-18T23:23:17.343+0000][174][info ][gc,task     ] GC(13) Using 6 workers of 8 for evacuation
[2023-05-18T23:23:17.343+0000][174][debug][gc,age      ] GC(13) Desired survivor size 10485760 bytes, new threshold 15 (max threshold 15)
[2023-05-18T23:23:17.347+0000][174][info ][gc,phases   ] GC(13)   Pre Evacuate Collection Set: 0.2ms
[2023-05-18T23:23:17.348+0000][174][info ][gc,phases   ] GC(13)   Merge Heap Roots: 0.1ms
[2023-05-18T23:23:17.348+0000][174][info ][gc,phases   ] GC(13)   Evacuate Collection Set: 3.0ms
[2023-05-18T23:23:17.348+0000][174][info ][gc,phases   ] GC(13)   Post Evacuate Collection Set: 0.6ms
[2023-05-18T23:23:17.348+0000][174][info ][gc,phases   ] GC(13)   Other: 0.6ms
[2023-05-18T23:23:17.348+0000][174][trace][gc,age      ] GC(13) Age table with threshold 15 (max threshold 15)
[2023-05-18T23:23:17.349+0000][174][trace][gc,age      ] GC(13) - age   1:     728192 bytes,     728192 total
[2023-05-18T23:23:17.349+0000][174][trace][gc,age      ] GC(13) - age   2:     730672 bytes,    1458864 total
[2023-05-18T23:23:17.349+0000][174][trace][gc,age      ] GC(13) - age   3:    2570792 bytes,    4029656 total
[2023-05-18T23:23:17.349+0000][174][trace][gc,age      ] GC(13) - age   4:    3113696 bytes,    7143352 total
[2023-05-18T23:23:17.349+0000][174][trace][gc,age      ] GC(13) - age   5:     514024 bytes,    7657376 total
[2023-05-18T23:23:17.349+0000][174][info ][gc,heap     ] GC(13) Eden regions: 8->0(36)
[2023-05-18T23:23:17.350+0000][174][info ][gc,heap     ] GC(13) Survivor regions: 2->2(5)
[2023-05-18T23:23:17.350+0000][174][info ][gc,heap     ] GC(13) Old regions: 6->6
[2023-05-18T23:23:17.350+0000][174][info ][gc,heap     ] GC(13) Archive regions: 2->2
[2023-05-18T23:23:17.350+0000][174][info ][gc,heap     ] GC(13) Humongous regions: 0->0
[2023-05-18T23:23:17.350+0000][174][info ][gc,metaspace] GC(13) Metaspace: 35246K(36160K)->35246K(36160K) NonClass: 31111K(31680K)->31111K(31680K) Class: 4134K(4480K)->4134K(4480K)
[2023-05-18T23:23:17.350+0000][174][info ][gc          ] GC(13) Pause Young (Concurrent Start) (Metadata GC Threshold) 66M->34M(256M) 7.809ms
[2023-05-18T23:23:17.350+0000][174][info ][gc,cpu      ] GC(13) User=0.03s Sys=0.00s Real=0.01s
[2023-05-18T23:23:17.350+0000][174][info ][gc          ] GC(14) Concurrent Mark Cycle
[2023-05-18T23:23:17.351+0000][174][info ][gc,marking  ] GC(14) Concurrent Scan Root Regions
[2023-05-18T23:23:17.351+0000][174][info ][safepoint   ] Safepoint "CollectForMetadataAllocation", Time since last: 149301000 ns, Reaching safepoint: 5800 ns, Cleanup: 156200 ns, At safepoint: 8330200 ns, Total: 8492200 ns
[2023-05-18T23:23:17.353+0000][174][info ][gc,marking  ] GC(14) Concurrent Scan Root Regions 2.307ms
[2023-05-18T23:23:17.353+0000][174][info ][gc,marking  ] GC(14) Concurrent Mark
[2023-05-18T23:23:17.354+0000][174][info ][gc,marking  ] GC(14) Concurrent Mark From Roots
[2023-05-18T23:23:17.354+0000][174][info ][gc,task     ] GC(14) Using 2 workers of 2 for marking
[2023-05-18T23:23:17.371+0000][174][info ][gc,marking  ] GC(14) Concurrent Mark From Roots 17.267ms
[2023-05-18T23:23:17.371+0000][174][info ][gc,marking  ] GC(14) Concurrent Preclean
[2023-05-18T23:23:17.372+0000][174][info ][gc,marking  ] GC(14) Concurrent Preclean 0.332ms
[2023-05-18T23:23:17.372+0000][174][info ][gc,start    ] GC(14) Pause Remark
[2023-05-18T23:23:17.381+0000][174][info ][gc          ] GC(14) Pause Remark 36M->36M(256M) 8.663ms
[2023-05-18T23:23:17.381+0000][174][info ][gc,cpu      ] GC(14) User=0.05s Sys=0.01s Real=0.01s
[2023-05-18T23:23:17.381+0000][174][info ][safepoint   ] Safepoint "G1PauseRemark", Time since last: 21090800 ns, Reaching safepoint: 111300 ns, Cleanup: 118200 ns, At safepoint: 9225400 ns, Total: 9454900 ns
[2023-05-18T23:23:17.382+0000][174][info ][gc,marking  ] GC(14) Concurrent Mark 28.176ms
[2023-05-18T23:23:17.382+0000][174][info ][gc,marking  ] GC(14) Concurrent Rebuild Remembered Sets and Scrub Regions
[2023-05-18T23:23:17.396+0000][174][info ][gc,marking  ] GC(14) Concurrent Rebuild Remembered Sets and Scrub Regions 14.042ms
[2023-05-18T23:23:17.401+0000][174][info ][gc,start    ] GC(14) Pause Cleanup
[2023-05-18T23:23:17.401+0000][174][info ][gc          ] GC(14) Pause Cleanup 36M->36M(256M) 0.335ms
[2023-05-18T23:23:17.402+0000][174][info ][gc,cpu      ] GC(14) User=0.00s Sys=0.00s Real=0.00s
[2023-05-18T23:23:17.402+0000][174][info ][safepoint   ] Safepoint "G1PauseCleanup", Time since last: 15229000 ns, Reaching safepoint: 4346100 ns, Cleanup: 137600 ns, At safepoint: 793900 ns, Total: 5277600 ns
[2023-05-18T23:23:17.402+0000][174][info ][gc,marking  ] GC(14) Concurrent Clear Claimed Marks
[2023-05-18T23:23:17.402+0000][174][info ][gc,marking  ] GC(14) Concurrent Clear Claimed Marks 0.255ms
[2023-05-18T23:23:17.403+0000][174][info ][gc,marking  ] GC(14) Concurrent Cleanup for Next Mark
[2023-05-18T23:23:17.403+0000][174][info ][gc,marking  ] GC(14) Concurrent Cleanup for Next Mark 0.650ms
[2023-05-18T23:23:17.403+0000][174][info ][gc          ] GC(14) Concurrent Mark Cycle 53.013ms
[2023-05-18T23:23:18.296+0000][174][info ][safepoint   ] Safepoint "ICBufferFull", Time since last: 893682000 ns, Reaching safepoint: 6100 ns, Cleanup: 199400 ns, At safepoint: 43400 ns, Total: 248900 ns
[2023-05-18T23:23:19.208+0000][174][info ][gc,start    ] GC(15) Pause Young (Normal) (G1 Evacuation Pause)
[2023-05-18T23:23:19.209+0000][174][info ][gc,task     ] GC(15) Using 6 workers of 8 for evacuation
[2023-05-18T23:23:19.209+0000][174][debug][gc,age      ] GC(15) Desired survivor size 10485760 bytes, new threshold 15 (max threshold 15)
[2023-05-18T23:23:19.221+0000][174][info ][gc,phases   ] GC(15)   Pre Evacuate Collection Set: 0.2ms
[2023-05-18T23:23:19.222+0000][174][info ][gc,phases   ] GC(15)   Merge Heap Roots: 0.1ms
[2023-05-18T23:23:19.222+0000][174][info ][gc,phases   ] GC(15)   Evacuate Collection Set: 10.4ms
[2023-05-18T23:23:19.222+0000][174][info ][gc,phases   ] GC(15)   Post Evacuate Collection Set: 1.5ms
[2023-05-18T23:23:19.222+0000][174][info ][gc,phases   ] GC(15)   Other: 0.5ms
[2023-05-18T23:23:19.222+0000][174][trace][gc,age      ] GC(15) Age table with threshold 15 (max threshold 15)
[2023-05-18T23:23:19.222+0000][174][trace][gc,age      ] GC(15) - age   1:   10787048 bytes,   10787048 total
[2023-05-18T23:23:19.223+0000][174][trace][gc,age      ] GC(15) - age   2:     658392 bytes,   11445440 total
[2023-05-18T23:23:19.223+0000][174][trace][gc,age      ] GC(15) - age   3:     722448 bytes,   12167888 total
[2023-05-18T23:23:19.223+0000][174][trace][gc,age      ] GC(15) - age   4:    2563376 bytes,   14731264 total
[2023-05-18T23:23:19.223+0000][174][trace][gc,age      ] GC(15) - age   5:    3095864 bytes,   17827128 total
[2023-05-18T23:23:19.223+0000][174][trace][gc,age      ] GC(15) - age   6:     505832 bytes,   18332960 total
[2023-05-18T23:23:19.224+0000][174][info ][gc,heap     ] GC(15) Eden regions: 36->0(33)
[2023-05-18T23:23:19.224+0000][174][info ][gc,heap     ] GC(15) Survivor regions: 2->5(5)
[2023-05-18T23:23:19.224+0000][174][info ][gc,heap     ] GC(15) Old regions: 6->6
[2023-05-18T23:23:19.224+0000][174][info ][gc,heap     ] GC(15) Archive regions: 2->2
[2023-05-18T23:23:19.224+0000][174][info ][gc,heap     ] GC(15) Humongous regions: 0->0
[2023-05-18T23:23:19.224+0000][174][info ][gc,metaspace] GC(15) Metaspace: 43616K(44928K)->43616K(44928K) NonClass: 38352K(39104K)->38352K(39104K) Class: 5263K(5824K)->5263K(5824K)
[2023-05-18T23:23:19.225+0000][174][info ][gc          ] GC(15) Pause Young (Normal) (G1 Evacuation Pause) 178M->45M(256M) 16.313ms
[2023-05-18T23:23:19.225+0000][174][info ][gc,cpu      ] GC(15) User=0.09s Sys=0.00s Real=0.02s
[2023-05-18T23:23:19.225+0000][174][info ][safepoint   ] Safepoint "G1CollectForAllocation", Time since last: 912387000 ns, Reaching safepoint: 8400 ns, Cleanup: 131800 ns, At safepoint: 16764100 ns, Total: 16904300 ns
[2023-05-18T23:23:20.154+0000][174][info ][gc,start    ] GC(16) Pause Young (Normal) (G1 Evacuation Pause)
[2023-05-18T23:23:20.154+0000][174][info ][gc,task     ] GC(16) Using 6 workers of 8 for evacuation
[2023-05-18T23:23:20.155+0000][174][debug][gc,age      ] GC(16) Desired survivor size 10485760 bytes, new threshold 1 (max threshold 15)
[2023-05-18T23:23:20.167+0000][174][info ][gc,phases   ] GC(16)   Pre Evacuate Collection Set: 0.1ms
[2023-05-18T23:23:20.167+0000][174][info ][gc,phases   ] GC(16)   Merge Heap Roots: 0.1ms
[2023-05-18T23:23:20.167+0000][174][info ][gc,phases   ] GC(16)   Evacuate Collection Set: 11.2ms
[2023-05-18T23:23:20.168+0000][174][info ][gc,phases   ] GC(16)   Post Evacuate Collection Set: 0.6ms
[2023-05-18T23:23:20.168+0000][174][info ][gc,phases   ] GC(16)   Other: 0.4ms
[2023-05-18T23:23:20.168+0000][174][trace][gc,age      ] GC(16) Age table with threshold 1 (max threshold 15)
[2023-05-18T23:23:20.168+0000][174][trace][gc,age      ] GC(16) - age   1:    7666224 bytes,    7666224 total
[2023-05-18T23:23:20.168+0000][174][info ][gc,heap     ] GC(16) Eden regions: 33->0(35)
[2023-05-18T23:23:20.168+0000][174][info ][gc,heap     ] GC(16) Survivor regions: 5->3(5)
[2023-05-18T23:23:20.168+0000][174][info ][gc,heap     ] GC(16) Old regions: 6->11
[2023-05-18T23:23:20.169+0000][174][info ][gc,heap     ] GC(16) Archive regions: 2->2
[2023-05-18T23:23:20.169+0000][174][info ][gc,heap     ] GC(16) Humongous regions: 0->0
[2023-05-18T23:23:20.169+0000][174][info ][gc,metaspace] GC(16) Metaspace: 43666K(44928K)->43666K(44928K) NonClass: 38397K(39104K)->38397K(39104K) Class: 5269K(5824K)->5269K(5824K)
[2023-05-18T23:23:20.169+0000][174][info ][gc          ] GC(16) Pause Young (Normal) (G1 Evacuation Pause) 177M->52M(256M) 15.031ms
[2023-05-18T23:23:20.169+0000][174][info ][gc,cpu      ] GC(16) User=0.07s Sys=0.00s Real=0.01s
[2023-05-18T23:23:20.169+0000][174][info ][safepoint   ] Safepoint "G1CollectForAllocation", Time since last: 928852400 ns, Reaching safepoint: 7800 ns, Cleanup: 159900 ns, At safepoint: 15441200 ns, Total: 15608900 ns
[2023-05-18T23:23:20.764+0000][174][info ][safepoint   ] Safepoint "ICBufferFull", Time since last: 593888100 ns, Reaching safepoint: 7500 ns, Cleanup: 215700 ns, At safepoint: 24700 ns, Total: 247900 ns
[2023-05-18T23:23:21.022+0000][174][info ][gc,start    ] GC(17) Pause Young (Normal) (G1 Evacuation Pause)
[2023-05-18T23:23:21.022+0000][174][info ][gc,task     ] GC(17) Using 6 workers of 8 for evacuation
[2023-05-18T23:23:21.022+0000][174][debug][gc,age      ] GC(17) Desired survivor size 10485760 bytes, new threshold 15 (max threshold 15)
[2023-05-18T23:23:21.032+0000][174][info ][gc,phases   ] GC(17)   Pre Evacuate Collection Set: 0.1ms
[2023-05-18T23:23:21.033+0000][174][info ][gc,phases   ] GC(17)   Merge Heap Roots: 0.1ms
[2023-05-18T23:23:21.033+0000][174][info ][gc,phases   ] GC(17)   Evacuate Collection Set: 8.5ms
[2023-05-18T23:23:21.033+0000][174][info ][gc,phases   ] GC(17)   Post Evacuate Collection Set: 0.8ms
[2023-05-18T23:23:21.033+0000][174][info ][gc,phases   ] GC(17)   Other: 0.4ms
[2023-05-18T23:23:21.033+0000][174][trace][gc,age      ] GC(17) Age table with threshold 15 (max threshold 15)
[2023-05-18T23:23:21.033+0000][174][trace][gc,age      ] GC(17) - age   1:    5189128 bytes,    5189128 total
[2023-05-18T23:23:21.033+0000][174][trace][gc,age      ] GC(17) - age   2:    7218312 bytes,   12407440 total
[2023-05-18T23:23:21.034+0000][174][info ][gc,heap     ] GC(17) Eden regions: 35->0(34)
[2023-05-18T23:23:21.034+0000][174][info ][gc,heap     ] GC(17) Survivor regions: 3->4(5)
[2023-05-18T23:23:21.034+0000][174][info ][gc,heap     ] GC(17) Old regions: 11->11
[2023-05-18T23:23:21.034+0000][174][info ][gc,heap     ] GC(17) Archive regions: 2->2
[2023-05-18T23:23:21.034+0000][174][info ][gc,heap     ] GC(17) Humongous regions: 0->0
[2023-05-18T23:23:21.034+0000][174][info ][gc,metaspace] GC(17) Metaspace: 50929K(52288K)->50929K(52288K) NonClass: 44662K(45440K)->44662K(45440K) Class: 6266K(6848K)->6266K(6848K)
[2023-05-18T23:23:21.034+0000][174][info ][gc          ] GC(17) Pause Young (Normal) (G1 Evacuation Pause) 192M->57M(256M) 12.574ms
[2023-05-18T23:23:21.035+0000][174][info ][gc,cpu      ] GC(17) User=0.07s Sys=0.01s Real=0.02s
[2023-05-18T23:23:21.035+0000][174][info ][safepoint   ] Safepoint "G1CollectForAllocation", Time since last: 258035400 ns, Reaching safepoint: 5500 ns, Cleanup: 135600 ns, At safepoint: 12942300 ns, Total: 13083400 ns
[2023-05-18T23:23:21.567+0000][174][info ][gc,start    ] GC(18) Pause Young (Concurrent Start) (Metadata GC Threshold)
[2023-05-18T23:23:21.567+0000][174][info ][gc,task     ] GC(18) Using 6 workers of 8 for evacuation
[2023-05-18T23:23:21.568+0000][174][debug][gc,age      ] GC(18) Desired survivor size 10485760 bytes, new threshold 2 (max threshold 15)
[2023-05-18T23:23:21.576+0000][174][info ][gc,phases   ] GC(18)   Pre Evacuate Collection Set: 0.2ms
[2023-05-18T23:23:21.576+0000][174][info ][gc,phases   ] GC(18)   Merge Heap Roots: 0.1ms
[2023-05-18T23:23:21.576+0000][174][info ][gc,phases   ] GC(18)   Evacuate Collection Set: 6.7ms
[2023-05-18T23:23:21.577+0000][174][info ][gc,phases   ] GC(18)   Post Evacuate Collection Set: 1.3ms
[2023-05-18T23:23:21.577+0000][174][info ][gc,phases   ] GC(18)   Other: 0.4ms
[2023-05-18T23:23:21.577+0000][174][trace][gc,age      ] GC(18) Age table with threshold 2 (max threshold 15)
[2023-05-18T23:23:21.577+0000][174][trace][gc,age      ] GC(18) - age   1:    2927024 bytes,    2927024 total
[2023-05-18T23:23:21.577+0000][174][trace][gc,age      ] GC(18) - age   2:    4798712 bytes,    7725736 total
[2023-05-18T23:23:21.577+0000][174][info ][gc,heap     ] GC(18) Eden regions: 11->0(35)
[2023-05-18T23:23:21.577+0000][174][info ][gc,heap     ] GC(18) Survivor regions: 4->3(5)
[2023-05-18T23:23:21.578+0000][174][info ][gc,heap     ] GC(18) Old regions: 11->12
[2023-05-18T23:23:21.578+0000][174][info ][gc,heap     ] GC(18) Archive regions: 2->2
[2023-05-18T23:23:21.578+0000][174][info ][gc,heap     ] GC(18) Humongous regions: 0->0
[2023-05-18T23:23:21.578+0000][174][info ][gc,metaspace] GC(18) Metaspace: 59099K(60480K)->59099K(60480K) NonClass: 51567K(52352K)->51567K(52352K) Class: 7531K(8128K)->7531K(8128K)
[2023-05-18T23:23:21.578+0000][174][info ][gc          ] GC(18) Pause Young (Concurrent Start) (Metadata GC Threshold) 101M->60M(256M) 11.049ms
[2023-05-18T23:23:21.578+0000][174][info ][gc,cpu      ] GC(18) User=0.06s Sys=0.00s Real=0.01s
[2023-05-18T23:23:21.578+0000][174][info ][gc          ] GC(19) Concurrent Mark Cycle
[2023-05-18T23:23:21.579+0000][174][info ][safepoint   ] Safepoint "CollectForMetadataAllocation", Time since last: 532154000 ns, Reaching safepoint: 6100 ns, Cleanup: 141600 ns, At safepoint: 11517500 ns, Total: 11665200 ns
[2023-05-18T23:23:21.579+0000][174][info ][gc,marking  ] GC(19) Concurrent Scan Root Regions
[2023-05-18T23:23:21.590+0000][174][info ][gc,marking  ] GC(19) Concurrent Scan Root Regions 11.788ms
[2023-05-18T23:23:21.591+0000][174][info ][gc,marking  ] GC(19) Concurrent Mark
[2023-05-18T23:23:21.591+0000][174][info ][gc,marking  ] GC(19) Concurrent Mark From Roots
[2023-05-18T23:23:21.591+0000][174][info ][gc,task     ] GC(19) Using 2 workers of 2 for marking
[2023-05-18T23:23:21.607+0000][174][info ][safepoint   ] Safepoint "CollectForMetadataAllocation", Time since last: 28085100 ns, Reaching safepoint: 60400 ns, Cleanup: 125700 ns, At safepoint: 94800 ns, Total: 280900 ns
[2023-05-18T23:23:21.620+0000][174][info ][gc,marking  ] GC(19) Concurrent Mark From Roots 28.930ms
[2023-05-18T23:23:21.620+0000][174][info ][gc,marking  ] GC(19) Concurrent Preclean
[2023-05-18T23:23:21.621+0000][174][info ][gc,marking  ] GC(19) Concurrent Preclean 0.453ms
[2023-05-18T23:23:21.621+0000][174][info ][gc,start    ] GC(19) Pause Remark
[2023-05-18T23:23:21.626+0000][174][info ][gc          ] GC(19) Pause Remark 64M->64M(256M) 4.738ms
[2023-05-18T23:23:21.626+0000][174][info ][gc,cpu      ] GC(19) User=0.03s Sys=0.00s Real=0.01s
[2023-05-18T23:23:21.626+0000][174][info ][safepoint   ] Safepoint "G1PauseRemark", Time since last: 13934900 ns, Reaching safepoint: 86100 ns, Cleanup: 121500 ns, At safepoint: 5291200 ns, Total: 5498800 ns
[2023-05-18T23:23:21.627+0000][174][info ][gc,marking  ] GC(19) Concurrent Mark 35.845ms
[2023-05-18T23:23:21.627+0000][174][info ][gc,marking  ] GC(19) Concurrent Rebuild Remembered Sets and Scrub Regions
[2023-05-18T23:23:21.632+0000][174][info ][gc,marking  ] GC(19) Concurrent Rebuild Remembered Sets and Scrub Regions 5.512ms
[2023-05-18T23:23:21.633+0000][174][info ][gc,start    ] GC(19) Pause Cleanup
[2023-05-18T23:23:21.633+0000][174][info ][gc          ] GC(19) Pause Cleanup 64M->64M(256M) 0.218ms
[2023-05-18T23:23:21.633+0000][174][info ][gc,cpu      ] GC(19) User=0.00s Sys=0.00s Real=0.00s
[2023-05-18T23:23:21.633+0000][174][info ][safepoint   ] Safepoint "G1PauseCleanup", Time since last: 6261300 ns, Reaching safepoint: 91800 ns, Cleanup: 154400 ns, At safepoint: 600200 ns, Total: 846400 ns
[2023-05-18T23:23:21.634+0000][174][info ][gc,marking  ] GC(19) Concurrent Clear Claimed Marks
[2023-05-18T23:23:21.634+0000][174][info ][gc,marking  ] GC(19) Concurrent Clear Claimed Marks 0.242ms
[2023-05-18T23:23:21.634+0000][174][info ][gc,marking  ] GC(19) Concurrent Cleanup for Next Mark
[2023-05-18T23:23:21.634+0000][174][info ][gc,marking  ] GC(19) Concurrent Cleanup for Next Mark 0.388ms
[2023-05-18T23:23:21.635+0000][174][info ][gc          ] GC(19) Concurrent Mark Cycle 56.390ms
[2023-05-18T23:23:22.634+0000][174][info ][safepoint   ] Safepoint "Cleanup", Time since last: 1000314500 ns, Reaching safepoint: 109800 ns, Cleanup: 191400 ns, At safepoint: 30400 ns, Total: 331600 ns
[2023-05-18T23:23:22.652+0000][174][info ][gc,start    ] GC(20) Pause Young (Normal) (G1 Evacuation Pause)
[2023-05-18T23:23:22.652+0000][174][info ][gc,task     ] GC(20) Using 6 workers of 8 for evacuation
[2023-05-18T23:23:22.653+0000][174][debug][gc,age      ] GC(20) Desired survivor size 10485760 bytes, new threshold 15 (max threshold 15)
[2023-05-18T23:23:22.662+0000][174][info ][gc,phases   ] GC(20)   Pre Evacuate Collection Set: 0.2ms
[2023-05-18T23:23:22.662+0000][174][info ][gc,phases   ] GC(20)   Merge Heap Roots: 0.1ms
[2023-05-18T23:23:22.662+0000][174][info ][gc,phases   ] GC(20)   Evacuate Collection Set: 6.8ms
[2023-05-18T23:23:22.662+0000][174][info ][gc,phases   ] GC(20)   Post Evacuate Collection Set: 1.4ms
[2023-05-18T23:23:22.663+0000][174][info ][gc,phases   ] GC(20)   Other: 0.7ms
[2023-05-18T23:23:22.663+0000][174][trace][gc,age      ] GC(20) Age table with threshold 15 (max threshold 15)
[2023-05-18T23:23:22.663+0000][174][trace][gc,age      ] GC(20) - age   1:    1785240 bytes,    1785240 total
[2023-05-18T23:23:22.663+0000][174][trace][gc,age      ] GC(20) - age   2:    2779200 bytes,    4564440 total
[2023-05-18T23:23:22.664+0000][174][trace][gc,age      ] GC(20) - age   3:    4775880 bytes,    9340320 total
[2023-05-18T23:23:22.664+0000][174][info ][gc,heap     ] GC(20) Eden regions: 35->0(35)
[2023-05-18T23:23:22.664+0000][174][info ][gc,heap     ] GC(20) Survivor regions: 3->3(5)
[2023-05-18T23:23:22.664+0000][174][info ][gc,heap     ] GC(20) Old regions: 12->12
[2023-05-18T23:23:22.664+0000][174][info ][gc,heap     ] GC(20) Archive regions: 2->2
[2023-05-18T23:23:22.664+0000][174][info ][gc,heap     ] GC(20) Humongous regions: 0->0
[2023-05-18T23:23:22.665+0000][174][info ][gc,metaspace] GC(20) Metaspace: 64559K(65984K)->64559K(65984K) NonClass: 56169K(57024K)->56169K(57024K) Class: 8389K(8960K)->8389K(8960K)
[2023-05-18T23:23:22.665+0000][174][info ][gc          ] GC(20) Pause Young (Normal) (G1 Evacuation Pause) 200M->61M(256M) 12.867ms
[2023-05-18T23:23:22.665+0000][174][info ][gc,cpu      ] GC(20) User=0.09s Sys=0.00s Real=0.02s
[2023-05-18T23:23:22.665+0000][174][info ][safepoint   ] Safepoint "G1CollectForAllocation", Time since last: 17766900 ns, Reaching safepoint: 9800 ns, Cleanup: 138600 ns, At safepoint: 13373400 ns, Total: 13521800 ns
[2023-05-18T23:23:23.666+0000][174][info ][safepoint   ] Safepoint "Cleanup", Time since last: 1000335900 ns, Reaching safepoint: 87400 ns, Cleanup: 134500 ns, At safepoint: 19600 ns, Total: 241500 ns
[2023-05-18T23:23:23.878+0000][174][info ][gc,start    ] GC(21) Pause Young (Normal) (G1 Evacuation Pause)
[2023-05-18T23:23:23.879+0000][174][info ][gc,task     ] GC(21) Using 6 workers of 8 for evacuation
[2023-05-18T23:23:23.879+0000][174][debug][gc,age      ] GC(21) Desired survivor size 10485760 bytes, new threshold 15 (max threshold 15)
[2023-05-18T23:23:23.887+0000][174][info ][gc,phases   ] GC(21)   Pre Evacuate Collection Set: 0.2ms
[2023-05-18T23:23:23.888+0000][174][info ][gc,phases   ] GC(21)   Merge Heap Roots: 0.1ms
[2023-05-18T23:23:23.888+0000][174][info ][gc,phases   ] GC(21)   Evacuate Collection Set: 6.5ms
[2023-05-18T23:23:23.888+0000][174][info ][gc,phases   ] GC(21)   Post Evacuate Collection Set: 1.3ms
[2023-05-18T23:23:23.888+0000][174][info ][gc,phases   ] GC(21)   Other: 0.6ms
[2023-05-18T23:23:23.889+0000][174][trace][gc,age      ] GC(21) Age table with threshold 15 (max threshold 15)
[2023-05-18T23:23:23.889+0000][174][trace][gc,age      ] GC(21) - age   1:    3597408 bytes,    3597408 total
[2023-05-18T23:23:23.889+0000][174][trace][gc,age      ] GC(21) - age   2:    1626544 bytes,    5223952 total
[2023-05-18T23:23:23.889+0000][174][trace][gc,age      ] GC(21) - age   3:    2773720 bytes,    7997672 total
[2023-05-18T23:23:23.889+0000][174][trace][gc,age      ] GC(21) - age   4:    4775384 bytes,   12773056 total
[2023-05-18T23:23:23.889+0000][174][info ][gc,heap     ] GC(21) Eden regions: 35->0(34)
[2023-05-18T23:23:23.890+0000][174][info ][gc,heap     ] GC(21) Survivor regions: 3->4(5)
[2023-05-18T23:23:23.890+0000][174][info ][gc,heap     ] GC(21) Old regions: 12->12
[2023-05-18T23:23:23.890+0000][174][info ][gc,heap     ] GC(21) Archive regions: 2->2
[2023-05-18T23:23:23.890+0000][174][info ][gc,heap     ] GC(21) Humongous regions: 0->0
[2023-05-18T23:23:23.890+0000][174][info ][gc,metaspace] GC(21) Metaspace: 71967K(73536K)->71967K(73536K) NonClass: 62660K(63552K)->62660K(63552K) Class: 9306K(9984K)->9306K(9984K)
[2023-05-18T23:23:23.891+0000][174][info ][gc          ] GC(21) Pause Young (Normal) (G1 Evacuation Pause) 201M->65M(256M) 12.435ms
[2023-05-18T23:23:23.891+0000][174][info ][gc,cpu      ] GC(21) User=0.05s Sys=0.00s Real=0.01s
[2023-05-18T23:23:23.891+0000][174][info ][safepoint   ] Safepoint "G1CollectForAllocation", Time since last: 212124500 ns, Reaching safepoint: 5100 ns, Cleanup: 120200 ns, At safepoint: 12899500 ns, Total: 13024800 ns
[2023-05-18T23:23:25.116+0000][174][info ][gc,start    ] GC(22) Pause Young (Normal) (G1 Evacuation Pause)
[2023-05-18T23:23:25.117+0000][174][info ][gc,task     ] GC(22) Using 6 workers of 8 for evacuation
[2023-05-18T23:23:25.117+0000][174][debug][gc,age      ] GC(22) Desired survivor size 10485760 bytes, new threshold 4 (max threshold 15)
[2023-05-18T23:23:25.128+0000][174][info ][gc,phases   ] GC(22)   Pre Evacuate Collection Set: 0.1ms
[2023-05-18T23:23:25.128+0000][174][info ][gc,phases   ] GC(22)   Merge Heap Roots: 0.1ms
[2023-05-18T23:23:25.128+0000][174][info ][gc,phases   ] GC(22)   Evacuate Collection Set: 9.0ms
[2023-05-18T23:23:25.128+0000][174][info ][gc,phases   ] GC(22)   Post Evacuate Collection Set: 1.3ms
[2023-05-18T23:23:25.128+0000][174][info ][gc,phases   ] GC(22)   Other: 0.5ms
[2023-05-18T23:23:25.129+0000][174][trace][gc,age      ] GC(22) Age table with threshold 4 (max threshold 15)
[2023-05-18T23:23:25.129+0000][174][trace][gc,age      ] GC(22) - age   1:    4233784 bytes,    4233784 total
[2023-05-18T23:23:25.129+0000][174][trace][gc,age      ] GC(22) - age   2:    3477784 bytes,    7711568 total
[2023-05-18T23:23:25.129+0000][174][trace][gc,age      ] GC(22) - age   3:    1617928 bytes,    9329496 total
[2023-05-18T23:23:25.129+0000][174][trace][gc,age      ] GC(22) - age   4:    2772728 bytes,   12102224 total
[2023-05-18T23:23:25.129+0000][174][info ][gc,heap     ] GC(22) Eden regions: 34->0(33)
[2023-05-18T23:23:25.130+0000][174][info ][gc,heap     ] GC(22) Survivor regions: 4->4(5)
[2023-05-18T23:23:25.130+0000][174][info ][gc,heap     ] GC(22) Old regions: 12->14
[2023-05-18T23:23:25.130+0000][174][info ][gc,heap     ] GC(22) Archive regions: 2->2
[2023-05-18T23:23:25.130+0000][174][info ][gc,heap     ] GC(22) Humongous regions: 0->0
[2023-05-18T23:23:25.130+0000][174][info ][gc,metaspace] GC(22) Metaspace: 79245K(80832K)->79245K(80832K) NonClass: 69029K(69952K)->69029K(69952K) Class: 10215K(10880K)->10215K(10880K)
[2023-05-18T23:23:25.131+0000][174][info ][gc          ] GC(22) Pause Young (Normal) (G1 Evacuation Pause) 201M->68M(256M) 14.360ms
[2023-05-18T23:23:25.131+0000][174][info ][gc,cpu      ] GC(22) User=0.06s Sys=0.00s Real=0.01s
[2023-05-18T23:23:25.131+0000][174][info ][safepoint   ] Safepoint "G1CollectForAllocation", Time since last: 1224934700 ns, Reaching safepoint: 5200 ns, Cleanup: 131000 ns, At safepoint: 14803400 ns, Total: 14939600 ns
[2023-05-18T23:23:26.132+0000][174][info ][safepoint   ] Safepoint "Cleanup", Time since last: 1000328700 ns, Reaching safepoint: 9000 ns, Cleanup: 129200 ns, At safepoint: 44000 ns, Total: 182200 ns
[2023-05-18T23:23:26.708+0000][174][info ][safepoint   ] Safepoint "ICBufferFull", Time since last: 576287000 ns, Reaching safepoint: 6400 ns, Cleanup: 154200 ns, At safepoint: 4700 ns, Total: 165300 ns
[2023-05-18T23:23:26.770+0000][174][info ][gc,start    ] GC(23) Pause Young (Concurrent Start) (Metadata GC Threshold)
[2023-05-18T23:23:26.771+0000][174][info ][gc,task     ] GC(23) Using 6 workers of 8 for evacuation
[2023-05-18T23:23:26.771+0000][174][debug][gc,age      ] GC(23) Desired survivor size 10485760 bytes, new threshold 4 (max threshold 15)
[2023-05-18T23:23:26.784+0000][174][info ][gc,phases   ] GC(23)   Pre Evacuate Collection Set: 0.2ms
[2023-05-18T23:23:26.785+0000][174][info ][gc,phases   ] GC(23)   Merge Heap Roots: 0.2ms
[2023-05-18T23:23:26.785+0000][174][info ][gc,phases   ] GC(23)   Evacuate Collection Set: 11.1ms
[2023-05-18T23:23:26.785+0000][174][info ][gc,phases   ] GC(23)   Post Evacuate Collection Set: 1.3ms
[2023-05-18T23:23:26.785+0000][174][info ][gc,phases   ] GC(23)   Other: 0.6ms
[2023-05-18T23:23:26.785+0000][174][trace][gc,age      ] GC(23) Age table with threshold 4 (max threshold 15)
[2023-05-18T23:23:26.786+0000][174][trace][gc,age      ] GC(23) - age   1:    7584520 bytes,    7584520 total
[2023-05-18T23:23:26.786+0000][174][trace][gc,age      ] GC(23) - age   2:    4162016 bytes,   11746536 total
[2023-05-18T23:23:26.786+0000][174][trace][gc,age      ] GC(23) - age   3:    3462136 bytes,   15208672 total
[2023-05-18T23:23:26.786+0000][174][trace][gc,age      ] GC(23) - age   4:    1613120 bytes,   16821792 total
[2023-05-18T23:23:26.786+0000][174][info ][gc,heap     ] GC(23) Eden regions: 30->0(31)
[2023-05-18T23:23:26.786+0000][174][info ][gc,heap     ] GC(23) Survivor regions: 4->5(5)
[2023-05-18T23:23:26.787+0000][174][info ][gc,heap     ] GC(23) Old regions: 14->14
[2023-05-18T23:23:26.787+0000][174][info ][gc,heap     ] GC(23) Archive regions: 2->2
[2023-05-18T23:23:26.787+0000][174][info ][gc,heap     ] GC(23) Humongous regions: 0->0
[2023-05-18T23:23:26.787+0000][174][info ][gc,metaspace] GC(23) Metaspace: 99541K(101696K)->99541K(101696K) NonClass: 86391K(87616K)->86391K(87616K) Class: 13150K(14080K)->13150K(14080K)
[2023-05-18T23:23:26.787+0000][174][info ][gc          ] GC(23) Pause Young (Concurrent Start) (Metadata GC Threshold) 188M->76M(256M) 16.687ms
[2023-05-18T23:23:26.787+0000][174][info ][gc,cpu      ] GC(23) User=0.08s Sys=0.00s Real=0.02s
[2023-05-18T23:23:26.787+0000][174][info ][gc          ] GC(24) Concurrent Mark Cycle
[2023-05-18T23:23:26.788+0000][174][info ][gc,marking  ] GC(24) Concurrent Scan Root Regions
[2023-05-18T23:23:26.788+0000][174][info ][safepoint   ] Safepoint "CollectForMetadataAllocation", Time since last: 62295700 ns, Reaching safepoint: 6800 ns, Cleanup: 155700 ns, At safepoint: 17224200 ns, Total: 17386700 ns
[2023-05-18T23:23:26.800+0000][174][info ][gc,marking  ] GC(24) Concurrent Scan Root Regions 12.001ms
[2023-05-18T23:23:26.800+0000][174][info ][gc,marking  ] GC(24) Concurrent Mark
[2023-05-18T23:23:26.800+0000][174][info ][gc,marking  ] GC(24) Concurrent Mark From Roots
[2023-05-18T23:23:26.801+0000][174][info ][gc,task     ] GC(24) Using 2 workers of 2 for marking
[2023-05-18T23:23:26.819+0000][174][info ][safepoint   ] Safepoint "CollectForMetadataAllocation", Time since last: 31376400 ns, Reaching safepoint: 86000 ns, Cleanup: 116400 ns, At safepoint: 135300 ns, Total: 337700 ns
[2023-05-18T23:23:26.853+0000][174][info ][safepoint   ] Safepoint "CollectForMetadataAllocation", Time since last: 32842600 ns, Reaching safepoint: 27900 ns, Cleanup: 139000 ns, At safepoint: 123600 ns, Total: 290500 ns
[2023-05-18T23:23:26.857+0000][174][info ][gc,marking  ] GC(24) Concurrent Mark From Roots 56.338ms
[2023-05-18T23:23:26.857+0000][174][info ][gc,marking  ] GC(24) Concurrent Preclean
[2023-05-18T23:23:26.858+0000][174][info ][gc,marking  ] GC(24) Concurrent Preclean 0.582ms
[2023-05-18T23:23:26.858+0000][174][info ][gc,start    ] GC(24) Pause Remark
[2023-05-18T23:23:26.865+0000][174][info ][gc          ] GC(24) Pause Remark 82M->82M(256M) 6.795ms
[2023-05-18T23:23:26.865+0000][174][info ][gc,cpu      ] GC(24) User=0.03s Sys=0.00s Real=0.01s
[2023-05-18T23:23:26.866+0000][174][info ][safepoint   ] Safepoint "G1PauseRemark", Time since last: 5251600 ns, Reaching safepoint: 491700 ns, Cleanup: 135500 ns, At safepoint: 7263100 ns, Total: 7890300 ns
[2023-05-18T23:23:26.866+0000][174][info ][gc,marking  ] GC(24) Concurrent Mark 65.763ms
[2023-05-18T23:23:26.866+0000][174][info ][gc,marking  ] GC(24) Concurrent Rebuild Remembered Sets and Scrub Regions
[2023-05-18T23:23:26.893+0000][174][info ][gc,marking  ] GC(24) Concurrent Rebuild Remembered Sets and Scrub Regions 26.990ms
[2023-05-18T23:23:26.894+0000][174][info ][gc,start    ] GC(24) Pause Cleanup
[2023-05-18T23:23:26.894+0000][174][info ][gc          ] GC(24) Pause Cleanup 84M->84M(256M) 0.350ms
[2023-05-18T23:23:26.894+0000][174][info ][gc,cpu      ] GC(24) User=0.00s Sys=0.00s Real=0.00s
[2023-05-18T23:23:26.895+0000][174][info ][safepoint   ] Safepoint "G1PauseCleanup", Time since last: 27724600 ns, Reaching safepoint: 193700 ns, Cleanup: 132500 ns, At safepoint: 831500 ns, Total: 1157700 ns
[2023-05-18T23:23:26.895+0000][174][info ][gc,marking  ] GC(24) Concurrent Clear Claimed Marks
[2023-05-18T23:23:26.895+0000][174][info ][gc,marking  ] GC(24) Concurrent Clear Claimed Marks 0.350ms
[2023-05-18T23:23:26.895+0000][174][info ][gc,marking  ] GC(24) Concurrent Cleanup for Next Mark
[2023-05-18T23:23:26.896+0000][174][info ][gc,marking  ] GC(24) Concurrent Cleanup for Next Mark 0.498ms
[2023-05-18T23:23:26.896+0000][174][info ][gc          ] GC(24) Concurrent Mark Cycle 108.747ms
[2023-05-18T23:23:28.242+0000][174][info ][safepoint   ] Safepoint "Cleanup", Time since last: 1347552200 ns, Reaching safepoint: 91900 ns, Cleanup: 140900 ns, At safepoint: 30100 ns, Total: 262900 ns
[2023-05-18T23:23:29.400+0000][174][info ][gc,start    ] GC(25) Pause Young (Normal) (G1 Evacuation Pause)
[2023-05-18T23:23:29.401+0000][174][info ][gc,task     ] GC(25) Using 8 workers of 8 for evacuation
[2023-05-18T23:23:29.401+0000][174][debug][gc,age      ] GC(25) Desired survivor size 10485760 bytes, new threshold 2 (max threshold 15)
[2023-05-18T23:23:29.424+0000][174][info ][gc,phases   ] GC(25)   Pre Evacuate Collection Set: 0.2ms
[2023-05-18T23:23:29.425+0000][174][info ][gc,phases   ] GC(25)   Merge Heap Roots: 0.1ms
[2023-05-18T23:23:29.425+0000][174][info ][gc,phases   ] GC(25)   Evacuate Collection Set: 20.7ms
[2023-05-18T23:23:29.425+0000][174][info ][gc,phases   ] GC(25)   Post Evacuate Collection Set: 2.1ms
[2023-05-18T23:23:29.425+0000][174][info ][gc,phases   ] GC(25)   Other: 0.6ms
[2023-05-18T23:23:29.425+0000][174][trace][gc,age      ] GC(25) Age table with threshold 2 (max threshold 15)
[2023-05-18T23:23:29.426+0000][174][trace][gc,age      ] GC(25) - age   1:    9677968 bytes,    9677968 total
[2023-05-18T23:23:29.426+0000][174][trace][gc,age      ] GC(25) - age   2:    6885888 bytes,   16563856 total
[2023-05-18T23:23:29.426+0000][174][info ][gc,heap     ] GC(25) Eden regions: 31->0(28)
[2023-05-18T23:23:29.426+0000][174][info ][gc,heap     ] GC(25) Survivor regions: 5->5(5)
[2023-05-18T23:23:29.426+0000][174][info ][gc,heap     ] GC(25) Old regions: 14->17
[2023-05-18T23:23:29.426+0000][174][info ][gc,heap     ] GC(25) Archive regions: 2->2
[2023-05-18T23:23:29.427+0000][174][info ][gc,heap     ] GC(25) Humongous regions: 0->0
[2023-05-18T23:23:29.427+0000][174][info ][gc,metaspace] GC(25) Metaspace: 115020K(118336K)->115020K(118336K) NonClass: 99289K(100992K)->99289K(100992K) Class: 15730K(17344K)->15730K(17344K)
[2023-05-18T23:23:29.427+0000][174][info ][gc          ] GC(25) Pause Young (Normal) (G1 Evacuation Pause) 200M->86M(256M) 26.779ms
[2023-05-18T23:23:29.427+0000][174][info ][gc,cpu      ] GC(25) User=0.11s Sys=0.01s Real=0.03s
[2023-05-18T23:23:29.428+0000][174][info ][safepoint   ] Safepoint "G1CollectForAllocation", Time since last: 1157663900 ns, Reaching safepoint: 13400 ns, Cleanup: 178800 ns, At safepoint: 27300600 ns, Total: 27492800 ns
[2023-05-18T23:23:29.676+0000][174][info ][safepoint   ] Safepoint "ICBufferFull", Time since last: 248514600 ns, Reaching safepoint: 13500 ns, Cleanup: 209600 ns, At safepoint: 26700 ns, Total: 249800 ns
[2023-05-18T23:23:29.787+0000][174][info ][safepoint   ] Safepoint "ICBufferFull", Time since last: 110449000 ns, Reaching safepoint: 10600 ns, Cleanup: 182900 ns, At safepoint: 7200 ns, Total: 200700 ns
[2023-05-18T23:23:30.761+0000][174][info ][safepoint   ] Safepoint "ICBufferFull", Time since last: 973602300 ns, Reaching safepoint: 11700 ns, Cleanup: 289000 ns, At safepoint: 10000 ns, Total: 310700 ns
[2023-05-18T23:23:31.950+0000][174][info ][safepoint   ] Safepoint "Cleanup", Time since last: 1188999900 ns, Reaching safepoint: 12100 ns, Cleanup: 160400 ns, At safepoint: 6500 ns, Total: 179000 ns
[2023-05-18T23:23:32.951+0000][174][info ][safepoint   ] Safepoint "Cleanup", Time since last: 1000407600 ns, Reaching safepoint: 10800 ns, Cleanup: 150700 ns, At safepoint: 5800 ns, Total: 167300 ns
[2023-05-18T23:23:33.951+0000][174][info ][safepoint   ] Safepoint "Cleanup", Time since last: 1000374300 ns, Reaching safepoint: 11700 ns, Cleanup: 202700 ns, At safepoint: 6400 ns, Total: 220800 ns
[2023-05-18T23:23:34.952+0000][174][info ][safepoint   ] Safepoint "Cleanup", Time since last: 1000358200 ns, Reaching safepoint: 12700 ns, Cleanup: 145800 ns, At safepoint: 17400 ns, Total: 175900 ns
[2023-05-18T23:23:35.952+0000][174][info ][safepoint   ] Safepoint "Cleanup", Time since last: 1000360600 ns, Reaching safepoint: 49700 ns, Cleanup: 207600 ns, At safepoint: 5800 ns, Total: 263100 ns
[2023-05-18T23:23:36.953+0000][174][info ][safepoint   ] Safepoint "Cleanup", Time since last: 1000473600 ns, Reaching safepoint: 12600 ns, Cleanup: 227300 ns, At safepoint: 6500 ns, Total: 246400 ns
[2023-05-18T23:23:37.954+0000][174][info ][safepoint   ] Safepoint "Cleanup", Time since last: 1000466700 ns, Reaching safepoint: 11600 ns, Cleanup: 224100 ns, At safepoint: 5300 ns, Total: 241000 ns
[2023-05-18T23:23:38.954+0000][174][info ][safepoint   ] Safepoint "Cleanup", Time since last: 1000459400 ns, Reaching safepoint: 12800 ns, Cleanup: 145000 ns, At safepoint: 6400 ns, Total: 164200 ns
[2023-05-18T23:23:39.955+0000][174][info ][safepoint   ] Safepoint "Cleanup", Time since last: 1000372800 ns, Reaching safepoint: 21900 ns, Cleanup: 230100 ns, At safepoint: 5300 ns, Total: 257300 ns
[2023-05-18T23:23:40.956+0000][174][info ][safepoint   ] Safepoint "Cleanup", Time since last: 1000429600 ns, Reaching safepoint: 29700 ns, Cleanup: 147900 ns, At safepoint: 7100 ns, Total: 184700 ns
[2023-05-18T23:23:41.956+0000][174][info ][safepoint   ] Safepoint "Cleanup", Time since last: 1000364000 ns, Reaching safepoint: 21100 ns, Cleanup: 198200 ns, At safepoint: 5900 ns, Total: 225200 ns
[2023-05-18T23:23:42.957+0000][174][info ][safepoint   ] Safepoint "Cleanup", Time since last: 1000449800 ns, Reaching safepoint: 13000 ns, Cleanup: 140500 ns, At safepoint: 5200 ns, Total: 158700 ns
[2023-05-18T23:23:44.958+0000][174][info ][safepoint   ] Safepoint "Cleanup", Time since last: 2000423600 ns, Reaching safepoint: 25900 ns, Cleanup: 222900 ns, At safepoint: 5400 ns, Total: 254200 ns
[2023-05-18T23:23:45.958+0000][174][info ][safepoint   ] Safepoint "Cleanup", Time since last: 1000480300 ns, Reaching safepoint: 33600 ns, Cleanup: 143900 ns, At safepoint: 7900 ns, Total: 185400 ns
[2023-05-18T23:23:47.959+0000][174][info ][safepoint   ] Safepoint "Cleanup", Time since last: 2000405500 ns, Reaching safepoint: 13800 ns, Cleanup: 138400 ns, At safepoint: 5500 ns, Total: 157700 ns
[2023-05-18T23:23:48.959+0000][174][info ][safepoint   ] Safepoint "Cleanup", Time since last: 1000387900 ns, Reaching safepoint: 12300 ns, Cleanup: 230600 ns, At safepoint: 6000 ns, Total: 248900 ns
[2023-05-18T23:23:49.960+0000][174][info ][safepoint   ] Safepoint "Cleanup", Time since last: 1000469100 ns, Reaching safepoint: 12800 ns, Cleanup: 183900 ns, At safepoint: 6500 ns, Total: 203200 ns
[2023-05-18T23:23:50.961+0000][174][info ][safepoint   ] Safepoint "Cleanup", Time since last: 1000517900 ns, Reaching safepoint: 29700 ns, Cleanup: 217000 ns, At safepoint: 5800 ns, Total: 252500 ns
[2023-05-18T23:23:51.961+0000][174][info ][safepoint   ] Safepoint "Cleanup", Time since last: 1000429900 ns, Reaching safepoint: 12500 ns, Cleanup: 145800 ns, At safepoint: 5900 ns, Total: 164200 ns
[2023-05-18T23:23:52.962+0000][174][info ][safepoint   ] Safepoint "Cleanup", Time since last: 1000293000 ns, Reaching safepoint: 13300 ns, Cleanup: 129000 ns, At safepoint: 6200 ns, Total: 148500 ns
[2023-05-18T23:23:55.082+0000][174][info ][safepoint   ] Safepoint "Cleanup", Time since last: 2119866100 ns, Reaching safepoint: 4500 ns, Cleanup: 250500 ns, At safepoint: 33500 ns, Total: 288500 ns
[2023-05-18T23:23:56.083+0000][174][info ][safepoint   ] Safepoint "Cleanup", Time since last: 1000391500 ns, Reaching safepoint: 33100 ns, Cleanup: 203500 ns, At safepoint: 6200 ns, Total: 242800 ns
[2023-05-18T23:23:58.084+0000][174][info ][safepoint   ] Safepoint "Cleanup", Time since last: 2000641200 ns, Reaching safepoint: 12400 ns, Cleanup: 202700 ns, At safepoint: 5800 ns, Total: 220900 ns
[2023-05-18T23:23:59.084+0000][174][info ][safepoint   ] Safepoint "Cleanup", Time since last: 1000425700 ns, Reaching safepoint: 12000 ns, Cleanup: 145400 ns, At safepoint: 6900 ns, Total: 164300 ns
[2023-05-18T23:24:02.085+0000][174][info ][safepoint   ] Safepoint "Cleanup", Time since last: 3000553300 ns, Reaching safepoint: 31900 ns, Cleanup: 174100 ns, At safepoint: 14900 ns, Total: 220900 ns
[2023-05-18T23:24:05.086+0000][174][info ][safepoint   ] Safepoint "Cleanup", Time since last: 3000560800 ns, Reaching safepoint: 12900 ns, Cleanup: 230900 ns, At safepoint: 6100 ns, Total: 249900 ns
[2023-05-18T23:24:06.086+0000][174][info ][safepoint   ] Safepoint "Cleanup", Time since last: 1000452400 ns, Reaching safepoint: 13600 ns, Cleanup: 167200 ns, At safepoint: 7000 ns, Total: 187800 ns
[2023-05-18T23:24:07.087+0000][174][info ][safepoint   ] Safepoint "Cleanup", Time since last: 1000313300 ns, Reaching safepoint: 14000 ns, Cleanup: 150100 ns, At safepoint: 6000 ns, Total: 170100 ns
[2023-05-18T23:24:08.087+0000][174][info ][safepoint   ] Safepoint "Cleanup", Time since last: 1000346700 ns, Reaching safepoint: 13900 ns, Cleanup: 152700 ns, At safepoint: 7200 ns, Total: 173800 ns
[2023-05-18T23:24:09.088+0000][174][info ][safepoint   ] Safepoint "Cleanup", Time since last: 1000423500 ns, Reaching safepoint: 12700 ns, Cleanup: 253900 ns, At safepoint: 5800 ns, Total: 272400 ns
[2023-05-18T23:24:11.089+0000][174][info ][safepoint   ] Safepoint "Cleanup", Time since last: 2000650800 ns, Reaching safepoint: 13900 ns, Cleanup: 228600 ns, At safepoint: 6600 ns, Total: 249100 ns
[2023-05-18T23:24:12.090+0000][174][info ][safepoint   ] Safepoint "Cleanup", Time since last: 1000488700 ns, Reaching safepoint: 13200 ns, Cleanup: 147400 ns, At safepoint: 5900 ns, Total: 166500 ns
[2023-05-18T23:24:14.090+0000][174][info ][safepoint   ] Safepoint "Cleanup", Time since last: 2000487200 ns, Reaching safepoint: 13300 ns, Cleanup: 190100 ns, At safepoint: 22200 ns, Total: 225600 ns
[2023-05-18T23:24:17.091+0000][174][info ][safepoint   ] Safepoint "Cleanup", Time since last: 3000793000 ns, Reaching safepoint: 22200 ns, Cleanup: 252900 ns, At safepoint: 6500 ns, Total: 281600 ns
[2023-05-18T23:24:18.092+0000][174][info ][safepoint   ] Safepoint "Cleanup", Time since last: 1000430900 ns, Reaching safepoint: 12000 ns, Cleanup: 152700 ns, At safepoint: 5600 ns, Total: 170300 ns
[2023-05-18T23:24:21.093+0000][174][info ][safepoint   ] Safepoint "Cleanup", Time since last: 3000545700 ns, Reaching safepoint: 16800 ns, Cleanup: 146200 ns, At safepoint: 6100 ns, Total: 169100 ns
[2023-05-18T23:24:23.093+0000][174][info ][safepoint   ] Safepoint "Cleanup", Time since last: 2000518100 ns, Reaching safepoint: 11700 ns, Cleanup: 141900 ns, At safepoint: 5700 ns, Total: 159300 ns
[2023-05-18T23:24:24.094+0000][174][info ][safepoint   ] Safepoint "Cleanup", Time since last: 1000382200 ns, Reaching safepoint: 11200 ns, Cleanup: 223100 ns, At safepoint: 6600 ns, Total: 240900 ns
[2023-05-18T23:24:25.095+0000][174][info ][safepoint   ] Safepoint "Cleanup", Time since last: 1000469800 ns, Reaching safepoint: 11900 ns, Cleanup: 199000 ns, At safepoint: 9700 ns, Total: 220600 ns
[2023-05-18T23:24:26.095+0000][174][info ][safepoint   ] Safepoint "Cleanup", Time since last: 1000371800 ns, Reaching safepoint: 12200 ns, Cleanup: 206500 ns, At safepoint: 20400 ns, Total: 239100 ns
[2023-05-18T23:24:28.096+0000][174][info ][safepoint   ] Safepoint "Cleanup", Time since last: 2000470200 ns, Reaching safepoint: 20100 ns, Cleanup: 224300 ns, At safepoint: 14400 ns, Total: 258800 ns
[2023-05-18T23:24:29.097+0000][174][info ][safepoint   ] Safepoint "Cleanup", Time since last: 1000305000 ns, Reaching safepoint: 10700 ns, Cleanup: 196700 ns, At safepoint: 6400 ns, Total: 213800 ns
[2023-05-18T23:24:31.097+0000][174][info ][safepoint   ] Safepoint "Cleanup", Time since last: 2000580900 ns, Reaching safepoint: 10700 ns, Cleanup: 313000 ns, At safepoint: 18200 ns, Total: 341900 ns
[2023-05-18T23:24:33.098+0000][174][info ][safepoint   ] Safepoint "Cleanup", Time since last: 2000535600 ns, Reaching safepoint: 10800 ns, Cleanup: 287700 ns, At safepoint: 8700 ns, Total: 307200 ns
[2023-05-18T23:24:35.099+0000][174][info ][safepoint   ] Safepoint "Cleanup", Time since last: 2000708600 ns, Reaching safepoint: 11900 ns, Cleanup: 139900 ns, At safepoint: 5100 ns, Total: 156900 ns
[2023-05-18T23:24:36.100+0000][174][info ][safepoint   ] Safepoint "Cleanup", Time since last: 1000321400 ns, Reaching safepoint: 12100 ns, Cleanup: 178000 ns, At safepoint: 7200 ns, Total: 197300 ns
[2023-05-18T23:24:38.100+0000][174][info ][safepoint   ] Safepoint "Cleanup", Time since last: 2000437000 ns, Reaching safepoint: 12700 ns, Cleanup: 130400 ns, At safepoint: 5600 ns, Total: 148700 ns
[2023-05-18T23:24:39.101+0000][174][info ][safepoint   ] Safepoint "Cleanup", Time since last: 1000378000 ns, Reaching safepoint: 22900 ns, Cleanup: 156600 ns, At safepoint: 4900 ns, Total: 184400 ns
[2023-05-18T23:24:40.102+0000][174][info ][safepoint   ] Safepoint "Cleanup", Time since last: 1000502200 ns, Reaching safepoint: 12500 ns, Cleanup: 161400 ns, At safepoint: 6000 ns, Total: 179900 ns
[2023-05-18T23:24:41.102+0000][174][info ][safepoint   ] Safepoint "Cleanup", Time since last: 1000304900 ns, Reaching safepoint: 11900 ns, Cleanup: 220700 ns, At safepoint: 15700 ns, Total: 248300 ns
[2023-05-18T23:24:44.103+0000][174][info ][safepoint   ] Safepoint "Cleanup", Time since last: 3000676600 ns, Reaching safepoint: 18700 ns, Cleanup: 183300 ns, At safepoint: 5500 ns, Total: 207500 ns
[2023-05-18T23:24:45.104+0000][174][info ][safepoint   ] Safepoint "Cleanup", Time since last: 1000417000 ns, Reaching safepoint: 13300 ns, Cleanup: 184000 ns, At safepoint: 7900 ns, Total: 205200 ns
[2023-05-18T23:24:46.104+0000][174][info ][safepoint   ] Safepoint "Cleanup", Time since last: 1000406900 ns, Reaching safepoint: 12500 ns, Cleanup: 207500 ns, At safepoint: 5600 ns, Total: 225600 ns
[2023-05-18T23:24:49.105+0000][174][info ][safepoint   ] Safepoint "Cleanup", Time since last: 3000708300 ns, Reaching safepoint: 11900 ns, Cleanup: 276400 ns, At safepoint: 19500 ns, Total: 307800 ns
[2023-05-18T23:24:53.106+0000][174][info ][safepoint   ] Safepoint "Cleanup", Time since last: 4000642800 ns, Reaching safepoint: 12900 ns, Cleanup: 143200 ns, At safepoint: 5800 ns, Total: 161900 ns
[2023-05-18T23:24:54.107+0000][174][info ][safepoint   ] Safepoint "Cleanup", Time since last: 1000333100 ns, Reaching safepoint: 12700 ns, Cleanup: 142800 ns, At safepoint: 5900 ns, Total: 161400 ns
[2023-05-18T23:24:55.107+0000][174][info ][safepoint   ] Safepoint "Cleanup", Time since last: 1000303100 ns, Reaching safepoint: 12900 ns, Cleanup: 144200 ns, At safepoint: 6000 ns, Total: 163100 ns
[2023-05-18T23:24:56.108+0000][174][info ][safepoint   ] Safepoint "Cleanup", Time since last: 1000372600 ns, Reaching safepoint: 12300 ns, Cleanup: 220000 ns, At safepoint: 19500 ns, Total: 251800 ns
[2023-05-18T23:24:57.108+0000][174][info ][safepoint   ] Safepoint "Cleanup", Time since last: 1000501600 ns, Reaching safepoint: 11800 ns, Cleanup: 146500 ns, At safepoint: 5700 ns, Total: 164000 ns
[2023-05-18T23:24:59.109+0000][174][info ][safepoint   ] Safepoint "Cleanup", Time since last: 2000427600 ns, Reaching safepoint: 12100 ns, Cleanup: 157300 ns, At safepoint: 5400 ns, Total: 174800 ns
[2023-05-18T23:25:00.110+0000][174][info ][safepoint   ] Safepoint "Cleanup", Time since last: 1000481400 ns, Reaching safepoint: 17400 ns, Cleanup: 246500 ns, At safepoint: 7200 ns, Total: 271100 ns
[2023-05-18T23:25:01.110+0000][174][info ][safepoint   ] Safepoint "Cleanup", Time since last: 1000374600 ns, Reaching safepoint: 12700 ns, Cleanup: 147900 ns, At safepoint: 6000 ns, Total: 166600 ns
[2023-05-18T23:25:02.111+0000][174][info ][safepoint   ] Safepoint "Cleanup", Time since last: 1000363400 ns, Reaching safepoint: 33800 ns, Cleanup: 243300 ns, At safepoint: 5800 ns, Total: 282900 ns
[2023-05-18T23:25:03.112+0000][174][info ][safepoint   ] Safepoint "Cleanup", Time since last: 1000456600 ns, Reaching safepoint: 13600 ns, Cleanup: 219300 ns, At safepoint: 34000 ns, Total: 266900 ns
[2023-05-18T23:25:04.112+0000][174][info ][safepoint   ] Safepoint "Cleanup", Time since last: 1000363600 ns, Reaching safepoint: 14500 ns, Cleanup: 154300 ns, At safepoint: 9800 ns, Total: 178600 ns
[2023-05-18T23:25:06.113+0000][174][info ][safepoint   ] Safepoint "Cleanup", Time since last: 2000462500 ns, Reaching safepoint: 12900 ns, Cleanup: 229400 ns, At safepoint: 10000 ns, Total: 252300 ns
[2023-05-18T23:25:11.114+0000][174][info ][safepoint   ] Safepoint "Cleanup", Time since last: 5000833800 ns, Reaching safepoint: 12200 ns, Cleanup: 183300 ns, At safepoint: 5600 ns, Total: 201100 ns
[2023-05-18T23:25:12.114+0000][174][info ][safepoint   ] Safepoint "Cleanup", Time since last: 1000449800 ns, Reaching safepoint: 13000 ns, Cleanup: 136600 ns, At safepoint: 18300 ns, Total: 167900 ns
[2023-05-18T23:25:12.384+0000][174][info ][gc,start    ] GC(26) Pause Young (Normal) (G1 Evacuation Pause)
[2023-05-18T23:25:12.385+0000][174][info ][gc,task     ] GC(26) Using 8 workers of 8 for evacuation
[2023-05-18T23:25:12.385+0000][174][debug][gc,age      ] GC(26) Desired survivor size 10485760 bytes, new threshold 2 (max threshold 15)
[2023-05-18T23:25:12.397+0000][174][info ][gc,phases   ] GC(26)   Pre Evacuate Collection Set: 0.2ms
[2023-05-18T23:25:12.397+0000][174][info ][gc,phases   ] GC(26)   Merge Heap Roots: 0.2ms
[2023-05-18T23:25:12.397+0000][174][info ][gc,phases   ] GC(26)   Evacuate Collection Set: 8.6ms
[2023-05-18T23:25:12.397+0000][174][info ][gc,phases   ] GC(26)   Post Evacuate Collection Set: 2.0ms
[2023-05-18T23:25:12.398+0000][174][info ][gc,phases   ] GC(26)   Other: 0.7ms
[2023-05-18T23:25:12.398+0000][174][trace][gc,age      ] GC(26) Age table with threshold 2 (max threshold 15)
[2023-05-18T23:25:12.398+0000][174][trace][gc,age      ] GC(26) - age   1:    1222344 bytes,    1222344 total
[2023-05-18T23:25:12.398+0000][174][trace][gc,age      ] GC(26) - age   2:    9036296 bytes,   10258640 total
[2023-05-18T23:25:12.398+0000][174][info ][gc,heap     ] GC(26) Eden regions: 28->0(31)
[2023-05-18T23:25:12.399+0000][174][info ][gc,heap     ] GC(26) Survivor regions: 5->3(5)
[2023-05-18T23:25:12.399+0000][174][info ][gc,heap     ] GC(26) Old regions: 17->18
[2023-05-18T23:25:12.399+0000][174][info ][gc,heap     ] GC(26) Archive regions: 2->2
[2023-05-18T23:25:12.399+0000][174][info ][gc,heap     ] GC(26) Humongous regions: 0->0
[2023-05-18T23:25:12.399+0000][174][info ][gc,metaspace] GC(26) Metaspace: 119046K(122432K)->119046K(122432K) NonClass: 102850K(104576K)->102850K(104576K) Class: 16195K(17856K)->16195K(17856K)
[2023-05-18T23:25:12.400+0000][174][info ][gc          ] GC(26) Pause Young (Normal) (G1 Evacuation Pause) 198M->87M(256M) 15.349ms
[2023-05-18T23:25:12.400+0000][174][info ][gc,cpu      ] GC(26) User=0.05s Sys=0.02s Real=0.01s
[2023-05-18T23:25:12.400+0000][174][info ][safepoint   ] Safepoint "G1CollectForAllocation", Time since last: 269539100 ns, Reaching safepoint: 10600 ns, Cleanup: 347100 ns, At safepoint: 15877100 ns, Total: 16234800 ns
[2023-05-18T23:25:13.403+0000][174][info ][safepoint   ] Safepoint "Cleanup", Time since last: 1002077600 ns, Reaching safepoint: 25300 ns, Cleanup: 177700 ns, At safepoint: 6400 ns, Total: 209400 ns
[2023-05-18T23:25:29.405+0000][174][info ][safepoint   ] Safepoint "Cleanup", Time since last: 16002135600 ns, Reaching safepoint: 13000 ns, Cleanup: 207800 ns, At safepoint: 6200 ns, Total: 227000 ns
[2023-05-18T23:25:31.406+0000][174][info ][safepoint   ] Safepoint "Cleanup", Time since last: 2000581600 ns, Reaching safepoint: 50400 ns, Cleanup: 314500 ns, At safepoint: 17100 ns, Total: 382000 ns
[2023-05-18T23:25:32.407+0000][174][info ][safepoint   ] Safepoint "Cleanup", Time since last: 1000529300 ns, Reaching safepoint: 13100 ns, Cleanup: 141300 ns, At safepoint: 5800 ns, Total: 160200 ns
[2023-05-18T23:25:33.407+0000][174][info ][safepoint   ] Safepoint "Cleanup", Time since last: 1000378800 ns, Reaching safepoint: 12600 ns, Cleanup: 193800 ns, At safepoint: 16900 ns, Total: 223300 ns
[2023-05-18T23:25:34.408+0000][174][info ][safepoint   ] Safepoint "Cleanup", Time since last: 1000513800 ns, Reaching safepoint: 13500 ns, Cleanup: 170900 ns, At safepoint: 8000 ns, Total: 192400 ns
[2023-05-18T23:25:36.408+0000][174][info ][safepoint   ] Safepoint "Cleanup", Time since last: 2000489200 ns, Reaching safepoint: 13600 ns, Cleanup: 155300 ns, At safepoint: 6200 ns, Total: 175100 ns
[2023-05-18T23:25:41.409+0000][174][info ][safepoint   ] Safepoint "Cleanup", Time since last: 5000805000 ns, Reaching safepoint: 13700 ns, Cleanup: 164400 ns, At safepoint: 9900 ns, Total: 188000 ns
[2023-05-18T23:25:42.410+0000][174][info ][safepoint   ] Safepoint "Cleanup", Time since last: 1000397200 ns, Reaching safepoint: 13200 ns, Cleanup: 219700 ns, At safepoint: 15900 ns, Total: 248800 ns
[2023-05-18T23:25:43.411+0000][174][info ][safepoint   ] Safepoint "Cleanup", Time since last: 1000559400 ns, Reaching safepoint: 13200 ns, Cleanup: 144700 ns, At safepoint: 5600 ns, Total: 163500 ns
[2023-05-18T23:25:46.412+0000][174][info ][safepoint   ] Safepoint "Cleanup", Time since last: 3000618200 ns, Reaching safepoint: 23500 ns, Cleanup: 197300 ns, At safepoint: 16700 ns, Total: 237500 ns
[2023-05-18T23:25:48.412+0000][174][info ][safepoint   ] Safepoint "Cleanup", Time since last: 2000590200 ns, Reaching safepoint: 12800 ns, Cleanup: 145700 ns, At safepoint: 6000 ns, Total: 164500 ns
[2023-05-18T23:25:49.413+0000][174][info ][safepoint   ] Safepoint "Cleanup", Time since last: 1000394200 ns, Reaching safepoint: 13200 ns, Cleanup: 234500 ns, At safepoint: 20200 ns, Total: 267900 ns
[2023-05-18T23:25:53.414+0000][174][info ][safepoint   ] Safepoint "Cleanup", Time since last: 4000954200 ns, Reaching safepoint: 42900 ns, Cleanup: 266600 ns, At safepoint: 6000 ns, Total: 315500 ns
[2023-05-18T23:25:56.415+0000][174][info ][safepoint   ] Safepoint "Cleanup", Time since last: 3000669300 ns, Reaching safepoint: 13700 ns, Cleanup: 145800 ns, At safepoint: 6600 ns, Total: 166100 ns
[2023-05-18T23:25:58.416+0000][174][info ][safepoint   ] Safepoint "Cleanup", Time since last: 2000474100 ns, Reaching safepoint: 13300 ns, Cleanup: 228800 ns, At safepoint: 17100 ns, Total: 259200 ns
[2023-05-18T23:26:00.417+0000][174][info ][safepoint   ] Safepoint "Cleanup", Time since last: 2000735100 ns, Reaching safepoint: 22300 ns, Cleanup: 252600 ns, At safepoint: 14700 ns, Total: 289600 ns
[2023-05-18T23:26:03.418+0000][174][info ][safepoint   ] Safepoint "Cleanup", Time since last: 3000745100 ns, Reaching safepoint: 12800 ns, Cleanup: 226600 ns, At safepoint: 4500 ns, Total: 243900 ns
[2023-05-18T23:26:05.419+0000][174][info ][safepoint   ] Safepoint "Cleanup", Time since last: 2000628900 ns, Reaching safepoint: 12100 ns, Cleanup: 226000 ns, At safepoint: 4900 ns, Total: 243000 ns
[2023-05-18T23:26:08.420+0000][174][info ][safepoint   ] Safepoint "Cleanup", Time since last: 3000742300 ns, Reaching safepoint: 13600 ns, Cleanup: 177900 ns, At safepoint: 16000 ns, Total: 207500 ns
[2023-05-18T23:26:10.421+0000][174][info ][safepoint   ] Safepoint "Cleanup", Time since last: 2000496700 ns, Reaching safepoint: 14400 ns, Cleanup: 180300 ns, At safepoint: 11200 ns, Total: 205900 ns
[2023-05-18T23:26:11.421+0000][174][info ][safepoint   ] Safepoint "Cleanup", Time since last: 1000449900 ns, Reaching safepoint: 14500 ns, Cleanup: 198600 ns, At safepoint: 18900 ns, Total: 232000 ns
[2023-05-18T23:26:15.422+0000][174][info ][safepoint   ] Safepoint "Cleanup", Time since last: 4000813700 ns, Reaching safepoint: 12800 ns, Cleanup: 185900 ns, At safepoint: 6500 ns, Total: 205200 ns
[2023-05-18T23:26:16.423+0000][174][info ][safepoint   ] Safepoint "Cleanup", Time since last: 1000524700 ns, Reaching safepoint: 38200 ns, Cleanup: 121200 ns, At safepoint: 5700 ns, Total: 165100 ns
[2023-05-18T23:26:17.423+0000][174][info ][safepoint   ] Safepoint "Cleanup", Time since last: 1000350900 ns, Reaching safepoint: 28700 ns, Cleanup: 150900 ns, At safepoint: 5800 ns, Total: 185400 ns
[2023-05-18T23:26:19.424+0000][174][info ][safepoint   ] Safepoint "Cleanup", Time since last: 2000465900 ns, Reaching safepoint: 12600 ns, Cleanup: 145900 ns, At safepoint: 6100 ns, Total: 164600 ns
[2023-05-18T23:26:28.425+0000][174][info ][safepoint   ] Safepoint "Cleanup", Time since last: 9001169800 ns, Reaching safepoint: 32300 ns, Cleanup: 152200 ns, At safepoint: 9600 ns, Total: 194100 ns
[2023-05-18T23:26:29.426+0000][174][info ][safepoint   ] Safepoint "Cleanup", Time since last: 1000445800 ns, Reaching safepoint: 13200 ns, Cleanup: 212000 ns, At safepoint: 16100 ns, Total: 241300 ns
[2023-05-18T23:26:31.427+0000][174][info ][safepoint   ] Safepoint "Cleanup", Time since last: 2000508700 ns, Reaching safepoint: 13100 ns, Cleanup: 214600 ns, At safepoint: 5500 ns, Total: 233200 ns
[2023-05-18T23:26:33.428+0000][174][info ][safepoint   ] Safepoint "Cleanup", Time since last: 2000590000 ns, Reaching safepoint: 10800 ns, Cleanup: 217800 ns, At safepoint: 5400 ns, Total: 234000 ns
[2023-05-18T23:26:34.428+0000][174][info ][safepoint   ] Safepoint "Cleanup", Time since last: 1000505200 ns, Reaching safepoint: 13100 ns, Cleanup: 226100 ns, At safepoint: 6100 ns, Total: 245300 ns
[2023-05-18T23:26:35.429+0000][174][info ][safepoint   ] Safepoint "Cleanup", Time since last: 1000443500 ns, Reaching safepoint: 12500 ns, Cleanup: 229200 ns, At safepoint: 5800 ns, Total: 247500 ns
[2023-05-18T23:26:36.430+0000][174][info ][safepoint   ] Safepoint "Cleanup", Time since last: 1000514000 ns, Reaching safepoint: 13700 ns, Cleanup: 183800 ns, At safepoint: 10500 ns, Total: 208000 ns
[2023-05-18T23:26:38.430+0000][174][info ][safepoint   ] Safepoint "Cleanup", Time since last: 2000431700 ns, Reaching safepoint: 15800 ns, Cleanup: 196000 ns, At safepoint: 7600 ns, Total: 219400 ns
[2023-05-18T23:26:49.432+0000][174][info ][safepoint   ] Safepoint "Cleanup", Time since last: 11001361200 ns, Reaching safepoint: 13000 ns, Cleanup: 144000 ns, At safepoint: 6100 ns, Total: 163100 ns
[2023-05-18T23:26:53.433+0000][174][info ][safepoint   ] Safepoint "Cleanup", Time since last: 4000669400 ns, Reaching safepoint: 32600 ns, Cleanup: 244500 ns, At safepoint: 7600 ns, Total: 284700 ns
[2023-05-18T23:26:58.434+0000][174][info ][safepoint   ] Safepoint "Cleanup", Time since last: 5000958300 ns, Reaching safepoint: 13200 ns, Cleanup: 180300 ns, At safepoint: 6800 ns, Total: 200300 ns
[2023-05-18T23:27:13.436+0000][174][info ][safepoint   ] Safepoint "Cleanup", Time since last: 15001900000 ns, Reaching safepoint: 14000 ns, Cleanup: 199000 ns, At safepoint: 16200 ns, Total: 229200 ns
[2023-05-18T23:27:20.438+0000][174][info ][safepoint   ] Safepoint "Cleanup", Time since last: 7001230000 ns, Reaching safepoint: 19700 ns, Cleanup: 211100 ns, At safepoint: 9800 ns, Total: 240600 ns
[2023-05-18T23:27:23.439+0000][174][info ][safepoint   ] Safepoint "Cleanup", Time since last: 3000672900 ns, Reaching safepoint: 38800 ns, Cleanup: 130000 ns, At safepoint: 6600 ns, Total: 175400 ns
[2023-05-18T23:27:48.442+0000][174][info ][safepoint   ] Safepoint "Cleanup", Time since last: 25003037800 ns, Reaching safepoint: 32500 ns, Cleanup: 225200 ns, At safepoint: 6700 ns, Total: 264400 ns
[2023-05-18T23:27:49.443+0000][174][info ][safepoint   ] Safepoint "Cleanup", Time since last: 1000578500 ns, Reaching safepoint: 17800 ns, Cleanup: 210500 ns, At safepoint: 10600 ns, Total: 238900 ns
[2023-05-18T23:27:53.444+0000][174][info ][safepoint   ] Safepoint "Cleanup", Time since last: 4000642400 ns, Reaching safepoint: 30400 ns, Cleanup: 146800 ns, At safepoint: 6400 ns, Total: 183600 ns
[2023-05-18T23:27:59.445+0000][174][info ][safepoint   ] Safepoint "Cleanup", Time since last: 6000951300 ns, Reaching safepoint: 12900 ns, Cleanup: 220900 ns, At safepoint: 6300 ns, Total: 240100 ns
[2023-05-18T23:28:00.445+0000][174][info ][safepoint   ] Safepoint "Cleanup", Time since last: 1000481500 ns, Reaching safepoint: 13900 ns, Cleanup: 149900 ns, At safepoint: 6500 ns, Total: 170300 ns
[2023-05-18T23:28:03.446+0000][174][info ][safepoint   ] Safepoint "Cleanup", Time since last: 3000565500 ns, Reaching safepoint: 13900 ns, Cleanup: 173800 ns, At safepoint: 10600 ns, Total: 198300 ns
[2023-05-18T23:28:04.447+0000][174][info ][safepoint   ] Safepoint "Cleanup", Time since last: 1000307300 ns, Reaching safepoint: 13700 ns, Cleanup: 143300 ns, At safepoint: 6100 ns, Total: 163100 ns
[2023-05-18T23:28:06.447+0000][174][info ][safepoint   ] Safepoint "Cleanup", Time since last: 2000436200 ns, Reaching safepoint: 11900 ns, Cleanup: 186100 ns, At safepoint: 7000 ns, Total: 205000 ns
[2023-05-18T23:28:27.450+0000][174][info ][safepoint   ] Safepoint "Cleanup", Time since last: 21002514500 ns, Reaching safepoint: 35700 ns, Cleanup: 219900 ns, At safepoint: 32800 ns, Total: 288400 ns
[2023-05-18T23:28:29.451+0000][174][info ][safepoint   ] Safepoint "Cleanup", Time since last: 2000544800 ns, Reaching safepoint: 13100 ns, Cleanup: 142000 ns, At safepoint: 6200 ns, Total: 161300 ns
[2023-05-18T23:28:34.452+0000][174][info ][safepoint   ] Safepoint "Cleanup", Time since last: 5000859100 ns, Reaching safepoint: 13300 ns, Cleanup: 282900 ns, At safepoint: 22000 ns, Total: 318200 ns
[2023-05-18T23:28:45.454+0000][174][info ][safepoint   ] Safepoint "Cleanup", Time since last: 11001507900 ns, Reaching safepoint: 12700 ns, Cleanup: 140600 ns, At safepoint: 5400 ns, Total: 158700 ns
[2023-05-18T23:28:51.455+0000][174][info ][safepoint   ] Safepoint "Cleanup", Time since last: 6000818400 ns, Reaching safepoint: 13800 ns, Cleanup: 149500 ns, At safepoint: 5800 ns, Total: 169100 ns
[2023-05-18T23:28:52.455+0000][174][info ][safepoint   ] Safepoint "Cleanup", Time since last: 1000335900 ns, Reaching safepoint: 14000 ns, Cleanup: 132200 ns, At safepoint: 6400 ns, Total: 152600 ns
[2023-05-18T23:29:20.459+0000][174][info ][safepoint   ] Safepoint "Cleanup", Time since last: 28003281300 ns, Reaching safepoint: 33600 ns, Cleanup: 139200 ns, At safepoint: 7800 ns, Total: 180600 ns
[2023-05-18T23:29:21.459+0000][174][info ][safepoint   ] Safepoint "Cleanup", Time since last: 1000397000 ns, Reaching safepoint: 13100 ns, Cleanup: 154300 ns, At safepoint: 7900 ns, Total: 175300 ns
[2023-05-18T23:29:24.460+0000][174][info ][safepoint   ] Safepoint "Cleanup", Time since last: 3000532700 ns, Reaching safepoint: 30700 ns, Cleanup: 232600 ns, At safepoint: 6300 ns, Total: 269600 ns
[2023-05-18T23:29:25.461+0000][174][info ][safepoint   ] Safepoint "Cleanup", Time since last: 1000486600 ns, Reaching safepoint: 12800 ns, Cleanup: 150300 ns, At safepoint: 6200 ns, Total: 169300 ns
[2023-05-18T23:29:29.461+0000][174][info ][safepoint   ] Safepoint "Cleanup", Time since last: 4000644400 ns, Reaching safepoint: 13700 ns, Cleanup: 134800 ns, At safepoint: 6200 ns, Total: 154700 ns
[2023-05-18T23:29:37.463+0000][174][info ][safepoint   ] Safepoint "Cleanup", Time since last: 8001245500 ns, Reaching safepoint: 12200 ns, Cleanup: 156000 ns, At safepoint: 23600 ns, Total: 191800 ns
[2023-05-18T23:29:38.463+0000][174][info ][safepoint   ] Safepoint "Cleanup", Time since last: 1000372700 ns, Reaching safepoint: 13300 ns, Cleanup: 204500 ns, At safepoint: 15700 ns, Total: 233500 ns
[2023-05-18T23:29:48.465+0000][174][info ][safepoint   ] Safepoint "Cleanup", Time since last: 10001466200 ns, Reaching safepoint: 12200 ns, Cleanup: 163900 ns, At safepoint: 16400 ns, Total: 192500 ns
[2023-05-18T23:29:53.466+0000][174][info ][safepoint   ] Safepoint "Cleanup", Time since last: 5000893900 ns, Reaching safepoint: 17300 ns, Cleanup: 198500 ns, At safepoint: 10200 ns, Total: 226000 ns
[2023-05-18T23:29:56.467+0000][174][info ][safepoint   ] Safepoint "Cleanup", Time since last: 3000724500 ns, Reaching safepoint: 13300 ns, Cleanup: 144800 ns, At safepoint: 6400 ns, Total: 164500 ns
[2023-05-18T23:30:00.468+0000][174][info ][safepoint   ] Safepoint "Cleanup", Time since last: 4000615700 ns, Reaching safepoint: 18500 ns, Cleanup: 213600 ns, At safepoint: 7200 ns, Total: 239300 ns
[2023-05-18T23:30:05.470+0000][174][info ][safepoint   ] Safepoint "Cleanup", Time since last: 5002308800 ns, Reaching safepoint: 31900 ns, Cleanup: 130600 ns, At safepoint: 6400 ns, Total: 168900 ns
[2023-05-18T23:30:22.516+0000][174][info ][gc,start    ] GC(27) Pause Young (Concurrent Start) (G1 Evacuation Pause)
[2023-05-18T23:30:22.516+0000][174][info ][gc,task     ] GC(27) Using 8 workers of 8 for evacuation
[2023-05-18T23:30:22.516+0000][174][debug][gc,age      ] GC(27) Desired survivor size 10485760 bytes, new threshold 15 (max threshold 15)
[2023-05-18T23:30:22.525+0000][174][info ][gc,phases   ] GC(27)   Pre Evacuate Collection Set: 0.3ms
[2023-05-18T23:30:22.525+0000][174][info ][gc,phases   ] GC(27)   Merge Heap Roots: 0.2ms
[2023-05-18T23:30:22.525+0000][174][info ][gc,phases   ] GC(27)   Evacuate Collection Set: 5.5ms
[2023-05-18T23:30:22.525+0000][174][info ][gc,phases   ] GC(27)   Post Evacuate Collection Set: 1.9ms
[2023-05-18T23:30:22.526+0000][174][info ][gc,phases   ] GC(27)   Other: 0.6ms
[2023-05-18T23:30:22.526+0000][174][trace][gc,age      ] GC(27) Age table with threshold 15 (max threshold 15)
[2023-05-18T23:30:22.526+0000][174][trace][gc,age      ] GC(27) - age   1:      28320 bytes,      28320 total
[2023-05-18T23:30:22.526+0000][174][trace][gc,age      ] GC(27) - age   2:    1154912 bytes,    1183232 total
[2023-05-18T23:30:22.527+0000][174][trace][gc,age      ] GC(27) - age   3:    9035904 bytes,   10219136 total
[2023-05-18T23:30:22.527+0000][174][info ][gc,heap     ] GC(27) Eden regions: 31->0(31)
[2023-05-18T23:30:22.527+0000][174][info ][gc,heap     ] GC(27) Survivor regions: 3->3(5)
[2023-05-18T23:30:22.527+0000][174][info ][gc,heap     ] GC(27) Old regions: 18->18
[2023-05-18T23:30:22.528+0000][174][info ][gc,heap     ] GC(27) Archive regions: 2->2
[2023-05-18T23:30:22.528+0000][174][info ][gc,heap     ] GC(27) Humongous regions: 0->0
[2023-05-18T23:30:22.528+0000][174][info ][gc,metaspace] GC(27) Metaspace: 119843K(123264K)->119843K(123264K) NonClass: 103644K(105408K)->103644K(105408K) Class: 16198K(17856K)->16198K(17856K)
[2023-05-18T23:30:22.529+0000][174][info ][gc          ] GC(27) Pause Young (Concurrent Start) (G1 Evacuation Pause) 211M->86M(256M) 12.788ms
[2023-05-18T23:30:22.529+0000][174][info ][gc          ] GC(28) Concurrent Mark Cycle
[2023-05-18T23:30:22.529+0000][174][info ][gc,marking  ] GC(28) Concurrent Scan Root Regions
[2023-05-18T23:30:22.529+0000][174][info ][gc,cpu      ] GC(27) User=0.05s Sys=0.00s Real=0.01s
[2023-05-18T23:30:22.534+0000][174][info ][gc,marking  ] GC(28) Concurrent Scan Root Regions 5.141ms
[2023-05-18T23:30:22.543+0000][174][info ][gc,marking  ] GC(28) Concurrent Mark
[2023-05-18T23:30:22.543+0000][174][info ][gc,marking  ] GC(28) Concurrent Mark From Roots
[2023-05-18T23:30:22.543+0000][174][info ][gc,task     ] GC(28) Using 2 workers of 2 for marking
[2023-05-18T23:30:22.534+0000][174][info ][safepoint   ] Safepoint "G1CollectForAllocation", Time since last: 17045237800 ns, Reaching safepoint: 9700 ns, Cleanup: 239300 ns, At safepoint: 18561500 ns, Total: 18810500 ns
[2023-05-18T23:30:22.585+0000][174][info ][gc,marking  ] GC(28) Concurrent Mark From Roots 42.289ms
[2023-05-18T23:30:22.586+0000][174][info ][gc,marking  ] GC(28) Concurrent Preclean
[2023-05-18T23:30:22.587+0000][174][info ][gc,marking  ] GC(28) Concurrent Preclean 0.929ms
[2023-05-18T23:30:22.587+0000][174][info ][gc,start    ] GC(28) Pause Remark
[2023-05-18T23:30:22.600+0000][174][info ][gc          ] GC(28) Pause Remark 87M->87M(256M) 13.173ms
[2023-05-18T23:30:22.601+0000][174][info ][gc,cpu      ] GC(28) User=0.07s Sys=0.00s Real=0.01s
[2023-05-18T23:30:22.601+0000][174][info ][safepoint   ] Safepoint "G1PauseRemark", Time since last: 52532400 ns, Reaching safepoint: 11100 ns, Cleanup: 226600 ns, At safepoint: 13857300 ns, Total: 14095000 ns
[2023-05-18T23:30:22.601+0000][174][info ][gc,marking  ] GC(28) Concurrent Mark 58.575ms
[2023-05-18T23:30:22.602+0000][174][info ][gc,marking  ] GC(28) Concurrent Rebuild Remembered Sets and Scrub Regions
[2023-05-18T23:30:22.631+0000][174][info ][gc,marking  ] GC(28) Concurrent Rebuild Remembered Sets and Scrub Regions 29.149ms
[2023-05-18T23:30:22.632+0000][174][info ][gc,start    ] GC(28) Pause Cleanup
[2023-05-18T23:30:22.632+0000][174][info ][gc          ] GC(28) Pause Cleanup 87M->87M(256M) 0.493ms
[2023-05-18T23:30:22.632+0000][174][info ][gc,cpu      ] GC(28) User=0.00s Sys=0.00s Real=0.00s
[2023-05-18T23:30:22.633+0000][174][info ][safepoint   ] Safepoint "G1PauseCleanup", Time since last: 30179700 ns, Reaching safepoint: 121600 ns, Cleanup: 207400 ns, At safepoint: 953100 ns, Total: 1282100 ns
[2023-05-18T23:30:22.633+0000][174][info ][gc,marking  ] GC(28) Concurrent Clear Claimed Marks
[2023-05-18T23:30:22.633+0000][174][info ][gc,marking  ] GC(28) Concurrent Clear Claimed Marks 0.438ms
[2023-05-18T23:30:22.634+0000][174][info ][gc,marking  ] GC(28) Concurrent Cleanup for Next Mark
[2023-05-18T23:30:22.634+0000][174][info ][gc,marking  ] GC(28) Concurrent Cleanup for Next Mark 0.482ms
[2023-05-18T23:30:22.634+0000][174][info ][gc          ] GC(28) Concurrent Mark Cycle 105.304ms
[2023-05-18T23:30:23.633+0000][174][info ][safepoint   ] Safepoint "Cleanup", Time since last: 1000375800 ns, Reaching safepoint: 13200 ns, Cleanup: 142700 ns, At safepoint: 6000 ns, Total: 161900 ns
[2023-05-18T23:30:27.634+0000][174][info ][safepoint   ] Safepoint "Cleanup", Time since last: 4000603100 ns, Reaching safepoint: 28000 ns, Cleanup: 154900 ns, At safepoint: 5700 ns, Total: 188600 ns
[2023-05-18T23:30:28.634+0000][174][info ][safepoint   ] Safepoint "Cleanup", Time since last: 1000329300 ns, Reaching safepoint: 12300 ns, Cleanup: 197000 ns, At safepoint: 6700 ns, Total: 216000 ns
[2023-05-18T23:30:33.636+0000][174][info ][safepoint   ] Safepoint "Cleanup", Time since last: 5000838200 ns, Reaching safepoint: 29600 ns, Cleanup: 254800 ns, At safepoint: 16700 ns, Total: 301100 ns
[2023-05-18T23:30:36.636+0000][174][info ][safepoint   ] Safepoint "Cleanup", Time since last: 3000640500 ns, Reaching safepoint: 29400 ns, Cleanup: 146200 ns, At safepoint: 6600 ns, Total: 182200 ns
[2023-05-18T23:30:38.637+0000][174][info ][safepoint   ] Safepoint "Cleanup", Time since last: 2000457000 ns, Reaching safepoint: 13400 ns, Cleanup: 168300 ns, At safepoint: 6200 ns, Total: 187900 ns
[2023-05-18T23:30:51.639+0000][174][info ][safepoint   ] Safepoint "Cleanup", Time since last: 13001679200 ns, Reaching safepoint: 32700 ns, Cleanup: 154100 ns, At safepoint: 7600 ns, Total: 194400 ns
[2023-05-18T23:30:59.640+0000][174][info ][safepoint   ] Safepoint "Cleanup", Time since last: 8001123200 ns, Reaching safepoint: 12200 ns, Cleanup: 207800 ns, At safepoint: 10200 ns, Total: 230200 ns
[2023-05-18T23:31:04.641+0000][174][info ][safepoint   ] Safepoint "Cleanup", Time since last: 5000777200 ns, Reaching safepoint: 13000 ns, Cleanup: 166000 ns, At safepoint: 6500 ns, Total: 185500 ns
[2023-05-18T23:31:08.642+0000][174][info ][safepoint   ] Safepoint "Cleanup", Time since last: 4000653900 ns, Reaching safepoint: 10900 ns, Cleanup: 194700 ns, At safepoint: 5100 ns, Total: 210700 ns
[2023-05-18T23:31:09.643+0000][174][info ][safepoint   ] Safepoint "Cleanup", Time since last: 1000464600 ns, Reaching safepoint: 12400 ns, Cleanup: 158800 ns, At safepoint: 6500 ns, Total: 177700 ns
[2023-05-18T23:31:27.645+0000][174][info ][safepoint   ] Safepoint "Cleanup", Time since last: 18002192100 ns, Reaching safepoint: 28500 ns, Cleanup: 232500 ns, At safepoint: 18500 ns, Total: 279500 ns
[2023-05-18T23:31:28.646+0000][174][info ][safepoint   ] Safepoint "Cleanup", Time since last: 1000487400 ns, Reaching safepoint: 13700 ns, Cleanup: 153500 ns, At safepoint: 7000 ns, Total: 174200 ns
[2023-05-18T23:31:29.646+0000][174][info ][safepoint   ] Safepoint "Cleanup", Time since last: 1000370900 ns, Reaching safepoint: 31100 ns, Cleanup: 220500 ns, At safepoint: 9400 ns, Total: 261000 ns
[2023-05-18T23:31:34.648+0000][174][info ][safepoint   ] Safepoint "Cleanup", Time since last: 5000999300 ns, Reaching safepoint: 12600 ns, Cleanup: 222900 ns, At safepoint: 6000 ns, Total: 241500 ns
[2023-05-18T23:31:42.649+0000][174][info ][safepoint   ] Safepoint "Cleanup", Time since last: 8001212800 ns, Reaching safepoint: 12500 ns, Cleanup: 139700 ns, At safepoint: 5800 ns, Total: 158000 ns
[2023-05-18T23:31:43.650+0000][174][info ][safepoint   ] Safepoint "Cleanup", Time since last: 1000428800 ns, Reaching safepoint: 18000 ns, Cleanup: 233600 ns, At safepoint: 6700 ns, Total: 258300 ns
[2023-05-18T23:31:56.652+0000][174][info ][safepoint   ] Safepoint "Cleanup", Time since last: 13001736100 ns, Reaching safepoint: 12700 ns, Cleanup: 143300 ns, At safepoint: 6300 ns, Total: 162300 ns
[2023-05-18T23:32:17.655+0000][174][info ][safepoint   ] Safepoint "Cleanup", Time since last: 21002582100 ns, Reaching safepoint: 29800 ns, Cleanup: 230500 ns, At safepoint: 15700 ns, Total: 276000 ns
[2023-05-18T23:32:19.655+0000][174][info ][safepoint   ] Safepoint "Cleanup", Time since last: 2000644600 ns, Reaching safepoint: 12700 ns, Cleanup: 232500 ns, At safepoint: 16300 ns, Total: 261500 ns
[2023-05-18T23:32:23.657+0000][174][info ][safepoint   ] Safepoint "Cleanup", Time since last: 4000856100 ns, Reaching safepoint: 12800 ns, Cleanup: 187300 ns, At safepoint: 7600 ns, Total: 207700 ns
[2023-05-18T23:32:39.659+0000][174][info ][safepoint   ] Safepoint "Cleanup", Time since last: 16001973600 ns, Reaching safepoint: 33400 ns, Cleanup: 218500 ns, At safepoint: 6000 ns, Total: 257900 ns
[2023-05-18T23:32:41.659+0000][174][info ][safepoint   ] Safepoint "Cleanup", Time since last: 2000568100 ns, Reaching safepoint: 12800 ns, Cleanup: 139400 ns, At safepoint: 5300 ns, Total: 157500 ns
[2023-05-18T23:32:42.660+0000][174][info ][safepoint   ] Safepoint "Cleanup", Time since last: 1000413000 ns, Reaching safepoint: 12000 ns, Cleanup: 238600 ns, At safepoint: 15800 ns, Total: 266400 ns
[2023-05-18T23:32:51.662+0000][174][info ][safepoint   ] Safepoint "Cleanup", Time since last: 9001356000 ns, Reaching safepoint: 31700 ns, Cleanup: 238100 ns, At safepoint: 15800 ns, Total: 285600 ns
[2023-05-18T23:32:59.663+0000][174][info ][safepoint   ] Safepoint "Cleanup", Time since last: 8001283700 ns, Reaching safepoint: 13000 ns, Cleanup: 237800 ns, At safepoint: 16300 ns, Total: 267100 ns
[2023-05-18T23:33:21.667+0000][174][info ][safepoint   ] Safepoint "Cleanup", Time since last: 22002885500 ns, Reaching safepoint: 80500 ns, Cleanup: 209800 ns, At safepoint: 14500 ns, Total: 304800 ns
[2023-05-18T23:33:23.667+0000][174][info ][safepoint   ] Safepoint "Cleanup", Time since last: 2000555900 ns, Reaching safepoint: 13200 ns, Cleanup: 270000 ns, At safepoint: 25300 ns, Total: 308500 ns
[2023-05-18T23:33:29.669+0000][174][info ][safepoint   ] Safepoint "Cleanup", Time since last: 6000986000 ns, Reaching safepoint: 12000 ns, Cleanup: 221800 ns, At safepoint: 5800 ns, Total: 239600 ns
[2023-05-18T23:33:53.556+0000][174][info ][safepoint   ] Safepoint "Cleanup", Time since last: 23887440500 ns, Reaching safepoint: 10700 ns, Cleanup: 223200 ns, At safepoint: 35400 ns, Total: 269300 ns
[2023-05-18T23:33:54.577+0000][174][info ][safepoint   ] Safepoint "Cleanup", Time since last: 1020538900 ns, Reaching safepoint: 14400 ns, Cleanup: 148700 ns, At safepoint: 6900 ns, Total: 170000 ns
[2023-05-18T23:33:55.578+0000][174][info ][safepoint   ] Safepoint "Cleanup", Time since last: 1000333300 ns, Reaching safepoint: 13400 ns, Cleanup: 161300 ns, At safepoint: 6200 ns, Total: 180900 ns
[2023-05-18T23:34:01.579+0000][174][info ][safepoint   ] Safepoint "Cleanup", Time since last: 6000890100 ns, Reaching safepoint: 13500 ns, Cleanup: 165500 ns, At safepoint: 7400 ns, Total: 186400 ns
[2023-05-18T23:34:02.579+0000][174][info ][safepoint   ] Safepoint "Cleanup", Time since last: 1000380300 ns, Reaching safepoint: 13800 ns, Cleanup: 158200 ns, At safepoint: 7100 ns, Total: 179100 ns
[2023-05-18T23:34:03.580+0000][174][info ][safepoint   ] Safepoint "Cleanup", Time since last: 1000354300 ns, Reaching safepoint: 14300 ns, Cleanup: 170500 ns, At safepoint: 8200 ns, Total: 193000 ns
[2023-05-18T23:34:06.581+0000][174][info ][safepoint   ] Safepoint "Cleanup", Time since last: 3000613000 ns, Reaching safepoint: 14100 ns, Cleanup: 198200 ns, At safepoint: 9200 ns, Total: 221500 ns
[2023-05-18T23:34:07.581+0000][174][info ][safepoint   ] Safepoint "Cleanup", Time since last: 1000342300 ns, Reaching safepoint: 14400 ns, Cleanup: 159200 ns, At safepoint: 8200 ns, Total: 181800 ns
[2023-05-18T23:34:08.582+0000][174][info ][safepoint   ] Safepoint "Cleanup", Time since last: 1000409000 ns, Reaching safepoint: 18200 ns, Cleanup: 222500 ns, At safepoint: 11000 ns, Total: 251700 ns
[2023-05-18T23:34:09.582+0000][174][info ][safepoint   ] Safepoint "Cleanup", Time since last: 1000426900 ns, Reaching safepoint: 13500 ns, Cleanup: 152800 ns, At safepoint: 7400 ns, Total: 173700 ns
[2023-05-18T23:34:10.583+0000][174][info ][safepoint   ] Safepoint "Cleanup", Time since last: 1000379000 ns, Reaching safepoint: 63100 ns, Cleanup: 188300 ns, At safepoint: 8800 ns, Total: 260200 ns
[2023-05-18T23:34:11.584+0000][174][info ][safepoint   ] Safepoint "Cleanup", Time since last: 1000377500 ns, Reaching safepoint: 13900 ns, Cleanup: 133400 ns, At safepoint: 6100 ns, Total: 153400 ns
[2023-05-18T23:34:12.584+0000][174][info ][safepoint   ] Safepoint "Cleanup", Time since last: 1000331300 ns, Reaching safepoint: 28200 ns, Cleanup: 153000 ns, At safepoint: 6600 ns, Total: 187800 ns
[2023-05-18T23:34:13.585+0000][174][info ][safepoint   ] Safepoint "Cleanup", Time since last: 1000301500 ns, Reaching safepoint: 18400 ns, Cleanup: 197100 ns, At safepoint: 9900 ns, Total: 225400 ns
[2023-05-18T23:34:23.587+0000][174][info ][safepoint   ] Safepoint "Cleanup", Time since last: 10001801800 ns, Reaching safepoint: 31300 ns, Cleanup: 157600 ns, At safepoint: 6200 ns, Total: 195100 ns
[2023-05-18T23:34:25.587+0000][174][info ][safepoint   ] Safepoint "Cleanup", Time since last: 2000471300 ns, Reaching safepoint: 21400 ns, Cleanup: 267300 ns, At safepoint: 15200 ns, Total: 303900 ns
[2023-05-18T23:34:26.588+0000][174][info ][safepoint   ] Safepoint "Cleanup", Time since last: 1000804400 ns, Reaching safepoint: 25700 ns, Cleanup: 230700 ns, At safepoint: 22200 ns, Total: 278600 ns
[2023-05-18T23:34:29.589+0000][174][info ][safepoint   ] Safepoint "Cleanup", Time since last: 3000716400 ns, Reaching safepoint: 13600 ns, Cleanup: 150800 ns, At safepoint: 6400 ns, Total: 170800 ns
[2023-05-18T23:34:37.591+0000][174][info ][safepoint   ] Safepoint "Cleanup", Time since last: 8001200200 ns, Reaching safepoint: 13900 ns, Cleanup: 263700 ns, At safepoint: 11300 ns, Total: 288900 ns
[2023-05-18T23:34:41.592+0000][174][info ][safepoint   ] Safepoint "Cleanup", Time since last: 4000694700 ns, Reaching safepoint: 14200 ns, Cleanup: 194900 ns, At safepoint: 12400 ns, Total: 221500 ns
[2023-05-18T23:34:53.594+0000][174][info ][safepoint   ] Safepoint "Cleanup", Time since last: 12001715300 ns, Reaching safepoint: 13100 ns, Cleanup: 152200 ns, At safepoint: 6300 ns, Total: 171600 ns
[2023-05-18T23:34:55.374+0000][174][info ][safepoint   ] Safepoint "Cleanup", Time since last: 1780328100 ns, Reaching safepoint: 6300 ns, Cleanup: 187200 ns, At safepoint: 30200 ns, Total: 223700 ns
[2023-05-18T23:34:55.942+0000][174][info ][safepoint   ] Safepoint "ICBufferFull", Time since last: 567486400 ns, Reaching safepoint: 14000 ns, Cleanup: 258100 ns, At safepoint: 48700 ns, Total: 320800 ns
[2023-05-18T23:34:56.538+0000][174][info ][gc,start    ] GC(29) Pause Young (Prepare Mixed) (G1 Evacuation Pause)
[2023-05-18T23:34:56.538+0000][174][info ][gc,task     ] GC(29) Using 8 workers of 8 for evacuation
[2023-05-18T23:34:56.539+0000][174][debug][gc,age      ] GC(29) Desired survivor size 10485760 bytes, new threshold 15 (max threshold 15)
[2023-05-18T23:34:56.548+0000][174][info ][gc,phases   ] GC(29)   Pre Evacuate Collection Set: 0.2ms
[2023-05-18T23:34:56.549+0000][174][info ][gc,phases   ] GC(29)   Merge Heap Roots: 0.2ms
[2023-05-18T23:34:56.549+0000][174][info ][gc,phases   ] GC(29)   Evacuate Collection Set: 6.8ms
[2023-05-18T23:34:56.549+0000][174][info ][gc,phases   ] GC(29)   Post Evacuate Collection Set: 2.3ms
[2023-05-18T23:34:56.550+0000][174][info ][gc,phases   ] GC(29)   Other: 0.4ms
[2023-05-18T23:34:56.550+0000][174][trace][gc,age      ] GC(29) Age table with threshold 15 (max threshold 15)
[2023-05-18T23:34:56.550+0000][174][trace][gc,age      ] GC(29) - age   1:    2501976 bytes,    2501976 total
[2023-05-18T23:34:56.550+0000][174][trace][gc,age      ] GC(29) - age   2:      19912 bytes,    2521888 total
[2023-05-18T23:34:56.551+0000][174][trace][gc,age      ] GC(29) - age   3:    1012016 bytes,    3533904 total
[2023-05-18T23:34:56.551+0000][174][trace][gc,age      ] GC(29) - age   4:    8669536 bytes,   12203440 total
[2023-05-18T23:34:56.551+0000][174][info ][gc,heap     ] GC(29) Eden regions: 31->0(27)
[2023-05-18T23:34:56.551+0000][174][info ][gc,heap     ] GC(29) Survivor regions: 3->4(5)
[2023-05-18T23:34:56.551+0000][174][info ][gc,heap     ] GC(29) Old regions: 18->18
[2023-05-18T23:34:56.552+0000][174][info ][gc,heap     ] GC(29) Archive regions: 2->2
[2023-05-18T23:34:56.552+0000][174][info ][gc,heap     ] GC(29) Humongous regions: 2->2
[2023-05-18T23:34:56.552+0000][174][info ][gc,metaspace] GC(29) Metaspace: 120716K(123840K)->120716K(123840K) NonClass: 104471K(105984K)->104471K(105984K) Class: 16245K(17856K)->16245K(17856K)
[2023-05-18T23:34:56.552+0000][174][info ][gc          ] GC(29) Pause Young (Prepare Mixed) (G1 Evacuation Pause) 218M->96M(256M) 13.917ms
[2023-05-18T23:34:56.552+0000][174][info ][gc,cpu      ] GC(29) User=0.06s Sys=0.00s Real=0.01s
[2023-05-18T23:34:56.553+0000][174][info ][safepoint   ] Safepoint "G1CollectForAllocation", Time since last: 595937600 ns, Reaching safepoint: 31400 ns, Cleanup: 175600 ns, At safepoint: 14437500 ns, Total: 14644500 ns
[2023-05-18T23:34:58.107+0000][174][info ][safepoint   ] Safepoint "Cleanup", Time since last: 1554489300 ns, Reaching safepoint: 103100 ns, Cleanup: 230000 ns, At safepoint: 39600 ns, Total: 372700 ns
[2023-05-18T23:34:59.108+0000][174][info ][safepoint   ] Safepoint "Cleanup", Time since last: 1000457700 ns, Reaching safepoint: 130500 ns, Cleanup: 145100 ns, At safepoint: 55500 ns, Total: 331100 ns
[2023-05-18T23:35:00.109+0000][174][info ][safepoint   ] Safepoint "Cleanup", Time since last: 1000377300 ns, Reaching safepoint: 18700 ns, Cleanup: 245300 ns, At safepoint: 17500 ns, Total: 281500 ns
[2023-05-18T23:35:01.110+0000][174][info ][safepoint   ] Safepoint "Cleanup", Time since last: 1000487200 ns, Reaching safepoint: 29500 ns, Cleanup: 144400 ns, At safepoint: 7500 ns, Total: 181400 ns
[2023-05-18T23:35:04.110+0000][174][info ][safepoint   ] Safepoint "Cleanup", Time since last: 3000658000 ns, Reaching safepoint: 20200 ns, Cleanup: 241900 ns, At safepoint: 8600 ns, Total: 270700 ns
[2023-05-18T23:35:06.111+0000][174][info ][safepoint   ] Safepoint "Cleanup", Time since last: 2000608200 ns, Reaching safepoint: 18000 ns, Cleanup: 161100 ns, At safepoint: 8600 ns, Total: 187700 ns
[2023-05-18T23:35:08.112+0000][174][info ][safepoint   ] Safepoint "Cleanup", Time since last: 2000415800 ns, Reaching safepoint: 19400 ns, Cleanup: 138900 ns, At safepoint: 7700 ns, Total: 166000 ns
[2023-05-18T23:35:15.113+0000][174][info ][safepoint   ] Safepoint "Cleanup", Time since last: 7000954700 ns, Reaching safepoint: 20500 ns, Cleanup: 156700 ns, At safepoint: 8300 ns, Total: 185500 ns
[2023-05-18T23:35:16.114+0000][174][info ][safepoint   ] Safepoint "Cleanup", Time since last: 1000389800 ns, Reaching safepoint: 55300 ns, Cleanup: 289200 ns, At safepoint: 32500 ns, Total: 377000 ns
[2023-05-18T23:35:17.115+0000][174][info ][safepoint   ] Safepoint "Cleanup", Time since last: 1000977700 ns, Reaching safepoint: 20100 ns, Cleanup: 147200 ns, At safepoint: 8200 ns, Total: 175500 ns
[2023-05-18T23:35:18.115+0000][174][info ][safepoint   ] Safepoint "Cleanup", Time since last: 1000326400 ns, Reaching safepoint: 20800 ns, Cleanup: 227600 ns, At safepoint: 13400 ns, Total: 261800 ns
[2023-05-18T23:35:19.116+0000][174][info ][safepoint   ] Safepoint "Cleanup", Time since last: 1000554100 ns, Reaching safepoint: 21800 ns, Cleanup: 194800 ns, At safepoint: 14000 ns, Total: 230600 ns
[2023-05-18T23:35:23.117+0000][174][info ][safepoint   ] Safepoint "Cleanup", Time since last: 4000776600 ns, Reaching safepoint: 121600 ns, Cleanup: 183400 ns, At safepoint: 30100 ns, Total: 335100 ns
[2023-05-18T23:35:26.118+0000][174][info ][safepoint   ] Safepoint "Cleanup", Time since last: 3000571200 ns, Reaching safepoint: 19900 ns, Cleanup: 129100 ns, At safepoint: 7400 ns, Total: 156400 ns
[2023-05-18T23:35:27.119+0000][174][info ][safepoint   ] Safepoint "Cleanup", Time since last: 1000362200 ns, Reaching safepoint: 19300 ns, Cleanup: 213000 ns, At safepoint: 22400 ns, Total: 254700 ns
[2023-05-18T23:35:31.120+0000][174][info ][safepoint   ] Safepoint "Cleanup", Time since last: 4001020700 ns, Reaching safepoint: 20300 ns, Cleanup: 207300 ns, At safepoint: 10000 ns, Total: 237600 ns
[2023-05-18T23:35:34.121+0000][174][info ][safepoint   ] Safepoint "Cleanup", Time since last: 3000654000 ns, Reaching safepoint: 20600 ns, Cleanup: 192800 ns, At safepoint: 10500 ns, Total: 223900 ns
[2023-05-18T23:35:35.122+0000][174][info ][safepoint   ] Safepoint "Cleanup", Time since last: 1000448200 ns, Reaching safepoint: 30300 ns, Cleanup: 254500 ns, At safepoint: 23000 ns, Total: 307800 ns
[2023-05-18T23:35:37.122+0000][174][info ][safepoint   ] Safepoint "Cleanup", Time since last: 2000638200 ns, Reaching safepoint: 20900 ns, Cleanup: 181700 ns, At safepoint: 11000 ns, Total: 213600 ns
[2023-05-18T23:35:38.123+0000][174][info ][safepoint   ] Safepoint "Cleanup", Time since last: 1000486400 ns, Reaching safepoint: 148900 ns, Cleanup: 214200 ns, At safepoint: 60700 ns, Total: 423800 ns
[2023-05-18T23:35:39.124+0000][174][info ][safepoint   ] Safepoint "Cleanup", Time since last: 1000427300 ns, Reaching safepoint: 20700 ns, Cleanup: 145600 ns, At safepoint: 8400 ns, Total: 174700 ns
[2023-05-18T23:35:40.125+0000][174][info ][safepoint   ] Safepoint "Cleanup", Time since last: 1000442000 ns, Reaching safepoint: 20600 ns, Cleanup: 185500 ns, At safepoint: 7300 ns, Total: 213400 ns
[2023-05-18T23:35:45.126+0000][174][info ][safepoint   ] Safepoint "Cleanup", Time since last: 5000884100 ns, Reaching safepoint: 19800 ns, Cleanup: 128900 ns, At safepoint: 25000 ns, Total: 173700 ns
[2023-05-18T23:35:46.126+0000][174][info ][safepoint   ] Safepoint "Cleanup", Time since last: 1000376200 ns, Reaching safepoint: 20500 ns, Cleanup: 214100 ns, At safepoint: 8900 ns, Total: 243500 ns
[2023-05-18T23:35:50.127+0000][174][info ][safepoint   ] Safepoint "Cleanup", Time since last: 4000741500 ns, Reaching safepoint: 97200 ns, Cleanup: 232600 ns, At safepoint: 21000 ns, Total: 350800 ns
[2023-05-18T23:35:56.129+0000][174][info ][safepoint   ] Safepoint "Cleanup", Time since last: 6000983600 ns, Reaching safepoint: 20200 ns, Cleanup: 305300 ns, At safepoint: 23700 ns, Total: 349200 ns
[2023-05-18T23:35:59.130+0000][174][info ][safepoint   ] Safepoint "Cleanup", Time since last: 3000675100 ns, Reaching safepoint: 20300 ns, Cleanup: 139400 ns, At safepoint: 8100 ns, Total: 167800 ns
[2023-05-18T23:36:00.130+0000][174][info ][safepoint   ] Safepoint "Cleanup", Time since last: 1000369400 ns, Reaching safepoint: 19700 ns, Cleanup: 301000 ns, At safepoint: 13900 ns, Total: 334600 ns
[2023-05-18T23:36:05.131+0000][174][info ][safepoint   ] Safepoint "Cleanup", Time since last: 5000933200 ns, Reaching safepoint: 20100 ns, Cleanup: 135300 ns, At safepoint: 7700 ns, Total: 163100 ns
[2023-05-18T23:36:09.132+0000][174][info ][safepoint   ] Safepoint "Cleanup", Time since last: 4000619500 ns, Reaching safepoint: 125200 ns, Cleanup: 204400 ns, At safepoint: 45800 ns, Total: 375400 ns
[2023-05-18T23:36:13.133+0000][174][info ][safepoint   ] Safepoint "Cleanup", Time since last: 4000902300 ns, Reaching safepoint: 20900 ns, Cleanup: 176900 ns, At safepoint: 9100 ns, Total: 206900 ns
[2023-05-18T23:36:14.134+0000][174][info ][safepoint   ] Safepoint "Cleanup", Time since last: 1000414000 ns, Reaching safepoint: 34700 ns, Cleanup: 190900 ns, At safepoint: 8500 ns, Total: 234100 ns
[2023-05-18T23:36:17.135+0000][174][info ][safepoint   ] Safepoint "Cleanup", Time since last: 3000674600 ns, Reaching safepoint: 42200 ns, Cleanup: 226700 ns, At safepoint: 18300 ns, Total: 287200 ns
[2023-05-18T23:36:18.136+0000][174][info ][safepoint   ] Safepoint "Cleanup", Time since last: 1000502200 ns, Reaching safepoint: 20100 ns, Cleanup: 147400 ns, At safepoint: 9400 ns, Total: 176900 ns
[2023-05-18T23:36:20.136+0000][174][info ][safepoint   ] Safepoint "Cleanup", Time since last: 2000393800 ns, Reaching safepoint: 20900 ns, Cleanup: 194600 ns, At safepoint: 10300 ns, Total: 225800 ns
[2023-05-18T23:36:21.137+0000][174][info ][safepoint   ] Safepoint "Cleanup", Time since last: 1000328400 ns, Reaching safepoint: 20200 ns, Cleanup: 151900 ns, At safepoint: 8100 ns, Total: 180200 ns
[2023-05-18T23:36:22.138+0000][174][info ][safepoint   ] Safepoint "Cleanup", Time since last: 1000341200 ns, Reaching safepoint: 19600 ns, Cleanup: 238200 ns, At safepoint: 18800 ns, Total: 276600 ns
[2023-05-18T23:36:24.139+0000][174][info ][safepoint   ] Safepoint "Cleanup", Time since last: 2000536700 ns, Reaching safepoint: 152400 ns, Cleanup: 242800 ns, At safepoint: 50600 ns, Total: 445800 ns
[2023-05-18T23:36:25.139+0000][174][info ][safepoint   ] Safepoint "Cleanup", Time since last: 1000445900 ns, Reaching safepoint: 19600 ns, Cleanup: 181200 ns, At safepoint: 17000 ns, Total: 217800 ns
[2023-05-18T23:36:26.140+0000][174][info ][safepoint   ] Safepoint "Cleanup", Time since last: 1000434600 ns, Reaching safepoint: 30500 ns, Cleanup: 172500 ns, At safepoint: 8000 ns, Total: 211000 ns
[2023-05-18T23:36:27.140+0000][174][info ][safepoint   ] Safepoint "Cleanup", Time since last: 1000475100 ns, Reaching safepoint: 20700 ns, Cleanup: 146400 ns, At safepoint: 21600 ns, Total: 188700 ns
[2023-05-18T23:36:28.141+0000][174][info ][safepoint   ] Safepoint "Cleanup", Time since last: 1000445000 ns, Reaching safepoint: 20700 ns, Cleanup: 193100 ns, At safepoint: 9000 ns, Total: 222800 ns
[2023-05-18T23:36:29.142+0000][174][info ][safepoint   ] Safepoint "Cleanup", Time since last: 1000451500 ns, Reaching safepoint: 15700 ns, Cleanup: 174700 ns, At safepoint: 7100 ns, Total: 197500 ns
[2023-05-18T23:36:30.142+0000][174][info ][safepoint   ] Safepoint "Cleanup", Time since last: 1000378800 ns, Reaching safepoint: 22400 ns, Cleanup: 219100 ns, At safepoint: 36900 ns, Total: 278400 ns
[2023-05-18T23:36:31.143+0000][174][info ][safepoint   ] Safepoint "Cleanup", Time since last: 1000360400 ns, Reaching safepoint: 24400 ns, Cleanup: 177500 ns, At safepoint: 8900 ns, Total: 210800 ns
[2023-05-18T23:36:32.144+0000][174][info ][safepoint   ] Safepoint "Cleanup", Time since last: 1000341500 ns, Reaching safepoint: 20500 ns, Cleanup: 140400 ns, At safepoint: 11700 ns, Total: 172600 ns
[2023-05-18T23:36:33.144+0000][174][info ][safepoint   ] Safepoint "Cleanup", Time since last: 1000334400 ns, Reaching safepoint: 20600 ns, Cleanup: 146900 ns, At safepoint: 8600 ns, Total: 176100 ns
[2023-05-18T23:36:34.145+0000][174][info ][safepoint   ] Safepoint "Cleanup", Time since last: 1000336600 ns, Reaching safepoint: 20500 ns, Cleanup: 155100 ns, At safepoint: 7700 ns, Total: 183300 ns
[2023-05-18T23:36:36.145+0000][174][info ][safepoint   ] Safepoint "Cleanup", Time since last: 2000492400 ns, Reaching safepoint: 20500 ns, Cleanup: 146300 ns, At safepoint: 8300 ns, Total: 175100 ns
[2023-05-18T23:36:37.146+0000][174][info ][safepoint   ] Safepoint "Cleanup", Time since last: 1000377400 ns, Reaching safepoint: 20100 ns, Cleanup: 237600 ns, At safepoint: 17500 ns, Total: 275200 ns
[2023-05-18T23:36:39.147+0000][174][info ][safepoint   ] Safepoint "Cleanup", Time since last: 2000597600 ns, Reaching safepoint: 165100 ns, Cleanup: 309100 ns, At safepoint: 27300 ns, Total: 501500 ns
[2023-05-18T23:36:41.148+0000][174][info ][safepoint   ] Safepoint "Cleanup", Time since last: 2000660100 ns, Reaching safepoint: 20300 ns, Cleanup: 252200 ns, At safepoint: 18800 ns, Total: 291300 ns
[2023-05-18T23:36:45.149+0000][174][info ][safepoint   ] Safepoint "Cleanup", Time since last: 4000859100 ns, Reaching safepoint: 20400 ns, Cleanup: 243700 ns, At safepoint: 18500 ns, Total: 282600 ns
[2023-05-18T23:36:46.150+0000][174][info ][safepoint   ] Safepoint "Cleanup", Time since last: 1000514700 ns, Reaching safepoint: 20600 ns, Cleanup: 162500 ns, At safepoint: 10200 ns, Total: 193300 ns
[2023-05-18T23:36:47.150+0000][174][info ][safepoint   ] Safepoint "Cleanup", Time since last: 1000373200 ns, Reaching safepoint: 40400 ns, Cleanup: 178300 ns, At safepoint: 11700 ns, Total: 230400 ns
[2023-05-18T23:36:49.151+0000][174][info ][safepoint   ] Safepoint "Cleanup", Time since last: 2000701800 ns, Reaching safepoint: 20700 ns, Cleanup: 238700 ns, At safepoint: 19100 ns, Total: 278500 ns
[2023-05-18T23:36:56.153+0000][174][info ][safepoint   ] Safepoint "Cleanup", Time since last: 7001150000 ns, Reaching safepoint: 20500 ns, Cleanup: 372900 ns, At safepoint: 12600 ns, Total: 406000 ns
[2023-05-18T23:36:57.154+0000][174][info ][safepoint   ] Safepoint "Cleanup", Time since last: 1000428800 ns, Reaching safepoint: 34600 ns, Cleanup: 280500 ns, At safepoint: 16000 ns, Total: 331100 ns
[2023-05-18T23:36:59.154+0000][174][info ][safepoint   ] Safepoint "Cleanup", Time since last: 2000435000 ns, Reaching safepoint: 19800 ns, Cleanup: 147700 ns, At safepoint: 8400 ns, Total: 175900 ns
[2023-05-18T23:37:06.156+0000][174][info ][safepoint   ] Safepoint "Cleanup", Time since last: 7001060500 ns, Reaching safepoint: 19000 ns, Cleanup: 240800 ns, At safepoint: 17500 ns, Total: 277300 ns
[2023-05-18T23:37:07.156+0000][174][info ][safepoint   ] Safepoint "Cleanup", Time since last: 1000480100 ns, Reaching safepoint: 25700 ns, Cleanup: 162600 ns, At safepoint: 7600 ns, Total: 195900 ns
[2023-05-18T23:37:14.157+0000][174][info ][safepoint   ] Safepoint "Cleanup", Time since last: 7000917700 ns, Reaching safepoint: 20100 ns, Cleanup: 164000 ns, At safepoint: 24400 ns, Total: 208500 ns
[2023-05-18T23:37:15.158+0000][174][info ][safepoint   ] Safepoint "Cleanup", Time since last: 1000353200 ns, Reaching safepoint: 20400 ns, Cleanup: 150900 ns, At safepoint: 8500 ns, Total: 179800 ns
[2023-05-18T23:37:16.159+0000][174][info ][safepoint   ] Safepoint "Cleanup", Time since last: 1000355800 ns, Reaching safepoint: 19900 ns, Cleanup: 241000 ns, At safepoint: 20600 ns, Total: 281500 ns
[2023-05-18T23:37:22.160+0000][174][info ][safepoint   ] Safepoint "Cleanup", Time since last: 6001128400 ns, Reaching safepoint: 25400 ns, Cleanup: 197900 ns, At safepoint: 17000 ns, Total: 240300 ns
[2023-05-18T23:37:26.161+0000][174][info ][safepoint   ] Safepoint "Cleanup", Time since last: 4000795600 ns, Reaching safepoint: 18400 ns, Cleanup: 214700 ns, At safepoint: 18500 ns, Total: 251600 ns
[2023-05-18T23:37:29.162+0000][174][info ][safepoint   ] Safepoint "Cleanup", Time since last: 3000719400 ns, Reaching safepoint: 22200 ns, Cleanup: 194300 ns, At safepoint: 16600 ns, Total: 233100 ns
[2023-05-18T23:37:30.163+0000][174][info ][safepoint   ] Safepoint "Cleanup", Time since last: 1000408400 ns, Reaching safepoint: 21100 ns, Cleanup: 186400 ns, At safepoint: 14700 ns, Total: 222200 ns
[2023-05-18T23:37:35.164+0000][174][info ][safepoint   ] Safepoint "Cleanup", Time since last: 5000713400 ns, Reaching safepoint: 55700 ns, Cleanup: 164500 ns, At safepoint: 8300 ns, Total: 228500 ns
[2023-05-18T23:37:36.164+0000][174][info ][safepoint   ] Safepoint "Cleanup", Time since last: 1000372600 ns, Reaching safepoint: 19000 ns, Cleanup: 235000 ns, At safepoint: 18200 ns, Total: 272200 ns
[2023-05-18T23:37:38.165+0000][174][info ][safepoint   ] Safepoint "Cleanup", Time since last: 2000633200 ns, Reaching safepoint: 35600 ns, Cleanup: 235600 ns, At safepoint: 43400 ns, Total: 314600 ns
[2023-05-18T23:37:41.166+0000][174][info ][safepoint   ] Safepoint "Cleanup", Time since last: 3000689700 ns, Reaching safepoint: 19500 ns, Cleanup: 148000 ns, At safepoint: 8100 ns, Total: 175600 ns
[2023-05-18T23:37:44.167+0000][174][info ][safepoint   ] Safepoint "Cleanup", Time since last: 3000532700 ns, Reaching safepoint: 19800 ns, Cleanup: 210700 ns, At safepoint: 8800 ns, Total: 239300 ns
[2023-05-18T23:37:46.168+0000][174][info ][safepoint   ] Safepoint "Cleanup", Time since last: 2000594900 ns, Reaching safepoint: 20200 ns, Cleanup: 148500 ns, At safepoint: 9600 ns, Total: 178300 ns
[2023-05-18T23:37:49.169+0000][174][info ][safepoint   ] Safepoint "Cleanup", Time since last: 3000733700 ns, Reaching safepoint: 59500 ns, Cleanup: 194900 ns, At safepoint: 5600 ns, Total: 260000 ns
[2023-05-18T23:37:50.169+0000][174][info ][safepoint   ] Safepoint "Cleanup", Time since last: 1000504100 ns, Reaching safepoint: 20400 ns, Cleanup: 184400 ns, At safepoint: 14500 ns, Total: 219300 ns
[2023-05-18T23:37:57.171+0000][174][info ][safepoint   ] Safepoint "Cleanup", Time since last: 7001047600 ns, Reaching safepoint: 19500 ns, Cleanup: 252600 ns, At safepoint: 21700 ns, Total: 293800 ns
[2023-05-18T23:37:59.171+0000][174][info ][safepoint   ] Safepoint "Cleanup", Time since last: 2000586400 ns, Reaching safepoint: 18600 ns, Cleanup: 229900 ns, At safepoint: 8000 ns, Total: 256500 ns
[2023-05-18T23:38:01.172+0000][174][info ][safepoint   ] Safepoint "Cleanup", Time since last: 2000584600 ns, Reaching safepoint: 20000 ns, Cleanup: 177000 ns, At safepoint: 9100 ns, Total: 206100 ns
[2023-05-18T23:38:02.173+0000][174][info ][safepoint   ] Safepoint "Cleanup", Time since last: 1000315300 ns, Reaching safepoint: 30000 ns, Cleanup: 190900 ns, At safepoint: 8500 ns, Total: 229400 ns
[2023-05-18T23:38:04.174+0000][174][info ][safepoint   ] Safepoint "Cleanup", Time since last: 2000541800 ns, Reaching safepoint: 20000 ns, Cleanup: 195600 ns, At safepoint: 10300 ns, Total: 225900 ns
[2023-05-18T23:38:08.175+0000][174][info ][safepoint   ] Safepoint "Cleanup", Time since last: 4000925000 ns, Reaching safepoint: 41200 ns, Cleanup: 249500 ns, At safepoint: 18300 ns, Total: 309000 ns
[2023-05-18T23:38:11.176+0000][174][info ][safepoint   ] Safepoint "Cleanup", Time since last: 3000682900 ns, Reaching safepoint: 34000 ns, Cleanup: 152800 ns, At safepoint: 7000 ns, Total: 193800 ns
[2023-05-18T23:38:12.176+0000][174][info ][safepoint   ] Safepoint "Cleanup", Time since last: 1000384400 ns, Reaching safepoint: 20600 ns, Cleanup: 218600 ns, At safepoint: 46400 ns, Total: 285600 ns
[2023-05-18T23:38:15.914+0000][174][info ][gc,start    ] GC(30) Pause Young (Mixed) (G1 Evacuation Pause)
[2023-05-18T23:38:15.914+0000][174][info ][gc,task     ] GC(30) Using 8 workers of 8 for evacuation
[2023-05-18T23:38:15.914+0000][174][debug][gc,age      ] GC(30) Desired survivor size 8388608 bytes, new threshold 4 (max threshold 15)
[2023-05-18T23:38:15.926+0000][174][info ][gc,phases   ] GC(30)   Pre Evacuate Collection Set: 0.2ms
[2023-05-18T23:38:15.926+0000][174][info ][gc,phases   ] GC(30)   Merge Heap Roots: 0.2ms
[2023-05-18T23:38:15.926+0000][174][info ][gc,phases   ] GC(30)   Evacuate Collection Set: 9.0ms
[2023-05-18T23:38:15.926+0000][174][info ][gc,phases   ] GC(30)   Post Evacuate Collection Set: 1.8ms
[2023-05-18T23:38:15.927+0000][174][info ][gc,phases   ] GC(30)   Other: 0.6ms
[2023-05-18T23:38:15.927+0000][174][trace][gc,age      ] GC(30) Age table with threshold 4 (max threshold 15)
[2023-05-18T23:38:15.927+0000][174][trace][gc,age      ] GC(30) - age   1:    2008752 bytes,    2008752 total
[2023-05-18T23:38:15.927+0000][174][trace][gc,age      ] GC(30) - age   2:    2356048 bytes,    4364800 total
[2023-05-18T23:38:15.927+0000][174][trace][gc,age      ] GC(30) - age   3:      19768 bytes,    4384568 total
[2023-05-18T23:38:15.928+0000][174][trace][gc,age      ] GC(30) - age   4:     995752 bytes,    5380320 total
[2023-05-18T23:38:15.928+0000][174][info ][gc,heap     ] GC(30) Eden regions: 27->0(29)
[2023-05-18T23:38:15.928+0000][174][info ][gc,heap     ] GC(30) Survivor regions: 4->2(4)
[2023-05-18T23:38:15.928+0000][174][info ][gc,heap     ] GC(30) Old regions: 18->20
[2023-05-18T23:38:15.928+0000][174][info ][gc,heap     ] GC(30) Archive regions: 2->2
[2023-05-18T23:38:15.929+0000][174][info ][gc,heap     ] GC(30) Humongous regions: 2->2
[2023-05-18T23:38:15.929+0000][174][info ][gc,metaspace] GC(30) Metaspace: 123376K(126336K)->123376K(126336K) NonClass: 106744K(108288K)->106744K(108288K) Class: 16632K(18048K)->16632K(18048K)
[2023-05-18T23:38:15.929+0000][174][info ][gc          ] GC(30) Pause Young (Mixed) (G1 Evacuation Pause) 204M->97M(256M) 15.436ms
[2023-05-18T23:38:15.929+0000][174][info ][gc,cpu      ] GC(30) User=0.07s Sys=0.00s Real=0.01s
[2023-05-18T23:38:15.930+0000][174][info ][safepoint   ] Safepoint "G1CollectForAllocation", Time since last: 3737013400 ns, Reaching safepoint: 33000 ns, Cleanup: 171000 ns, At safepoint: 15954400 ns, Total: 16158400 ns
[2023-05-18T23:38:18.930+0000][174][info ][safepoint   ] Safepoint "Cleanup", Time since last: 3000625700 ns, Reaching safepoint: 20800 ns, Cleanup: 155700 ns, At safepoint: 10800 ns, Total: 187300 ns
[2023-05-18T23:38:20.931+0000][174][info ][safepoint   ] Safepoint "Cleanup", Time since last: 2000521000 ns, Reaching safepoint: 11800 ns, Cleanup: 196400 ns, At safepoint: 7900 ns, Total: 216100 ns
[2023-05-18T23:38:22.365+0000][174][info ][gc,heap,exit] Heap
[2023-05-18T23:38:22.365+0000][174][info ][gc,heap,exit]  garbage-first heap   total 262144K, used 111746K [0x00000000f0000000, 0x0000000100000000)
[2023-05-18T23:38:22.366+0000][174][info ][gc,heap,exit]   region size 4096K, 6 young (24576K), 2 survivors (8192K)
[2023-05-18T23:38:22.366+0000][174][info ][gc,heap,exit]  Metaspace       used 123692K, committed 126720K, reserved 1179648K
[2023-05-18T23:38:22.366+0000][174][info ][gc,heap,exit]   class space    used 16693K, committed 18112K, reserved 1048576K
